=== RUN   TestInvalidMode
--- PASS: TestInvalidMode (0.00s)
=== RUN   TestMissingRemoteAddress
--- PASS: TestMissingRemoteAddress (0.00s)
=== RUN   TestMissingFileInSendMode
--- PASS: TestMissingFileInSendMode (0.00s)
=== RUN   TestNonExistentFile
--- PASS: TestNonExistentFile (0.00s)
=== RUN   TestFileTransfer
=== RUN   TestFileTransfer/Testing_transfer_of_test.txt
Creating file: fixtures/test.txt
Received chunk 1/3: fixtures/test.txt
2025/04/30 15:22:55 Sent ACK for chunk 0
2025/04/30 15:22:55 Received ACK for chunk 1/3
Received chunk 2/3: fixtures/test.txt
2025/04/30 15:22:55 Sent ACK for chunk 1
2025/04/30 15:22:55 Received ACK for chunk 2/3
Received chunk 3/3: fixtures/test.txt
Received last chunk. File transfer complete!
2025/04/30 15:22:55 Received ACK for chunk 3/3
2025/04/30 15:22:55 File transfer complete!
=== RUN   TestFileTransfer/Testing_transfer_of_large_file.bin
Creating file: fixtures/large_file.bin
Received chunk 1/10240: fixtures/large_file.bin
2025/04/30 15:22:56 Sent ACK for chunk 0
2025/04/30 15:22:56 Received ACK for chunk 1/10240
Received chunk 2/10240: fixtures/large_file.bin
2025/04/30 15:22:56 Sent ACK for chunk 1
2025/04/30 15:22:56 Received ACK for chunk 2/10240
Received chunk 3/10240: fixtures/large_file.bin
2025/04/30 15:22:56 Sent ACK for chunk 2
2025/04/30 15:22:56 Received ACK for chunk 3/10240
Received chunk 4/10240: fixtures/large_file.bin
2025/04/30 15:22:56 Sent ACK for chunk 3
2025/04/30 15:22:56 Received ACK for chunk 4/10240
Received chunk 5/10240: fixtures/large_file.bin
2025/04/30 15:22:56 Received ACK for chunk 5/10240
2025/04/30 15:22:56 Sent ACK for chunk 4
Received chunk 6/10240: fixtures/large_file.bin
2025/04/30 15:22:56 Sent ACK for chunk 5
2025/04/30 15:22:56 Received ACK for chunk 6/10240
Received chunk 7/10240: fixtures/large_file.bin
2025/04/30 15:22:56 Sent ACK for chunk 6
2025/04/30 15:22:56 Received ACK for chunk 7/10240
Received chunk 8/10240: fixtures/large_file.bin
2025/04/30 15:22:56 Sent ACK for chunk 7
2025/04/30 15:22:56 Received ACK for chunk 8/10240
Received chunk 9/10240: fixtures/large_file.bin
2025/04/30 15:22:56 Sent ACK for chunk 8
2025/04/30 15:22:56 Received ACK for chunk 9/10240
Received chunk 10/10240: fixtures/large_file.bin
2025/04/30 15:22:56 Sent ACK for chunk 9
2025/04/30 15:22:56 Received ACK for chunk 10/10240
Received chunk 11/10240: fixtures/large_file.bin
2025/04/30 15:22:56 Sent ACK for chunk 10
2025/04/30 15:22:56 Received ACK for chunk 11/10240
Received chunk 12/10240: fixtures/large_file.bin
2025/04/30 15:22:56 Sent ACK for chunk 11
2025/04/30 15:22:56 Received ACK for chunk 12/10240
Received chunk 13/10240: fixtures/large_file.bin
2025/04/30 15:22:56 Sent ACK for chunk 12
2025/04/30 15:22:56 Received ACK for chunk 13/10240
Received chunk 14/10240: fixtures/large_file.bin
2025/04/30 15:22:56 Sent ACK for chunk 13
2025/04/30 15:22:56 Received ACK for chunk 14/10240
Received chunk 15/10240: fixtures/large_file.bin
2025/04/30 15:22:56 Sent ACK for chunk 14
2025/04/30 15:22:56 Received ACK for chunk 15/10240
Received chunk 16/10240: fixtures/large_file.bin
2025/04/30 15:22:56 Sent ACK for chunk 15
2025/04/30 15:22:56 Received ACK for chunk 16/10240
Received chunk 17/10240: fixtures/large_file.bin
2025/04/30 15:22:56 Sent ACK for chunk 16
2025/04/30 15:22:56 Received ACK for chunk 17/10240
Received chunk 18/10240: fixtures/large_file.bin
2025/04/30 15:22:56 Sent ACK for chunk 17
2025/04/30 15:22:56 Received ACK for chunk 18/10240
Received chunk 19/10240: fixtures/large_file.bin
2025/04/30 15:22:56 Sent ACK for chunk 18
2025/04/30 15:22:56 Received ACK for chunk 19/10240
Received chunk 20/10240: fixtures/large_file.bin
2025/04/30 15:22:56 Sent ACK for chunk 19
2025/04/30 15:22:56 Received ACK for chunk 20/10240
Received chunk 21/10240: fixtures/large_file.bin
2025/04/30 15:22:56 Sent ACK for chunk 20
2025/04/30 15:22:56 Received ACK for chunk 21/10240
Received chunk 22/10240: fixtures/large_file.bin
2025/04/30 15:22:56 Sent ACK for chunk 21
2025/04/30 15:22:56 Received ACK for chunk 22/10240
Received chunk 23/10240: fixtures/large_file.bin
2025/04/30 15:22:56 Sent ACK for chunk 22
2025/04/30 15:22:56 Received ACK for chunk 23/10240
Received chunk 24/10240: fixtures/large_file.bin
2025/04/30 15:22:56 Sent ACK for chunk 23
2025/04/30 15:22:56 Received ACK for chunk 24/10240
Received chunk 25/10240: fixtures/large_file.bin
2025/04/30 15:22:56 Sent ACK for chunk 24
2025/04/30 15:22:56 Received ACK for chunk 25/10240
Received chunk 26/10240: fixtures/large_file.bin
2025/04/30 15:22:56 Sent ACK for chunk 25
2025/04/30 15:22:56 Received ACK for chunk 26/10240
Received chunk 27/10240: fixtures/large_file.bin
2025/04/30 15:22:56 Sent ACK for chunk 26
2025/04/30 15:22:56 Received ACK for chunk 27/10240
Received chunk 28/10240: fixtures/large_file.bin
2025/04/30 15:22:56 Sent ACK for chunk 27
2025/04/30 15:22:56 Received ACK for chunk 28/10240
Received chunk 29/10240: fixtures/large_file.bin
2025/04/30 15:22:56 Sent ACK for chunk 28
2025/04/30 15:22:56 Received ACK for chunk 29/10240
Received chunk 30/10240: fixtures/large_file.bin
2025/04/30 15:22:56 Sent ACK for chunk 29
2025/04/30 15:22:56 Received ACK for chunk 30/10240
Received chunk 31/10240: fixtures/large_file.bin
2025/04/30 15:22:56 Sent ACK for chunk 30
2025/04/30 15:22:56 Received ACK for chunk 31/10240
Received chunk 32/10240: fixtures/large_file.bin
2025/04/30 15:22:56 Sent ACK for chunk 31
2025/04/30 15:22:56 Received ACK for chunk 32/10240
Received chunk 33/10240: fixtures/large_file.bin
2025/04/30 15:22:56 Sent ACK for chunk 32
2025/04/30 15:22:56 Received ACK for chunk 33/10240
Received chunk 34/10240: fixtures/large_file.bin
2025/04/30 15:22:56 Sent ACK for chunk 33
2025/04/30 15:22:56 Received ACK for chunk 34/10240
Received chunk 35/10240: fixtures/large_file.bin
2025/04/30 15:22:56 Sent ACK for chunk 34
2025/04/30 15:22:56 Received ACK for chunk 35/10240
Received chunk 36/10240: fixtures/large_file.bin
2025/04/30 15:22:56 Sent ACK for chunk 35
2025/04/30 15:22:56 Received ACK for chunk 36/10240
Received chunk 37/10240: fixtures/large_file.bin
2025/04/30 15:22:56 Sent ACK for chunk 36
2025/04/30 15:22:56 Received ACK for chunk 37/10240
Received chunk 38/10240: fixtures/large_file.bin
2025/04/30 15:22:56 Sent ACK for chunk 37
2025/04/30 15:22:56 Received ACK for chunk 38/10240
Received chunk 39/10240: fixtures/large_file.bin
2025/04/30 15:22:56 Sent ACK for chunk 38
2025/04/30 15:22:56 Received ACK for chunk 39/10240
Received chunk 40/10240: fixtures/large_file.bin
2025/04/30 15:22:56 Sent ACK for chunk 39
2025/04/30 15:22:56 Received ACK for chunk 40/10240
Received chunk 41/10240: fixtures/large_file.bin
2025/04/30 15:22:56 Sent ACK for chunk 40
2025/04/30 15:22:56 Received ACK for chunk 41/10240
Received chunk 42/10240: fixtures/large_file.bin
2025/04/30 15:22:56 Sent ACK for chunk 41
2025/04/30 15:22:56 Received ACK for chunk 42/10240
Received chunk 43/10240: fixtures/large_file.bin
2025/04/30 15:22:56 Sent ACK for chunk 42
2025/04/30 15:22:56 Received ACK for chunk 43/10240
Received chunk 44/10240: fixtures/large_file.bin
2025/04/30 15:22:56 Sent ACK for chunk 43
2025/04/30 15:22:56 Received ACK for chunk 44/10240
Received chunk 45/10240: fixtures/large_file.bin
2025/04/30 15:22:56 Sent ACK for chunk 44
2025/04/30 15:22:56 Received ACK for chunk 45/10240
Received chunk 46/10240: fixtures/large_file.bin
2025/04/30 15:22:56 Sent ACK for chunk 45
2025/04/30 15:22:56 Received ACK for chunk 46/10240
Received chunk 47/10240: fixtures/large_file.bin
2025/04/30 15:22:56 Sent ACK for chunk 46
2025/04/30 15:22:56 Received ACK for chunk 47/10240
Received chunk 48/10240: fixtures/large_file.bin
2025/04/30 15:22:56 Sent ACK for chunk 47
2025/04/30 15:22:56 Received ACK for chunk 48/10240
Received chunk 49/10240: fixtures/large_file.bin
2025/04/30 15:22:56 Sent ACK for chunk 48
2025/04/30 15:22:56 Received ACK for chunk 49/10240
Received chunk 50/10240: fixtures/large_file.bin
2025/04/30 15:22:56 Sent ACK for chunk 49
2025/04/30 15:22:56 Received ACK for chunk 50/10240
Received chunk 51/10240: fixtures/large_file.bin
2025/04/30 15:22:56 Sent ACK for chunk 50
2025/04/30 15:22:56 Received ACK for chunk 51/10240
Received chunk 52/10240: fixtures/large_file.bin
2025/04/30 15:22:56 Sent ACK for chunk 51
2025/04/30 15:22:56 Received ACK for chunk 52/10240
Received chunk 53/10240: fixtures/large_file.bin
2025/04/30 15:22:56 Sent ACK for chunk 52
2025/04/30 15:22:56 Received ACK for chunk 53/10240
Received chunk 54/10240: fixtures/large_file.bin
2025/04/30 15:22:56 Sent ACK for chunk 53
2025/04/30 15:22:56 Received ACK for chunk 54/10240
Received chunk 55/10240: fixtures/large_file.bin
2025/04/30 15:22:56 Sent ACK for chunk 54
2025/04/30 15:22:56 Received ACK for chunk 55/10240
Received chunk 56/10240: fixtures/large_file.bin
2025/04/30 15:22:56 Sent ACK for chunk 55
2025/04/30 15:22:56 Received ACK for chunk 56/10240
Received chunk 57/10240: fixtures/large_file.bin
2025/04/30 15:22:56 Sent ACK for chunk 56
2025/04/30 15:22:56 Received ACK for chunk 57/10240
Received chunk 58/10240: fixtures/large_file.bin
2025/04/30 15:22:56 Sent ACK for chunk 57
2025/04/30 15:22:56 Received ACK for chunk 58/10240
Received chunk 59/10240: fixtures/large_file.bin
2025/04/30 15:22:56 Sent ACK for chunk 58
2025/04/30 15:22:56 Received ACK for chunk 59/10240
Received chunk 60/10240: fixtures/large_file.bin
2025/04/30 15:22:56 Sent ACK for chunk 59
2025/04/30 15:22:56 Received ACK for chunk 60/10240
Received chunk 61/10240: fixtures/large_file.bin
2025/04/30 15:22:56 Sent ACK for chunk 60
2025/04/30 15:22:56 Received ACK for chunk 61/10240
Received chunk 62/10240: fixtures/large_file.bin
2025/04/30 15:22:56 Sent ACK for chunk 61
2025/04/30 15:22:56 Received ACK for chunk 62/10240
Received chunk 63/10240: fixtures/large_file.bin
2025/04/30 15:22:56 Sent ACK for chunk 62
2025/04/30 15:22:56 Received ACK for chunk 63/10240
Received chunk 64/10240: fixtures/large_file.bin
2025/04/30 15:22:56 Sent ACK for chunk 63
2025/04/30 15:22:56 Received ACK for chunk 64/10240
Received chunk 65/10240: fixtures/large_file.bin
2025/04/30 15:22:56 Sent ACK for chunk 64
2025/04/30 15:22:56 Received ACK for chunk 65/10240
Received chunk 66/10240: fixtures/large_file.bin
2025/04/30 15:22:56 Sent ACK for chunk 65
2025/04/30 15:22:56 Received ACK for chunk 66/10240
Received chunk 67/10240: fixtures/large_file.bin
2025/04/30 15:22:56 Sent ACK for chunk 66
2025/04/30 15:22:56 Received ACK for chunk 67/10240
Received chunk 68/10240: fixtures/large_file.bin
2025/04/30 15:22:56 Sent ACK for chunk 67
2025/04/30 15:22:56 Received ACK for chunk 68/10240
Received chunk 69/10240: fixtures/large_file.bin
2025/04/30 15:22:56 Sent ACK for chunk 68
2025/04/30 15:22:56 Received ACK for chunk 69/10240
Received chunk 70/10240: fixtures/large_file.bin
2025/04/30 15:22:56 Sent ACK for chunk 69
2025/04/30 15:22:56 Received ACK for chunk 70/10240
Received chunk 71/10240: fixtures/large_file.bin
2025/04/30 15:22:56 Sent ACK for chunk 70
2025/04/30 15:22:56 Received ACK for chunk 71/10240
Received chunk 72/10240: fixtures/large_file.bin
2025/04/30 15:22:56 Sent ACK for chunk 71
2025/04/30 15:22:56 Received ACK for chunk 72/10240
Received chunk 73/10240: fixtures/large_file.bin
2025/04/30 15:22:56 Sent ACK for chunk 72
2025/04/30 15:22:56 Received ACK for chunk 73/10240
Received chunk 74/10240: fixtures/large_file.bin
2025/04/30 15:22:56 Sent ACK for chunk 73
2025/04/30 15:22:56 Received ACK for chunk 74/10240
Received chunk 75/10240: fixtures/large_file.bin
2025/04/30 15:22:56 Sent ACK for chunk 74
2025/04/30 15:22:56 Received ACK for chunk 75/10240
Received chunk 76/10240: fixtures/large_file.bin
2025/04/30 15:22:56 Sent ACK for chunk 75
2025/04/30 15:22:56 Received ACK for chunk 76/10240
Received chunk 77/10240: fixtures/large_file.bin
2025/04/30 15:22:56 Sent ACK for chunk 76
2025/04/30 15:22:56 Received ACK for chunk 77/10240
Received chunk 78/10240: fixtures/large_file.bin
2025/04/30 15:22:56 Sent ACK for chunk 77
2025/04/30 15:22:56 Received ACK for chunk 78/10240
Received chunk 79/10240: fixtures/large_file.bin
2025/04/30 15:22:56 Sent ACK for chunk 78
2025/04/30 15:22:56 Received ACK for chunk 79/10240
Received chunk 80/10240: fixtures/large_file.bin
2025/04/30 15:22:56 Sent ACK for chunk 79
2025/04/30 15:22:56 Received ACK for chunk 80/10240
Received chunk 81/10240: fixtures/large_file.bin
2025/04/30 15:22:56 Sent ACK for chunk 80
2025/04/30 15:22:56 Received ACK for chunk 81/10240
Received chunk 82/10240: fixtures/large_file.bin
2025/04/30 15:22:56 Sent ACK for chunk 81
2025/04/30 15:22:56 Received ACK for chunk 82/10240
Received chunk 83/10240: fixtures/large_file.bin
2025/04/30 15:22:56 Sent ACK for chunk 82
2025/04/30 15:22:56 Received ACK for chunk 83/10240
Received chunk 84/10240: fixtures/large_file.bin
2025/04/30 15:22:56 Sent ACK for chunk 83
2025/04/30 15:22:56 Received ACK for chunk 84/10240
Received chunk 85/10240: fixtures/large_file.bin
2025/04/30 15:22:56 Sent ACK for chunk 84
2025/04/30 15:22:56 Received ACK for chunk 85/10240
Received chunk 86/10240: fixtures/large_file.bin
2025/04/30 15:22:56 Sent ACK for chunk 85
2025/04/30 15:22:56 Received ACK for chunk 86/10240
Received chunk 87/10240: fixtures/large_file.bin
2025/04/30 15:22:56 Sent ACK for chunk 86
2025/04/30 15:22:56 Received ACK for chunk 87/10240
Received chunk 88/10240: fixtures/large_file.bin
2025/04/30 15:22:56 Sent ACK for chunk 87
2025/04/30 15:22:56 Received ACK for chunk 88/10240
Received chunk 89/10240: fixtures/large_file.bin
2025/04/30 15:22:56 Sent ACK for chunk 88
2025/04/30 15:22:56 Received ACK for chunk 89/10240
Received chunk 90/10240: fixtures/large_file.bin
2025/04/30 15:22:56 Sent ACK for chunk 89
2025/04/30 15:22:56 Received ACK for chunk 90/10240
Received chunk 91/10240: fixtures/large_file.bin
2025/04/30 15:22:56 Sent ACK for chunk 90
2025/04/30 15:22:56 Received ACK for chunk 91/10240
Received chunk 92/10240: fixtures/large_file.bin
2025/04/30 15:22:56 Sent ACK for chunk 91
2025/04/30 15:22:56 Received ACK for chunk 92/10240
Received chunk 93/10240: fixtures/large_file.bin
2025/04/30 15:22:56 Sent ACK for chunk 92
2025/04/30 15:22:56 Received ACK for chunk 93/10240
Received chunk 94/10240: fixtures/large_file.bin
2025/04/30 15:22:56 Sent ACK for chunk 93
2025/04/30 15:22:56 Received ACK for chunk 94/10240
Received chunk 95/10240: fixtures/large_file.bin
2025/04/30 15:22:56 Sent ACK for chunk 94
2025/04/30 15:22:56 Received ACK for chunk 95/10240
Received chunk 96/10240: fixtures/large_file.bin
2025/04/30 15:22:56 Sent ACK for chunk 95
2025/04/30 15:22:56 Received ACK for chunk 96/10240
Received chunk 97/10240: fixtures/large_file.bin
2025/04/30 15:22:56 Sent ACK for chunk 96
2025/04/30 15:22:56 Received ACK for chunk 97/10240
Received chunk 98/10240: fixtures/large_file.bin
2025/04/30 15:22:56 Sent ACK for chunk 97
2025/04/30 15:22:56 Received ACK for chunk 98/10240
Received chunk 99/10240: fixtures/large_file.bin
2025/04/30 15:22:56 Sent ACK for chunk 98
2025/04/30 15:22:56 Received ACK for chunk 99/10240
Received chunk 100/10240: fixtures/large_file.bin
2025/04/30 15:22:56 Sent ACK for chunk 99
2025/04/30 15:22:56 Received ACK for chunk 100/10240
Received chunk 101/10240: fixtures/large_file.bin
2025/04/30 15:22:56 Sent ACK for chunk 100
2025/04/30 15:22:56 Received ACK for chunk 101/10240
Received chunk 102/10240: fixtures/large_file.bin
2025/04/30 15:22:56 Sent ACK for chunk 101
2025/04/30 15:22:56 Received ACK for chunk 102/10240
Received chunk 103/10240: fixtures/large_file.bin
2025/04/30 15:22:56 Sent ACK for chunk 102
2025/04/30 15:22:56 Received ACK for chunk 103/10240
Received chunk 104/10240: fixtures/large_file.bin
2025/04/30 15:22:56 Sent ACK for chunk 103
2025/04/30 15:22:56 Received ACK for chunk 104/10240
Received chunk 105/10240: fixtures/large_file.bin
2025/04/30 15:22:56 Sent ACK for chunk 104
2025/04/30 15:22:56 Received ACK for chunk 105/10240
Received chunk 106/10240: fixtures/large_file.bin
2025/04/30 15:22:56 Sent ACK for chunk 105
2025/04/30 15:22:56 Received ACK for chunk 106/10240
Received chunk 107/10240: fixtures/large_file.bin
2025/04/30 15:22:56 Sent ACK for chunk 106
2025/04/30 15:22:56 Received ACK for chunk 107/10240
Received chunk 108/10240: fixtures/large_file.bin
2025/04/30 15:22:56 Sent ACK for chunk 107
2025/04/30 15:22:56 Received ACK for chunk 108/10240
Received chunk 109/10240: fixtures/large_file.bin
2025/04/30 15:22:56 Sent ACK for chunk 108
2025/04/30 15:22:56 Received ACK for chunk 109/10240
Received chunk 110/10240: fixtures/large_file.bin
2025/04/30 15:22:56 Sent ACK for chunk 109
2025/04/30 15:22:56 Received ACK for chunk 110/10240
Received chunk 111/10240: fixtures/large_file.bin
2025/04/30 15:22:56 Sent ACK for chunk 110
2025/04/30 15:22:56 Received ACK for chunk 111/10240
Received chunk 112/10240: fixtures/large_file.bin
2025/04/30 15:22:56 Sent ACK for chunk 111
2025/04/30 15:22:56 Received ACK for chunk 112/10240
Received chunk 113/10240: fixtures/large_file.bin
2025/04/30 15:22:56 Sent ACK for chunk 112
2025/04/30 15:22:56 Received ACK for chunk 113/10240
Received chunk 114/10240: fixtures/large_file.bin
2025/04/30 15:22:56 Sent ACK for chunk 113
2025/04/30 15:22:56 Received ACK for chunk 114/10240
Received chunk 115/10240: fixtures/large_file.bin
2025/04/30 15:22:56 Sent ACK for chunk 114
2025/04/30 15:22:56 Received ACK for chunk 115/10240
Received chunk 116/10240: fixtures/large_file.bin
2025/04/30 15:22:56 Sent ACK for chunk 115
2025/04/30 15:22:56 Received ACK for chunk 116/10240
Received chunk 117/10240: fixtures/large_file.bin
2025/04/30 15:22:56 Sent ACK for chunk 116
2025/04/30 15:22:56 Received ACK for chunk 117/10240
Received chunk 118/10240: fixtures/large_file.bin
2025/04/30 15:22:56 Sent ACK for chunk 117
2025/04/30 15:22:56 Received ACK for chunk 118/10240
Received chunk 119/10240: fixtures/large_file.bin
2025/04/30 15:22:56 Sent ACK for chunk 118
2025/04/30 15:22:56 Received ACK for chunk 119/10240
Received chunk 120/10240: fixtures/large_file.bin
2025/04/30 15:22:56 Sent ACK for chunk 119
2025/04/30 15:22:56 Received ACK for chunk 120/10240
Received chunk 121/10240: fixtures/large_file.bin
2025/04/30 15:22:56 Sent ACK for chunk 120
2025/04/30 15:22:56 Received ACK for chunk 121/10240
Received chunk 122/10240: fixtures/large_file.bin
2025/04/30 15:22:56 Sent ACK for chunk 121
2025/04/30 15:22:56 Received ACK for chunk 122/10240
Received chunk 123/10240: fixtures/large_file.bin
2025/04/30 15:22:56 Sent ACK for chunk 122
2025/04/30 15:22:56 Received ACK for chunk 123/10240
Received chunk 124/10240: fixtures/large_file.bin
2025/04/30 15:22:56 Sent ACK for chunk 123
2025/04/30 15:22:56 Received ACK for chunk 124/10240
Received chunk 125/10240: fixtures/large_file.bin
2025/04/30 15:22:56 Sent ACK for chunk 124
2025/04/30 15:22:56 Received ACK for chunk 125/10240
Received chunk 126/10240: fixtures/large_file.bin
2025/04/30 15:22:56 Sent ACK for chunk 125
2025/04/30 15:22:56 Received ACK for chunk 126/10240
Received chunk 127/10240: fixtures/large_file.bin
2025/04/30 15:22:56 Sent ACK for chunk 126
2025/04/30 15:22:56 Received ACK for chunk 127/10240
Received chunk 128/10240: fixtures/large_file.bin
2025/04/30 15:22:56 Sent ACK for chunk 127
2025/04/30 15:22:56 Received ACK for chunk 128/10240
Received chunk 129/10240: fixtures/large_file.bin
2025/04/30 15:22:56 Sent ACK for chunk 128
2025/04/30 15:22:56 Received ACK for chunk 129/10240
Received chunk 130/10240: fixtures/large_file.bin
2025/04/30 15:22:56 Sent ACK for chunk 129
2025/04/30 15:22:56 Received ACK for chunk 130/10240
Received chunk 131/10240: fixtures/large_file.bin
2025/04/30 15:22:56 Sent ACK for chunk 130
2025/04/30 15:22:56 Received ACK for chunk 131/10240
Received chunk 132/10240: fixtures/large_file.bin
2025/04/30 15:22:56 Sent ACK for chunk 131
2025/04/30 15:22:56 Received ACK for chunk 132/10240
Received chunk 133/10240: fixtures/large_file.bin
2025/04/30 15:22:56 Sent ACK for chunk 132
2025/04/30 15:22:56 Received ACK for chunk 133/10240
Received chunk 134/10240: fixtures/large_file.bin
2025/04/30 15:22:56 Sent ACK for chunk 133
2025/04/30 15:22:56 Received ACK for chunk 134/10240
Received chunk 135/10240: fixtures/large_file.bin
2025/04/30 15:22:56 Sent ACK for chunk 134
2025/04/30 15:22:56 Received ACK for chunk 135/10240
Received chunk 136/10240: fixtures/large_file.bin
2025/04/30 15:22:56 Sent ACK for chunk 135
2025/04/30 15:22:56 Received ACK for chunk 136/10240
Received chunk 137/10240: fixtures/large_file.bin
2025/04/30 15:22:56 Sent ACK for chunk 136
2025/04/30 15:22:56 Received ACK for chunk 137/10240
Received chunk 138/10240: fixtures/large_file.bin
2025/04/30 15:22:56 Sent ACK for chunk 137
2025/04/30 15:22:56 Received ACK for chunk 138/10240
Received chunk 139/10240: fixtures/large_file.bin
2025/04/30 15:22:56 Sent ACK for chunk 138
2025/04/30 15:22:56 Received ACK for chunk 139/10240
Received chunk 140/10240: fixtures/large_file.bin
2025/04/30 15:22:56 Sent ACK for chunk 139
2025/04/30 15:22:56 Received ACK for chunk 140/10240
Received chunk 141/10240: fixtures/large_file.bin
2025/04/30 15:22:56 Sent ACK for chunk 140
2025/04/30 15:22:56 Received ACK for chunk 141/10240
Received chunk 142/10240: fixtures/large_file.bin
2025/04/30 15:22:56 Sent ACK for chunk 141
2025/04/30 15:22:56 Received ACK for chunk 142/10240
Received chunk 143/10240: fixtures/large_file.bin
2025/04/30 15:22:56 Sent ACK for chunk 142
2025/04/30 15:22:56 Received ACK for chunk 143/10240
Received chunk 144/10240: fixtures/large_file.bin
2025/04/30 15:22:56 Sent ACK for chunk 143
2025/04/30 15:22:56 Received ACK for chunk 144/10240
Received chunk 145/10240: fixtures/large_file.bin
2025/04/30 15:22:56 Sent ACK for chunk 144
2025/04/30 15:22:56 Received ACK for chunk 145/10240
Received chunk 146/10240: fixtures/large_file.bin
2025/04/30 15:22:56 Sent ACK for chunk 145
2025/04/30 15:22:56 Received ACK for chunk 146/10240
Received chunk 147/10240: fixtures/large_file.bin
2025/04/30 15:22:56 Sent ACK for chunk 146
2025/04/30 15:22:56 Received ACK for chunk 147/10240
Received chunk 148/10240: fixtures/large_file.bin
2025/04/30 15:22:56 Sent ACK for chunk 147
2025/04/30 15:22:56 Received ACK for chunk 148/10240
Received chunk 149/10240: fixtures/large_file.bin
2025/04/30 15:22:56 Sent ACK for chunk 148
2025/04/30 15:22:56 Received ACK for chunk 149/10240
Received chunk 150/10240: fixtures/large_file.bin
2025/04/30 15:22:56 Sent ACK for chunk 149
2025/04/30 15:22:56 Received ACK for chunk 150/10240
Received chunk 151/10240: fixtures/large_file.bin
2025/04/30 15:22:56 Sent ACK for chunk 150
2025/04/30 15:22:56 Received ACK for chunk 151/10240
Received chunk 152/10240: fixtures/large_file.bin
2025/04/30 15:22:56 Sent ACK for chunk 151
2025/04/30 15:22:56 Received ACK for chunk 152/10240
Received chunk 153/10240: fixtures/large_file.bin
2025/04/30 15:22:56 Sent ACK for chunk 152
2025/04/30 15:22:56 Received ACK for chunk 153/10240
Received chunk 154/10240: fixtures/large_file.bin
2025/04/30 15:22:56 Sent ACK for chunk 153
2025/04/30 15:22:56 Received ACK for chunk 154/10240
Received chunk 155/10240: fixtures/large_file.bin
2025/04/30 15:22:56 Sent ACK for chunk 154
2025/04/30 15:22:56 Received ACK for chunk 155/10240
Received chunk 156/10240: fixtures/large_file.bin
2025/04/30 15:22:56 Sent ACK for chunk 155
2025/04/30 15:22:56 Received ACK for chunk 156/10240
Received chunk 157/10240: fixtures/large_file.bin
2025/04/30 15:22:56 Sent ACK for chunk 156
2025/04/30 15:22:56 Received ACK for chunk 157/10240
Received chunk 158/10240: fixtures/large_file.bin
2025/04/30 15:22:56 Sent ACK for chunk 157
2025/04/30 15:22:56 Received ACK for chunk 158/10240
Received chunk 159/10240: fixtures/large_file.bin
2025/04/30 15:22:56 Sent ACK for chunk 158
2025/04/30 15:22:56 Received ACK for chunk 159/10240
Received chunk 160/10240: fixtures/large_file.bin
2025/04/30 15:22:56 Sent ACK for chunk 159
2025/04/30 15:22:56 Received ACK for chunk 160/10240
Received chunk 161/10240: fixtures/large_file.bin
2025/04/30 15:22:56 Sent ACK for chunk 160
2025/04/30 15:22:56 Received ACK for chunk 161/10240
Received chunk 162/10240: fixtures/large_file.bin
2025/04/30 15:22:56 Sent ACK for chunk 161
2025/04/30 15:22:56 Received ACK for chunk 162/10240
Received chunk 163/10240: fixtures/large_file.bin
2025/04/30 15:22:56 Sent ACK for chunk 162
2025/04/30 15:22:56 Received ACK for chunk 163/10240
Received chunk 164/10240: fixtures/large_file.bin
2025/04/30 15:22:56 Sent ACK for chunk 163
2025/04/30 15:22:56 Received ACK for chunk 164/10240
Received chunk 165/10240: fixtures/large_file.bin
2025/04/30 15:22:56 Sent ACK for chunk 164
2025/04/30 15:22:56 Received ACK for chunk 165/10240
Received chunk 166/10240: fixtures/large_file.bin
2025/04/30 15:22:56 Sent ACK for chunk 165
2025/04/30 15:22:56 Received ACK for chunk 166/10240
Received chunk 167/10240: fixtures/large_file.bin
2025/04/30 15:22:56 Sent ACK for chunk 166
2025/04/30 15:22:56 Received ACK for chunk 167/10240
Received chunk 168/10240: fixtures/large_file.bin
2025/04/30 15:22:56 Sent ACK for chunk 167
2025/04/30 15:22:56 Received ACK for chunk 168/10240
Received chunk 169/10240: fixtures/large_file.bin
2025/04/30 15:22:56 Sent ACK for chunk 168
2025/04/30 15:22:56 Received ACK for chunk 169/10240
Received chunk 170/10240: fixtures/large_file.bin
2025/04/30 15:22:56 Sent ACK for chunk 169
2025/04/30 15:22:56 Received ACK for chunk 170/10240
Received chunk 171/10240: fixtures/large_file.bin
2025/04/30 15:22:56 Sent ACK for chunk 170
2025/04/30 15:22:56 Received ACK for chunk 171/10240
Received chunk 172/10240: fixtures/large_file.bin
2025/04/30 15:22:56 Sent ACK for chunk 171
2025/04/30 15:22:56 Received ACK for chunk 172/10240
Received chunk 173/10240: fixtures/large_file.bin
2025/04/30 15:22:56 Sent ACK for chunk 172
2025/04/30 15:22:56 Received ACK for chunk 173/10240
Received chunk 174/10240: fixtures/large_file.bin
2025/04/30 15:22:56 Sent ACK for chunk 173
2025/04/30 15:22:56 Received ACK for chunk 174/10240
Received chunk 175/10240: fixtures/large_file.bin
2025/04/30 15:22:56 Sent ACK for chunk 174
2025/04/30 15:22:56 Received ACK for chunk 175/10240
Received chunk 176/10240: fixtures/large_file.bin
2025/04/30 15:22:56 Sent ACK for chunk 175
2025/04/30 15:22:56 Received ACK for chunk 176/10240
Received chunk 177/10240: fixtures/large_file.bin
2025/04/30 15:22:56 Sent ACK for chunk 176
2025/04/30 15:22:56 Received ACK for chunk 177/10240
Received chunk 178/10240: fixtures/large_file.bin
2025/04/30 15:22:56 Sent ACK for chunk 177
2025/04/30 15:22:56 Received ACK for chunk 178/10240
Received chunk 179/10240: fixtures/large_file.bin
2025/04/30 15:22:56 Sent ACK for chunk 178
2025/04/30 15:22:56 Received ACK for chunk 179/10240
Received chunk 180/10240: fixtures/large_file.bin
2025/04/30 15:22:56 Sent ACK for chunk 179
2025/04/30 15:22:56 Received ACK for chunk 180/10240
Received chunk 181/10240: fixtures/large_file.bin
2025/04/30 15:22:56 Sent ACK for chunk 180
2025/04/30 15:22:56 Received ACK for chunk 181/10240
Received chunk 182/10240: fixtures/large_file.bin
2025/04/30 15:22:56 Sent ACK for chunk 181
2025/04/30 15:22:56 Received ACK for chunk 182/10240
Received chunk 183/10240: fixtures/large_file.bin
2025/04/30 15:22:56 Sent ACK for chunk 182
2025/04/30 15:22:56 Received ACK for chunk 183/10240
Received chunk 184/10240: fixtures/large_file.bin
2025/04/30 15:22:56 Sent ACK for chunk 183
2025/04/30 15:22:56 Received ACK for chunk 184/10240
Received chunk 185/10240: fixtures/large_file.bin
2025/04/30 15:22:56 Sent ACK for chunk 184
2025/04/30 15:22:56 Received ACK for chunk 185/10240
Received chunk 186/10240: fixtures/large_file.bin
2025/04/30 15:22:56 Sent ACK for chunk 185
2025/04/30 15:22:56 Received ACK for chunk 186/10240
Received chunk 187/10240: fixtures/large_file.bin
2025/04/30 15:22:56 Sent ACK for chunk 186
2025/04/30 15:22:56 Received ACK for chunk 187/10240
Received chunk 188/10240: fixtures/large_file.bin
2025/04/30 15:22:56 Sent ACK for chunk 187
2025/04/30 15:22:56 Received ACK for chunk 188/10240
Received chunk 189/10240: fixtures/large_file.bin
2025/04/30 15:22:56 Sent ACK for chunk 188
2025/04/30 15:22:56 Received ACK for chunk 189/10240
Received chunk 190/10240: fixtures/large_file.bin
2025/04/30 15:22:56 Sent ACK for chunk 189
2025/04/30 15:22:56 Received ACK for chunk 190/10240
Received chunk 191/10240: fixtures/large_file.bin
2025/04/30 15:22:56 Sent ACK for chunk 190
2025/04/30 15:22:56 Received ACK for chunk 191/10240
Received chunk 192/10240: fixtures/large_file.bin
2025/04/30 15:22:56 Sent ACK for chunk 191
2025/04/30 15:22:56 Received ACK for chunk 192/10240
Received chunk 193/10240: fixtures/large_file.bin
2025/04/30 15:22:56 Sent ACK for chunk 192
2025/04/30 15:22:56 Received ACK for chunk 193/10240
Received chunk 194/10240: fixtures/large_file.bin
2025/04/30 15:22:56 Sent ACK for chunk 193
2025/04/30 15:22:56 Received ACK for chunk 194/10240
Received chunk 195/10240: fixtures/large_file.bin
2025/04/30 15:22:56 Sent ACK for chunk 194
2025/04/30 15:22:56 Received ACK for chunk 195/10240
Received chunk 196/10240: fixtures/large_file.bin
2025/04/30 15:22:56 Sent ACK for chunk 195
2025/04/30 15:22:56 Received ACK for chunk 196/10240
Received chunk 197/10240: fixtures/large_file.bin
2025/04/30 15:22:56 Sent ACK for chunk 196
2025/04/30 15:22:56 Received ACK for chunk 197/10240
Received chunk 198/10240: fixtures/large_file.bin
2025/04/30 15:22:56 Sent ACK for chunk 197
2025/04/30 15:22:56 Received ACK for chunk 198/10240
Received chunk 199/10240: fixtures/large_file.bin
2025/04/30 15:22:56 Sent ACK for chunk 198
2025/04/30 15:22:56 Received ACK for chunk 199/10240
Received chunk 200/10240: fixtures/large_file.bin
2025/04/30 15:22:56 Sent ACK for chunk 199
2025/04/30 15:22:56 Received ACK for chunk 200/10240
Received chunk 201/10240: fixtures/large_file.bin
2025/04/30 15:22:56 Sent ACK for chunk 200
2025/04/30 15:22:56 Received ACK for chunk 201/10240
Received chunk 202/10240: fixtures/large_file.bin
2025/04/30 15:22:56 Sent ACK for chunk 201
2025/04/30 15:22:56 Received ACK for chunk 202/10240
Received chunk 203/10240: fixtures/large_file.bin
2025/04/30 15:22:56 Sent ACK for chunk 202
2025/04/30 15:22:56 Received ACK for chunk 203/10240
Received chunk 204/10240: fixtures/large_file.bin
2025/04/30 15:22:56 Sent ACK for chunk 203
2025/04/30 15:22:56 Received ACK for chunk 204/10240
Received chunk 205/10240: fixtures/large_file.bin
2025/04/30 15:22:56 Sent ACK for chunk 204
2025/04/30 15:22:56 Received ACK for chunk 205/10240
Received chunk 206/10240: fixtures/large_file.bin
2025/04/30 15:22:56 Sent ACK for chunk 205
2025/04/30 15:22:56 Received ACK for chunk 206/10240
Received chunk 207/10240: fixtures/large_file.bin
2025/04/30 15:22:56 Sent ACK for chunk 206
2025/04/30 15:22:56 Received ACK for chunk 207/10240
Received chunk 208/10240: fixtures/large_file.bin
2025/04/30 15:22:56 Sent ACK for chunk 207
2025/04/30 15:22:56 Received ACK for chunk 208/10240
Received chunk 209/10240: fixtures/large_file.bin
2025/04/30 15:22:56 Sent ACK for chunk 208
2025/04/30 15:22:56 Received ACK for chunk 209/10240
Received chunk 210/10240: fixtures/large_file.bin
2025/04/30 15:22:56 Sent ACK for chunk 209
2025/04/30 15:22:56 Received ACK for chunk 210/10240
Received chunk 211/10240: fixtures/large_file.bin
2025/04/30 15:22:56 Sent ACK for chunk 210
2025/04/30 15:22:56 Received ACK for chunk 211/10240
Received chunk 212/10240: fixtures/large_file.bin
2025/04/30 15:22:56 Sent ACK for chunk 211
2025/04/30 15:22:56 Received ACK for chunk 212/10240
Received chunk 213/10240: fixtures/large_file.bin
2025/04/30 15:22:56 Sent ACK for chunk 212
2025/04/30 15:22:56 Received ACK for chunk 213/10240
Received chunk 214/10240: fixtures/large_file.bin
2025/04/30 15:22:56 Sent ACK for chunk 213
2025/04/30 15:22:56 Received ACK for chunk 214/10240
Received chunk 215/10240: fixtures/large_file.bin
2025/04/30 15:22:56 Sent ACK for chunk 214
2025/04/30 15:22:56 Received ACK for chunk 215/10240
Received chunk 216/10240: fixtures/large_file.bin
2025/04/30 15:22:56 Sent ACK for chunk 215
2025/04/30 15:22:56 Received ACK for chunk 216/10240
Received chunk 217/10240: fixtures/large_file.bin
2025/04/30 15:22:56 Sent ACK for chunk 216
2025/04/30 15:22:56 Received ACK for chunk 217/10240
Received chunk 218/10240: fixtures/large_file.bin
2025/04/30 15:22:56 Sent ACK for chunk 217
2025/04/30 15:22:56 Received ACK for chunk 218/10240
Received chunk 219/10240: fixtures/large_file.bin
2025/04/30 15:22:56 Sent ACK for chunk 218
2025/04/30 15:22:56 Received ACK for chunk 219/10240
Received chunk 220/10240: fixtures/large_file.bin
2025/04/30 15:22:56 Sent ACK for chunk 219
2025/04/30 15:22:56 Received ACK for chunk 220/10240
Received chunk 221/10240: fixtures/large_file.bin
2025/04/30 15:22:56 Sent ACK for chunk 220
2025/04/30 15:22:56 Received ACK for chunk 221/10240
Received chunk 222/10240: fixtures/large_file.bin
2025/04/30 15:22:56 Sent ACK for chunk 221
2025/04/30 15:22:56 Received ACK for chunk 222/10240
Received chunk 223/10240: fixtures/large_file.bin
2025/04/30 15:22:56 Sent ACK for chunk 222
2025/04/30 15:22:56 Received ACK for chunk 223/10240
Received chunk 224/10240: fixtures/large_file.bin
2025/04/30 15:22:56 Sent ACK for chunk 223
2025/04/30 15:22:56 Received ACK for chunk 224/10240
Received chunk 225/10240: fixtures/large_file.bin
2025/04/30 15:22:56 Sent ACK for chunk 224
2025/04/30 15:22:56 Received ACK for chunk 225/10240
Received chunk 226/10240: fixtures/large_file.bin
2025/04/30 15:22:56 Sent ACK for chunk 225
2025/04/30 15:22:56 Received ACK for chunk 226/10240
Received chunk 227/10240: fixtures/large_file.bin
2025/04/30 15:22:56 Sent ACK for chunk 226
2025/04/30 15:22:56 Received ACK for chunk 227/10240
Received chunk 228/10240: fixtures/large_file.bin
2025/04/30 15:22:56 Sent ACK for chunk 227
2025/04/30 15:22:56 Received ACK for chunk 228/10240
Received chunk 229/10240: fixtures/large_file.bin
2025/04/30 15:22:56 Sent ACK for chunk 228
2025/04/30 15:22:56 Received ACK for chunk 229/10240
Received chunk 230/10240: fixtures/large_file.bin
2025/04/30 15:22:56 Sent ACK for chunk 229
2025/04/30 15:22:56 Received ACK for chunk 230/10240
Received chunk 231/10240: fixtures/large_file.bin
2025/04/30 15:22:56 Sent ACK for chunk 230
2025/04/30 15:22:56 Received ACK for chunk 231/10240
Received chunk 232/10240: fixtures/large_file.bin
2025/04/30 15:22:56 Sent ACK for chunk 231
2025/04/30 15:22:56 Received ACK for chunk 232/10240
Received chunk 233/10240: fixtures/large_file.bin
2025/04/30 15:22:56 Sent ACK for chunk 232
2025/04/30 15:22:56 Received ACK for chunk 233/10240
Received chunk 234/10240: fixtures/large_file.bin
2025/04/30 15:22:56 Sent ACK for chunk 233
2025/04/30 15:22:56 Received ACK for chunk 234/10240
Received chunk 235/10240: fixtures/large_file.bin
2025/04/30 15:22:56 Sent ACK for chunk 234
2025/04/30 15:22:56 Received ACK for chunk 235/10240
Received chunk 236/10240: fixtures/large_file.bin
2025/04/30 15:22:56 Sent ACK for chunk 235
2025/04/30 15:22:56 Received ACK for chunk 236/10240
Received chunk 237/10240: fixtures/large_file.bin
2025/04/30 15:22:56 Sent ACK for chunk 236
2025/04/30 15:22:56 Received ACK for chunk 237/10240
Received chunk 238/10240: fixtures/large_file.bin
2025/04/30 15:22:56 Sent ACK for chunk 237
2025/04/30 15:22:56 Received ACK for chunk 238/10240
Received chunk 239/10240: fixtures/large_file.bin
2025/04/30 15:22:56 Sent ACK for chunk 238
2025/04/30 15:22:56 Received ACK for chunk 239/10240
Received chunk 240/10240: fixtures/large_file.bin
2025/04/30 15:22:56 Sent ACK for chunk 239
2025/04/30 15:22:56 Received ACK for chunk 240/10240
Received chunk 241/10240: fixtures/large_file.bin
2025/04/30 15:22:56 Sent ACK for chunk 240
2025/04/30 15:22:56 Received ACK for chunk 241/10240
Received chunk 242/10240: fixtures/large_file.bin
2025/04/30 15:22:56 Sent ACK for chunk 241
2025/04/30 15:22:56 Received ACK for chunk 242/10240
Received chunk 243/10240: fixtures/large_file.bin
2025/04/30 15:22:56 Sent ACK for chunk 242
2025/04/30 15:22:56 Received ACK for chunk 243/10240
Received chunk 244/10240: fixtures/large_file.bin
2025/04/30 15:22:56 Sent ACK for chunk 243
2025/04/30 15:22:56 Received ACK for chunk 244/10240
Received chunk 245/10240: fixtures/large_file.bin
2025/04/30 15:22:56 Sent ACK for chunk 244
2025/04/30 15:22:56 Received ACK for chunk 245/10240
Received chunk 246/10240: fixtures/large_file.bin
2025/04/30 15:22:56 Sent ACK for chunk 245
2025/04/30 15:22:56 Received ACK for chunk 246/10240
Received chunk 247/10240: fixtures/large_file.bin
2025/04/30 15:22:56 Sent ACK for chunk 246
2025/04/30 15:22:56 Received ACK for chunk 247/10240
Received chunk 248/10240: fixtures/large_file.bin
2025/04/30 15:22:56 Sent ACK for chunk 247
2025/04/30 15:22:56 Received ACK for chunk 248/10240
Received chunk 249/10240: fixtures/large_file.bin
2025/04/30 15:22:56 Sent ACK for chunk 248
2025/04/30 15:22:56 Received ACK for chunk 249/10240
Received chunk 250/10240: fixtures/large_file.bin
2025/04/30 15:22:56 Sent ACK for chunk 249
2025/04/30 15:22:56 Received ACK for chunk 250/10240
Received chunk 251/10240: fixtures/large_file.bin
2025/04/30 15:22:56 Sent ACK for chunk 250
2025/04/30 15:22:56 Received ACK for chunk 251/10240
Received chunk 252/10240: fixtures/large_file.bin
2025/04/30 15:22:56 Sent ACK for chunk 251
2025/04/30 15:22:56 Received ACK for chunk 252/10240
Received chunk 253/10240: fixtures/large_file.bin
2025/04/30 15:22:56 Sent ACK for chunk 252
2025/04/30 15:22:56 Received ACK for chunk 253/10240
Received chunk 254/10240: fixtures/large_file.bin
2025/04/30 15:22:56 Sent ACK for chunk 253
2025/04/30 15:22:56 Received ACK for chunk 254/10240
Received chunk 255/10240: fixtures/large_file.bin
2025/04/30 15:22:56 Sent ACK for chunk 254
2025/04/30 15:22:56 Received ACK for chunk 255/10240
Received chunk 256/10240: fixtures/large_file.bin
2025/04/30 15:22:56 Sent ACK for chunk 255
2025/04/30 15:22:56 Received ACK for chunk 256/10240
Received chunk 257/10240: fixtures/large_file.bin
2025/04/30 15:22:56 Sent ACK for chunk 256
2025/04/30 15:22:56 Received ACK for chunk 257/10240
Received chunk 258/10240: fixtures/large_file.bin
2025/04/30 15:22:56 Sent ACK for chunk 257
2025/04/30 15:22:56 Received ACK for chunk 258/10240
Received chunk 259/10240: fixtures/large_file.bin
2025/04/30 15:22:56 Sent ACK for chunk 258
2025/04/30 15:22:56 Received ACK for chunk 259/10240
Received chunk 260/10240: fixtures/large_file.bin
2025/04/30 15:22:56 Sent ACK for chunk 259
2025/04/30 15:22:56 Received ACK for chunk 260/10240
Received chunk 261/10240: fixtures/large_file.bin
2025/04/30 15:22:56 Sent ACK for chunk 260
2025/04/30 15:22:56 Received ACK for chunk 261/10240
Received chunk 262/10240: fixtures/large_file.bin
2025/04/30 15:22:56 Sent ACK for chunk 261
2025/04/30 15:22:56 Received ACK for chunk 262/10240
Received chunk 263/10240: fixtures/large_file.bin
2025/04/30 15:22:56 Sent ACK for chunk 262
2025/04/30 15:22:56 Received ACK for chunk 263/10240
Received chunk 264/10240: fixtures/large_file.bin
2025/04/30 15:22:56 Sent ACK for chunk 263
2025/04/30 15:22:56 Received ACK for chunk 264/10240
Received chunk 265/10240: fixtures/large_file.bin
2025/04/30 15:22:56 Sent ACK for chunk 264
2025/04/30 15:22:56 Received ACK for chunk 265/10240
Received chunk 266/10240: fixtures/large_file.bin
2025/04/30 15:22:56 Sent ACK for chunk 265
2025/04/30 15:22:56 Received ACK for chunk 266/10240
Received chunk 267/10240: fixtures/large_file.bin
2025/04/30 15:22:56 Sent ACK for chunk 266
2025/04/30 15:22:56 Received ACK for chunk 267/10240
Received chunk 268/10240: fixtures/large_file.bin
2025/04/30 15:22:56 Sent ACK for chunk 267
2025/04/30 15:22:56 Received ACK for chunk 268/10240
Received chunk 269/10240: fixtures/large_file.bin
2025/04/30 15:22:56 Sent ACK for chunk 268
2025/04/30 15:22:56 Received ACK for chunk 269/10240
Received chunk 270/10240: fixtures/large_file.bin
2025/04/30 15:22:56 Sent ACK for chunk 269
2025/04/30 15:22:56 Received ACK for chunk 270/10240
Received chunk 271/10240: fixtures/large_file.bin
2025/04/30 15:22:56 Sent ACK for chunk 270
2025/04/30 15:22:56 Received ACK for chunk 271/10240
Received chunk 272/10240: fixtures/large_file.bin
2025/04/30 15:22:56 Sent ACK for chunk 271
2025/04/30 15:22:56 Received ACK for chunk 272/10240
Received chunk 273/10240: fixtures/large_file.bin
2025/04/30 15:22:56 Sent ACK for chunk 272
2025/04/30 15:22:56 Received ACK for chunk 273/10240
Received chunk 274/10240: fixtures/large_file.bin
2025/04/30 15:22:56 Sent ACK for chunk 273
2025/04/30 15:22:56 Received ACK for chunk 274/10240
Received chunk 275/10240: fixtures/large_file.bin
2025/04/30 15:22:56 Sent ACK for chunk 274
2025/04/30 15:22:56 Received ACK for chunk 275/10240
Received chunk 276/10240: fixtures/large_file.bin
2025/04/30 15:22:56 Sent ACK for chunk 275
2025/04/30 15:22:56 Received ACK for chunk 276/10240
Received chunk 277/10240: fixtures/large_file.bin
2025/04/30 15:22:56 Sent ACK for chunk 276
2025/04/30 15:22:56 Received ACK for chunk 277/10240
Received chunk 278/10240: fixtures/large_file.bin
2025/04/30 15:22:56 Sent ACK for chunk 277
2025/04/30 15:22:56 Received ACK for chunk 278/10240
Received chunk 279/10240: fixtures/large_file.bin
2025/04/30 15:22:56 Sent ACK for chunk 278
2025/04/30 15:22:56 Received ACK for chunk 279/10240
Received chunk 280/10240: fixtures/large_file.bin
2025/04/30 15:22:56 Sent ACK for chunk 279
2025/04/30 15:22:56 Received ACK for chunk 280/10240
Received chunk 281/10240: fixtures/large_file.bin
2025/04/30 15:22:56 Sent ACK for chunk 280
2025/04/30 15:22:56 Received ACK for chunk 281/10240
Received chunk 282/10240: fixtures/large_file.bin
2025/04/30 15:22:56 Sent ACK for chunk 281
2025/04/30 15:22:56 Received ACK for chunk 282/10240
Received chunk 283/10240: fixtures/large_file.bin
2025/04/30 15:22:56 Sent ACK for chunk 282
2025/04/30 15:22:56 Received ACK for chunk 283/10240
Received chunk 284/10240: fixtures/large_file.bin
2025/04/30 15:22:56 Sent ACK for chunk 283
2025/04/30 15:22:56 Received ACK for chunk 284/10240
Received chunk 285/10240: fixtures/large_file.bin
2025/04/30 15:22:56 Sent ACK for chunk 284
2025/04/30 15:22:56 Received ACK for chunk 285/10240
Received chunk 286/10240: fixtures/large_file.bin
2025/04/30 15:22:56 Sent ACK for chunk 285
2025/04/30 15:22:56 Received ACK for chunk 286/10240
Received chunk 287/10240: fixtures/large_file.bin
2025/04/30 15:22:56 Sent ACK for chunk 286
2025/04/30 15:22:56 Received ACK for chunk 287/10240
Received chunk 288/10240: fixtures/large_file.bin
2025/04/30 15:22:56 Sent ACK for chunk 287
2025/04/30 15:22:56 Received ACK for chunk 288/10240
Received chunk 289/10240: fixtures/large_file.bin
2025/04/30 15:22:56 Sent ACK for chunk 288
2025/04/30 15:22:56 Received ACK for chunk 289/10240
Received chunk 290/10240: fixtures/large_file.bin
2025/04/30 15:22:56 Sent ACK for chunk 289
2025/04/30 15:22:56 Received ACK for chunk 290/10240
Received chunk 291/10240: fixtures/large_file.bin
2025/04/30 15:22:56 Sent ACK for chunk 290
2025/04/30 15:22:56 Received ACK for chunk 291/10240
Received chunk 292/10240: fixtures/large_file.bin
2025/04/30 15:22:56 Sent ACK for chunk 291
2025/04/30 15:22:56 Received ACK for chunk 292/10240
Received chunk 293/10240: fixtures/large_file.bin
2025/04/30 15:22:56 Sent ACK for chunk 292
2025/04/30 15:22:56 Received ACK for chunk 293/10240
Received chunk 294/10240: fixtures/large_file.bin
2025/04/30 15:22:56 Sent ACK for chunk 293
2025/04/30 15:22:56 Received ACK for chunk 294/10240
Received chunk 295/10240: fixtures/large_file.bin
2025/04/30 15:22:56 Sent ACK for chunk 294
2025/04/30 15:22:56 Received ACK for chunk 295/10240
Received chunk 296/10240: fixtures/large_file.bin
2025/04/30 15:22:56 Sent ACK for chunk 295
2025/04/30 15:22:56 Received ACK for chunk 296/10240
Received chunk 297/10240: fixtures/large_file.bin
2025/04/30 15:22:56 Sent ACK for chunk 296
2025/04/30 15:22:56 Received ACK for chunk 297/10240
Received chunk 298/10240: fixtures/large_file.bin
2025/04/30 15:22:56 Sent ACK for chunk 297
2025/04/30 15:22:56 Received ACK for chunk 298/10240
Received chunk 299/10240: fixtures/large_file.bin
2025/04/30 15:22:56 Sent ACK for chunk 298
2025/04/30 15:22:56 Received ACK for chunk 299/10240
Received chunk 300/10240: fixtures/large_file.bin
2025/04/30 15:22:56 Sent ACK for chunk 299
2025/04/30 15:22:56 Received ACK for chunk 300/10240
Received chunk 301/10240: fixtures/large_file.bin
2025/04/30 15:22:56 Sent ACK for chunk 300
2025/04/30 15:22:56 Received ACK for chunk 301/10240
Received chunk 302/10240: fixtures/large_file.bin
2025/04/30 15:22:56 Sent ACK for chunk 301
2025/04/30 15:22:56 Received ACK for chunk 302/10240
Received chunk 303/10240: fixtures/large_file.bin
2025/04/30 15:22:56 Sent ACK for chunk 302
2025/04/30 15:22:56 Received ACK for chunk 303/10240
Received chunk 304/10240: fixtures/large_file.bin
2025/04/30 15:22:56 Sent ACK for chunk 303
2025/04/30 15:22:56 Received ACK for chunk 304/10240
Received chunk 305/10240: fixtures/large_file.bin
2025/04/30 15:22:56 Sent ACK for chunk 304
2025/04/30 15:22:56 Received ACK for chunk 305/10240
Received chunk 306/10240: fixtures/large_file.bin
2025/04/30 15:22:56 Sent ACK for chunk 305
2025/04/30 15:22:56 Received ACK for chunk 306/10240
Received chunk 307/10240: fixtures/large_file.bin
2025/04/30 15:22:56 Sent ACK for chunk 306
2025/04/30 15:22:56 Received ACK for chunk 307/10240
Received chunk 308/10240: fixtures/large_file.bin
2025/04/30 15:22:56 Sent ACK for chunk 307
2025/04/30 15:22:56 Received ACK for chunk 308/10240
Received chunk 309/10240: fixtures/large_file.bin
2025/04/30 15:22:56 Sent ACK for chunk 308
2025/04/30 15:22:56 Received ACK for chunk 309/10240
Received chunk 310/10240: fixtures/large_file.bin
2025/04/30 15:22:56 Sent ACK for chunk 309
2025/04/30 15:22:56 Received ACK for chunk 310/10240
Received chunk 311/10240: fixtures/large_file.bin
2025/04/30 15:22:56 Sent ACK for chunk 310
2025/04/30 15:22:56 Received ACK for chunk 311/10240
Received chunk 312/10240: fixtures/large_file.bin
2025/04/30 15:22:56 Sent ACK for chunk 311
2025/04/30 15:22:56 Received ACK for chunk 312/10240
Received chunk 313/10240: fixtures/large_file.bin
2025/04/30 15:22:56 Sent ACK for chunk 312
2025/04/30 15:22:56 Received ACK for chunk 313/10240
Received chunk 314/10240: fixtures/large_file.bin
2025/04/30 15:22:56 Sent ACK for chunk 313
2025/04/30 15:22:56 Received ACK for chunk 314/10240
Received chunk 315/10240: fixtures/large_file.bin
2025/04/30 15:22:56 Sent ACK for chunk 314
2025/04/30 15:22:56 Received ACK for chunk 315/10240
Received chunk 316/10240: fixtures/large_file.bin
2025/04/30 15:22:56 Sent ACK for chunk 315
2025/04/30 15:22:56 Received ACK for chunk 316/10240
Received chunk 317/10240: fixtures/large_file.bin
2025/04/30 15:22:56 Sent ACK for chunk 316
2025/04/30 15:22:56 Received ACK for chunk 317/10240
Received chunk 318/10240: fixtures/large_file.bin
2025/04/30 15:22:56 Sent ACK for chunk 317
2025/04/30 15:22:56 Received ACK for chunk 318/10240
Received chunk 319/10240: fixtures/large_file.bin
2025/04/30 15:22:56 Sent ACK for chunk 318
2025/04/30 15:22:56 Received ACK for chunk 319/10240
Received chunk 320/10240: fixtures/large_file.bin
2025/04/30 15:22:56 Sent ACK for chunk 319
2025/04/30 15:22:56 Received ACK for chunk 320/10240
Received chunk 321/10240: fixtures/large_file.bin
2025/04/30 15:22:56 Sent ACK for chunk 320
2025/04/30 15:22:56 Received ACK for chunk 321/10240
Received chunk 322/10240: fixtures/large_file.bin
2025/04/30 15:22:56 Sent ACK for chunk 321
2025/04/30 15:22:56 Received ACK for chunk 322/10240
Received chunk 323/10240: fixtures/large_file.bin
2025/04/30 15:22:56 Sent ACK for chunk 322
2025/04/30 15:22:56 Received ACK for chunk 323/10240
Received chunk 324/10240: fixtures/large_file.bin
2025/04/30 15:22:56 Sent ACK for chunk 323
2025/04/30 15:22:56 Received ACK for chunk 324/10240
Received chunk 325/10240: fixtures/large_file.bin
2025/04/30 15:22:56 Sent ACK for chunk 324
2025/04/30 15:22:56 Received ACK for chunk 325/10240
Received chunk 326/10240: fixtures/large_file.bin
2025/04/30 15:22:56 Sent ACK for chunk 325
2025/04/30 15:22:56 Received ACK for chunk 326/10240
Received chunk 327/10240: fixtures/large_file.bin
2025/04/30 15:22:56 Sent ACK for chunk 326
2025/04/30 15:22:56 Received ACK for chunk 327/10240
Received chunk 328/10240: fixtures/large_file.bin
2025/04/30 15:22:56 Sent ACK for chunk 327
2025/04/30 15:22:56 Received ACK for chunk 328/10240
Received chunk 329/10240: fixtures/large_file.bin
2025/04/30 15:22:56 Sent ACK for chunk 328
2025/04/30 15:22:56 Received ACK for chunk 329/10240
Received chunk 330/10240: fixtures/large_file.bin
2025/04/30 15:22:56 Sent ACK for chunk 329
2025/04/30 15:22:56 Received ACK for chunk 330/10240
Received chunk 331/10240: fixtures/large_file.bin
2025/04/30 15:22:56 Sent ACK for chunk 330
2025/04/30 15:22:56 Received ACK for chunk 331/10240
Received chunk 332/10240: fixtures/large_file.bin
2025/04/30 15:22:56 Sent ACK for chunk 331
2025/04/30 15:22:56 Received ACK for chunk 332/10240
Received chunk 333/10240: fixtures/large_file.bin
2025/04/30 15:22:56 Sent ACK for chunk 332
2025/04/30 15:22:56 Received ACK for chunk 333/10240
Received chunk 334/10240: fixtures/large_file.bin
2025/04/30 15:22:56 Sent ACK for chunk 333
2025/04/30 15:22:56 Received ACK for chunk 334/10240
Received chunk 335/10240: fixtures/large_file.bin
2025/04/30 15:22:56 Sent ACK for chunk 334
2025/04/30 15:22:56 Received ACK for chunk 335/10240
Received chunk 336/10240: fixtures/large_file.bin
2025/04/30 15:22:56 Sent ACK for chunk 335
2025/04/30 15:22:56 Received ACK for chunk 336/10240
Received chunk 337/10240: fixtures/large_file.bin
2025/04/30 15:22:56 Sent ACK for chunk 336
2025/04/30 15:22:56 Received ACK for chunk 337/10240
Received chunk 338/10240: fixtures/large_file.bin
2025/04/30 15:22:56 Sent ACK for chunk 337
2025/04/30 15:22:56 Received ACK for chunk 338/10240
Received chunk 339/10240: fixtures/large_file.bin
2025/04/30 15:22:56 Sent ACK for chunk 338
2025/04/30 15:22:56 Received ACK for chunk 339/10240
Received chunk 340/10240: fixtures/large_file.bin
2025/04/30 15:22:56 Sent ACK for chunk 339
2025/04/30 15:22:56 Received ACK for chunk 340/10240
Received chunk 341/10240: fixtures/large_file.bin
2025/04/30 15:22:56 Sent ACK for chunk 340
2025/04/30 15:22:56 Received ACK for chunk 341/10240
Received chunk 342/10240: fixtures/large_file.bin
2025/04/30 15:22:56 Sent ACK for chunk 341
2025/04/30 15:22:56 Received ACK for chunk 342/10240
Received chunk 343/10240: fixtures/large_file.bin
2025/04/30 15:22:56 Sent ACK for chunk 342
2025/04/30 15:22:56 Received ACK for chunk 343/10240
Received chunk 344/10240: fixtures/large_file.bin
2025/04/30 15:22:56 Sent ACK for chunk 343
2025/04/30 15:22:56 Received ACK for chunk 344/10240
Received chunk 345/10240: fixtures/large_file.bin
2025/04/30 15:22:56 Sent ACK for chunk 344
2025/04/30 15:22:56 Received ACK for chunk 345/10240
Received chunk 346/10240: fixtures/large_file.bin
2025/04/30 15:22:56 Sent ACK for chunk 345
2025/04/30 15:22:56 Received ACK for chunk 346/10240
Received chunk 347/10240: fixtures/large_file.bin
2025/04/30 15:22:56 Sent ACK for chunk 346
2025/04/30 15:22:56 Received ACK for chunk 347/10240
Received chunk 348/10240: fixtures/large_file.bin
2025/04/30 15:22:56 Sent ACK for chunk 347
2025/04/30 15:22:56 Received ACK for chunk 348/10240
Received chunk 349/10240: fixtures/large_file.bin
2025/04/30 15:22:56 Sent ACK for chunk 348
2025/04/30 15:22:56 Received ACK for chunk 349/10240
Received chunk 350/10240: fixtures/large_file.bin
2025/04/30 15:22:56 Sent ACK for chunk 349
2025/04/30 15:22:56 Received ACK for chunk 350/10240
Received chunk 351/10240: fixtures/large_file.bin
2025/04/30 15:22:56 Sent ACK for chunk 350
2025/04/30 15:22:56 Received ACK for chunk 351/10240
Received chunk 352/10240: fixtures/large_file.bin
2025/04/30 15:22:56 Sent ACK for chunk 351
2025/04/30 15:22:56 Received ACK for chunk 352/10240
Received chunk 353/10240: fixtures/large_file.bin
2025/04/30 15:22:56 Sent ACK for chunk 352
2025/04/30 15:22:56 Received ACK for chunk 353/10240
Received chunk 354/10240: fixtures/large_file.bin
2025/04/30 15:22:56 Sent ACK for chunk 353
2025/04/30 15:22:56 Received ACK for chunk 354/10240
Received chunk 355/10240: fixtures/large_file.bin
2025/04/30 15:22:56 Sent ACK for chunk 354
2025/04/30 15:22:56 Received ACK for chunk 355/10240
Received chunk 356/10240: fixtures/large_file.bin
2025/04/30 15:22:56 Sent ACK for chunk 355
2025/04/30 15:22:56 Received ACK for chunk 356/10240
Received chunk 357/10240: fixtures/large_file.bin
2025/04/30 15:22:56 Sent ACK for chunk 356
2025/04/30 15:22:56 Received ACK for chunk 357/10240
Received chunk 358/10240: fixtures/large_file.bin
2025/04/30 15:22:56 Sent ACK for chunk 357
2025/04/30 15:22:56 Received ACK for chunk 358/10240
Received chunk 359/10240: fixtures/large_file.bin
2025/04/30 15:22:56 Sent ACK for chunk 358
2025/04/30 15:22:56 Received ACK for chunk 359/10240
Received chunk 360/10240: fixtures/large_file.bin
2025/04/30 15:22:56 Sent ACK for chunk 359
2025/04/30 15:22:56 Received ACK for chunk 360/10240
Received chunk 361/10240: fixtures/large_file.bin
2025/04/30 15:22:56 Sent ACK for chunk 360
2025/04/30 15:22:56 Received ACK for chunk 361/10240
Received chunk 362/10240: fixtures/large_file.bin
2025/04/30 15:22:56 Sent ACK for chunk 361
2025/04/30 15:22:56 Received ACK for chunk 362/10240
Received chunk 363/10240: fixtures/large_file.bin
2025/04/30 15:22:56 Sent ACK for chunk 362
2025/04/30 15:22:56 Received ACK for chunk 363/10240
Received chunk 364/10240: fixtures/large_file.bin
2025/04/30 15:22:56 Sent ACK for chunk 363
2025/04/30 15:22:56 Received ACK for chunk 364/10240
Received chunk 365/10240: fixtures/large_file.bin
2025/04/30 15:22:56 Sent ACK for chunk 364
2025/04/30 15:22:56 Received ACK for chunk 365/10240
Received chunk 366/10240: fixtures/large_file.bin
2025/04/30 15:22:56 Sent ACK for chunk 365
2025/04/30 15:22:56 Received ACK for chunk 366/10240
Received chunk 367/10240: fixtures/large_file.bin
2025/04/30 15:22:56 Sent ACK for chunk 366
2025/04/30 15:22:56 Received ACK for chunk 367/10240
Received chunk 368/10240: fixtures/large_file.bin
2025/04/30 15:22:56 Sent ACK for chunk 367
2025/04/30 15:22:56 Received ACK for chunk 368/10240
Received chunk 369/10240: fixtures/large_file.bin
2025/04/30 15:22:56 Sent ACK for chunk 368
2025/04/30 15:22:56 Received ACK for chunk 369/10240
Received chunk 370/10240: fixtures/large_file.bin
2025/04/30 15:22:56 Sent ACK for chunk 369
2025/04/30 15:22:56 Received ACK for chunk 370/10240
Received chunk 371/10240: fixtures/large_file.bin
2025/04/30 15:22:56 Sent ACK for chunk 370
2025/04/30 15:22:56 Received ACK for chunk 371/10240
Received chunk 372/10240: fixtures/large_file.bin
2025/04/30 15:22:56 Sent ACK for chunk 371
2025/04/30 15:22:56 Received ACK for chunk 372/10240
Received chunk 373/10240: fixtures/large_file.bin
2025/04/30 15:22:56 Sent ACK for chunk 372
2025/04/30 15:22:56 Received ACK for chunk 373/10240
Received chunk 374/10240: fixtures/large_file.bin
2025/04/30 15:22:56 Sent ACK for chunk 373
2025/04/30 15:22:56 Received ACK for chunk 374/10240
Received chunk 375/10240: fixtures/large_file.bin
2025/04/30 15:22:56 Sent ACK for chunk 374
2025/04/30 15:22:56 Received ACK for chunk 375/10240
Received chunk 376/10240: fixtures/large_file.bin
2025/04/30 15:22:56 Sent ACK for chunk 375
2025/04/30 15:22:56 Received ACK for chunk 376/10240
Received chunk 377/10240: fixtures/large_file.bin
2025/04/30 15:22:56 Sent ACK for chunk 376
2025/04/30 15:22:56 Received ACK for chunk 377/10240
Received chunk 378/10240: fixtures/large_file.bin
2025/04/30 15:22:56 Sent ACK for chunk 377
2025/04/30 15:22:56 Received ACK for chunk 378/10240
Received chunk 379/10240: fixtures/large_file.bin
2025/04/30 15:22:56 Sent ACK for chunk 378
2025/04/30 15:22:56 Received ACK for chunk 379/10240
Received chunk 380/10240: fixtures/large_file.bin
2025/04/30 15:22:56 Sent ACK for chunk 379
2025/04/30 15:22:56 Received ACK for chunk 380/10240
Received chunk 381/10240: fixtures/large_file.bin
2025/04/30 15:22:56 Sent ACK for chunk 380
2025/04/30 15:22:56 Received ACK for chunk 381/10240
Received chunk 382/10240: fixtures/large_file.bin
2025/04/30 15:22:56 Sent ACK for chunk 381
2025/04/30 15:22:56 Received ACK for chunk 382/10240
Received chunk 383/10240: fixtures/large_file.bin
2025/04/30 15:22:56 Sent ACK for chunk 382
2025/04/30 15:22:56 Received ACK for chunk 383/10240
Received chunk 384/10240: fixtures/large_file.bin
2025/04/30 15:22:56 Sent ACK for chunk 383
2025/04/30 15:22:56 Received ACK for chunk 384/10240
Received chunk 385/10240: fixtures/large_file.bin
2025/04/30 15:22:56 Sent ACK for chunk 384
2025/04/30 15:22:56 Received ACK for chunk 385/10240
Received chunk 386/10240: fixtures/large_file.bin
2025/04/30 15:22:56 Sent ACK for chunk 385
2025/04/30 15:22:56 Received ACK for chunk 386/10240
Received chunk 387/10240: fixtures/large_file.bin
2025/04/30 15:22:56 Sent ACK for chunk 386
2025/04/30 15:22:56 Received ACK for chunk 387/10240
Received chunk 388/10240: fixtures/large_file.bin
2025/04/30 15:22:56 Sent ACK for chunk 387
2025/04/30 15:22:56 Received ACK for chunk 388/10240
Received chunk 389/10240: fixtures/large_file.bin
2025/04/30 15:22:56 Sent ACK for chunk 388
2025/04/30 15:22:56 Received ACK for chunk 389/10240
Received chunk 390/10240: fixtures/large_file.bin
2025/04/30 15:22:56 Sent ACK for chunk 389
2025/04/30 15:22:56 Received ACK for chunk 390/10240
Received chunk 391/10240: fixtures/large_file.bin
2025/04/30 15:22:56 Sent ACK for chunk 390
2025/04/30 15:22:56 Received ACK for chunk 391/10240
Received chunk 392/10240: fixtures/large_file.bin
2025/04/30 15:22:56 Sent ACK for chunk 391
2025/04/30 15:22:56 Received ACK for chunk 392/10240
Received chunk 393/10240: fixtures/large_file.bin
2025/04/30 15:22:56 Sent ACK for chunk 392
2025/04/30 15:22:56 Received ACK for chunk 393/10240
Received chunk 394/10240: fixtures/large_file.bin
2025/04/30 15:22:56 Sent ACK for chunk 393
2025/04/30 15:22:56 Received ACK for chunk 394/10240
Received chunk 395/10240: fixtures/large_file.bin
2025/04/30 15:22:56 Sent ACK for chunk 394
2025/04/30 15:22:56 Received ACK for chunk 395/10240
Received chunk 396/10240: fixtures/large_file.bin
2025/04/30 15:22:56 Sent ACK for chunk 395
2025/04/30 15:22:56 Received ACK for chunk 396/10240
Received chunk 397/10240: fixtures/large_file.bin
2025/04/30 15:22:56 Sent ACK for chunk 396
2025/04/30 15:22:56 Received ACK for chunk 397/10240
Received chunk 398/10240: fixtures/large_file.bin
2025/04/30 15:22:56 Sent ACK for chunk 397
2025/04/30 15:22:56 Received ACK for chunk 398/10240
Received chunk 399/10240: fixtures/large_file.bin
2025/04/30 15:22:56 Sent ACK for chunk 398
2025/04/30 15:22:56 Received ACK for chunk 399/10240
Received chunk 400/10240: fixtures/large_file.bin
2025/04/30 15:22:56 Sent ACK for chunk 399
2025/04/30 15:22:56 Received ACK for chunk 400/10240
Received chunk 401/10240: fixtures/large_file.bin
2025/04/30 15:22:56 Sent ACK for chunk 400
2025/04/30 15:22:56 Received ACK for chunk 401/10240
Received chunk 402/10240: fixtures/large_file.bin
2025/04/30 15:22:56 Sent ACK for chunk 401
2025/04/30 15:22:56 Received ACK for chunk 402/10240
Received chunk 403/10240: fixtures/large_file.bin
2025/04/30 15:22:56 Sent ACK for chunk 402
2025/04/30 15:22:56 Received ACK for chunk 403/10240
Received chunk 404/10240: fixtures/large_file.bin
2025/04/30 15:22:56 Sent ACK for chunk 403
2025/04/30 15:22:56 Received ACK for chunk 404/10240
Received chunk 405/10240: fixtures/large_file.bin
2025/04/30 15:22:56 Sent ACK for chunk 404
2025/04/30 15:22:56 Received ACK for chunk 405/10240
Received chunk 406/10240: fixtures/large_file.bin
2025/04/30 15:22:56 Sent ACK for chunk 405
2025/04/30 15:22:56 Received ACK for chunk 406/10240
Received chunk 407/10240: fixtures/large_file.bin
2025/04/30 15:22:56 Sent ACK for chunk 406
2025/04/30 15:22:56 Received ACK for chunk 407/10240
Received chunk 408/10240: fixtures/large_file.bin
2025/04/30 15:22:56 Sent ACK for chunk 407
2025/04/30 15:22:56 Received ACK for chunk 408/10240
Received chunk 409/10240: fixtures/large_file.bin
2025/04/30 15:22:56 Sent ACK for chunk 408
2025/04/30 15:22:56 Received ACK for chunk 409/10240
Received chunk 410/10240: fixtures/large_file.bin
2025/04/30 15:22:56 Sent ACK for chunk 409
2025/04/30 15:22:56 Received ACK for chunk 410/10240
Received chunk 411/10240: fixtures/large_file.bin
2025/04/30 15:22:56 Sent ACK for chunk 410
2025/04/30 15:22:56 Received ACK for chunk 411/10240
Received chunk 412/10240: fixtures/large_file.bin
2025/04/30 15:22:56 Sent ACK for chunk 411
2025/04/30 15:22:56 Received ACK for chunk 412/10240
Received chunk 413/10240: fixtures/large_file.bin
2025/04/30 15:22:56 Sent ACK for chunk 412
2025/04/30 15:22:56 Received ACK for chunk 413/10240
Received chunk 414/10240: fixtures/large_file.bin
2025/04/30 15:22:56 Sent ACK for chunk 413
2025/04/30 15:22:56 Received ACK for chunk 414/10240
Received chunk 415/10240: fixtures/large_file.bin
2025/04/30 15:22:56 Sent ACK for chunk 414
2025/04/30 15:22:56 Received ACK for chunk 415/10240
Received chunk 416/10240: fixtures/large_file.bin
2025/04/30 15:22:56 Sent ACK for chunk 415
2025/04/30 15:22:56 Received ACK for chunk 416/10240
Received chunk 417/10240: fixtures/large_file.bin
2025/04/30 15:22:56 Sent ACK for chunk 416
2025/04/30 15:22:56 Received ACK for chunk 417/10240
Received chunk 418/10240: fixtures/large_file.bin
2025/04/30 15:22:56 Sent ACK for chunk 417
2025/04/30 15:22:56 Received ACK for chunk 418/10240
Received chunk 419/10240: fixtures/large_file.bin
2025/04/30 15:22:56 Sent ACK for chunk 418
2025/04/30 15:22:56 Received ACK for chunk 419/10240
Received chunk 420/10240: fixtures/large_file.bin
2025/04/30 15:22:56 Sent ACK for chunk 419
2025/04/30 15:22:56 Received ACK for chunk 420/10240
Received chunk 421/10240: fixtures/large_file.bin
2025/04/30 15:22:56 Sent ACK for chunk 420
2025/04/30 15:22:56 Received ACK for chunk 421/10240
Received chunk 422/10240: fixtures/large_file.bin
2025/04/30 15:22:56 Sent ACK for chunk 421
2025/04/30 15:22:56 Received ACK for chunk 422/10240
Received chunk 423/10240: fixtures/large_file.bin
2025/04/30 15:22:56 Sent ACK for chunk 422
2025/04/30 15:22:56 Received ACK for chunk 423/10240
Received chunk 424/10240: fixtures/large_file.bin
2025/04/30 15:22:56 Sent ACK for chunk 423
2025/04/30 15:22:56 Received ACK for chunk 424/10240
Received chunk 425/10240: fixtures/large_file.bin
2025/04/30 15:22:56 Sent ACK for chunk 424
2025/04/30 15:22:56 Received ACK for chunk 425/10240
Received chunk 426/10240: fixtures/large_file.bin
2025/04/30 15:22:56 Sent ACK for chunk 425
2025/04/30 15:22:56 Received ACK for chunk 426/10240
Received chunk 427/10240: fixtures/large_file.bin
2025/04/30 15:22:56 Sent ACK for chunk 426
2025/04/30 15:22:56 Received ACK for chunk 427/10240
Received chunk 428/10240: fixtures/large_file.bin
2025/04/30 15:22:56 Sent ACK for chunk 427
2025/04/30 15:22:56 Received ACK for chunk 428/10240
Received chunk 429/10240: fixtures/large_file.bin
2025/04/30 15:22:56 Sent ACK for chunk 428
2025/04/30 15:22:56 Received ACK for chunk 429/10240
Received chunk 430/10240: fixtures/large_file.bin
2025/04/30 15:22:56 Sent ACK for chunk 429
2025/04/30 15:22:56 Received ACK for chunk 430/10240
Received chunk 431/10240: fixtures/large_file.bin
2025/04/30 15:22:56 Sent ACK for chunk 430
2025/04/30 15:22:56 Received ACK for chunk 431/10240
Received chunk 432/10240: fixtures/large_file.bin
2025/04/30 15:22:56 Sent ACK for chunk 431
2025/04/30 15:22:56 Received ACK for chunk 432/10240
Received chunk 433/10240: fixtures/large_file.bin
2025/04/30 15:22:56 Sent ACK for chunk 432
2025/04/30 15:22:56 Received ACK for chunk 433/10240
Received chunk 434/10240: fixtures/large_file.bin
2025/04/30 15:22:56 Sent ACK for chunk 433
2025/04/30 15:22:56 Received ACK for chunk 434/10240
Received chunk 435/10240: fixtures/large_file.bin
2025/04/30 15:22:56 Sent ACK for chunk 434
2025/04/30 15:22:56 Received ACK for chunk 435/10240
Received chunk 436/10240: fixtures/large_file.bin
2025/04/30 15:22:56 Sent ACK for chunk 435
2025/04/30 15:22:56 Received ACK for chunk 436/10240
Received chunk 437/10240: fixtures/large_file.bin
2025/04/30 15:22:56 Sent ACK for chunk 436
2025/04/30 15:22:56 Received ACK for chunk 437/10240
Received chunk 438/10240: fixtures/large_file.bin
2025/04/30 15:22:56 Sent ACK for chunk 437
2025/04/30 15:22:56 Received ACK for chunk 438/10240
Received chunk 439/10240: fixtures/large_file.bin
2025/04/30 15:22:56 Sent ACK for chunk 438
2025/04/30 15:22:56 Received ACK for chunk 439/10240
Received chunk 440/10240: fixtures/large_file.bin
2025/04/30 15:22:56 Sent ACK for chunk 439
2025/04/30 15:22:56 Received ACK for chunk 440/10240
Received chunk 441/10240: fixtures/large_file.bin
2025/04/30 15:22:56 Sent ACK for chunk 440
2025/04/30 15:22:56 Received ACK for chunk 441/10240
Received chunk 442/10240: fixtures/large_file.bin
2025/04/30 15:22:56 Sent ACK for chunk 441
2025/04/30 15:22:56 Received ACK for chunk 442/10240
Received chunk 443/10240: fixtures/large_file.bin
2025/04/30 15:22:56 Sent ACK for chunk 442
2025/04/30 15:22:56 Received ACK for chunk 443/10240
Received chunk 444/10240: fixtures/large_file.bin
2025/04/30 15:22:56 Sent ACK for chunk 443
2025/04/30 15:22:56 Received ACK for chunk 444/10240
Received chunk 445/10240: fixtures/large_file.bin
2025/04/30 15:22:56 Sent ACK for chunk 444
2025/04/30 15:22:56 Received ACK for chunk 445/10240
Received chunk 446/10240: fixtures/large_file.bin
2025/04/30 15:22:56 Sent ACK for chunk 445
2025/04/30 15:22:56 Received ACK for chunk 446/10240
Received chunk 447/10240: fixtures/large_file.bin
2025/04/30 15:22:56 Sent ACK for chunk 446
2025/04/30 15:22:56 Received ACK for chunk 447/10240
Received chunk 448/10240: fixtures/large_file.bin
2025/04/30 15:22:56 Sent ACK for chunk 447
2025/04/30 15:22:56 Received ACK for chunk 448/10240
Received chunk 449/10240: fixtures/large_file.bin
2025/04/30 15:22:56 Sent ACK for chunk 448
2025/04/30 15:22:56 Received ACK for chunk 449/10240
Received chunk 450/10240: fixtures/large_file.bin
2025/04/30 15:22:56 Sent ACK for chunk 449
2025/04/30 15:22:56 Received ACK for chunk 450/10240
Received chunk 451/10240: fixtures/large_file.bin
2025/04/30 15:22:56 Sent ACK for chunk 450
2025/04/30 15:22:56 Received ACK for chunk 451/10240
Received chunk 452/10240: fixtures/large_file.bin
2025/04/30 15:22:56 Sent ACK for chunk 451
2025/04/30 15:22:56 Received ACK for chunk 452/10240
Received chunk 453/10240: fixtures/large_file.bin
2025/04/30 15:22:56 Sent ACK for chunk 452
2025/04/30 15:22:56 Received ACK for chunk 453/10240
Received chunk 454/10240: fixtures/large_file.bin
2025/04/30 15:22:56 Sent ACK for chunk 453
2025/04/30 15:22:56 Received ACK for chunk 454/10240
Received chunk 455/10240: fixtures/large_file.bin
2025/04/30 15:22:56 Sent ACK for chunk 454
2025/04/30 15:22:56 Received ACK for chunk 455/10240
Received chunk 456/10240: fixtures/large_file.bin
2025/04/30 15:22:56 Sent ACK for chunk 455
2025/04/30 15:22:56 Received ACK for chunk 456/10240
Received chunk 457/10240: fixtures/large_file.bin
2025/04/30 15:22:56 Sent ACK for chunk 456
2025/04/30 15:22:56 Received ACK for chunk 457/10240
Received chunk 458/10240: fixtures/large_file.bin
2025/04/30 15:22:56 Sent ACK for chunk 457
2025/04/30 15:22:56 Received ACK for chunk 458/10240
Received chunk 459/10240: fixtures/large_file.bin
2025/04/30 15:22:56 Sent ACK for chunk 458
2025/04/30 15:22:56 Received ACK for chunk 459/10240
Received chunk 460/10240: fixtures/large_file.bin
2025/04/30 15:22:56 Sent ACK for chunk 459
2025/04/30 15:22:56 Received ACK for chunk 460/10240
Received chunk 461/10240: fixtures/large_file.bin
2025/04/30 15:22:56 Sent ACK for chunk 460
2025/04/30 15:22:56 Received ACK for chunk 461/10240
Received chunk 462/10240: fixtures/large_file.bin
2025/04/30 15:22:56 Sent ACK for chunk 461
2025/04/30 15:22:56 Received ACK for chunk 462/10240
Received chunk 463/10240: fixtures/large_file.bin
2025/04/30 15:22:56 Sent ACK for chunk 462
2025/04/30 15:22:56 Received ACK for chunk 463/10240
Received chunk 464/10240: fixtures/large_file.bin
2025/04/30 15:22:56 Sent ACK for chunk 463
2025/04/30 15:22:56 Received ACK for chunk 464/10240
Received chunk 465/10240: fixtures/large_file.bin
2025/04/30 15:22:56 Sent ACK for chunk 464
2025/04/30 15:22:56 Received ACK for chunk 465/10240
Received chunk 466/10240: fixtures/large_file.bin
2025/04/30 15:22:56 Sent ACK for chunk 465
2025/04/30 15:22:56 Received ACK for chunk 466/10240
Received chunk 467/10240: fixtures/large_file.bin
2025/04/30 15:22:56 Sent ACK for chunk 466
2025/04/30 15:22:56 Received ACK for chunk 467/10240
Received chunk 468/10240: fixtures/large_file.bin
2025/04/30 15:22:56 Sent ACK for chunk 467
2025/04/30 15:22:56 Received ACK for chunk 468/10240
Received chunk 469/10240: fixtures/large_file.bin
2025/04/30 15:22:56 Sent ACK for chunk 468
2025/04/30 15:22:56 Received ACK for chunk 469/10240
Received chunk 470/10240: fixtures/large_file.bin
2025/04/30 15:22:56 Sent ACK for chunk 469
2025/04/30 15:22:56 Received ACK for chunk 470/10240
Received chunk 471/10240: fixtures/large_file.bin
2025/04/30 15:22:56 Sent ACK for chunk 470
2025/04/30 15:22:56 Received ACK for chunk 471/10240
Received chunk 472/10240: fixtures/large_file.bin
2025/04/30 15:22:56 Sent ACK for chunk 471
2025/04/30 15:22:56 Received ACK for chunk 472/10240
Received chunk 473/10240: fixtures/large_file.bin
2025/04/30 15:22:56 Sent ACK for chunk 472
2025/04/30 15:22:56 Received ACK for chunk 473/10240
Received chunk 474/10240: fixtures/large_file.bin
2025/04/30 15:22:56 Sent ACK for chunk 473
2025/04/30 15:22:56 Received ACK for chunk 474/10240
Received chunk 475/10240: fixtures/large_file.bin
2025/04/30 15:22:56 Sent ACK for chunk 474
2025/04/30 15:22:56 Received ACK for chunk 475/10240
Received chunk 476/10240: fixtures/large_file.bin
2025/04/30 15:22:56 Sent ACK for chunk 475
2025/04/30 15:22:56 Received ACK for chunk 476/10240
Received chunk 477/10240: fixtures/large_file.bin
2025/04/30 15:22:56 Sent ACK for chunk 476
2025/04/30 15:22:56 Received ACK for chunk 477/10240
Received chunk 478/10240: fixtures/large_file.bin
2025/04/30 15:22:56 Sent ACK for chunk 477
2025/04/30 15:22:56 Received ACK for chunk 478/10240
Received chunk 479/10240: fixtures/large_file.bin
2025/04/30 15:22:56 Sent ACK for chunk 478
2025/04/30 15:22:56 Received ACK for chunk 479/10240
Received chunk 480/10240: fixtures/large_file.bin
2025/04/30 15:22:56 Sent ACK for chunk 479
2025/04/30 15:22:56 Received ACK for chunk 480/10240
Received chunk 481/10240: fixtures/large_file.bin
2025/04/30 15:22:56 Sent ACK for chunk 480
2025/04/30 15:22:56 Received ACK for chunk 481/10240
Received chunk 482/10240: fixtures/large_file.bin
2025/04/30 15:22:56 Sent ACK for chunk 481
2025/04/30 15:22:56 Received ACK for chunk 482/10240
Received chunk 483/10240: fixtures/large_file.bin
2025/04/30 15:22:56 Sent ACK for chunk 482
2025/04/30 15:22:56 Received ACK for chunk 483/10240
Received chunk 484/10240: fixtures/large_file.bin
2025/04/30 15:22:56 Sent ACK for chunk 483
2025/04/30 15:22:56 Received ACK for chunk 484/10240
Received chunk 485/10240: fixtures/large_file.bin
2025/04/30 15:22:56 Sent ACK for chunk 484
2025/04/30 15:22:56 Received ACK for chunk 485/10240
Received chunk 486/10240: fixtures/large_file.bin
2025/04/30 15:22:56 Sent ACK for chunk 485
2025/04/30 15:22:56 Received ACK for chunk 486/10240
Received chunk 487/10240: fixtures/large_file.bin
2025/04/30 15:22:56 Sent ACK for chunk 486
2025/04/30 15:22:56 Received ACK for chunk 487/10240
Received chunk 488/10240: fixtures/large_file.bin
2025/04/30 15:22:56 Sent ACK for chunk 487
2025/04/30 15:22:56 Received ACK for chunk 488/10240
Received chunk 489/10240: fixtures/large_file.bin
2025/04/30 15:22:56 Sent ACK for chunk 488
2025/04/30 15:22:56 Received ACK for chunk 489/10240
Received chunk 490/10240: fixtures/large_file.bin
2025/04/30 15:22:56 Sent ACK for chunk 489
2025/04/30 15:22:56 Received ACK for chunk 490/10240
Received chunk 491/10240: fixtures/large_file.bin
2025/04/30 15:22:56 Sent ACK for chunk 490
2025/04/30 15:22:56 Received ACK for chunk 491/10240
Received chunk 492/10240: fixtures/large_file.bin
2025/04/30 15:22:56 Sent ACK for chunk 491
2025/04/30 15:22:56 Received ACK for chunk 492/10240
Received chunk 493/10240: fixtures/large_file.bin
2025/04/30 15:22:56 Sent ACK for chunk 492
2025/04/30 15:22:56 Received ACK for chunk 493/10240
Received chunk 494/10240: fixtures/large_file.bin
2025/04/30 15:22:56 Sent ACK for chunk 493
2025/04/30 15:22:56 Received ACK for chunk 494/10240
Received chunk 495/10240: fixtures/large_file.bin
2025/04/30 15:22:56 Sent ACK for chunk 494
2025/04/30 15:22:56 Received ACK for chunk 495/10240
Received chunk 496/10240: fixtures/large_file.bin
2025/04/30 15:22:56 Sent ACK for chunk 495
2025/04/30 15:22:56 Received ACK for chunk 496/10240
Received chunk 497/10240: fixtures/large_file.bin
2025/04/30 15:22:56 Sent ACK for chunk 496
2025/04/30 15:22:56 Received ACK for chunk 497/10240
Received chunk 498/10240: fixtures/large_file.bin
2025/04/30 15:22:56 Sent ACK for chunk 497
2025/04/30 15:22:56 Received ACK for chunk 498/10240
Received chunk 499/10240: fixtures/large_file.bin
2025/04/30 15:22:56 Sent ACK for chunk 498
2025/04/30 15:22:56 Received ACK for chunk 499/10240
Received chunk 500/10240: fixtures/large_file.bin
2025/04/30 15:22:56 Sent ACK for chunk 499
2025/04/30 15:22:56 Received ACK for chunk 500/10240
Received chunk 501/10240: fixtures/large_file.bin
2025/04/30 15:22:56 Sent ACK for chunk 500
2025/04/30 15:22:56 Received ACK for chunk 501/10240
Received chunk 502/10240: fixtures/large_file.bin
2025/04/30 15:22:56 Sent ACK for chunk 501
2025/04/30 15:22:56 Received ACK for chunk 502/10240
Received chunk 503/10240: fixtures/large_file.bin
2025/04/30 15:22:56 Sent ACK for chunk 502
2025/04/30 15:22:56 Received ACK for chunk 503/10240
Received chunk 504/10240: fixtures/large_file.bin
2025/04/30 15:22:56 Sent ACK for chunk 503
2025/04/30 15:22:56 Received ACK for chunk 504/10240
Received chunk 505/10240: fixtures/large_file.bin
2025/04/30 15:22:56 Sent ACK for chunk 504
2025/04/30 15:22:56 Received ACK for chunk 505/10240
Received chunk 506/10240: fixtures/large_file.bin
2025/04/30 15:22:56 Sent ACK for chunk 505
2025/04/30 15:22:56 Received ACK for chunk 506/10240
Received chunk 507/10240: fixtures/large_file.bin
2025/04/30 15:22:56 Sent ACK for chunk 506
2025/04/30 15:22:56 Received ACK for chunk 507/10240
Received chunk 508/10240: fixtures/large_file.bin
2025/04/30 15:22:56 Sent ACK for chunk 507
2025/04/30 15:22:56 Received ACK for chunk 508/10240
Received chunk 509/10240: fixtures/large_file.bin
2025/04/30 15:22:56 Sent ACK for chunk 508
2025/04/30 15:22:56 Received ACK for chunk 509/10240
Received chunk 510/10240: fixtures/large_file.bin
2025/04/30 15:22:56 Sent ACK for chunk 509
2025/04/30 15:22:56 Received ACK for chunk 510/10240
Received chunk 511/10240: fixtures/large_file.bin
2025/04/30 15:22:56 Sent ACK for chunk 510
2025/04/30 15:22:56 Received ACK for chunk 511/10240
Received chunk 512/10240: fixtures/large_file.bin
2025/04/30 15:22:56 Sent ACK for chunk 511
2025/04/30 15:22:56 Received ACK for chunk 512/10240
Received chunk 513/10240: fixtures/large_file.bin
2025/04/30 15:22:56 Sent ACK for chunk 512
2025/04/30 15:22:56 Received ACK for chunk 513/10240
Received chunk 514/10240: fixtures/large_file.bin
2025/04/30 15:22:56 Sent ACK for chunk 513
2025/04/30 15:22:56 Received ACK for chunk 514/10240
Received chunk 515/10240: fixtures/large_file.bin
2025/04/30 15:22:56 Sent ACK for chunk 514
2025/04/30 15:22:56 Received ACK for chunk 515/10240
Received chunk 516/10240: fixtures/large_file.bin
2025/04/30 15:22:56 Sent ACK for chunk 515
2025/04/30 15:22:56 Received ACK for chunk 516/10240
Received chunk 517/10240: fixtures/large_file.bin
2025/04/30 15:22:56 Sent ACK for chunk 516
2025/04/30 15:22:56 Received ACK for chunk 517/10240
Received chunk 518/10240: fixtures/large_file.bin
2025/04/30 15:22:56 Sent ACK for chunk 517
2025/04/30 15:22:56 Received ACK for chunk 518/10240
Received chunk 519/10240: fixtures/large_file.bin
2025/04/30 15:22:56 Sent ACK for chunk 518
2025/04/30 15:22:56 Received ACK for chunk 519/10240
Received chunk 520/10240: fixtures/large_file.bin
2025/04/30 15:22:56 Sent ACK for chunk 519
2025/04/30 15:22:56 Received ACK for chunk 520/10240
Received chunk 521/10240: fixtures/large_file.bin
2025/04/30 15:22:56 Sent ACK for chunk 520
2025/04/30 15:22:56 Received ACK for chunk 521/10240
Received chunk 522/10240: fixtures/large_file.bin
2025/04/30 15:22:56 Sent ACK for chunk 521
2025/04/30 15:22:56 Received ACK for chunk 522/10240
Received chunk 523/10240: fixtures/large_file.bin
2025/04/30 15:22:56 Sent ACK for chunk 522
2025/04/30 15:22:56 Received ACK for chunk 523/10240
Received chunk 524/10240: fixtures/large_file.bin
2025/04/30 15:22:56 Sent ACK for chunk 523
2025/04/30 15:22:56 Received ACK for chunk 524/10240
Received chunk 525/10240: fixtures/large_file.bin
2025/04/30 15:22:56 Sent ACK for chunk 524
2025/04/30 15:22:56 Received ACK for chunk 525/10240
Received chunk 526/10240: fixtures/large_file.bin
2025/04/30 15:22:56 Sent ACK for chunk 525
2025/04/30 15:22:56 Received ACK for chunk 526/10240
Received chunk 527/10240: fixtures/large_file.bin
2025/04/30 15:22:56 Sent ACK for chunk 526
2025/04/30 15:22:56 Received ACK for chunk 527/10240
Received chunk 528/10240: fixtures/large_file.bin
2025/04/30 15:22:56 Sent ACK for chunk 527
2025/04/30 15:22:56 Received ACK for chunk 528/10240
Received chunk 529/10240: fixtures/large_file.bin
2025/04/30 15:22:56 Sent ACK for chunk 528
2025/04/30 15:22:56 Received ACK for chunk 529/10240
Received chunk 530/10240: fixtures/large_file.bin
2025/04/30 15:22:56 Sent ACK for chunk 529
2025/04/30 15:22:56 Received ACK for chunk 530/10240
Received chunk 531/10240: fixtures/large_file.bin
2025/04/30 15:22:56 Sent ACK for chunk 530
2025/04/30 15:22:56 Received ACK for chunk 531/10240
Received chunk 532/10240: fixtures/large_file.bin
2025/04/30 15:22:56 Sent ACK for chunk 531
2025/04/30 15:22:56 Received ACK for chunk 532/10240
Received chunk 533/10240: fixtures/large_file.bin
2025/04/30 15:22:56 Sent ACK for chunk 532
2025/04/30 15:22:56 Received ACK for chunk 533/10240
Received chunk 534/10240: fixtures/large_file.bin
2025/04/30 15:22:56 Sent ACK for chunk 533
2025/04/30 15:22:56 Received ACK for chunk 534/10240
Received chunk 535/10240: fixtures/large_file.bin
2025/04/30 15:22:56 Sent ACK for chunk 534
2025/04/30 15:22:56 Received ACK for chunk 535/10240
Received chunk 536/10240: fixtures/large_file.bin
2025/04/30 15:22:56 Sent ACK for chunk 535
2025/04/30 15:22:56 Received ACK for chunk 536/10240
Received chunk 537/10240: fixtures/large_file.bin
2025/04/30 15:22:56 Sent ACK for chunk 536
2025/04/30 15:22:56 Received ACK for chunk 537/10240
Received chunk 538/10240: fixtures/large_file.bin
2025/04/30 15:22:56 Sent ACK for chunk 537
2025/04/30 15:22:56 Received ACK for chunk 538/10240
Received chunk 539/10240: fixtures/large_file.bin
2025/04/30 15:22:56 Sent ACK for chunk 538
2025/04/30 15:22:56 Received ACK for chunk 539/10240
Received chunk 540/10240: fixtures/large_file.bin
2025/04/30 15:22:56 Sent ACK for chunk 539
2025/04/30 15:22:56 Received ACK for chunk 540/10240
Received chunk 541/10240: fixtures/large_file.bin
2025/04/30 15:22:56 Sent ACK for chunk 540
2025/04/30 15:22:56 Received ACK for chunk 541/10240
Received chunk 542/10240: fixtures/large_file.bin
2025/04/30 15:22:56 Sent ACK for chunk 541
2025/04/30 15:22:56 Received ACK for chunk 542/10240
Received chunk 543/10240: fixtures/large_file.bin
2025/04/30 15:22:56 Sent ACK for chunk 542
2025/04/30 15:22:56 Received ACK for chunk 543/10240
Received chunk 544/10240: fixtures/large_file.bin
2025/04/30 15:22:56 Sent ACK for chunk 543
2025/04/30 15:22:56 Received ACK for chunk 544/10240
Received chunk 545/10240: fixtures/large_file.bin
2025/04/30 15:22:56 Sent ACK for chunk 544
2025/04/30 15:22:56 Received ACK for chunk 545/10240
Received chunk 546/10240: fixtures/large_file.bin
2025/04/30 15:22:56 Sent ACK for chunk 545
2025/04/30 15:22:56 Received ACK for chunk 546/10240
Received chunk 547/10240: fixtures/large_file.bin
2025/04/30 15:22:56 Sent ACK for chunk 546
2025/04/30 15:22:56 Received ACK for chunk 547/10240
Received chunk 548/10240: fixtures/large_file.bin
2025/04/30 15:22:56 Sent ACK for chunk 547
2025/04/30 15:22:56 Received ACK for chunk 548/10240
Received chunk 549/10240: fixtures/large_file.bin
2025/04/30 15:22:56 Sent ACK for chunk 548
2025/04/30 15:22:56 Received ACK for chunk 549/10240
Received chunk 550/10240: fixtures/large_file.bin
2025/04/30 15:22:56 Sent ACK for chunk 549
2025/04/30 15:22:56 Received ACK for chunk 550/10240
Received chunk 551/10240: fixtures/large_file.bin
2025/04/30 15:22:56 Sent ACK for chunk 550
2025/04/30 15:22:56 Received ACK for chunk 551/10240
Received chunk 552/10240: fixtures/large_file.bin
2025/04/30 15:22:56 Sent ACK for chunk 551
2025/04/30 15:22:56 Received ACK for chunk 552/10240
Received chunk 553/10240: fixtures/large_file.bin
2025/04/30 15:22:56 Sent ACK for chunk 552
2025/04/30 15:22:56 Received ACK for chunk 553/10240
Received chunk 554/10240: fixtures/large_file.bin
2025/04/30 15:22:56 Sent ACK for chunk 553
2025/04/30 15:22:56 Received ACK for chunk 554/10240
Received chunk 555/10240: fixtures/large_file.bin
2025/04/30 15:22:56 Sent ACK for chunk 554
2025/04/30 15:22:56 Received ACK for chunk 555/10240
Received chunk 556/10240: fixtures/large_file.bin
2025/04/30 15:22:56 Sent ACK for chunk 555
2025/04/30 15:22:56 Received ACK for chunk 556/10240
Received chunk 557/10240: fixtures/large_file.bin
2025/04/30 15:22:56 Sent ACK for chunk 556
2025/04/30 15:22:56 Received ACK for chunk 557/10240
Received chunk 558/10240: fixtures/large_file.bin
2025/04/30 15:22:56 Sent ACK for chunk 557
2025/04/30 15:22:56 Received ACK for chunk 558/10240
Received chunk 559/10240: fixtures/large_file.bin
2025/04/30 15:22:56 Sent ACK for chunk 558
2025/04/30 15:22:56 Received ACK for chunk 559/10240
Received chunk 560/10240: fixtures/large_file.bin
2025/04/30 15:22:56 Sent ACK for chunk 559
2025/04/30 15:22:56 Received ACK for chunk 560/10240
Received chunk 561/10240: fixtures/large_file.bin
2025/04/30 15:22:56 Sent ACK for chunk 560
2025/04/30 15:22:56 Received ACK for chunk 561/10240
Received chunk 562/10240: fixtures/large_file.bin
2025/04/30 15:22:56 Sent ACK for chunk 561
2025/04/30 15:22:56 Received ACK for chunk 562/10240
Received chunk 563/10240: fixtures/large_file.bin
2025/04/30 15:22:56 Sent ACK for chunk 562
2025/04/30 15:22:56 Received ACK for chunk 563/10240
Received chunk 564/10240: fixtures/large_file.bin
2025/04/30 15:22:56 Sent ACK for chunk 563
2025/04/30 15:22:56 Received ACK for chunk 564/10240
Received chunk 565/10240: fixtures/large_file.bin
2025/04/30 15:22:56 Sent ACK for chunk 564
2025/04/30 15:22:56 Received ACK for chunk 565/10240
Received chunk 566/10240: fixtures/large_file.bin
2025/04/30 15:22:56 Sent ACK for chunk 565
2025/04/30 15:22:56 Received ACK for chunk 566/10240
Received chunk 567/10240: fixtures/large_file.bin
2025/04/30 15:22:56 Sent ACK for chunk 566
2025/04/30 15:22:56 Received ACK for chunk 567/10240
Received chunk 568/10240: fixtures/large_file.bin
2025/04/30 15:22:56 Sent ACK for chunk 567
2025/04/30 15:22:56 Received ACK for chunk 568/10240
Received chunk 569/10240: fixtures/large_file.bin
2025/04/30 15:22:56 Sent ACK for chunk 568
2025/04/30 15:22:56 Received ACK for chunk 569/10240
Received chunk 570/10240: fixtures/large_file.bin
2025/04/30 15:22:56 Sent ACK for chunk 569
2025/04/30 15:22:56 Received ACK for chunk 570/10240
Received chunk 571/10240: fixtures/large_file.bin
2025/04/30 15:22:56 Sent ACK for chunk 570
2025/04/30 15:22:56 Received ACK for chunk 571/10240
Received chunk 572/10240: fixtures/large_file.bin
2025/04/30 15:22:56 Sent ACK for chunk 571
2025/04/30 15:22:56 Received ACK for chunk 572/10240
Received chunk 573/10240: fixtures/large_file.bin
2025/04/30 15:22:56 Sent ACK for chunk 572
2025/04/30 15:22:56 Received ACK for chunk 573/10240
Received chunk 574/10240: fixtures/large_file.bin
2025/04/30 15:22:56 Sent ACK for chunk 573
2025/04/30 15:22:56 Received ACK for chunk 574/10240
Received chunk 575/10240: fixtures/large_file.bin
2025/04/30 15:22:56 Sent ACK for chunk 574
2025/04/30 15:22:56 Received ACK for chunk 575/10240
Received chunk 576/10240: fixtures/large_file.bin
2025/04/30 15:22:56 Sent ACK for chunk 575
2025/04/30 15:22:56 Received ACK for chunk 576/10240
Received chunk 577/10240: fixtures/large_file.bin
2025/04/30 15:22:56 Sent ACK for chunk 576
2025/04/30 15:22:56 Received ACK for chunk 577/10240
Received chunk 578/10240: fixtures/large_file.bin
2025/04/30 15:22:56 Sent ACK for chunk 577
2025/04/30 15:22:56 Received ACK for chunk 578/10240
Received chunk 579/10240: fixtures/large_file.bin
2025/04/30 15:22:56 Sent ACK for chunk 578
2025/04/30 15:22:56 Received ACK for chunk 579/10240
Received chunk 580/10240: fixtures/large_file.bin
2025/04/30 15:22:56 Sent ACK for chunk 579
2025/04/30 15:22:56 Received ACK for chunk 580/10240
Received chunk 581/10240: fixtures/large_file.bin
2025/04/30 15:22:56 Sent ACK for chunk 580
2025/04/30 15:22:56 Received ACK for chunk 581/10240
Received chunk 582/10240: fixtures/large_file.bin
2025/04/30 15:22:56 Sent ACK for chunk 581
2025/04/30 15:22:56 Received ACK for chunk 582/10240
Received chunk 583/10240: fixtures/large_file.bin
2025/04/30 15:22:56 Sent ACK for chunk 582
2025/04/30 15:22:56 Received ACK for chunk 583/10240
Received chunk 584/10240: fixtures/large_file.bin
2025/04/30 15:22:56 Sent ACK for chunk 583
2025/04/30 15:22:56 Received ACK for chunk 584/10240
Received chunk 585/10240: fixtures/large_file.bin
2025/04/30 15:22:56 Sent ACK for chunk 584
2025/04/30 15:22:56 Received ACK for chunk 585/10240
Received chunk 586/10240: fixtures/large_file.bin
2025/04/30 15:22:56 Sent ACK for chunk 585
2025/04/30 15:22:56 Received ACK for chunk 586/10240
Received chunk 587/10240: fixtures/large_file.bin
2025/04/30 15:22:56 Sent ACK for chunk 586
2025/04/30 15:22:56 Received ACK for chunk 587/10240
Received chunk 588/10240: fixtures/large_file.bin
2025/04/30 15:22:56 Sent ACK for chunk 587
2025/04/30 15:22:56 Received ACK for chunk 588/10240
Received chunk 589/10240: fixtures/large_file.bin
2025/04/30 15:22:56 Sent ACK for chunk 588
2025/04/30 15:22:56 Received ACK for chunk 589/10240
Received chunk 590/10240: fixtures/large_file.bin
2025/04/30 15:22:56 Sent ACK for chunk 589
2025/04/30 15:22:56 Received ACK for chunk 590/10240
Received chunk 591/10240: fixtures/large_file.bin
2025/04/30 15:22:56 Sent ACK for chunk 590
2025/04/30 15:22:56 Received ACK for chunk 591/10240
Received chunk 592/10240: fixtures/large_file.bin
2025/04/30 15:22:56 Sent ACK for chunk 591
2025/04/30 15:22:56 Received ACK for chunk 592/10240
Received chunk 593/10240: fixtures/large_file.bin
2025/04/30 15:22:56 Sent ACK for chunk 592
2025/04/30 15:22:56 Received ACK for chunk 593/10240
Received chunk 594/10240: fixtures/large_file.bin
2025/04/30 15:22:56 Sent ACK for chunk 593
2025/04/30 15:22:56 Received ACK for chunk 594/10240
Received chunk 595/10240: fixtures/large_file.bin
2025/04/30 15:22:56 Sent ACK for chunk 594
2025/04/30 15:22:56 Received ACK for chunk 595/10240
Received chunk 596/10240: fixtures/large_file.bin
2025/04/30 15:22:56 Sent ACK for chunk 595
2025/04/30 15:22:56 Received ACK for chunk 596/10240
Received chunk 597/10240: fixtures/large_file.bin
2025/04/30 15:22:56 Sent ACK for chunk 596
2025/04/30 15:22:56 Received ACK for chunk 597/10240
Received chunk 598/10240: fixtures/large_file.bin
2025/04/30 15:22:56 Sent ACK for chunk 597
2025/04/30 15:22:56 Received ACK for chunk 598/10240
Received chunk 599/10240: fixtures/large_file.bin
2025/04/30 15:22:56 Sent ACK for chunk 598
2025/04/30 15:22:56 Received ACK for chunk 599/10240
Received chunk 600/10240: fixtures/large_file.bin
2025/04/30 15:22:56 Sent ACK for chunk 599
2025/04/30 15:22:56 Received ACK for chunk 600/10240
Received chunk 601/10240: fixtures/large_file.bin
2025/04/30 15:22:56 Sent ACK for chunk 600
2025/04/30 15:22:56 Received ACK for chunk 601/10240
Received chunk 602/10240: fixtures/large_file.bin
2025/04/30 15:22:56 Sent ACK for chunk 601
2025/04/30 15:22:56 Received ACK for chunk 602/10240
Received chunk 603/10240: fixtures/large_file.bin
2025/04/30 15:22:56 Sent ACK for chunk 602
2025/04/30 15:22:56 Received ACK for chunk 603/10240
Received chunk 604/10240: fixtures/large_file.bin
2025/04/30 15:22:56 Sent ACK for chunk 603
2025/04/30 15:22:56 Received ACK for chunk 604/10240
Received chunk 605/10240: fixtures/large_file.bin
2025/04/30 15:22:56 Sent ACK for chunk 604
2025/04/30 15:22:56 Received ACK for chunk 605/10240
Received chunk 606/10240: fixtures/large_file.bin
2025/04/30 15:22:56 Sent ACK for chunk 605
2025/04/30 15:22:56 Received ACK for chunk 606/10240
Received chunk 607/10240: fixtures/large_file.bin
2025/04/30 15:22:56 Sent ACK for chunk 606
2025/04/30 15:22:56 Received ACK for chunk 607/10240
Received chunk 608/10240: fixtures/large_file.bin
2025/04/30 15:22:56 Sent ACK for chunk 607
2025/04/30 15:22:56 Received ACK for chunk 608/10240
Received chunk 609/10240: fixtures/large_file.bin
2025/04/30 15:22:56 Sent ACK for chunk 608
2025/04/30 15:22:56 Received ACK for chunk 609/10240
Received chunk 610/10240: fixtures/large_file.bin
2025/04/30 15:22:56 Sent ACK for chunk 609
2025/04/30 15:22:56 Received ACK for chunk 610/10240
Received chunk 611/10240: fixtures/large_file.bin
2025/04/30 15:22:56 Sent ACK for chunk 610
2025/04/30 15:22:56 Received ACK for chunk 611/10240
Received chunk 612/10240: fixtures/large_file.bin
2025/04/30 15:22:56 Sent ACK for chunk 611
2025/04/30 15:22:56 Received ACK for chunk 612/10240
Received chunk 613/10240: fixtures/large_file.bin
2025/04/30 15:22:56 Sent ACK for chunk 612
2025/04/30 15:22:56 Received ACK for chunk 613/10240
Received chunk 614/10240: fixtures/large_file.bin
2025/04/30 15:22:56 Sent ACK for chunk 613
2025/04/30 15:22:56 Received ACK for chunk 614/10240
Received chunk 615/10240: fixtures/large_file.bin
2025/04/30 15:22:56 Sent ACK for chunk 614
2025/04/30 15:22:56 Received ACK for chunk 615/10240
Received chunk 616/10240: fixtures/large_file.bin
2025/04/30 15:22:56 Sent ACK for chunk 615
2025/04/30 15:22:56 Received ACK for chunk 616/10240
Received chunk 617/10240: fixtures/large_file.bin
2025/04/30 15:22:56 Sent ACK for chunk 616
2025/04/30 15:22:56 Received ACK for chunk 617/10240
Received chunk 618/10240: fixtures/large_file.bin
2025/04/30 15:22:56 Sent ACK for chunk 617
2025/04/30 15:22:56 Received ACK for chunk 618/10240
Received chunk 619/10240: fixtures/large_file.bin
2025/04/30 15:22:56 Sent ACK for chunk 618
2025/04/30 15:22:56 Received ACK for chunk 619/10240
Received chunk 620/10240: fixtures/large_file.bin
2025/04/30 15:22:56 Sent ACK for chunk 619
2025/04/30 15:22:56 Received ACK for chunk 620/10240
Received chunk 621/10240: fixtures/large_file.bin
2025/04/30 15:22:56 Sent ACK for chunk 620
2025/04/30 15:22:56 Received ACK for chunk 621/10240
Received chunk 622/10240: fixtures/large_file.bin
2025/04/30 15:22:56 Sent ACK for chunk 621
2025/04/30 15:22:56 Received ACK for chunk 622/10240
Received chunk 623/10240: fixtures/large_file.bin
2025/04/30 15:22:56 Sent ACK for chunk 622
2025/04/30 15:22:56 Received ACK for chunk 623/10240
Received chunk 624/10240: fixtures/large_file.bin
2025/04/30 15:22:56 Sent ACK for chunk 623
2025/04/30 15:22:56 Received ACK for chunk 624/10240
Received chunk 625/10240: fixtures/large_file.bin
2025/04/30 15:22:56 Sent ACK for chunk 624
2025/04/30 15:22:56 Received ACK for chunk 625/10240
Received chunk 626/10240: fixtures/large_file.bin
2025/04/30 15:22:56 Sent ACK for chunk 625
2025/04/30 15:22:56 Received ACK for chunk 626/10240
Received chunk 627/10240: fixtures/large_file.bin
2025/04/30 15:22:56 Sent ACK for chunk 626
2025/04/30 15:22:56 Received ACK for chunk 627/10240
Received chunk 628/10240: fixtures/large_file.bin
2025/04/30 15:22:56 Sent ACK for chunk 627
2025/04/30 15:22:56 Received ACK for chunk 628/10240
Received chunk 629/10240: fixtures/large_file.bin
2025/04/30 15:22:56 Sent ACK for chunk 628
2025/04/30 15:22:56 Received ACK for chunk 629/10240
Received chunk 630/10240: fixtures/large_file.bin
2025/04/30 15:22:56 Sent ACK for chunk 629
2025/04/30 15:22:56 Received ACK for chunk 630/10240
Received chunk 631/10240: fixtures/large_file.bin
2025/04/30 15:22:56 Sent ACK for chunk 630
2025/04/30 15:22:56 Received ACK for chunk 631/10240
Received chunk 632/10240: fixtures/large_file.bin
2025/04/30 15:22:56 Sent ACK for chunk 631
2025/04/30 15:22:56 Received ACK for chunk 632/10240
Received chunk 633/10240: fixtures/large_file.bin
2025/04/30 15:22:56 Sent ACK for chunk 632
2025/04/30 15:22:56 Received ACK for chunk 633/10240
Received chunk 634/10240: fixtures/large_file.bin
2025/04/30 15:22:56 Sent ACK for chunk 633
2025/04/30 15:22:56 Received ACK for chunk 634/10240
Received chunk 635/10240: fixtures/large_file.bin
2025/04/30 15:22:56 Sent ACK for chunk 634
2025/04/30 15:22:56 Received ACK for chunk 635/10240
Received chunk 636/10240: fixtures/large_file.bin
2025/04/30 15:22:56 Sent ACK for chunk 635
2025/04/30 15:22:56 Received ACK for chunk 636/10240
Received chunk 637/10240: fixtures/large_file.bin
2025/04/30 15:22:56 Sent ACK for chunk 636
2025/04/30 15:22:56 Received ACK for chunk 637/10240
Received chunk 638/10240: fixtures/large_file.bin
2025/04/30 15:22:56 Sent ACK for chunk 637
2025/04/30 15:22:56 Received ACK for chunk 638/10240
Received chunk 639/10240: fixtures/large_file.bin
2025/04/30 15:22:56 Sent ACK for chunk 638
2025/04/30 15:22:56 Received ACK for chunk 639/10240
Received chunk 640/10240: fixtures/large_file.bin
2025/04/30 15:22:56 Sent ACK for chunk 639
2025/04/30 15:22:56 Received ACK for chunk 640/10240
Received chunk 641/10240: fixtures/large_file.bin
2025/04/30 15:22:56 Sent ACK for chunk 640
2025/04/30 15:22:56 Received ACK for chunk 641/10240
Received chunk 642/10240: fixtures/large_file.bin
2025/04/30 15:22:56 Sent ACK for chunk 641
2025/04/30 15:22:56 Received ACK for chunk 642/10240
Received chunk 643/10240: fixtures/large_file.bin
2025/04/30 15:22:56 Sent ACK for chunk 642
2025/04/30 15:22:56 Received ACK for chunk 643/10240
Received chunk 644/10240: fixtures/large_file.bin
2025/04/30 15:22:56 Sent ACK for chunk 643
2025/04/30 15:22:56 Received ACK for chunk 644/10240
Received chunk 645/10240: fixtures/large_file.bin
2025/04/30 15:22:56 Sent ACK for chunk 644
2025/04/30 15:22:56 Received ACK for chunk 645/10240
Received chunk 646/10240: fixtures/large_file.bin
2025/04/30 15:22:56 Sent ACK for chunk 645
2025/04/30 15:22:56 Received ACK for chunk 646/10240
Received chunk 647/10240: fixtures/large_file.bin
2025/04/30 15:22:56 Sent ACK for chunk 646
2025/04/30 15:22:56 Received ACK for chunk 647/10240
Received chunk 648/10240: fixtures/large_file.bin
2025/04/30 15:22:56 Sent ACK for chunk 647
2025/04/30 15:22:56 Received ACK for chunk 648/10240
Received chunk 649/10240: fixtures/large_file.bin
2025/04/30 15:22:56 Sent ACK for chunk 648
2025/04/30 15:22:56 Received ACK for chunk 649/10240
Received chunk 650/10240: fixtures/large_file.bin
2025/04/30 15:22:56 Sent ACK for chunk 649
2025/04/30 15:22:56 Received ACK for chunk 650/10240
Received chunk 651/10240: fixtures/large_file.bin
2025/04/30 15:22:56 Sent ACK for chunk 650
2025/04/30 15:22:56 Received ACK for chunk 651/10240
Received chunk 652/10240: fixtures/large_file.bin
2025/04/30 15:22:56 Sent ACK for chunk 651
2025/04/30 15:22:56 Received ACK for chunk 652/10240
Received chunk 653/10240: fixtures/large_file.bin
2025/04/30 15:22:56 Sent ACK for chunk 652
2025/04/30 15:22:56 Received ACK for chunk 653/10240
Received chunk 654/10240: fixtures/large_file.bin
2025/04/30 15:22:56 Sent ACK for chunk 653
2025/04/30 15:22:56 Received ACK for chunk 654/10240
Received chunk 655/10240: fixtures/large_file.bin
2025/04/30 15:22:56 Sent ACK for chunk 654
2025/04/30 15:22:56 Received ACK for chunk 655/10240
Received chunk 656/10240: fixtures/large_file.bin
2025/04/30 15:22:56 Sent ACK for chunk 655
2025/04/30 15:22:56 Received ACK for chunk 656/10240
Received chunk 657/10240: fixtures/large_file.bin
2025/04/30 15:22:56 Sent ACK for chunk 656
2025/04/30 15:22:56 Received ACK for chunk 657/10240
Received chunk 658/10240: fixtures/large_file.bin
2025/04/30 15:22:56 Sent ACK for chunk 657
2025/04/30 15:22:56 Received ACK for chunk 658/10240
Received chunk 659/10240: fixtures/large_file.bin
2025/04/30 15:22:56 Sent ACK for chunk 658
2025/04/30 15:22:56 Received ACK for chunk 659/10240
Received chunk 660/10240: fixtures/large_file.bin
2025/04/30 15:22:56 Sent ACK for chunk 659
2025/04/30 15:22:56 Received ACK for chunk 660/10240
Received chunk 661/10240: fixtures/large_file.bin
2025/04/30 15:22:56 Sent ACK for chunk 660
2025/04/30 15:22:56 Received ACK for chunk 661/10240
Received chunk 662/10240: fixtures/large_file.bin
2025/04/30 15:22:56 Sent ACK for chunk 661
2025/04/30 15:22:56 Received ACK for chunk 662/10240
Received chunk 663/10240: fixtures/large_file.bin
2025/04/30 15:22:56 Sent ACK for chunk 662
2025/04/30 15:22:56 Received ACK for chunk 663/10240
Received chunk 664/10240: fixtures/large_file.bin
2025/04/30 15:22:56 Sent ACK for chunk 663
2025/04/30 15:22:56 Received ACK for chunk 664/10240
Received chunk 665/10240: fixtures/large_file.bin
2025/04/30 15:22:56 Sent ACK for chunk 664
2025/04/30 15:22:56 Received ACK for chunk 665/10240
Received chunk 666/10240: fixtures/large_file.bin
2025/04/30 15:22:56 Sent ACK for chunk 665
2025/04/30 15:22:56 Received ACK for chunk 666/10240
Received chunk 667/10240: fixtures/large_file.bin
2025/04/30 15:22:56 Sent ACK for chunk 666
2025/04/30 15:22:56 Received ACK for chunk 667/10240
Received chunk 668/10240: fixtures/large_file.bin
2025/04/30 15:22:56 Sent ACK for chunk 667
2025/04/30 15:22:56 Received ACK for chunk 668/10240
Received chunk 669/10240: fixtures/large_file.bin
2025/04/30 15:22:56 Sent ACK for chunk 668
2025/04/30 15:22:56 Received ACK for chunk 669/10240
Received chunk 670/10240: fixtures/large_file.bin
2025/04/30 15:22:56 Sent ACK for chunk 669
2025/04/30 15:22:56 Received ACK for chunk 670/10240
Received chunk 671/10240: fixtures/large_file.bin
2025/04/30 15:22:56 Sent ACK for chunk 670
2025/04/30 15:22:56 Received ACK for chunk 671/10240
Received chunk 672/10240: fixtures/large_file.bin
2025/04/30 15:22:56 Sent ACK for chunk 671
2025/04/30 15:22:56 Received ACK for chunk 672/10240
Received chunk 673/10240: fixtures/large_file.bin
2025/04/30 15:22:56 Sent ACK for chunk 672
2025/04/30 15:22:56 Received ACK for chunk 673/10240
Received chunk 674/10240: fixtures/large_file.bin
2025/04/30 15:22:56 Sent ACK for chunk 673
2025/04/30 15:22:56 Received ACK for chunk 674/10240
Received chunk 675/10240: fixtures/large_file.bin
2025/04/30 15:22:56 Sent ACK for chunk 674
2025/04/30 15:22:56 Received ACK for chunk 675/10240
Received chunk 676/10240: fixtures/large_file.bin
2025/04/30 15:22:56 Sent ACK for chunk 675
2025/04/30 15:22:56 Received ACK for chunk 676/10240
Received chunk 677/10240: fixtures/large_file.bin
2025/04/30 15:22:56 Sent ACK for chunk 676
2025/04/30 15:22:56 Received ACK for chunk 677/10240
Received chunk 678/10240: fixtures/large_file.bin
2025/04/30 15:22:56 Sent ACK for chunk 677
2025/04/30 15:22:56 Received ACK for chunk 678/10240
Received chunk 679/10240: fixtures/large_file.bin
2025/04/30 15:22:56 Sent ACK for chunk 678
2025/04/30 15:22:56 Received ACK for chunk 679/10240
Received chunk 680/10240: fixtures/large_file.bin
2025/04/30 15:22:56 Sent ACK for chunk 679
2025/04/30 15:22:56 Received ACK for chunk 680/10240
Received chunk 681/10240: fixtures/large_file.bin
2025/04/30 15:22:56 Sent ACK for chunk 680
2025/04/30 15:22:56 Received ACK for chunk 681/10240
Received chunk 682/10240: fixtures/large_file.bin
2025/04/30 15:22:56 Sent ACK for chunk 681
2025/04/30 15:22:56 Received ACK for chunk 682/10240
Received chunk 683/10240: fixtures/large_file.bin
2025/04/30 15:22:56 Sent ACK for chunk 682
2025/04/30 15:22:56 Received ACK for chunk 683/10240
Received chunk 684/10240: fixtures/large_file.bin
2025/04/30 15:22:56 Sent ACK for chunk 683
2025/04/30 15:22:56 Received ACK for chunk 684/10240
Received chunk 685/10240: fixtures/large_file.bin
2025/04/30 15:22:56 Sent ACK for chunk 684
2025/04/30 15:22:56 Received ACK for chunk 685/10240
Received chunk 686/10240: fixtures/large_file.bin
2025/04/30 15:22:56 Sent ACK for chunk 685
2025/04/30 15:22:56 Received ACK for chunk 686/10240
Received chunk 687/10240: fixtures/large_file.bin
2025/04/30 15:22:56 Sent ACK for chunk 686
2025/04/30 15:22:56 Received ACK for chunk 687/10240
Received chunk 688/10240: fixtures/large_file.bin
2025/04/30 15:22:56 Sent ACK for chunk 687
2025/04/30 15:22:56 Received ACK for chunk 688/10240
Received chunk 689/10240: fixtures/large_file.bin
2025/04/30 15:22:56 Sent ACK for chunk 688
2025/04/30 15:22:56 Received ACK for chunk 689/10240
Received chunk 690/10240: fixtures/large_file.bin
2025/04/30 15:22:56 Sent ACK for chunk 689
2025/04/30 15:22:56 Received ACK for chunk 690/10240
Received chunk 691/10240: fixtures/large_file.bin
2025/04/30 15:22:56 Sent ACK for chunk 690
2025/04/30 15:22:56 Received ACK for chunk 691/10240
Received chunk 692/10240: fixtures/large_file.bin
2025/04/30 15:22:56 Sent ACK for chunk 691
2025/04/30 15:22:56 Received ACK for chunk 692/10240
Received chunk 693/10240: fixtures/large_file.bin
2025/04/30 15:22:56 Sent ACK for chunk 692
2025/04/30 15:22:56 Received ACK for chunk 693/10240
Received chunk 694/10240: fixtures/large_file.bin
2025/04/30 15:22:56 Sent ACK for chunk 693
2025/04/30 15:22:56 Received ACK for chunk 694/10240
Received chunk 695/10240: fixtures/large_file.bin
2025/04/30 15:22:56 Sent ACK for chunk 694
2025/04/30 15:22:56 Received ACK for chunk 695/10240
Received chunk 696/10240: fixtures/large_file.bin
2025/04/30 15:22:56 Sent ACK for chunk 695
2025/04/30 15:22:56 Received ACK for chunk 696/10240
Received chunk 697/10240: fixtures/large_file.bin
2025/04/30 15:22:56 Sent ACK for chunk 696
2025/04/30 15:22:56 Received ACK for chunk 697/10240
Received chunk 698/10240: fixtures/large_file.bin
2025/04/30 15:22:56 Sent ACK for chunk 697
2025/04/30 15:22:56 Received ACK for chunk 698/10240
Received chunk 699/10240: fixtures/large_file.bin
2025/04/30 15:22:56 Sent ACK for chunk 698
2025/04/30 15:22:56 Received ACK for chunk 699/10240
Received chunk 700/10240: fixtures/large_file.bin
2025/04/30 15:22:56 Sent ACK for chunk 699
2025/04/30 15:22:56 Received ACK for chunk 700/10240
Received chunk 701/10240: fixtures/large_file.bin
2025/04/30 15:22:56 Sent ACK for chunk 700
2025/04/30 15:22:56 Received ACK for chunk 701/10240
Received chunk 702/10240: fixtures/large_file.bin
2025/04/30 15:22:56 Sent ACK for chunk 701
2025/04/30 15:22:56 Received ACK for chunk 702/10240
Received chunk 703/10240: fixtures/large_file.bin
2025/04/30 15:22:56 Sent ACK for chunk 702
2025/04/30 15:22:56 Received ACK for chunk 703/10240
Received chunk 704/10240: fixtures/large_file.bin
2025/04/30 15:22:56 Sent ACK for chunk 703
2025/04/30 15:22:56 Received ACK for chunk 704/10240
Received chunk 705/10240: fixtures/large_file.bin
2025/04/30 15:22:56 Sent ACK for chunk 704
2025/04/30 15:22:56 Received ACK for chunk 705/10240
Received chunk 706/10240: fixtures/large_file.bin
2025/04/30 15:22:56 Sent ACK for chunk 705
2025/04/30 15:22:56 Received ACK for chunk 706/10240
Received chunk 707/10240: fixtures/large_file.bin
2025/04/30 15:22:56 Sent ACK for chunk 706
2025/04/30 15:22:56 Received ACK for chunk 707/10240
Received chunk 708/10240: fixtures/large_file.bin
2025/04/30 15:22:56 Sent ACK for chunk 707
2025/04/30 15:22:56 Received ACK for chunk 708/10240
Received chunk 709/10240: fixtures/large_file.bin
2025/04/30 15:22:56 Sent ACK for chunk 708
2025/04/30 15:22:56 Received ACK for chunk 709/10240
Received chunk 710/10240: fixtures/large_file.bin
2025/04/30 15:22:56 Sent ACK for chunk 709
2025/04/30 15:22:56 Received ACK for chunk 710/10240
Received chunk 711/10240: fixtures/large_file.bin
2025/04/30 15:22:56 Sent ACK for chunk 710
2025/04/30 15:22:56 Received ACK for chunk 711/10240
Received chunk 712/10240: fixtures/large_file.bin
2025/04/30 15:22:56 Sent ACK for chunk 711
2025/04/30 15:22:56 Received ACK for chunk 712/10240
Received chunk 713/10240: fixtures/large_file.bin
2025/04/30 15:22:56 Sent ACK for chunk 712
2025/04/30 15:22:56 Received ACK for chunk 713/10240
Received chunk 714/10240: fixtures/large_file.bin
2025/04/30 15:22:56 Sent ACK for chunk 713
2025/04/30 15:22:56 Received ACK for chunk 714/10240
Received chunk 715/10240: fixtures/large_file.bin
2025/04/30 15:22:56 Sent ACK for chunk 714
2025/04/30 15:22:56 Received ACK for chunk 715/10240
Received chunk 716/10240: fixtures/large_file.bin
2025/04/30 15:22:56 Sent ACK for chunk 715
2025/04/30 15:22:56 Received ACK for chunk 716/10240
Received chunk 717/10240: fixtures/large_file.bin
2025/04/30 15:22:56 Sent ACK for chunk 716
2025/04/30 15:22:56 Received ACK for chunk 717/10240
Received chunk 718/10240: fixtures/large_file.bin
2025/04/30 15:22:56 Sent ACK for chunk 717
2025/04/30 15:22:56 Received ACK for chunk 718/10240
Received chunk 719/10240: fixtures/large_file.bin
2025/04/30 15:22:56 Sent ACK for chunk 718
2025/04/30 15:22:56 Received ACK for chunk 719/10240
Received chunk 720/10240: fixtures/large_file.bin
2025/04/30 15:22:56 Sent ACK for chunk 719
2025/04/30 15:22:56 Received ACK for chunk 720/10240
Received chunk 721/10240: fixtures/large_file.bin
2025/04/30 15:22:56 Sent ACK for chunk 720
2025/04/30 15:22:56 Received ACK for chunk 721/10240
Received chunk 722/10240: fixtures/large_file.bin
2025/04/30 15:22:56 Sent ACK for chunk 721
2025/04/30 15:22:56 Received ACK for chunk 722/10240
Received chunk 723/10240: fixtures/large_file.bin
2025/04/30 15:22:56 Sent ACK for chunk 722
2025/04/30 15:22:56 Received ACK for chunk 723/10240
Received chunk 724/10240: fixtures/large_file.bin
2025/04/30 15:22:56 Sent ACK for chunk 723
2025/04/30 15:22:56 Received ACK for chunk 724/10240
Received chunk 725/10240: fixtures/large_file.bin
2025/04/30 15:22:56 Sent ACK for chunk 724
2025/04/30 15:22:56 Received ACK for chunk 725/10240
Received chunk 726/10240: fixtures/large_file.bin
2025/04/30 15:22:56 Sent ACK for chunk 725
2025/04/30 15:22:56 Received ACK for chunk 726/10240
Received chunk 727/10240: fixtures/large_file.bin
2025/04/30 15:22:56 Sent ACK for chunk 726
2025/04/30 15:22:56 Received ACK for chunk 727/10240
Received chunk 728/10240: fixtures/large_file.bin
2025/04/30 15:22:56 Sent ACK for chunk 727
2025/04/30 15:22:56 Received ACK for chunk 728/10240
Received chunk 729/10240: fixtures/large_file.bin
2025/04/30 15:22:56 Sent ACK for chunk 728
2025/04/30 15:22:56 Received ACK for chunk 729/10240
Received chunk 730/10240: fixtures/large_file.bin
2025/04/30 15:22:56 Sent ACK for chunk 729
2025/04/30 15:22:56 Received ACK for chunk 730/10240
Received chunk 731/10240: fixtures/large_file.bin
2025/04/30 15:22:56 Sent ACK for chunk 730
2025/04/30 15:22:56 Received ACK for chunk 731/10240
Received chunk 732/10240: fixtures/large_file.bin
2025/04/30 15:22:56 Sent ACK for chunk 731
2025/04/30 15:22:56 Received ACK for chunk 732/10240
Received chunk 733/10240: fixtures/large_file.bin
2025/04/30 15:22:56 Sent ACK for chunk 732
2025/04/30 15:22:56 Received ACK for chunk 733/10240
Received chunk 734/10240: fixtures/large_file.bin
2025/04/30 15:22:56 Sent ACK for chunk 733
2025/04/30 15:22:56 Received ACK for chunk 734/10240
Received chunk 735/10240: fixtures/large_file.bin
2025/04/30 15:22:56 Sent ACK for chunk 734
2025/04/30 15:22:56 Received ACK for chunk 735/10240
Received chunk 736/10240: fixtures/large_file.bin
2025/04/30 15:22:56 Sent ACK for chunk 735
2025/04/30 15:22:56 Received ACK for chunk 736/10240
Received chunk 737/10240: fixtures/large_file.bin
2025/04/30 15:22:56 Sent ACK for chunk 736
2025/04/30 15:22:56 Received ACK for chunk 737/10240
Received chunk 738/10240: fixtures/large_file.bin
2025/04/30 15:22:56 Sent ACK for chunk 737
2025/04/30 15:22:56 Received ACK for chunk 738/10240
Received chunk 739/10240: fixtures/large_file.bin
2025/04/30 15:22:56 Sent ACK for chunk 738
2025/04/30 15:22:56 Received ACK for chunk 739/10240
Received chunk 740/10240: fixtures/large_file.bin
2025/04/30 15:22:56 Sent ACK for chunk 739
2025/04/30 15:22:56 Received ACK for chunk 740/10240
Received chunk 741/10240: fixtures/large_file.bin
2025/04/30 15:22:56 Sent ACK for chunk 740
2025/04/30 15:22:56 Received ACK for chunk 741/10240
Received chunk 742/10240: fixtures/large_file.bin
2025/04/30 15:22:56 Sent ACK for chunk 741
2025/04/30 15:22:56 Received ACK for chunk 742/10240
Received chunk 743/10240: fixtures/large_file.bin
2025/04/30 15:22:56 Sent ACK for chunk 742
2025/04/30 15:22:56 Received ACK for chunk 743/10240
Received chunk 744/10240: fixtures/large_file.bin
2025/04/30 15:22:56 Sent ACK for chunk 743
2025/04/30 15:22:56 Received ACK for chunk 744/10240
Received chunk 745/10240: fixtures/large_file.bin
2025/04/30 15:22:56 Sent ACK for chunk 744
2025/04/30 15:22:56 Received ACK for chunk 745/10240
Received chunk 746/10240: fixtures/large_file.bin
2025/04/30 15:22:56 Sent ACK for chunk 745
2025/04/30 15:22:56 Received ACK for chunk 746/10240
Received chunk 747/10240: fixtures/large_file.bin
2025/04/30 15:22:56 Sent ACK for chunk 746
2025/04/30 15:22:56 Received ACK for chunk 747/10240
Received chunk 748/10240: fixtures/large_file.bin
2025/04/30 15:22:56 Sent ACK for chunk 747
2025/04/30 15:22:56 Received ACK for chunk 748/10240
Received chunk 749/10240: fixtures/large_file.bin
2025/04/30 15:22:56 Sent ACK for chunk 748
2025/04/30 15:22:56 Received ACK for chunk 749/10240
Received chunk 750/10240: fixtures/large_file.bin
2025/04/30 15:22:56 Sent ACK for chunk 749
2025/04/30 15:22:56 Received ACK for chunk 750/10240
Received chunk 751/10240: fixtures/large_file.bin
2025/04/30 15:22:56 Sent ACK for chunk 750
2025/04/30 15:22:56 Received ACK for chunk 751/10240
Received chunk 752/10240: fixtures/large_file.bin
2025/04/30 15:22:56 Sent ACK for chunk 751
2025/04/30 15:22:56 Received ACK for chunk 752/10240
Received chunk 753/10240: fixtures/large_file.bin
2025/04/30 15:22:56 Sent ACK for chunk 752
2025/04/30 15:22:56 Received ACK for chunk 753/10240
Received chunk 754/10240: fixtures/large_file.bin
2025/04/30 15:22:56 Sent ACK for chunk 753
2025/04/30 15:22:56 Received ACK for chunk 754/10240
Received chunk 755/10240: fixtures/large_file.bin
2025/04/30 15:22:56 Sent ACK for chunk 754
2025/04/30 15:22:56 Received ACK for chunk 755/10240
Received chunk 756/10240: fixtures/large_file.bin
2025/04/30 15:22:56 Sent ACK for chunk 755
2025/04/30 15:22:56 Received ACK for chunk 756/10240
Received chunk 757/10240: fixtures/large_file.bin
2025/04/30 15:22:56 Sent ACK for chunk 756
2025/04/30 15:22:56 Received ACK for chunk 757/10240
Received chunk 758/10240: fixtures/large_file.bin
2025/04/30 15:22:56 Sent ACK for chunk 757
2025/04/30 15:22:56 Received ACK for chunk 758/10240
Received chunk 759/10240: fixtures/large_file.bin
2025/04/30 15:22:56 Sent ACK for chunk 758
2025/04/30 15:22:56 Received ACK for chunk 759/10240
Received chunk 760/10240: fixtures/large_file.bin
2025/04/30 15:22:56 Sent ACK for chunk 759
2025/04/30 15:22:56 Received ACK for chunk 760/10240
Received chunk 761/10240: fixtures/large_file.bin
2025/04/30 15:22:56 Sent ACK for chunk 760
2025/04/30 15:22:56 Received ACK for chunk 761/10240
Received chunk 762/10240: fixtures/large_file.bin
2025/04/30 15:22:56 Sent ACK for chunk 761
2025/04/30 15:22:56 Received ACK for chunk 762/10240
Received chunk 763/10240: fixtures/large_file.bin
2025/04/30 15:22:56 Sent ACK for chunk 762
2025/04/30 15:22:56 Received ACK for chunk 763/10240
Received chunk 764/10240: fixtures/large_file.bin
2025/04/30 15:22:56 Sent ACK for chunk 763
2025/04/30 15:22:56 Received ACK for chunk 764/10240
Received chunk 765/10240: fixtures/large_file.bin
2025/04/30 15:22:56 Sent ACK for chunk 764
2025/04/30 15:22:56 Received ACK for chunk 765/10240
Received chunk 766/10240: fixtures/large_file.bin
2025/04/30 15:22:56 Sent ACK for chunk 765
2025/04/30 15:22:56 Received ACK for chunk 766/10240
Received chunk 767/10240: fixtures/large_file.bin
2025/04/30 15:22:56 Sent ACK for chunk 766
2025/04/30 15:22:56 Received ACK for chunk 767/10240
Received chunk 768/10240: fixtures/large_file.bin
2025/04/30 15:22:56 Sent ACK for chunk 767
2025/04/30 15:22:56 Received ACK for chunk 768/10240
Received chunk 769/10240: fixtures/large_file.bin
2025/04/30 15:22:56 Sent ACK for chunk 768
2025/04/30 15:22:56 Received ACK for chunk 769/10240
Received chunk 770/10240: fixtures/large_file.bin
2025/04/30 15:22:56 Sent ACK for chunk 769
2025/04/30 15:22:56 Received ACK for chunk 770/10240
Received chunk 771/10240: fixtures/large_file.bin
2025/04/30 15:22:56 Sent ACK for chunk 770
2025/04/30 15:22:56 Received ACK for chunk 771/10240
Received chunk 772/10240: fixtures/large_file.bin
2025/04/30 15:22:56 Sent ACK for chunk 771
2025/04/30 15:22:56 Received ACK for chunk 772/10240
Received chunk 773/10240: fixtures/large_file.bin
2025/04/30 15:22:56 Sent ACK for chunk 772
2025/04/30 15:22:56 Received ACK for chunk 773/10240
Received chunk 774/10240: fixtures/large_file.bin
2025/04/30 15:22:56 Sent ACK for chunk 773
2025/04/30 15:22:56 Received ACK for chunk 774/10240
Received chunk 775/10240: fixtures/large_file.bin
2025/04/30 15:22:56 Sent ACK for chunk 774
2025/04/30 15:22:56 Received ACK for chunk 775/10240
Received chunk 776/10240: fixtures/large_file.bin
2025/04/30 15:22:56 Sent ACK for chunk 775
2025/04/30 15:22:56 Received ACK for chunk 776/10240
Received chunk 777/10240: fixtures/large_file.bin
2025/04/30 15:22:56 Sent ACK for chunk 776
2025/04/30 15:22:56 Received ACK for chunk 777/10240
Received chunk 778/10240: fixtures/large_file.bin
2025/04/30 15:22:56 Sent ACK for chunk 777
2025/04/30 15:22:56 Received ACK for chunk 778/10240
Received chunk 779/10240: fixtures/large_file.bin
2025/04/30 15:22:56 Sent ACK for chunk 778
2025/04/30 15:22:56 Received ACK for chunk 779/10240
Received chunk 780/10240: fixtures/large_file.bin
2025/04/30 15:22:56 Sent ACK for chunk 779
2025/04/30 15:22:56 Received ACK for chunk 780/10240
Received chunk 781/10240: fixtures/large_file.bin
2025/04/30 15:22:56 Sent ACK for chunk 780
2025/04/30 15:22:56 Received ACK for chunk 781/10240
Received chunk 782/10240: fixtures/large_file.bin
2025/04/30 15:22:56 Sent ACK for chunk 781
2025/04/30 15:22:56 Received ACK for chunk 782/10240
Received chunk 783/10240: fixtures/large_file.bin
2025/04/30 15:22:56 Sent ACK for chunk 782
2025/04/30 15:22:56 Received ACK for chunk 783/10240
Received chunk 784/10240: fixtures/large_file.bin
2025/04/30 15:22:56 Sent ACK for chunk 783
2025/04/30 15:22:56 Received ACK for chunk 784/10240
Received chunk 785/10240: fixtures/large_file.bin
2025/04/30 15:22:56 Sent ACK for chunk 784
2025/04/30 15:22:56 Received ACK for chunk 785/10240
Received chunk 786/10240: fixtures/large_file.bin
2025/04/30 15:22:56 Sent ACK for chunk 785
2025/04/30 15:22:56 Received ACK for chunk 786/10240
Received chunk 787/10240: fixtures/large_file.bin
2025/04/30 15:22:56 Sent ACK for chunk 786
2025/04/30 15:22:56 Received ACK for chunk 787/10240
Received chunk 788/10240: fixtures/large_file.bin
2025/04/30 15:22:56 Sent ACK for chunk 787
2025/04/30 15:22:56 Received ACK for chunk 788/10240
Received chunk 789/10240: fixtures/large_file.bin
2025/04/30 15:22:56 Sent ACK for chunk 788
2025/04/30 15:22:56 Received ACK for chunk 789/10240
Received chunk 790/10240: fixtures/large_file.bin
2025/04/30 15:22:56 Sent ACK for chunk 789
2025/04/30 15:22:56 Received ACK for chunk 790/10240
Received chunk 791/10240: fixtures/large_file.bin
2025/04/30 15:22:56 Sent ACK for chunk 790
2025/04/30 15:22:56 Received ACK for chunk 791/10240
Received chunk 792/10240: fixtures/large_file.bin
2025/04/30 15:22:56 Sent ACK for chunk 791
2025/04/30 15:22:56 Received ACK for chunk 792/10240
Received chunk 793/10240: fixtures/large_file.bin
2025/04/30 15:22:56 Sent ACK for chunk 792
2025/04/30 15:22:56 Received ACK for chunk 793/10240
Received chunk 794/10240: fixtures/large_file.bin
2025/04/30 15:22:56 Sent ACK for chunk 793
2025/04/30 15:22:56 Received ACK for chunk 794/10240
Received chunk 795/10240: fixtures/large_file.bin
2025/04/30 15:22:56 Sent ACK for chunk 794
2025/04/30 15:22:56 Received ACK for chunk 795/10240
Received chunk 796/10240: fixtures/large_file.bin
2025/04/30 15:22:56 Sent ACK for chunk 795
2025/04/30 15:22:56 Received ACK for chunk 796/10240
Received chunk 797/10240: fixtures/large_file.bin
2025/04/30 15:22:56 Sent ACK for chunk 796
2025/04/30 15:22:56 Received ACK for chunk 797/10240
Received chunk 798/10240: fixtures/large_file.bin
2025/04/30 15:22:56 Sent ACK for chunk 797
2025/04/30 15:22:56 Received ACK for chunk 798/10240
Received chunk 799/10240: fixtures/large_file.bin
2025/04/30 15:22:56 Sent ACK for chunk 798
2025/04/30 15:22:56 Received ACK for chunk 799/10240
Received chunk 800/10240: fixtures/large_file.bin
2025/04/30 15:22:56 Sent ACK for chunk 799
2025/04/30 15:22:56 Received ACK for chunk 800/10240
Received chunk 801/10240: fixtures/large_file.bin
2025/04/30 15:22:56 Sent ACK for chunk 800
2025/04/30 15:22:56 Received ACK for chunk 801/10240
Received chunk 802/10240: fixtures/large_file.bin
2025/04/30 15:22:56 Sent ACK for chunk 801
2025/04/30 15:22:56 Received ACK for chunk 802/10240
Received chunk 803/10240: fixtures/large_file.bin
2025/04/30 15:22:56 Sent ACK for chunk 802
2025/04/30 15:22:56 Received ACK for chunk 803/10240
Received chunk 804/10240: fixtures/large_file.bin
2025/04/30 15:22:56 Sent ACK for chunk 803
2025/04/30 15:22:56 Received ACK for chunk 804/10240
Received chunk 805/10240: fixtures/large_file.bin
2025/04/30 15:22:56 Sent ACK for chunk 804
2025/04/30 15:22:56 Received ACK for chunk 805/10240
Received chunk 806/10240: fixtures/large_file.bin
2025/04/30 15:22:56 Sent ACK for chunk 805
2025/04/30 15:22:56 Received ACK for chunk 806/10240
Received chunk 807/10240: fixtures/large_file.bin
2025/04/30 15:22:56 Sent ACK for chunk 806
2025/04/30 15:22:56 Received ACK for chunk 807/10240
Received chunk 808/10240: fixtures/large_file.bin
2025/04/30 15:22:56 Sent ACK for chunk 807
2025/04/30 15:22:56 Received ACK for chunk 808/10240
Received chunk 809/10240: fixtures/large_file.bin
2025/04/30 15:22:56 Sent ACK for chunk 808
2025/04/30 15:22:56 Received ACK for chunk 809/10240
Received chunk 810/10240: fixtures/large_file.bin
2025/04/30 15:22:56 Sent ACK for chunk 809
2025/04/30 15:22:56 Received ACK for chunk 810/10240
Received chunk 811/10240: fixtures/large_file.bin
2025/04/30 15:22:56 Sent ACK for chunk 810
2025/04/30 15:22:56 Received ACK for chunk 811/10240
Received chunk 812/10240: fixtures/large_file.bin
2025/04/30 15:22:56 Sent ACK for chunk 811
2025/04/30 15:22:56 Received ACK for chunk 812/10240
Received chunk 813/10240: fixtures/large_file.bin
2025/04/30 15:22:56 Sent ACK for chunk 812
2025/04/30 15:22:56 Received ACK for chunk 813/10240
Received chunk 814/10240: fixtures/large_file.bin
2025/04/30 15:22:56 Sent ACK for chunk 813
2025/04/30 15:22:56 Received ACK for chunk 814/10240
Received chunk 815/10240: fixtures/large_file.bin
2025/04/30 15:22:56 Sent ACK for chunk 814
2025/04/30 15:22:56 Received ACK for chunk 815/10240
Received chunk 816/10240: fixtures/large_file.bin
2025/04/30 15:22:56 Sent ACK for chunk 815
2025/04/30 15:22:56 Received ACK for chunk 816/10240
Received chunk 817/10240: fixtures/large_file.bin
2025/04/30 15:22:56 Sent ACK for chunk 816
2025/04/30 15:22:56 Received ACK for chunk 817/10240
Received chunk 818/10240: fixtures/large_file.bin
2025/04/30 15:22:56 Sent ACK for chunk 817
2025/04/30 15:22:56 Received ACK for chunk 818/10240
Received chunk 819/10240: fixtures/large_file.bin
2025/04/30 15:22:56 Sent ACK for chunk 818
2025/04/30 15:22:56 Received ACK for chunk 819/10240
Received chunk 820/10240: fixtures/large_file.bin
2025/04/30 15:22:56 Sent ACK for chunk 819
2025/04/30 15:22:56 Received ACK for chunk 820/10240
Received chunk 821/10240: fixtures/large_file.bin
2025/04/30 15:22:56 Sent ACK for chunk 820
2025/04/30 15:22:56 Received ACK for chunk 821/10240
Received chunk 822/10240: fixtures/large_file.bin
2025/04/30 15:22:56 Sent ACK for chunk 821
2025/04/30 15:22:56 Received ACK for chunk 822/10240
Received chunk 823/10240: fixtures/large_file.bin
2025/04/30 15:22:56 Sent ACK for chunk 822
2025/04/30 15:22:56 Received ACK for chunk 823/10240
Received chunk 824/10240: fixtures/large_file.bin
2025/04/30 15:22:56 Sent ACK for chunk 823
2025/04/30 15:22:56 Received ACK for chunk 824/10240
Received chunk 825/10240: fixtures/large_file.bin
2025/04/30 15:22:56 Sent ACK for chunk 824
2025/04/30 15:22:56 Received ACK for chunk 825/10240
Received chunk 826/10240: fixtures/large_file.bin
2025/04/30 15:22:56 Sent ACK for chunk 825
2025/04/30 15:22:56 Received ACK for chunk 826/10240
Received chunk 827/10240: fixtures/large_file.bin
2025/04/30 15:22:56 Sent ACK for chunk 826
2025/04/30 15:22:56 Received ACK for chunk 827/10240
Received chunk 828/10240: fixtures/large_file.bin
2025/04/30 15:22:56 Sent ACK for chunk 827
2025/04/30 15:22:56 Received ACK for chunk 828/10240
Received chunk 829/10240: fixtures/large_file.bin
2025/04/30 15:22:56 Sent ACK for chunk 828
2025/04/30 15:22:56 Received ACK for chunk 829/10240
Received chunk 830/10240: fixtures/large_file.bin
2025/04/30 15:22:56 Sent ACK for chunk 829
2025/04/30 15:22:56 Received ACK for chunk 830/10240
Received chunk 831/10240: fixtures/large_file.bin
2025/04/30 15:22:56 Sent ACK for chunk 830
2025/04/30 15:22:56 Received ACK for chunk 831/10240
Received chunk 832/10240: fixtures/large_file.bin
2025/04/30 15:22:56 Sent ACK for chunk 831
2025/04/30 15:22:56 Received ACK for chunk 832/10240
Received chunk 833/10240: fixtures/large_file.bin
2025/04/30 15:22:56 Sent ACK for chunk 832
2025/04/30 15:22:56 Received ACK for chunk 833/10240
Received chunk 834/10240: fixtures/large_file.bin
2025/04/30 15:22:56 Sent ACK for chunk 833
2025/04/30 15:22:56 Received ACK for chunk 834/10240
Received chunk 835/10240: fixtures/large_file.bin
2025/04/30 15:22:56 Sent ACK for chunk 834
2025/04/30 15:22:56 Received ACK for chunk 835/10240
Received chunk 836/10240: fixtures/large_file.bin
2025/04/30 15:22:56 Sent ACK for chunk 835
2025/04/30 15:22:56 Received ACK for chunk 836/10240
Received chunk 837/10240: fixtures/large_file.bin
2025/04/30 15:22:56 Sent ACK for chunk 836
2025/04/30 15:22:56 Received ACK for chunk 837/10240
Received chunk 838/10240: fixtures/large_file.bin
2025/04/30 15:22:56 Sent ACK for chunk 837
2025/04/30 15:22:56 Received ACK for chunk 838/10240
Received chunk 839/10240: fixtures/large_file.bin
2025/04/30 15:22:56 Sent ACK for chunk 838
2025/04/30 15:22:56 Received ACK for chunk 839/10240
Received chunk 840/10240: fixtures/large_file.bin
2025/04/30 15:22:56 Sent ACK for chunk 839
2025/04/30 15:22:56 Received ACK for chunk 840/10240
Received chunk 841/10240: fixtures/large_file.bin
2025/04/30 15:22:56 Sent ACK for chunk 840
2025/04/30 15:22:56 Received ACK for chunk 841/10240
Received chunk 842/10240: fixtures/large_file.bin
2025/04/30 15:22:56 Sent ACK for chunk 841
2025/04/30 15:22:56 Received ACK for chunk 842/10240
Received chunk 843/10240: fixtures/large_file.bin
2025/04/30 15:22:56 Sent ACK for chunk 842
2025/04/30 15:22:56 Received ACK for chunk 843/10240
Received chunk 844/10240: fixtures/large_file.bin
2025/04/30 15:22:56 Sent ACK for chunk 843
2025/04/30 15:22:56 Received ACK for chunk 844/10240
Received chunk 845/10240: fixtures/large_file.bin
2025/04/30 15:22:56 Sent ACK for chunk 844
2025/04/30 15:22:56 Received ACK for chunk 845/10240
Received chunk 846/10240: fixtures/large_file.bin
2025/04/30 15:22:56 Sent ACK for chunk 845
2025/04/30 15:22:56 Received ACK for chunk 846/10240
Received chunk 847/10240: fixtures/large_file.bin
2025/04/30 15:22:56 Sent ACK for chunk 846
2025/04/30 15:22:56 Received ACK for chunk 847/10240
Received chunk 848/10240: fixtures/large_file.bin
2025/04/30 15:22:56 Sent ACK for chunk 847
2025/04/30 15:22:56 Received ACK for chunk 848/10240
Received chunk 849/10240: fixtures/large_file.bin
2025/04/30 15:22:56 Sent ACK for chunk 848
2025/04/30 15:22:56 Received ACK for chunk 849/10240
Received chunk 850/10240: fixtures/large_file.bin
2025/04/30 15:22:56 Sent ACK for chunk 849
2025/04/30 15:22:56 Received ACK for chunk 850/10240
Received chunk 851/10240: fixtures/large_file.bin
2025/04/30 15:22:56 Sent ACK for chunk 850
2025/04/30 15:22:56 Received ACK for chunk 851/10240
Received chunk 852/10240: fixtures/large_file.bin
2025/04/30 15:22:56 Sent ACK for chunk 851
2025/04/30 15:22:56 Received ACK for chunk 852/10240
Received chunk 853/10240: fixtures/large_file.bin
2025/04/30 15:22:56 Sent ACK for chunk 852
2025/04/30 15:22:56 Received ACK for chunk 853/10240
Received chunk 854/10240: fixtures/large_file.bin
2025/04/30 15:22:56 Sent ACK for chunk 853
2025/04/30 15:22:56 Received ACK for chunk 854/10240
Received chunk 855/10240: fixtures/large_file.bin
2025/04/30 15:22:56 Sent ACK for chunk 854
2025/04/30 15:22:56 Received ACK for chunk 855/10240
Received chunk 856/10240: fixtures/large_file.bin
2025/04/30 15:22:56 Sent ACK for chunk 855
2025/04/30 15:22:56 Received ACK for chunk 856/10240
Received chunk 857/10240: fixtures/large_file.bin
2025/04/30 15:22:56 Sent ACK for chunk 856
2025/04/30 15:22:56 Received ACK for chunk 857/10240
Received chunk 858/10240: fixtures/large_file.bin
2025/04/30 15:22:56 Sent ACK for chunk 857
2025/04/30 15:22:56 Received ACK for chunk 858/10240
Received chunk 859/10240: fixtures/large_file.bin
2025/04/30 15:22:56 Sent ACK for chunk 858
2025/04/30 15:22:56 Received ACK for chunk 859/10240
Received chunk 860/10240: fixtures/large_file.bin
2025/04/30 15:22:56 Sent ACK for chunk 859
2025/04/30 15:22:56 Received ACK for chunk 860/10240
Received chunk 861/10240: fixtures/large_file.bin
2025/04/30 15:22:56 Sent ACK for chunk 860
2025/04/30 15:22:56 Received ACK for chunk 861/10240
Received chunk 862/10240: fixtures/large_file.bin
2025/04/30 15:22:56 Sent ACK for chunk 861
2025/04/30 15:22:56 Received ACK for chunk 862/10240
Received chunk 863/10240: fixtures/large_file.bin
2025/04/30 15:22:56 Sent ACK for chunk 862
2025/04/30 15:22:56 Received ACK for chunk 863/10240
Received chunk 864/10240: fixtures/large_file.bin
2025/04/30 15:22:56 Sent ACK for chunk 863
2025/04/30 15:22:56 Received ACK for chunk 864/10240
Received chunk 865/10240: fixtures/large_file.bin
2025/04/30 15:22:56 Sent ACK for chunk 864
2025/04/30 15:22:56 Received ACK for chunk 865/10240
Received chunk 866/10240: fixtures/large_file.bin
2025/04/30 15:22:56 Sent ACK for chunk 865
2025/04/30 15:22:56 Received ACK for chunk 866/10240
Received chunk 867/10240: fixtures/large_file.bin
2025/04/30 15:22:56 Sent ACK for chunk 866
2025/04/30 15:22:56 Received ACK for chunk 867/10240
Received chunk 868/10240: fixtures/large_file.bin
2025/04/30 15:22:56 Sent ACK for chunk 867
2025/04/30 15:22:56 Received ACK for chunk 868/10240
Received chunk 869/10240: fixtures/large_file.bin
2025/04/30 15:22:56 Sent ACK for chunk 868
2025/04/30 15:22:56 Received ACK for chunk 869/10240
Received chunk 870/10240: fixtures/large_file.bin
2025/04/30 15:22:56 Sent ACK for chunk 869
2025/04/30 15:22:56 Received ACK for chunk 870/10240
Received chunk 871/10240: fixtures/large_file.bin
2025/04/30 15:22:56 Sent ACK for chunk 870
2025/04/30 15:22:56 Received ACK for chunk 871/10240
Received chunk 872/10240: fixtures/large_file.bin
2025/04/30 15:22:56 Sent ACK for chunk 871
2025/04/30 15:22:56 Received ACK for chunk 872/10240
Received chunk 873/10240: fixtures/large_file.bin
2025/04/30 15:22:56 Sent ACK for chunk 872
2025/04/30 15:22:56 Received ACK for chunk 873/10240
Received chunk 874/10240: fixtures/large_file.bin
2025/04/30 15:22:56 Sent ACK for chunk 873
2025/04/30 15:22:56 Received ACK for chunk 874/10240
Received chunk 875/10240: fixtures/large_file.bin
2025/04/30 15:22:56 Sent ACK for chunk 874
2025/04/30 15:22:56 Received ACK for chunk 875/10240
Received chunk 876/10240: fixtures/large_file.bin
2025/04/30 15:22:56 Sent ACK for chunk 875
2025/04/30 15:22:56 Received ACK for chunk 876/10240
Received chunk 877/10240: fixtures/large_file.bin
2025/04/30 15:22:56 Sent ACK for chunk 876
2025/04/30 15:22:56 Received ACK for chunk 877/10240
Received chunk 878/10240: fixtures/large_file.bin
2025/04/30 15:22:56 Sent ACK for chunk 877
2025/04/30 15:22:56 Received ACK for chunk 878/10240
Received chunk 879/10240: fixtures/large_file.bin
2025/04/30 15:22:56 Sent ACK for chunk 878
2025/04/30 15:22:56 Received ACK for chunk 879/10240
Received chunk 880/10240: fixtures/large_file.bin
2025/04/30 15:22:56 Sent ACK for chunk 879
2025/04/30 15:22:56 Received ACK for chunk 880/10240
Received chunk 881/10240: fixtures/large_file.bin
2025/04/30 15:22:56 Sent ACK for chunk 880
2025/04/30 15:22:56 Received ACK for chunk 881/10240
Received chunk 882/10240: fixtures/large_file.bin
2025/04/30 15:22:56 Sent ACK for chunk 881
2025/04/30 15:22:56 Received ACK for chunk 882/10240
Received chunk 883/10240: fixtures/large_file.bin
2025/04/30 15:22:56 Sent ACK for chunk 882
2025/04/30 15:22:56 Received ACK for chunk 883/10240
Received chunk 884/10240: fixtures/large_file.bin
2025/04/30 15:22:56 Sent ACK for chunk 883
2025/04/30 15:22:56 Received ACK for chunk 884/10240
Received chunk 885/10240: fixtures/large_file.bin
2025/04/30 15:22:56 Sent ACK for chunk 884
2025/04/30 15:22:56 Received ACK for chunk 885/10240
Received chunk 886/10240: fixtures/large_file.bin
2025/04/30 15:22:56 Sent ACK for chunk 885
2025/04/30 15:22:56 Received ACK for chunk 886/10240
Received chunk 887/10240: fixtures/large_file.bin
2025/04/30 15:22:56 Sent ACK for chunk 886
2025/04/30 15:22:56 Received ACK for chunk 887/10240
Received chunk 888/10240: fixtures/large_file.bin
2025/04/30 15:22:56 Sent ACK for chunk 887
2025/04/30 15:22:56 Received ACK for chunk 888/10240
Received chunk 889/10240: fixtures/large_file.bin
2025/04/30 15:22:56 Sent ACK for chunk 888
2025/04/30 15:22:56 Received ACK for chunk 889/10240
Received chunk 890/10240: fixtures/large_file.bin
2025/04/30 15:22:56 Sent ACK for chunk 889
2025/04/30 15:22:56 Received ACK for chunk 890/10240
Received chunk 891/10240: fixtures/large_file.bin
2025/04/30 15:22:56 Sent ACK for chunk 890
2025/04/30 15:22:56 Received ACK for chunk 891/10240
Received chunk 892/10240: fixtures/large_file.bin
2025/04/30 15:22:56 Sent ACK for chunk 891
2025/04/30 15:22:56 Received ACK for chunk 892/10240
Received chunk 893/10240: fixtures/large_file.bin
2025/04/30 15:22:56 Sent ACK for chunk 892
2025/04/30 15:22:56 Received ACK for chunk 893/10240
Received chunk 894/10240: fixtures/large_file.bin
2025/04/30 15:22:56 Sent ACK for chunk 893
2025/04/30 15:22:56 Received ACK for chunk 894/10240
Received chunk 895/10240: fixtures/large_file.bin
2025/04/30 15:22:56 Sent ACK for chunk 894
2025/04/30 15:22:56 Received ACK for chunk 895/10240
Received chunk 896/10240: fixtures/large_file.bin
2025/04/30 15:22:56 Sent ACK for chunk 895
2025/04/30 15:22:56 Received ACK for chunk 896/10240
Received chunk 897/10240: fixtures/large_file.bin
2025/04/30 15:22:56 Sent ACK for chunk 896
2025/04/30 15:22:56 Received ACK for chunk 897/10240
Received chunk 898/10240: fixtures/large_file.bin
2025/04/30 15:22:56 Sent ACK for chunk 897
2025/04/30 15:22:56 Received ACK for chunk 898/10240
Received chunk 899/10240: fixtures/large_file.bin
2025/04/30 15:22:56 Sent ACK for chunk 898
2025/04/30 15:22:56 Received ACK for chunk 899/10240
Received chunk 900/10240: fixtures/large_file.bin
2025/04/30 15:22:56 Sent ACK for chunk 899
2025/04/30 15:22:56 Received ACK for chunk 900/10240
Received chunk 901/10240: fixtures/large_file.bin
2025/04/30 15:22:56 Sent ACK for chunk 900
2025/04/30 15:22:56 Received ACK for chunk 901/10240
Received chunk 902/10240: fixtures/large_file.bin
2025/04/30 15:22:56 Sent ACK for chunk 901
2025/04/30 15:22:56 Received ACK for chunk 902/10240
Received chunk 903/10240: fixtures/large_file.bin
2025/04/30 15:22:56 Sent ACK for chunk 902
2025/04/30 15:22:56 Received ACK for chunk 903/10240
Received chunk 904/10240: fixtures/large_file.bin
2025/04/30 15:22:56 Sent ACK for chunk 903
2025/04/30 15:22:56 Received ACK for chunk 904/10240
Received chunk 905/10240: fixtures/large_file.bin
2025/04/30 15:22:56 Sent ACK for chunk 904
2025/04/30 15:22:56 Received ACK for chunk 905/10240
Received chunk 906/10240: fixtures/large_file.bin
2025/04/30 15:22:56 Sent ACK for chunk 905
2025/04/30 15:22:56 Received ACK for chunk 906/10240
Received chunk 907/10240: fixtures/large_file.bin
2025/04/30 15:22:56 Sent ACK for chunk 906
2025/04/30 15:22:56 Received ACK for chunk 907/10240
Received chunk 908/10240: fixtures/large_file.bin
2025/04/30 15:22:56 Sent ACK for chunk 907
2025/04/30 15:22:56 Received ACK for chunk 908/10240
Received chunk 909/10240: fixtures/large_file.bin
2025/04/30 15:22:56 Sent ACK for chunk 908
2025/04/30 15:22:56 Received ACK for chunk 909/10240
Received chunk 910/10240: fixtures/large_file.bin
2025/04/30 15:22:56 Sent ACK for chunk 909
2025/04/30 15:22:56 Received ACK for chunk 910/10240
Received chunk 911/10240: fixtures/large_file.bin
2025/04/30 15:22:56 Sent ACK for chunk 910
2025/04/30 15:22:56 Received ACK for chunk 911/10240
Received chunk 912/10240: fixtures/large_file.bin
2025/04/30 15:22:56 Sent ACK for chunk 911
2025/04/30 15:22:56 Received ACK for chunk 912/10240
Received chunk 913/10240: fixtures/large_file.bin
2025/04/30 15:22:56 Sent ACK for chunk 912
2025/04/30 15:22:56 Received ACK for chunk 913/10240
Received chunk 914/10240: fixtures/large_file.bin
2025/04/30 15:22:56 Sent ACK for chunk 913
2025/04/30 15:22:56 Received ACK for chunk 914/10240
Received chunk 915/10240: fixtures/large_file.bin
2025/04/30 15:22:56 Sent ACK for chunk 914
2025/04/30 15:22:56 Received ACK for chunk 915/10240
Received chunk 916/10240: fixtures/large_file.bin
2025/04/30 15:22:56 Sent ACK for chunk 915
2025/04/30 15:22:56 Received ACK for chunk 916/10240
Received chunk 917/10240: fixtures/large_file.bin
2025/04/30 15:22:56 Sent ACK for chunk 916
2025/04/30 15:22:56 Received ACK for chunk 917/10240
Received chunk 918/10240: fixtures/large_file.bin
2025/04/30 15:22:56 Sent ACK for chunk 917
2025/04/30 15:22:56 Received ACK for chunk 918/10240
Received chunk 919/10240: fixtures/large_file.bin
2025/04/30 15:22:56 Sent ACK for chunk 918
2025/04/30 15:22:56 Received ACK for chunk 919/10240
Received chunk 920/10240: fixtures/large_file.bin
2025/04/30 15:22:56 Sent ACK for chunk 919
2025/04/30 15:22:56 Received ACK for chunk 920/10240
Received chunk 921/10240: fixtures/large_file.bin
2025/04/30 15:22:56 Sent ACK for chunk 920
2025/04/30 15:22:56 Received ACK for chunk 921/10240
Received chunk 922/10240: fixtures/large_file.bin
2025/04/30 15:22:56 Sent ACK for chunk 921
2025/04/30 15:22:56 Received ACK for chunk 922/10240
Received chunk 923/10240: fixtures/large_file.bin
2025/04/30 15:22:56 Sent ACK for chunk 922
2025/04/30 15:22:56 Received ACK for chunk 923/10240
Received chunk 924/10240: fixtures/large_file.bin
2025/04/30 15:22:56 Sent ACK for chunk 923
2025/04/30 15:22:56 Received ACK for chunk 924/10240
Received chunk 925/10240: fixtures/large_file.bin
2025/04/30 15:22:56 Sent ACK for chunk 924
2025/04/30 15:22:56 Received ACK for chunk 925/10240
Received chunk 926/10240: fixtures/large_file.bin
2025/04/30 15:22:56 Sent ACK for chunk 925
2025/04/30 15:22:56 Received ACK for chunk 926/10240
Received chunk 927/10240: fixtures/large_file.bin
2025/04/30 15:22:56 Sent ACK for chunk 926
2025/04/30 15:22:56 Received ACK for chunk 927/10240
Received chunk 928/10240: fixtures/large_file.bin
2025/04/30 15:22:56 Sent ACK for chunk 927
2025/04/30 15:22:56 Received ACK for chunk 928/10240
Received chunk 929/10240: fixtures/large_file.bin
2025/04/30 15:22:56 Sent ACK for chunk 928
2025/04/30 15:22:56 Received ACK for chunk 929/10240
Received chunk 930/10240: fixtures/large_file.bin
2025/04/30 15:22:56 Sent ACK for chunk 929
2025/04/30 15:22:56 Received ACK for chunk 930/10240
Received chunk 931/10240: fixtures/large_file.bin
2025/04/30 15:22:56 Sent ACK for chunk 930
2025/04/30 15:22:56 Received ACK for chunk 931/10240
Received chunk 932/10240: fixtures/large_file.bin
2025/04/30 15:22:56 Sent ACK for chunk 931
2025/04/30 15:22:56 Received ACK for chunk 932/10240
Received chunk 933/10240: fixtures/large_file.bin
2025/04/30 15:22:56 Sent ACK for chunk 932
2025/04/30 15:22:56 Received ACK for chunk 933/10240
Received chunk 934/10240: fixtures/large_file.bin
2025/04/30 15:22:56 Sent ACK for chunk 933
2025/04/30 15:22:56 Received ACK for chunk 934/10240
Received chunk 935/10240: fixtures/large_file.bin
2025/04/30 15:22:56 Sent ACK for chunk 934
2025/04/30 15:22:56 Received ACK for chunk 935/10240
Received chunk 936/10240: fixtures/large_file.bin
2025/04/30 15:22:56 Sent ACK for chunk 935
2025/04/30 15:22:56 Received ACK for chunk 936/10240
Received chunk 937/10240: fixtures/large_file.bin
2025/04/30 15:22:56 Sent ACK for chunk 936
2025/04/30 15:22:56 Received ACK for chunk 937/10240
Received chunk 938/10240: fixtures/large_file.bin
2025/04/30 15:22:56 Sent ACK for chunk 937
2025/04/30 15:22:56 Received ACK for chunk 938/10240
Received chunk 939/10240: fixtures/large_file.bin
2025/04/30 15:22:56 Sent ACK for chunk 938
2025/04/30 15:22:56 Received ACK for chunk 939/10240
Received chunk 940/10240: fixtures/large_file.bin
2025/04/30 15:22:56 Sent ACK for chunk 939
2025/04/30 15:22:56 Received ACK for chunk 940/10240
Received chunk 941/10240: fixtures/large_file.bin
2025/04/30 15:22:56 Sent ACK for chunk 940
2025/04/30 15:22:56 Received ACK for chunk 941/10240
Received chunk 942/10240: fixtures/large_file.bin
2025/04/30 15:22:56 Sent ACK for chunk 941
2025/04/30 15:22:56 Received ACK for chunk 942/10240
Received chunk 943/10240: fixtures/large_file.bin
2025/04/30 15:22:56 Sent ACK for chunk 942
2025/04/30 15:22:56 Received ACK for chunk 943/10240
Received chunk 944/10240: fixtures/large_file.bin
2025/04/30 15:22:56 Sent ACK for chunk 943
2025/04/30 15:22:56 Received ACK for chunk 944/10240
Received chunk 945/10240: fixtures/large_file.bin
2025/04/30 15:22:56 Sent ACK for chunk 944
2025/04/30 15:22:56 Received ACK for chunk 945/10240
Received chunk 946/10240: fixtures/large_file.bin
2025/04/30 15:22:56 Sent ACK for chunk 945
2025/04/30 15:22:56 Received ACK for chunk 946/10240
Received chunk 947/10240: fixtures/large_file.bin
2025/04/30 15:22:56 Sent ACK for chunk 946
2025/04/30 15:22:56 Received ACK for chunk 947/10240
Received chunk 948/10240: fixtures/large_file.bin
2025/04/30 15:22:56 Sent ACK for chunk 947
2025/04/30 15:22:56 Received ACK for chunk 948/10240
Received chunk 949/10240: fixtures/large_file.bin
2025/04/30 15:22:56 Sent ACK for chunk 948
2025/04/30 15:22:56 Received ACK for chunk 949/10240
Received chunk 950/10240: fixtures/large_file.bin
2025/04/30 15:22:56 Sent ACK for chunk 949
2025/04/30 15:22:56 Received ACK for chunk 950/10240
Received chunk 951/10240: fixtures/large_file.bin
2025/04/30 15:22:56 Sent ACK for chunk 950
2025/04/30 15:22:56 Received ACK for chunk 951/10240
Received chunk 952/10240: fixtures/large_file.bin
2025/04/30 15:22:56 Sent ACK for chunk 951
2025/04/30 15:22:56 Received ACK for chunk 952/10240
Received chunk 953/10240: fixtures/large_file.bin
2025/04/30 15:22:56 Sent ACK for chunk 952
2025/04/30 15:22:56 Received ACK for chunk 953/10240
Received chunk 954/10240: fixtures/large_file.bin
2025/04/30 15:22:56 Sent ACK for chunk 953
2025/04/30 15:22:56 Received ACK for chunk 954/10240
Received chunk 955/10240: fixtures/large_file.bin
2025/04/30 15:22:56 Sent ACK for chunk 954
2025/04/30 15:22:56 Received ACK for chunk 955/10240
Received chunk 956/10240: fixtures/large_file.bin
2025/04/30 15:22:56 Sent ACK for chunk 955
2025/04/30 15:22:56 Received ACK for chunk 956/10240
Received chunk 957/10240: fixtures/large_file.bin
2025/04/30 15:22:56 Sent ACK for chunk 956
2025/04/30 15:22:56 Received ACK for chunk 957/10240
Received chunk 958/10240: fixtures/large_file.bin
2025/04/30 15:22:56 Sent ACK for chunk 957
2025/04/30 15:22:56 Received ACK for chunk 958/10240
Received chunk 959/10240: fixtures/large_file.bin
2025/04/30 15:22:56 Sent ACK for chunk 958
2025/04/30 15:22:56 Received ACK for chunk 959/10240
Received chunk 960/10240: fixtures/large_file.bin
2025/04/30 15:22:56 Sent ACK for chunk 959
2025/04/30 15:22:56 Received ACK for chunk 960/10240
Received chunk 961/10240: fixtures/large_file.bin
2025/04/30 15:22:56 Sent ACK for chunk 960
2025/04/30 15:22:56 Received ACK for chunk 961/10240
Received chunk 962/10240: fixtures/large_file.bin
2025/04/30 15:22:56 Sent ACK for chunk 961
2025/04/30 15:22:56 Received ACK for chunk 962/10240
Received chunk 963/10240: fixtures/large_file.bin
2025/04/30 15:22:56 Sent ACK for chunk 962
2025/04/30 15:22:56 Received ACK for chunk 963/10240
Received chunk 964/10240: fixtures/large_file.bin
2025/04/30 15:22:56 Sent ACK for chunk 963
2025/04/30 15:22:56 Received ACK for chunk 964/10240
Received chunk 965/10240: fixtures/large_file.bin
2025/04/30 15:22:56 Sent ACK for chunk 964
2025/04/30 15:22:56 Received ACK for chunk 965/10240
Received chunk 966/10240: fixtures/large_file.bin
2025/04/30 15:22:56 Sent ACK for chunk 965
2025/04/30 15:22:56 Received ACK for chunk 966/10240
Received chunk 967/10240: fixtures/large_file.bin
2025/04/30 15:22:56 Sent ACK for chunk 966
2025/04/30 15:22:56 Received ACK for chunk 967/10240
Received chunk 968/10240: fixtures/large_file.bin
2025/04/30 15:22:56 Sent ACK for chunk 967
2025/04/30 15:22:56 Received ACK for chunk 968/10240
Received chunk 969/10240: fixtures/large_file.bin
2025/04/30 15:22:56 Sent ACK for chunk 968
2025/04/30 15:22:56 Received ACK for chunk 969/10240
Received chunk 970/10240: fixtures/large_file.bin
2025/04/30 15:22:56 Sent ACK for chunk 969
2025/04/30 15:22:56 Received ACK for chunk 970/10240
Received chunk 971/10240: fixtures/large_file.bin
2025/04/30 15:22:56 Sent ACK for chunk 970
2025/04/30 15:22:56 Received ACK for chunk 971/10240
Received chunk 972/10240: fixtures/large_file.bin
2025/04/30 15:22:56 Sent ACK for chunk 971
2025/04/30 15:22:56 Received ACK for chunk 972/10240
Received chunk 973/10240: fixtures/large_file.bin
2025/04/30 15:22:56 Sent ACK for chunk 972
2025/04/30 15:22:56 Received ACK for chunk 973/10240
Received chunk 974/10240: fixtures/large_file.bin
2025/04/30 15:22:56 Sent ACK for chunk 973
2025/04/30 15:22:56 Received ACK for chunk 974/10240
Received chunk 975/10240: fixtures/large_file.bin
2025/04/30 15:22:56 Sent ACK for chunk 974
2025/04/30 15:22:56 Received ACK for chunk 975/10240
Received chunk 976/10240: fixtures/large_file.bin
2025/04/30 15:22:56 Sent ACK for chunk 975
2025/04/30 15:22:56 Received ACK for chunk 976/10240
Received chunk 977/10240: fixtures/large_file.bin
2025/04/30 15:22:56 Sent ACK for chunk 976
2025/04/30 15:22:56 Received ACK for chunk 977/10240
Received chunk 978/10240: fixtures/large_file.bin
2025/04/30 15:22:56 Sent ACK for chunk 977
2025/04/30 15:22:56 Received ACK for chunk 978/10240
Received chunk 979/10240: fixtures/large_file.bin
2025/04/30 15:22:56 Sent ACK for chunk 978
2025/04/30 15:22:56 Received ACK for chunk 979/10240
Received chunk 980/10240: fixtures/large_file.bin
2025/04/30 15:22:56 Sent ACK for chunk 979
2025/04/30 15:22:56 Received ACK for chunk 980/10240
Received chunk 981/10240: fixtures/large_file.bin
2025/04/30 15:22:56 Sent ACK for chunk 980
2025/04/30 15:22:56 Received ACK for chunk 981/10240
Received chunk 982/10240: fixtures/large_file.bin
2025/04/30 15:22:56 Sent ACK for chunk 981
2025/04/30 15:22:56 Received ACK for chunk 982/10240
Received chunk 983/10240: fixtures/large_file.bin
2025/04/30 15:22:56 Sent ACK for chunk 982
2025/04/30 15:22:56 Received ACK for chunk 983/10240
Received chunk 984/10240: fixtures/large_file.bin
2025/04/30 15:22:56 Sent ACK for chunk 983
2025/04/30 15:22:56 Received ACK for chunk 984/10240
Received chunk 985/10240: fixtures/large_file.bin
2025/04/30 15:22:56 Sent ACK for chunk 984
2025/04/30 15:22:56 Received ACK for chunk 985/10240
Received chunk 986/10240: fixtures/large_file.bin
2025/04/30 15:22:56 Sent ACK for chunk 985
2025/04/30 15:22:56 Received ACK for chunk 986/10240
Received chunk 987/10240: fixtures/large_file.bin
2025/04/30 15:22:56 Sent ACK for chunk 986
2025/04/30 15:22:56 Received ACK for chunk 987/10240
Received chunk 988/10240: fixtures/large_file.bin
2025/04/30 15:22:56 Sent ACK for chunk 987
2025/04/30 15:22:56 Received ACK for chunk 988/10240
Received chunk 989/10240: fixtures/large_file.bin
2025/04/30 15:22:56 Sent ACK for chunk 988
2025/04/30 15:22:56 Received ACK for chunk 989/10240
Received chunk 990/10240: fixtures/large_file.bin
2025/04/30 15:22:56 Sent ACK for chunk 989
2025/04/30 15:22:56 Received ACK for chunk 990/10240
Received chunk 991/10240: fixtures/large_file.bin
2025/04/30 15:22:56 Sent ACK for chunk 990
2025/04/30 15:22:56 Received ACK for chunk 991/10240
Received chunk 992/10240: fixtures/large_file.bin
2025/04/30 15:22:56 Sent ACK for chunk 991
2025/04/30 15:22:56 Received ACK for chunk 992/10240
Received chunk 993/10240: fixtures/large_file.bin
2025/04/30 15:22:56 Sent ACK for chunk 992
2025/04/30 15:22:56 Received ACK for chunk 993/10240
Received chunk 994/10240: fixtures/large_file.bin
2025/04/30 15:22:56 Sent ACK for chunk 993
2025/04/30 15:22:56 Received ACK for chunk 994/10240
Received chunk 995/10240: fixtures/large_file.bin
2025/04/30 15:22:56 Sent ACK for chunk 994
2025/04/30 15:22:56 Received ACK for chunk 995/10240
Received chunk 996/10240: fixtures/large_file.bin
2025/04/30 15:22:56 Sent ACK for chunk 995
2025/04/30 15:22:56 Received ACK for chunk 996/10240
Received chunk 997/10240: fixtures/large_file.bin
2025/04/30 15:22:56 Sent ACK for chunk 996
2025/04/30 15:22:56 Received ACK for chunk 997/10240
Received chunk 998/10240: fixtures/large_file.bin
2025/04/30 15:22:56 Sent ACK for chunk 997
2025/04/30 15:22:56 Received ACK for chunk 998/10240
Received chunk 999/10240: fixtures/large_file.bin
2025/04/30 15:22:56 Sent ACK for chunk 998
2025/04/30 15:22:56 Received ACK for chunk 999/10240
Received chunk 1000/10240: fixtures/large_file.bin
2025/04/30 15:22:56 Sent ACK for chunk 999
2025/04/30 15:22:56 Received ACK for chunk 1000/10240
Received chunk 1001/10240: fixtures/large_file.bin
2025/04/30 15:22:56 Sent ACK for chunk 1000
2025/04/30 15:22:56 Received ACK for chunk 1001/10240
Received chunk 1002/10240: fixtures/large_file.bin
2025/04/30 15:22:56 Sent ACK for chunk 1001
2025/04/30 15:22:56 Received ACK for chunk 1002/10240
Received chunk 1003/10240: fixtures/large_file.bin
2025/04/30 15:22:56 Sent ACK for chunk 1002
2025/04/30 15:22:56 Received ACK for chunk 1003/10240
Received chunk 1004/10240: fixtures/large_file.bin
2025/04/30 15:22:56 Sent ACK for chunk 1003
2025/04/30 15:22:56 Received ACK for chunk 1004/10240
Received chunk 1005/10240: fixtures/large_file.bin
2025/04/30 15:22:56 Sent ACK for chunk 1004
2025/04/30 15:22:56 Received ACK for chunk 1005/10240
Received chunk 1006/10240: fixtures/large_file.bin
2025/04/30 15:22:56 Sent ACK for chunk 1005
2025/04/30 15:22:56 Received ACK for chunk 1006/10240
Received chunk 1007/10240: fixtures/large_file.bin
2025/04/30 15:22:56 Sent ACK for chunk 1006
2025/04/30 15:22:56 Received ACK for chunk 1007/10240
Received chunk 1008/10240: fixtures/large_file.bin
2025/04/30 15:22:56 Sent ACK for chunk 1007
2025/04/30 15:22:56 Received ACK for chunk 1008/10240
Received chunk 1009/10240: fixtures/large_file.bin
2025/04/30 15:22:56 Sent ACK for chunk 1008
2025/04/30 15:22:56 Received ACK for chunk 1009/10240
Received chunk 1010/10240: fixtures/large_file.bin
2025/04/30 15:22:56 Sent ACK for chunk 1009
2025/04/30 15:22:56 Received ACK for chunk 1010/10240
Received chunk 1011/10240: fixtures/large_file.bin
2025/04/30 15:22:56 Sent ACK for chunk 1010
2025/04/30 15:22:56 Received ACK for chunk 1011/10240
Received chunk 1012/10240: fixtures/large_file.bin
2025/04/30 15:22:56 Sent ACK for chunk 1011
2025/04/30 15:22:56 Received ACK for chunk 1012/10240
Received chunk 1013/10240: fixtures/large_file.bin
2025/04/30 15:22:56 Sent ACK for chunk 1012
2025/04/30 15:22:56 Received ACK for chunk 1013/10240
Received chunk 1014/10240: fixtures/large_file.bin
2025/04/30 15:22:56 Sent ACK for chunk 1013
2025/04/30 15:22:56 Received ACK for chunk 1014/10240
Received chunk 1015/10240: fixtures/large_file.bin
2025/04/30 15:22:56 Sent ACK for chunk 1014
2025/04/30 15:22:56 Received ACK for chunk 1015/10240
Received chunk 1016/10240: fixtures/large_file.bin
2025/04/30 15:22:56 Sent ACK for chunk 1015
2025/04/30 15:22:56 Received ACK for chunk 1016/10240
Received chunk 1017/10240: fixtures/large_file.bin
2025/04/30 15:22:56 Sent ACK for chunk 1016
2025/04/30 15:22:56 Received ACK for chunk 1017/10240
Received chunk 1018/10240: fixtures/large_file.bin
2025/04/30 15:22:56 Sent ACK for chunk 1017
2025/04/30 15:22:56 Received ACK for chunk 1018/10240
Received chunk 1019/10240: fixtures/large_file.bin
2025/04/30 15:22:56 Sent ACK for chunk 1018
2025/04/30 15:22:56 Received ACK for chunk 1019/10240
Received chunk 1020/10240: fixtures/large_file.bin
2025/04/30 15:22:56 Sent ACK for chunk 1019
2025/04/30 15:22:56 Received ACK for chunk 1020/10240
Received chunk 1021/10240: fixtures/large_file.bin
2025/04/30 15:22:56 Sent ACK for chunk 1020
2025/04/30 15:22:56 Received ACK for chunk 1021/10240
Received chunk 1022/10240: fixtures/large_file.bin
2025/04/30 15:22:56 Sent ACK for chunk 1021
2025/04/30 15:22:56 Received ACK for chunk 1022/10240
Received chunk 1023/10240: fixtures/large_file.bin
2025/04/30 15:22:56 Sent ACK for chunk 1022
2025/04/30 15:22:56 Received ACK for chunk 1023/10240
Received chunk 1024/10240: fixtures/large_file.bin
2025/04/30 15:22:56 Sent ACK for chunk 1023
2025/04/30 15:22:56 Received ACK for chunk 1024/10240
Received chunk 1025/10240: fixtures/large_file.bin
2025/04/30 15:22:56 Sent ACK for chunk 1024
2025/04/30 15:22:56 Received ACK for chunk 1025/10240
Received chunk 1026/10240: fixtures/large_file.bin
2025/04/30 15:22:56 Sent ACK for chunk 1025
2025/04/30 15:22:56 Received ACK for chunk 1026/10240
Received chunk 1027/10240: fixtures/large_file.bin
2025/04/30 15:22:56 Sent ACK for chunk 1026
2025/04/30 15:22:56 Received ACK for chunk 1027/10240
Received chunk 1028/10240: fixtures/large_file.bin
2025/04/30 15:22:56 Sent ACK for chunk 1027
2025/04/30 15:22:56 Received ACK for chunk 1028/10240
Received chunk 1029/10240: fixtures/large_file.bin
2025/04/30 15:22:56 Sent ACK for chunk 1028
2025/04/30 15:22:56 Received ACK for chunk 1029/10240
Received chunk 1030/10240: fixtures/large_file.bin
2025/04/30 15:22:56 Sent ACK for chunk 1029
2025/04/30 15:22:56 Received ACK for chunk 1030/10240
Received chunk 1031/10240: fixtures/large_file.bin
2025/04/30 15:22:56 Sent ACK for chunk 1030
2025/04/30 15:22:56 Received ACK for chunk 1031/10240
Received chunk 1032/10240: fixtures/large_file.bin
2025/04/30 15:22:56 Sent ACK for chunk 1031
2025/04/30 15:22:56 Received ACK for chunk 1032/10240
Received chunk 1033/10240: fixtures/large_file.bin
2025/04/30 15:22:56 Sent ACK for chunk 1032
2025/04/30 15:22:56 Received ACK for chunk 1033/10240
Received chunk 1034/10240: fixtures/large_file.bin
2025/04/30 15:22:56 Sent ACK for chunk 1033
2025/04/30 15:22:56 Received ACK for chunk 1034/10240
Received chunk 1035/10240: fixtures/large_file.bin
2025/04/30 15:22:56 Sent ACK for chunk 1034
2025/04/30 15:22:56 Received ACK for chunk 1035/10240
Received chunk 1036/10240: fixtures/large_file.bin
2025/04/30 15:22:56 Sent ACK for chunk 1035
2025/04/30 15:22:56 Received ACK for chunk 1036/10240
Received chunk 1037/10240: fixtures/large_file.bin
2025/04/30 15:22:56 Sent ACK for chunk 1036
2025/04/30 15:22:56 Received ACK for chunk 1037/10240
Received chunk 1038/10240: fixtures/large_file.bin
2025/04/30 15:22:56 Sent ACK for chunk 1037
2025/04/30 15:22:56 Received ACK for chunk 1038/10240
Received chunk 1039/10240: fixtures/large_file.bin
2025/04/30 15:22:56 Sent ACK for chunk 1038
2025/04/30 15:22:56 Received ACK for chunk 1039/10240
Received chunk 1040/10240: fixtures/large_file.bin
2025/04/30 15:22:56 Sent ACK for chunk 1039
2025/04/30 15:22:56 Received ACK for chunk 1040/10240
Received chunk 1041/10240: fixtures/large_file.bin
2025/04/30 15:22:56 Sent ACK for chunk 1040
2025/04/30 15:22:56 Received ACK for chunk 1041/10240
Received chunk 1042/10240: fixtures/large_file.bin
2025/04/30 15:22:56 Sent ACK for chunk 1041
2025/04/30 15:22:56 Received ACK for chunk 1042/10240
Received chunk 1043/10240: fixtures/large_file.bin
2025/04/30 15:22:56 Sent ACK for chunk 1042
2025/04/30 15:22:56 Received ACK for chunk 1043/10240
Received chunk 1044/10240: fixtures/large_file.bin
2025/04/30 15:22:56 Sent ACK for chunk 1043
2025/04/30 15:22:56 Received ACK for chunk 1044/10240
Received chunk 1045/10240: fixtures/large_file.bin
2025/04/30 15:22:56 Sent ACK for chunk 1044
2025/04/30 15:22:56 Received ACK for chunk 1045/10240
Received chunk 1046/10240: fixtures/large_file.bin
2025/04/30 15:22:56 Sent ACK for chunk 1045
2025/04/30 15:22:56 Received ACK for chunk 1046/10240
Received chunk 1047/10240: fixtures/large_file.bin
2025/04/30 15:22:56 Sent ACK for chunk 1046
2025/04/30 15:22:56 Received ACK for chunk 1047/10240
Received chunk 1048/10240: fixtures/large_file.bin
2025/04/30 15:22:56 Sent ACK for chunk 1047
2025/04/30 15:22:56 Received ACK for chunk 1048/10240
Received chunk 1049/10240: fixtures/large_file.bin
2025/04/30 15:22:56 Sent ACK for chunk 1048
2025/04/30 15:22:56 Received ACK for chunk 1049/10240
Received chunk 1050/10240: fixtures/large_file.bin
2025/04/30 15:22:56 Sent ACK for chunk 1049
2025/04/30 15:22:56 Received ACK for chunk 1050/10240
Received chunk 1051/10240: fixtures/large_file.bin
2025/04/30 15:22:56 Sent ACK for chunk 1050
2025/04/30 15:22:56 Received ACK for chunk 1051/10240
Received chunk 1052/10240: fixtures/large_file.bin
2025/04/30 15:22:56 Sent ACK for chunk 1051
2025/04/30 15:22:56 Received ACK for chunk 1052/10240
Received chunk 1053/10240: fixtures/large_file.bin
2025/04/30 15:22:56 Sent ACK for chunk 1052
2025/04/30 15:22:56 Received ACK for chunk 1053/10240
Received chunk 1054/10240: fixtures/large_file.bin
2025/04/30 15:22:56 Sent ACK for chunk 1053
2025/04/30 15:22:56 Received ACK for chunk 1054/10240
Received chunk 1055/10240: fixtures/large_file.bin
2025/04/30 15:22:56 Sent ACK for chunk 1054
2025/04/30 15:22:56 Received ACK for chunk 1055/10240
Received chunk 1056/10240: fixtures/large_file.bin
2025/04/30 15:22:56 Sent ACK for chunk 1055
2025/04/30 15:22:56 Received ACK for chunk 1056/10240
Received chunk 1057/10240: fixtures/large_file.bin
2025/04/30 15:22:56 Sent ACK for chunk 1056
2025/04/30 15:22:56 Received ACK for chunk 1057/10240
Received chunk 1058/10240: fixtures/large_file.bin
2025/04/30 15:22:56 Sent ACK for chunk 1057
2025/04/30 15:22:56 Received ACK for chunk 1058/10240
Received chunk 1059/10240: fixtures/large_file.bin
2025/04/30 15:22:56 Sent ACK for chunk 1058
2025/04/30 15:22:56 Received ACK for chunk 1059/10240
Received chunk 1060/10240: fixtures/large_file.bin
2025/04/30 15:22:56 Sent ACK for chunk 1059
2025/04/30 15:22:56 Received ACK for chunk 1060/10240
Received chunk 1061/10240: fixtures/large_file.bin
2025/04/30 15:22:56 Sent ACK for chunk 1060
2025/04/30 15:22:56 Received ACK for chunk 1061/10240
Received chunk 1062/10240: fixtures/large_file.bin
2025/04/30 15:22:56 Sent ACK for chunk 1061
2025/04/30 15:22:56 Received ACK for chunk 1062/10240
Received chunk 1063/10240: fixtures/large_file.bin
2025/04/30 15:22:56 Sent ACK for chunk 1062
2025/04/30 15:22:56 Received ACK for chunk 1063/10240
Received chunk 1064/10240: fixtures/large_file.bin
2025/04/30 15:22:56 Sent ACK for chunk 1063
2025/04/30 15:22:56 Received ACK for chunk 1064/10240
Received chunk 1065/10240: fixtures/large_file.bin
2025/04/30 15:22:56 Sent ACK for chunk 1064
2025/04/30 15:22:56 Received ACK for chunk 1065/10240
Received chunk 1066/10240: fixtures/large_file.bin
2025/04/30 15:22:56 Sent ACK for chunk 1065
2025/04/30 15:22:56 Received ACK for chunk 1066/10240
Received chunk 1067/10240: fixtures/large_file.bin
2025/04/30 15:22:56 Sent ACK for chunk 1066
2025/04/30 15:22:56 Received ACK for chunk 1067/10240
Received chunk 1068/10240: fixtures/large_file.bin
2025/04/30 15:22:56 Sent ACK for chunk 1067
2025/04/30 15:22:56 Received ACK for chunk 1068/10240
Received chunk 1069/10240: fixtures/large_file.bin
2025/04/30 15:22:56 Sent ACK for chunk 1068
2025/04/30 15:22:56 Received ACK for chunk 1069/10240
Received chunk 1070/10240: fixtures/large_file.bin
2025/04/30 15:22:56 Sent ACK for chunk 1069
2025/04/30 15:22:56 Received ACK for chunk 1070/10240
Received chunk 1071/10240: fixtures/large_file.bin
2025/04/30 15:22:56 Sent ACK for chunk 1070
2025/04/30 15:22:56 Received ACK for chunk 1071/10240
Received chunk 1072/10240: fixtures/large_file.bin
2025/04/30 15:22:56 Sent ACK for chunk 1071
2025/04/30 15:22:56 Received ACK for chunk 1072/10240
Received chunk 1073/10240: fixtures/large_file.bin
2025/04/30 15:22:56 Sent ACK for chunk 1072
2025/04/30 15:22:56 Received ACK for chunk 1073/10240
Received chunk 1074/10240: fixtures/large_file.bin
2025/04/30 15:22:56 Sent ACK for chunk 1073
2025/04/30 15:22:56 Received ACK for chunk 1074/10240
Received chunk 1075/10240: fixtures/large_file.bin
2025/04/30 15:22:56 Sent ACK for chunk 1074
2025/04/30 15:22:56 Received ACK for chunk 1075/10240
Received chunk 1076/10240: fixtures/large_file.bin
2025/04/30 15:22:56 Sent ACK for chunk 1075
2025/04/30 15:22:56 Received ACK for chunk 1076/10240
Received chunk 1077/10240: fixtures/large_file.bin
2025/04/30 15:22:56 Sent ACK for chunk 1076
2025/04/30 15:22:56 Received ACK for chunk 1077/10240
Received chunk 1078/10240: fixtures/large_file.bin
2025/04/30 15:22:56 Sent ACK for chunk 1077
2025/04/30 15:22:56 Received ACK for chunk 1078/10240
Received chunk 1079/10240: fixtures/large_file.bin
2025/04/30 15:22:56 Sent ACK for chunk 1078
2025/04/30 15:22:56 Received ACK for chunk 1079/10240
Received chunk 1080/10240: fixtures/large_file.bin
2025/04/30 15:22:56 Sent ACK for chunk 1079
2025/04/30 15:22:56 Received ACK for chunk 1080/10240
Received chunk 1081/10240: fixtures/large_file.bin
2025/04/30 15:22:56 Sent ACK for chunk 1080
2025/04/30 15:22:56 Received ACK for chunk 1081/10240
Received chunk 1082/10240: fixtures/large_file.bin
2025/04/30 15:22:56 Sent ACK for chunk 1081
2025/04/30 15:22:56 Received ACK for chunk 1082/10240
Received chunk 1083/10240: fixtures/large_file.bin
2025/04/30 15:22:56 Sent ACK for chunk 1082
2025/04/30 15:22:56 Received ACK for chunk 1083/10240
Received chunk 1084/10240: fixtures/large_file.bin
2025/04/30 15:22:56 Sent ACK for chunk 1083
2025/04/30 15:22:56 Received ACK for chunk 1084/10240
Received chunk 1085/10240: fixtures/large_file.bin
2025/04/30 15:22:56 Sent ACK for chunk 1084
2025/04/30 15:22:56 Received ACK for chunk 1085/10240
Received chunk 1086/10240: fixtures/large_file.bin
2025/04/30 15:22:56 Sent ACK for chunk 1085
2025/04/30 15:22:56 Received ACK for chunk 1086/10240
Received chunk 1087/10240: fixtures/large_file.bin
2025/04/30 15:22:56 Sent ACK for chunk 1086
2025/04/30 15:22:56 Received ACK for chunk 1087/10240
Received chunk 1088/10240: fixtures/large_file.bin
2025/04/30 15:22:56 Sent ACK for chunk 1087
2025/04/30 15:22:56 Received ACK for chunk 1088/10240
Received chunk 1089/10240: fixtures/large_file.bin
2025/04/30 15:22:56 Sent ACK for chunk 1088
2025/04/30 15:22:56 Received ACK for chunk 1089/10240
Received chunk 1090/10240: fixtures/large_file.bin
2025/04/30 15:22:56 Sent ACK for chunk 1089
2025/04/30 15:22:56 Received ACK for chunk 1090/10240
Received chunk 1091/10240: fixtures/large_file.bin
2025/04/30 15:22:56 Sent ACK for chunk 1090
2025/04/30 15:22:56 Received ACK for chunk 1091/10240
Received chunk 1092/10240: fixtures/large_file.bin
2025/04/30 15:22:56 Sent ACK for chunk 1091
2025/04/30 15:22:56 Received ACK for chunk 1092/10240
Received chunk 1093/10240: fixtures/large_file.bin
2025/04/30 15:22:56 Sent ACK for chunk 1092
2025/04/30 15:22:56 Received ACK for chunk 1093/10240
Received chunk 1094/10240: fixtures/large_file.bin
2025/04/30 15:22:56 Sent ACK for chunk 1093
2025/04/30 15:22:56 Received ACK for chunk 1094/10240
Received chunk 1095/10240: fixtures/large_file.bin
2025/04/30 15:22:56 Sent ACK for chunk 1094
2025/04/30 15:22:56 Received ACK for chunk 1095/10240
Received chunk 1096/10240: fixtures/large_file.bin
2025/04/30 15:22:56 Sent ACK for chunk 1095
2025/04/30 15:22:56 Received ACK for chunk 1096/10240
Received chunk 1097/10240: fixtures/large_file.bin
2025/04/30 15:22:56 Sent ACK for chunk 1096
2025/04/30 15:22:56 Received ACK for chunk 1097/10240
Received chunk 1098/10240: fixtures/large_file.bin
2025/04/30 15:22:56 Sent ACK for chunk 1097
2025/04/30 15:22:56 Received ACK for chunk 1098/10240
Received chunk 1099/10240: fixtures/large_file.bin
2025/04/30 15:22:56 Sent ACK for chunk 1098
2025/04/30 15:22:56 Received ACK for chunk 1099/10240
Received chunk 1100/10240: fixtures/large_file.bin
2025/04/30 15:22:56 Sent ACK for chunk 1099
2025/04/30 15:22:56 Received ACK for chunk 1100/10240
Received chunk 1101/10240: fixtures/large_file.bin
2025/04/30 15:22:56 Sent ACK for chunk 1100
2025/04/30 15:22:56 Received ACK for chunk 1101/10240
Received chunk 1102/10240: fixtures/large_file.bin
2025/04/30 15:22:56 Sent ACK for chunk 1101
2025/04/30 15:22:56 Received ACK for chunk 1102/10240
Received chunk 1103/10240: fixtures/large_file.bin
2025/04/30 15:22:56 Sent ACK for chunk 1102
2025/04/30 15:22:56 Received ACK for chunk 1103/10240
Received chunk 1104/10240: fixtures/large_file.bin
2025/04/30 15:22:56 Sent ACK for chunk 1103
2025/04/30 15:22:56 Received ACK for chunk 1104/10240
Received chunk 1105/10240: fixtures/large_file.bin
2025/04/30 15:22:56 Sent ACK for chunk 1104
2025/04/30 15:22:56 Received ACK for chunk 1105/10240
Received chunk 1106/10240: fixtures/large_file.bin
2025/04/30 15:22:56 Sent ACK for chunk 1105
2025/04/30 15:22:56 Received ACK for chunk 1106/10240
Received chunk 1107/10240: fixtures/large_file.bin
2025/04/30 15:22:56 Sent ACK for chunk 1106
2025/04/30 15:22:56 Received ACK for chunk 1107/10240
Received chunk 1108/10240: fixtures/large_file.bin
2025/04/30 15:22:56 Sent ACK for chunk 1107
2025/04/30 15:22:56 Received ACK for chunk 1108/10240
Received chunk 1109/10240: fixtures/large_file.bin
2025/04/30 15:22:56 Sent ACK for chunk 1108
2025/04/30 15:22:56 Received ACK for chunk 1109/10240
Received chunk 1110/10240: fixtures/large_file.bin
2025/04/30 15:22:56 Sent ACK for chunk 1109
2025/04/30 15:22:56 Received ACK for chunk 1110/10240
Received chunk 1111/10240: fixtures/large_file.bin
2025/04/30 15:22:56 Sent ACK for chunk 1110
2025/04/30 15:22:56 Received ACK for chunk 1111/10240
Received chunk 1112/10240: fixtures/large_file.bin
2025/04/30 15:22:56 Sent ACK for chunk 1111
2025/04/30 15:22:56 Received ACK for chunk 1112/10240
Received chunk 1113/10240: fixtures/large_file.bin
2025/04/30 15:22:56 Sent ACK for chunk 1112
2025/04/30 15:22:56 Received ACK for chunk 1113/10240
Received chunk 1114/10240: fixtures/large_file.bin
2025/04/30 15:22:56 Sent ACK for chunk 1113
2025/04/30 15:22:56 Received ACK for chunk 1114/10240
Received chunk 1115/10240: fixtures/large_file.bin
2025/04/30 15:22:56 Sent ACK for chunk 1114
2025/04/30 15:22:56 Received ACK for chunk 1115/10240
Received chunk 1116/10240: fixtures/large_file.bin
2025/04/30 15:22:56 Sent ACK for chunk 1115
2025/04/30 15:22:56 Received ACK for chunk 1116/10240
Received chunk 1117/10240: fixtures/large_file.bin
2025/04/30 15:22:56 Sent ACK for chunk 1116
2025/04/30 15:22:56 Received ACK for chunk 1117/10240
Received chunk 1118/10240: fixtures/large_file.bin
2025/04/30 15:22:56 Sent ACK for chunk 1117
2025/04/30 15:22:56 Received ACK for chunk 1118/10240
Received chunk 1119/10240: fixtures/large_file.bin
2025/04/30 15:22:56 Sent ACK for chunk 1118
2025/04/30 15:22:56 Received ACK for chunk 1119/10240
Received chunk 1120/10240: fixtures/large_file.bin
2025/04/30 15:22:56 Sent ACK for chunk 1119
2025/04/30 15:22:56 Received ACK for chunk 1120/10240
Received chunk 1121/10240: fixtures/large_file.bin
2025/04/30 15:22:56 Sent ACK for chunk 1120
2025/04/30 15:22:56 Received ACK for chunk 1121/10240
Received chunk 1122/10240: fixtures/large_file.bin
2025/04/30 15:22:56 Sent ACK for chunk 1121
2025/04/30 15:22:56 Received ACK for chunk 1122/10240
Received chunk 1123/10240: fixtures/large_file.bin
2025/04/30 15:22:56 Sent ACK for chunk 1122
2025/04/30 15:22:56 Received ACK for chunk 1123/10240
Received chunk 1124/10240: fixtures/large_file.bin
2025/04/30 15:22:56 Sent ACK for chunk 1123
2025/04/30 15:22:56 Received ACK for chunk 1124/10240
Received chunk 1125/10240: fixtures/large_file.bin
2025/04/30 15:22:56 Sent ACK for chunk 1124
2025/04/30 15:22:56 Received ACK for chunk 1125/10240
Received chunk 1126/10240: fixtures/large_file.bin
2025/04/30 15:22:56 Sent ACK for chunk 1125
2025/04/30 15:22:56 Received ACK for chunk 1126/10240
Received chunk 1127/10240: fixtures/large_file.bin
2025/04/30 15:22:56 Sent ACK for chunk 1126
2025/04/30 15:22:56 Received ACK for chunk 1127/10240
Received chunk 1128/10240: fixtures/large_file.bin
2025/04/30 15:22:56 Sent ACK for chunk 1127
2025/04/30 15:22:56 Received ACK for chunk 1128/10240
Received chunk 1129/10240: fixtures/large_file.bin
2025/04/30 15:22:56 Sent ACK for chunk 1128
2025/04/30 15:22:56 Received ACK for chunk 1129/10240
Received chunk 1130/10240: fixtures/large_file.bin
2025/04/30 15:22:56 Sent ACK for chunk 1129
2025/04/30 15:22:56 Received ACK for chunk 1130/10240
Received chunk 1131/10240: fixtures/large_file.bin
2025/04/30 15:22:56 Sent ACK for chunk 1130
2025/04/30 15:22:56 Received ACK for chunk 1131/10240
Received chunk 1132/10240: fixtures/large_file.bin
2025/04/30 15:22:56 Sent ACK for chunk 1131
2025/04/30 15:22:56 Received ACK for chunk 1132/10240
Received chunk 1133/10240: fixtures/large_file.bin
2025/04/30 15:22:56 Sent ACK for chunk 1132
2025/04/30 15:22:56 Received ACK for chunk 1133/10240
Received chunk 1134/10240: fixtures/large_file.bin
2025/04/30 15:22:56 Sent ACK for chunk 1133
2025/04/30 15:22:56 Received ACK for chunk 1134/10240
Received chunk 1135/10240: fixtures/large_file.bin
2025/04/30 15:22:56 Sent ACK for chunk 1134
2025/04/30 15:22:56 Received ACK for chunk 1135/10240
Received chunk 1136/10240: fixtures/large_file.bin
2025/04/30 15:22:56 Sent ACK for chunk 1135
2025/04/30 15:22:56 Received ACK for chunk 1136/10240
Received chunk 1137/10240: fixtures/large_file.bin
2025/04/30 15:22:56 Sent ACK for chunk 1136
2025/04/30 15:22:56 Received ACK for chunk 1137/10240
Received chunk 1138/10240: fixtures/large_file.bin
2025/04/30 15:22:56 Sent ACK for chunk 1137
2025/04/30 15:22:56 Received ACK for chunk 1138/10240
Received chunk 1139/10240: fixtures/large_file.bin
2025/04/30 15:22:56 Sent ACK for chunk 1138
2025/04/30 15:22:56 Received ACK for chunk 1139/10240
Received chunk 1140/10240: fixtures/large_file.bin
2025/04/30 15:22:56 Sent ACK for chunk 1139
2025/04/30 15:22:56 Received ACK for chunk 1140/10240
Received chunk 1141/10240: fixtures/large_file.bin
2025/04/30 15:22:56 Sent ACK for chunk 1140
2025/04/30 15:22:56 Received ACK for chunk 1141/10240
Received chunk 1142/10240: fixtures/large_file.bin
2025/04/30 15:22:56 Sent ACK for chunk 1141
2025/04/30 15:22:56 Received ACK for chunk 1142/10240
Received chunk 1143/10240: fixtures/large_file.bin
2025/04/30 15:22:56 Sent ACK for chunk 1142
2025/04/30 15:22:56 Received ACK for chunk 1143/10240
Received chunk 1144/10240: fixtures/large_file.bin
2025/04/30 15:22:56 Sent ACK for chunk 1143
2025/04/30 15:22:56 Received ACK for chunk 1144/10240
Received chunk 1145/10240: fixtures/large_file.bin
2025/04/30 15:22:56 Sent ACK for chunk 1144
2025/04/30 15:22:56 Received ACK for chunk 1145/10240
Received chunk 1146/10240: fixtures/large_file.bin
2025/04/30 15:22:56 Sent ACK for chunk 1145
2025/04/30 15:22:56 Received ACK for chunk 1146/10240
Received chunk 1147/10240: fixtures/large_file.bin
2025/04/30 15:22:56 Sent ACK for chunk 1146
2025/04/30 15:22:56 Received ACK for chunk 1147/10240
Received chunk 1148/10240: fixtures/large_file.bin
2025/04/30 15:22:56 Sent ACK for chunk 1147
2025/04/30 15:22:56 Received ACK for chunk 1148/10240
Received chunk 1149/10240: fixtures/large_file.bin
2025/04/30 15:22:56 Sent ACK for chunk 1148
2025/04/30 15:22:56 Received ACK for chunk 1149/10240
Received chunk 1150/10240: fixtures/large_file.bin
2025/04/30 15:22:56 Sent ACK for chunk 1149
2025/04/30 15:22:56 Received ACK for chunk 1150/10240
Received chunk 1151/10240: fixtures/large_file.bin
2025/04/30 15:22:56 Sent ACK for chunk 1150
2025/04/30 15:22:56 Received ACK for chunk 1151/10240
Received chunk 1152/10240: fixtures/large_file.bin
2025/04/30 15:22:56 Sent ACK for chunk 1151
2025/04/30 15:22:56 Received ACK for chunk 1152/10240
Received chunk 1153/10240: fixtures/large_file.bin
2025/04/30 15:22:56 Sent ACK for chunk 1152
2025/04/30 15:22:56 Received ACK for chunk 1153/10240
Received chunk 1154/10240: fixtures/large_file.bin
2025/04/30 15:22:56 Sent ACK for chunk 1153
2025/04/30 15:22:56 Received ACK for chunk 1154/10240
Received chunk 1155/10240: fixtures/large_file.bin
2025/04/30 15:22:56 Sent ACK for chunk 1154
2025/04/30 15:22:56 Received ACK for chunk 1155/10240
Received chunk 1156/10240: fixtures/large_file.bin
2025/04/30 15:22:56 Sent ACK for chunk 1155
2025/04/30 15:22:56 Received ACK for chunk 1156/10240
Received chunk 1157/10240: fixtures/large_file.bin
2025/04/30 15:22:56 Sent ACK for chunk 1156
2025/04/30 15:22:56 Received ACK for chunk 1157/10240
Received chunk 1158/10240: fixtures/large_file.bin
2025/04/30 15:22:56 Sent ACK for chunk 1157
2025/04/30 15:22:56 Received ACK for chunk 1158/10240
Received chunk 1159/10240: fixtures/large_file.bin
2025/04/30 15:22:56 Sent ACK for chunk 1158
2025/04/30 15:22:56 Received ACK for chunk 1159/10240
Received chunk 1160/10240: fixtures/large_file.bin
2025/04/30 15:22:56 Sent ACK for chunk 1159
2025/04/30 15:22:56 Received ACK for chunk 1160/10240
Received chunk 1161/10240: fixtures/large_file.bin
2025/04/30 15:22:56 Sent ACK for chunk 1160
2025/04/30 15:22:56 Received ACK for chunk 1161/10240
Received chunk 1162/10240: fixtures/large_file.bin
2025/04/30 15:22:56 Sent ACK for chunk 1161
2025/04/30 15:22:56 Received ACK for chunk 1162/10240
Received chunk 1163/10240: fixtures/large_file.bin
2025/04/30 15:22:56 Sent ACK for chunk 1162
2025/04/30 15:22:56 Received ACK for chunk 1163/10240
Received chunk 1164/10240: fixtures/large_file.bin
2025/04/30 15:22:56 Sent ACK for chunk 1163
2025/04/30 15:22:56 Received ACK for chunk 1164/10240
Received chunk 1165/10240: fixtures/large_file.bin
2025/04/30 15:22:56 Sent ACK for chunk 1164
2025/04/30 15:22:56 Received ACK for chunk 1165/10240
Received chunk 1166/10240: fixtures/large_file.bin
2025/04/30 15:22:56 Sent ACK for chunk 1165
2025/04/30 15:22:56 Received ACK for chunk 1166/10240
Received chunk 1167/10240: fixtures/large_file.bin
2025/04/30 15:22:56 Sent ACK for chunk 1166
2025/04/30 15:22:56 Received ACK for chunk 1167/10240
Received chunk 1168/10240: fixtures/large_file.bin
2025/04/30 15:22:56 Sent ACK for chunk 1167
2025/04/30 15:22:56 Received ACK for chunk 1168/10240
Received chunk 1169/10240: fixtures/large_file.bin
2025/04/30 15:22:56 Sent ACK for chunk 1168
2025/04/30 15:22:56 Received ACK for chunk 1169/10240
Received chunk 1170/10240: fixtures/large_file.bin
2025/04/30 15:22:56 Sent ACK for chunk 1169
2025/04/30 15:22:56 Received ACK for chunk 1170/10240
Received chunk 1171/10240: fixtures/large_file.bin
2025/04/30 15:22:56 Sent ACK for chunk 1170
2025/04/30 15:22:56 Received ACK for chunk 1171/10240
Received chunk 1172/10240: fixtures/large_file.bin
2025/04/30 15:22:56 Sent ACK for chunk 1171
2025/04/30 15:22:56 Received ACK for chunk 1172/10240
Received chunk 1173/10240: fixtures/large_file.bin
2025/04/30 15:22:56 Sent ACK for chunk 1172
2025/04/30 15:22:56 Received ACK for chunk 1173/10240
Received chunk 1174/10240: fixtures/large_file.bin
2025/04/30 15:22:56 Sent ACK for chunk 1173
2025/04/30 15:22:56 Received ACK for chunk 1174/10240
Received chunk 1175/10240: fixtures/large_file.bin
2025/04/30 15:22:56 Sent ACK for chunk 1174
2025/04/30 15:22:56 Received ACK for chunk 1175/10240
Received chunk 1176/10240: fixtures/large_file.bin
2025/04/30 15:22:56 Sent ACK for chunk 1175
2025/04/30 15:22:56 Received ACK for chunk 1176/10240
Received chunk 1177/10240: fixtures/large_file.bin
2025/04/30 15:22:56 Sent ACK for chunk 1176
2025/04/30 15:22:56 Received ACK for chunk 1177/10240
Received chunk 1178/10240: fixtures/large_file.bin
2025/04/30 15:22:56 Sent ACK for chunk 1177
2025/04/30 15:22:56 Received ACK for chunk 1178/10240
Received chunk 1179/10240: fixtures/large_file.bin
2025/04/30 15:22:56 Sent ACK for chunk 1178
2025/04/30 15:22:56 Received ACK for chunk 1179/10240
Received chunk 1180/10240: fixtures/large_file.bin
2025/04/30 15:22:56 Sent ACK for chunk 1179
2025/04/30 15:22:56 Received ACK for chunk 1180/10240
Received chunk 1181/10240: fixtures/large_file.bin
2025/04/30 15:22:56 Sent ACK for chunk 1180
2025/04/30 15:22:56 Received ACK for chunk 1181/10240
Received chunk 1182/10240: fixtures/large_file.bin
2025/04/30 15:22:56 Sent ACK for chunk 1181
2025/04/30 15:22:56 Received ACK for chunk 1182/10240
Received chunk 1183/10240: fixtures/large_file.bin
2025/04/30 15:22:56 Sent ACK for chunk 1182
2025/04/30 15:22:56 Received ACK for chunk 1183/10240
Received chunk 1184/10240: fixtures/large_file.bin
2025/04/30 15:22:56 Sent ACK for chunk 1183
2025/04/30 15:22:56 Received ACK for chunk 1184/10240
Received chunk 1185/10240: fixtures/large_file.bin
2025/04/30 15:22:56 Sent ACK for chunk 1184
2025/04/30 15:22:56 Received ACK for chunk 1185/10240
Received chunk 1186/10240: fixtures/large_file.bin
2025/04/30 15:22:56 Sent ACK for chunk 1185
2025/04/30 15:22:56 Received ACK for chunk 1186/10240
Received chunk 1187/10240: fixtures/large_file.bin
2025/04/30 15:22:56 Sent ACK for chunk 1186
2025/04/30 15:22:56 Received ACK for chunk 1187/10240
Received chunk 1188/10240: fixtures/large_file.bin
2025/04/30 15:22:56 Sent ACK for chunk 1187
2025/04/30 15:22:56 Received ACK for chunk 1188/10240
Received chunk 1189/10240: fixtures/large_file.bin
2025/04/30 15:22:56 Sent ACK for chunk 1188
2025/04/30 15:22:56 Received ACK for chunk 1189/10240
Received chunk 1190/10240: fixtures/large_file.bin
2025/04/30 15:22:56 Sent ACK for chunk 1189
2025/04/30 15:22:56 Received ACK for chunk 1190/10240
Received chunk 1191/10240: fixtures/large_file.bin
2025/04/30 15:22:56 Sent ACK for chunk 1190
2025/04/30 15:22:56 Received ACK for chunk 1191/10240
Received chunk 1192/10240: fixtures/large_file.bin
2025/04/30 15:22:56 Sent ACK for chunk 1191
2025/04/30 15:22:56 Received ACK for chunk 1192/10240
Received chunk 1193/10240: fixtures/large_file.bin
2025/04/30 15:22:56 Sent ACK for chunk 1192
2025/04/30 15:22:56 Received ACK for chunk 1193/10240
Received chunk 1194/10240: fixtures/large_file.bin
2025/04/30 15:22:56 Sent ACK for chunk 1193
2025/04/30 15:22:56 Received ACK for chunk 1194/10240
Received chunk 1195/10240: fixtures/large_file.bin
2025/04/30 15:22:56 Sent ACK for chunk 1194
2025/04/30 15:22:56 Received ACK for chunk 1195/10240
Received chunk 1196/10240: fixtures/large_file.bin
2025/04/30 15:22:56 Sent ACK for chunk 1195
2025/04/30 15:22:56 Received ACK for chunk 1196/10240
Received chunk 1197/10240: fixtures/large_file.bin
2025/04/30 15:22:56 Sent ACK for chunk 1196
2025/04/30 15:22:56 Received ACK for chunk 1197/10240
Received chunk 1198/10240: fixtures/large_file.bin
2025/04/30 15:22:56 Sent ACK for chunk 1197
2025/04/30 15:22:56 Received ACK for chunk 1198/10240
Received chunk 1199/10240: fixtures/large_file.bin
2025/04/30 15:22:56 Sent ACK for chunk 1198
2025/04/30 15:22:56 Received ACK for chunk 1199/10240
Received chunk 1200/10240: fixtures/large_file.bin
2025/04/30 15:22:56 Sent ACK for chunk 1199
2025/04/30 15:22:56 Received ACK for chunk 1200/10240
Received chunk 1201/10240: fixtures/large_file.bin
2025/04/30 15:22:56 Sent ACK for chunk 1200
2025/04/30 15:22:56 Received ACK for chunk 1201/10240
Received chunk 1202/10240: fixtures/large_file.bin
2025/04/30 15:22:56 Sent ACK for chunk 1201
2025/04/30 15:22:56 Received ACK for chunk 1202/10240
Received chunk 1203/10240: fixtures/large_file.bin
2025/04/30 15:22:56 Sent ACK for chunk 1202
2025/04/30 15:22:56 Received ACK for chunk 1203/10240
Received chunk 1204/10240: fixtures/large_file.bin
2025/04/30 15:22:56 Sent ACK for chunk 1203
2025/04/30 15:22:56 Received ACK for chunk 1204/10240
Received chunk 1205/10240: fixtures/large_file.bin
2025/04/30 15:22:56 Sent ACK for chunk 1204
2025/04/30 15:22:56 Received ACK for chunk 1205/10240
Received chunk 1206/10240: fixtures/large_file.bin
2025/04/30 15:22:56 Sent ACK for chunk 1205
2025/04/30 15:22:56 Received ACK for chunk 1206/10240
Received chunk 1207/10240: fixtures/large_file.bin
2025/04/30 15:22:56 Sent ACK for chunk 1206
2025/04/30 15:22:56 Received ACK for chunk 1207/10240
Received chunk 1208/10240: fixtures/large_file.bin
2025/04/30 15:22:56 Sent ACK for chunk 1207
2025/04/30 15:22:56 Received ACK for chunk 1208/10240
Received chunk 1209/10240: fixtures/large_file.bin
2025/04/30 15:22:56 Sent ACK for chunk 1208
2025/04/30 15:22:56 Received ACK for chunk 1209/10240
Received chunk 1210/10240: fixtures/large_file.bin
2025/04/30 15:22:56 Sent ACK for chunk 1209
2025/04/30 15:22:56 Received ACK for chunk 1210/10240
Received chunk 1211/10240: fixtures/large_file.bin
2025/04/30 15:22:56 Sent ACK for chunk 1210
2025/04/30 15:22:56 Received ACK for chunk 1211/10240
Received chunk 1212/10240: fixtures/large_file.bin
2025/04/30 15:22:56 Sent ACK for chunk 1211
2025/04/30 15:22:56 Received ACK for chunk 1212/10240
Received chunk 1213/10240: fixtures/large_file.bin
2025/04/30 15:22:56 Sent ACK for chunk 1212
2025/04/30 15:22:56 Received ACK for chunk 1213/10240
Received chunk 1214/10240: fixtures/large_file.bin
2025/04/30 15:22:56 Sent ACK for chunk 1213
2025/04/30 15:22:56 Received ACK for chunk 1214/10240
Received chunk 1215/10240: fixtures/large_file.bin
2025/04/30 15:22:56 Sent ACK for chunk 1214
2025/04/30 15:22:56 Received ACK for chunk 1215/10240
Received chunk 1216/10240: fixtures/large_file.bin
2025/04/30 15:22:56 Sent ACK for chunk 1215
2025/04/30 15:22:56 Received ACK for chunk 1216/10240
Received chunk 1217/10240: fixtures/large_file.bin
2025/04/30 15:22:56 Sent ACK for chunk 1216
2025/04/30 15:22:56 Received ACK for chunk 1217/10240
Received chunk 1218/10240: fixtures/large_file.bin
2025/04/30 15:22:56 Sent ACK for chunk 1217
2025/04/30 15:22:56 Received ACK for chunk 1218/10240
Received chunk 1219/10240: fixtures/large_file.bin
2025/04/30 15:22:56 Sent ACK for chunk 1218
2025/04/30 15:22:56 Received ACK for chunk 1219/10240
Received chunk 1220/10240: fixtures/large_file.bin
2025/04/30 15:22:56 Sent ACK for chunk 1219
2025/04/30 15:22:56 Received ACK for chunk 1220/10240
Received chunk 1221/10240: fixtures/large_file.bin
2025/04/30 15:22:56 Sent ACK for chunk 1220
2025/04/30 15:22:56 Received ACK for chunk 1221/10240
Received chunk 1222/10240: fixtures/large_file.bin
2025/04/30 15:22:56 Sent ACK for chunk 1221
2025/04/30 15:22:56 Received ACK for chunk 1222/10240
Received chunk 1223/10240: fixtures/large_file.bin
2025/04/30 15:22:56 Sent ACK for chunk 1222
2025/04/30 15:22:56 Received ACK for chunk 1223/10240
Received chunk 1224/10240: fixtures/large_file.bin
2025/04/30 15:22:57 Sent ACK for chunk 1223
2025/04/30 15:22:57 Received ACK for chunk 1224/10240
Received chunk 1225/10240: fixtures/large_file.bin
2025/04/30 15:22:57 Sent ACK for chunk 1224
2025/04/30 15:22:57 Received ACK for chunk 1225/10240
Received chunk 1226/10240: fixtures/large_file.bin
2025/04/30 15:22:57 Sent ACK for chunk 1225
2025/04/30 15:22:57 Received ACK for chunk 1226/10240
Received chunk 1227/10240: fixtures/large_file.bin
2025/04/30 15:22:57 Sent ACK for chunk 1226
2025/04/30 15:22:57 Received ACK for chunk 1227/10240
Received chunk 1228/10240: fixtures/large_file.bin
2025/04/30 15:22:57 Sent ACK for chunk 1227
2025/04/30 15:22:57 Received ACK for chunk 1228/10240
Received chunk 1229/10240: fixtures/large_file.bin
2025/04/30 15:22:57 Sent ACK for chunk 1228
2025/04/30 15:22:57 Received ACK for chunk 1229/10240
Received chunk 1230/10240: fixtures/large_file.bin
2025/04/30 15:22:57 Sent ACK for chunk 1229
2025/04/30 15:22:57 Received ACK for chunk 1230/10240
Received chunk 1231/10240: fixtures/large_file.bin
2025/04/30 15:22:57 Sent ACK for chunk 1230
2025/04/30 15:22:57 Received ACK for chunk 1231/10240
Received chunk 1232/10240: fixtures/large_file.bin
2025/04/30 15:22:57 Sent ACK for chunk 1231
2025/04/30 15:22:57 Received ACK for chunk 1232/10240
Received chunk 1233/10240: fixtures/large_file.bin
2025/04/30 15:22:57 Sent ACK for chunk 1232
2025/04/30 15:22:57 Received ACK for chunk 1233/10240
Received chunk 1234/10240: fixtures/large_file.bin
2025/04/30 15:22:57 Sent ACK for chunk 1233
2025/04/30 15:22:57 Received ACK for chunk 1234/10240
Received chunk 1235/10240: fixtures/large_file.bin
2025/04/30 15:22:57 Sent ACK for chunk 1234
2025/04/30 15:22:57 Received ACK for chunk 1235/10240
Received chunk 1236/10240: fixtures/large_file.bin
2025/04/30 15:22:57 Sent ACK for chunk 1235
2025/04/30 15:22:57 Received ACK for chunk 1236/10240
Received chunk 1237/10240: fixtures/large_file.bin
2025/04/30 15:22:57 Sent ACK for chunk 1236
2025/04/30 15:22:57 Received ACK for chunk 1237/10240
Received chunk 1238/10240: fixtures/large_file.bin
2025/04/30 15:22:57 Sent ACK for chunk 1237
2025/04/30 15:22:57 Received ACK for chunk 1238/10240
Received chunk 1239/10240: fixtures/large_file.bin
2025/04/30 15:22:57 Sent ACK for chunk 1238
2025/04/30 15:22:57 Received ACK for chunk 1239/10240
Received chunk 1240/10240: fixtures/large_file.bin
2025/04/30 15:22:57 Sent ACK for chunk 1239
2025/04/30 15:22:57 Received ACK for chunk 1240/10240
Received chunk 1241/10240: fixtures/large_file.bin
2025/04/30 15:22:57 Sent ACK for chunk 1240
2025/04/30 15:22:57 Received ACK for chunk 1241/10240
Received chunk 1242/10240: fixtures/large_file.bin
2025/04/30 15:22:57 Sent ACK for chunk 1241
2025/04/30 15:22:57 Received ACK for chunk 1242/10240
Received chunk 1243/10240: fixtures/large_file.bin
2025/04/30 15:22:57 Sent ACK for chunk 1242
2025/04/30 15:22:57 Received ACK for chunk 1243/10240
Received chunk 1244/10240: fixtures/large_file.bin
2025/04/30 15:22:57 Sent ACK for chunk 1243
2025/04/30 15:22:57 Received ACK for chunk 1244/10240
Received chunk 1245/10240: fixtures/large_file.bin
2025/04/30 15:22:57 Sent ACK for chunk 1244
2025/04/30 15:22:57 Received ACK for chunk 1245/10240
Received chunk 1246/10240: fixtures/large_file.bin
2025/04/30 15:22:57 Sent ACK for chunk 1245
2025/04/30 15:22:57 Received ACK for chunk 1246/10240
Received chunk 1247/10240: fixtures/large_file.bin
2025/04/30 15:22:57 Sent ACK for chunk 1246
2025/04/30 15:22:57 Received ACK for chunk 1247/10240
Received chunk 1248/10240: fixtures/large_file.bin
2025/04/30 15:22:57 Sent ACK for chunk 1247
2025/04/30 15:22:57 Received ACK for chunk 1248/10240
Received chunk 1249/10240: fixtures/large_file.bin
2025/04/30 15:22:57 Sent ACK for chunk 1248
2025/04/30 15:22:57 Received ACK for chunk 1249/10240
Received chunk 1250/10240: fixtures/large_file.bin
2025/04/30 15:22:57 Sent ACK for chunk 1249
2025/04/30 15:22:57 Received ACK for chunk 1250/10240
Received chunk 1251/10240: fixtures/large_file.bin
2025/04/30 15:22:57 Sent ACK for chunk 1250
2025/04/30 15:22:57 Received ACK for chunk 1251/10240
Received chunk 1252/10240: fixtures/large_file.bin
2025/04/30 15:22:57 Sent ACK for chunk 1251
2025/04/30 15:22:57 Received ACK for chunk 1252/10240
Received chunk 1253/10240: fixtures/large_file.bin
2025/04/30 15:22:57 Sent ACK for chunk 1252
2025/04/30 15:22:57 Received ACK for chunk 1253/10240
Received chunk 1254/10240: fixtures/large_file.bin
2025/04/30 15:22:57 Sent ACK for chunk 1253
2025/04/30 15:22:57 Received ACK for chunk 1254/10240
Received chunk 1255/10240: fixtures/large_file.bin
2025/04/30 15:22:57 Sent ACK for chunk 1254
2025/04/30 15:22:57 Received ACK for chunk 1255/10240
Received chunk 1256/10240: fixtures/large_file.bin
2025/04/30 15:22:57 Sent ACK for chunk 1255
2025/04/30 15:22:57 Received ACK for chunk 1256/10240
Received chunk 1257/10240: fixtures/large_file.bin
2025/04/30 15:22:57 Sent ACK for chunk 1256
2025/04/30 15:22:57 Received ACK for chunk 1257/10240
Received chunk 1258/10240: fixtures/large_file.bin
2025/04/30 15:22:57 Sent ACK for chunk 1257
2025/04/30 15:22:57 Received ACK for chunk 1258/10240
Received chunk 1259/10240: fixtures/large_file.bin
2025/04/30 15:22:57 Sent ACK for chunk 1258
2025/04/30 15:22:57 Received ACK for chunk 1259/10240
Received chunk 1260/10240: fixtures/large_file.bin
2025/04/30 15:22:57 Sent ACK for chunk 1259
2025/04/30 15:22:57 Received ACK for chunk 1260/10240
Received chunk 1261/10240: fixtures/large_file.bin
2025/04/30 15:22:57 Sent ACK for chunk 1260
2025/04/30 15:22:57 Received ACK for chunk 1261/10240
Received chunk 1262/10240: fixtures/large_file.bin
2025/04/30 15:22:57 Sent ACK for chunk 1261
2025/04/30 15:22:57 Received ACK for chunk 1262/10240
Received chunk 1263/10240: fixtures/large_file.bin
2025/04/30 15:22:57 Sent ACK for chunk 1262
2025/04/30 15:22:57 Received ACK for chunk 1263/10240
Received chunk 1264/10240: fixtures/large_file.bin
2025/04/30 15:22:57 Sent ACK for chunk 1263
2025/04/30 15:22:57 Received ACK for chunk 1264/10240
Received chunk 1265/10240: fixtures/large_file.bin
2025/04/30 15:22:57 Sent ACK for chunk 1264
2025/04/30 15:22:57 Received ACK for chunk 1265/10240
Received chunk 1266/10240: fixtures/large_file.bin
2025/04/30 15:22:57 Sent ACK for chunk 1265
2025/04/30 15:22:57 Received ACK for chunk 1266/10240
Received chunk 1267/10240: fixtures/large_file.bin
2025/04/30 15:22:57 Sent ACK for chunk 1266
2025/04/30 15:22:57 Received ACK for chunk 1267/10240
Received chunk 1268/10240: fixtures/large_file.bin
2025/04/30 15:22:57 Sent ACK for chunk 1267
2025/04/30 15:22:57 Received ACK for chunk 1268/10240
Received chunk 1269/10240: fixtures/large_file.bin
2025/04/30 15:22:57 Sent ACK for chunk 1268
2025/04/30 15:22:57 Received ACK for chunk 1269/10240
Received chunk 1270/10240: fixtures/large_file.bin
2025/04/30 15:22:57 Sent ACK for chunk 1269
2025/04/30 15:22:57 Received ACK for chunk 1270/10240
Received chunk 1271/10240: fixtures/large_file.bin
2025/04/30 15:22:57 Sent ACK for chunk 1270
2025/04/30 15:22:57 Received ACK for chunk 1271/10240
Received chunk 1272/10240: fixtures/large_file.bin
2025/04/30 15:22:57 Sent ACK for chunk 1271
2025/04/30 15:22:57 Received ACK for chunk 1272/10240
Received chunk 1273/10240: fixtures/large_file.bin
2025/04/30 15:22:57 Sent ACK for chunk 1272
2025/04/30 15:22:57 Received ACK for chunk 1273/10240
Received chunk 1274/10240: fixtures/large_file.bin
2025/04/30 15:22:57 Sent ACK for chunk 1273
2025/04/30 15:22:57 Received ACK for chunk 1274/10240
Received chunk 1275/10240: fixtures/large_file.bin
2025/04/30 15:22:57 Sent ACK for chunk 1274
2025/04/30 15:22:57 Received ACK for chunk 1275/10240
Received chunk 1276/10240: fixtures/large_file.bin
2025/04/30 15:22:57 Sent ACK for chunk 1275
2025/04/30 15:22:57 Received ACK for chunk 1276/10240
Received chunk 1277/10240: fixtures/large_file.bin
2025/04/30 15:22:57 Sent ACK for chunk 1276
2025/04/30 15:22:57 Received ACK for chunk 1277/10240
Received chunk 1278/10240: fixtures/large_file.bin
2025/04/30 15:22:57 Sent ACK for chunk 1277
2025/04/30 15:22:57 Received ACK for chunk 1278/10240
Received chunk 1279/10240: fixtures/large_file.bin
2025/04/30 15:22:57 Sent ACK for chunk 1278
2025/04/30 15:22:57 Received ACK for chunk 1279/10240
Received chunk 1280/10240: fixtures/large_file.bin
2025/04/30 15:22:57 Sent ACK for chunk 1279
2025/04/30 15:22:57 Received ACK for chunk 1280/10240
Received chunk 1281/10240: fixtures/large_file.bin
2025/04/30 15:22:57 Sent ACK for chunk 1280
2025/04/30 15:22:57 Received ACK for chunk 1281/10240
Received chunk 1282/10240: fixtures/large_file.bin
2025/04/30 15:22:57 Sent ACK for chunk 1281
2025/04/30 15:22:57 Received ACK for chunk 1282/10240
Received chunk 1283/10240: fixtures/large_file.bin
2025/04/30 15:22:57 Sent ACK for chunk 1282
2025/04/30 15:22:57 Received ACK for chunk 1283/10240
Received chunk 1284/10240: fixtures/large_file.bin
2025/04/30 15:22:57 Sent ACK for chunk 1283
2025/04/30 15:22:57 Received ACK for chunk 1284/10240
Received chunk 1285/10240: fixtures/large_file.bin
2025/04/30 15:22:57 Sent ACK for chunk 1284
2025/04/30 15:22:57 Received ACK for chunk 1285/10240
Received chunk 1286/10240: fixtures/large_file.bin
2025/04/30 15:22:57 Sent ACK for chunk 1285
2025/04/30 15:22:57 Received ACK for chunk 1286/10240
Received chunk 1287/10240: fixtures/large_file.bin
2025/04/30 15:22:57 Sent ACK for chunk 1286
2025/04/30 15:22:57 Received ACK for chunk 1287/10240
Received chunk 1288/10240: fixtures/large_file.bin
2025/04/30 15:22:57 Sent ACK for chunk 1287
2025/04/30 15:22:57 Received ACK for chunk 1288/10240
Received chunk 1289/10240: fixtures/large_file.bin
2025/04/30 15:22:57 Sent ACK for chunk 1288
2025/04/30 15:22:57 Received ACK for chunk 1289/10240
Received chunk 1290/10240: fixtures/large_file.bin
2025/04/30 15:22:57 Sent ACK for chunk 1289
2025/04/30 15:22:57 Received ACK for chunk 1290/10240
Received chunk 1291/10240: fixtures/large_file.bin
2025/04/30 15:22:57 Sent ACK for chunk 1290
2025/04/30 15:22:57 Received ACK for chunk 1291/10240
Received chunk 1292/10240: fixtures/large_file.bin
2025/04/30 15:22:57 Sent ACK for chunk 1291
2025/04/30 15:22:57 Received ACK for chunk 1292/10240
Received chunk 1293/10240: fixtures/large_file.bin
2025/04/30 15:22:57 Sent ACK for chunk 1292
2025/04/30 15:22:57 Received ACK for chunk 1293/10240
Received chunk 1294/10240: fixtures/large_file.bin
2025/04/30 15:22:57 Sent ACK for chunk 1293
2025/04/30 15:22:57 Received ACK for chunk 1294/10240
Received chunk 1295/10240: fixtures/large_file.bin
2025/04/30 15:22:57 Sent ACK for chunk 1294
2025/04/30 15:22:57 Received ACK for chunk 1295/10240
Received chunk 1296/10240: fixtures/large_file.bin
2025/04/30 15:22:57 Sent ACK for chunk 1295
2025/04/30 15:22:57 Received ACK for chunk 1296/10240
Received chunk 1297/10240: fixtures/large_file.bin
2025/04/30 15:22:57 Sent ACK for chunk 1296
2025/04/30 15:22:57 Received ACK for chunk 1297/10240
Received chunk 1298/10240: fixtures/large_file.bin
2025/04/30 15:22:57 Sent ACK for chunk 1297
2025/04/30 15:22:57 Received ACK for chunk 1298/10240
Received chunk 1299/10240: fixtures/large_file.bin
2025/04/30 15:22:57 Sent ACK for chunk 1298
2025/04/30 15:22:57 Received ACK for chunk 1299/10240
Received chunk 1300/10240: fixtures/large_file.bin
2025/04/30 15:22:57 Sent ACK for chunk 1299
2025/04/30 15:22:57 Received ACK for chunk 1300/10240
Received chunk 1301/10240: fixtures/large_file.bin
2025/04/30 15:22:57 Sent ACK for chunk 1300
2025/04/30 15:22:57 Received ACK for chunk 1301/10240
Received chunk 1302/10240: fixtures/large_file.bin
2025/04/30 15:22:57 Sent ACK for chunk 1301
2025/04/30 15:22:57 Received ACK for chunk 1302/10240
Received chunk 1303/10240: fixtures/large_file.bin
2025/04/30 15:22:57 Sent ACK for chunk 1302
2025/04/30 15:22:57 Received ACK for chunk 1303/10240
Received chunk 1304/10240: fixtures/large_file.bin
2025/04/30 15:22:57 Sent ACK for chunk 1303
2025/04/30 15:22:57 Received ACK for chunk 1304/10240
Received chunk 1305/10240: fixtures/large_file.bin
2025/04/30 15:22:57 Sent ACK for chunk 1304
2025/04/30 15:22:57 Received ACK for chunk 1305/10240
Received chunk 1306/10240: fixtures/large_file.bin
2025/04/30 15:22:57 Sent ACK for chunk 1305
2025/04/30 15:22:57 Received ACK for chunk 1306/10240
Received chunk 1307/10240: fixtures/large_file.bin
2025/04/30 15:22:57 Sent ACK for chunk 1306
2025/04/30 15:22:57 Received ACK for chunk 1307/10240
Received chunk 1308/10240: fixtures/large_file.bin
2025/04/30 15:22:57 Sent ACK for chunk 1307
2025/04/30 15:22:57 Received ACK for chunk 1308/10240
Received chunk 1309/10240: fixtures/large_file.bin
2025/04/30 15:22:57 Sent ACK for chunk 1308
2025/04/30 15:22:57 Received ACK for chunk 1309/10240
Received chunk 1310/10240: fixtures/large_file.bin
2025/04/30 15:22:57 Sent ACK for chunk 1309
2025/04/30 15:22:57 Received ACK for chunk 1310/10240
Received chunk 1311/10240: fixtures/large_file.bin
2025/04/30 15:22:57 Sent ACK for chunk 1310
2025/04/30 15:22:57 Received ACK for chunk 1311/10240
Received chunk 1312/10240: fixtures/large_file.bin
2025/04/30 15:22:57 Sent ACK for chunk 1311
2025/04/30 15:22:57 Received ACK for chunk 1312/10240
Received chunk 1313/10240: fixtures/large_file.bin
2025/04/30 15:22:57 Sent ACK for chunk 1312
2025/04/30 15:22:57 Received ACK for chunk 1313/10240
Received chunk 1314/10240: fixtures/large_file.bin
2025/04/30 15:22:57 Sent ACK for chunk 1313
2025/04/30 15:22:57 Received ACK for chunk 1314/10240
Received chunk 1315/10240: fixtures/large_file.bin
2025/04/30 15:22:57 Sent ACK for chunk 1314
2025/04/30 15:22:57 Received ACK for chunk 1315/10240
Received chunk 1316/10240: fixtures/large_file.bin
2025/04/30 15:22:57 Sent ACK for chunk 1315
2025/04/30 15:22:57 Received ACK for chunk 1316/10240
Received chunk 1317/10240: fixtures/large_file.bin
2025/04/30 15:22:57 Sent ACK for chunk 1316
2025/04/30 15:22:57 Received ACK for chunk 1317/10240
Received chunk 1318/10240: fixtures/large_file.bin
2025/04/30 15:22:57 Sent ACK for chunk 1317
2025/04/30 15:22:57 Received ACK for chunk 1318/10240
Received chunk 1319/10240: fixtures/large_file.bin
2025/04/30 15:22:57 Sent ACK for chunk 1318
2025/04/30 15:22:57 Received ACK for chunk 1319/10240
Received chunk 1320/10240: fixtures/large_file.bin
2025/04/30 15:22:57 Sent ACK for chunk 1319
2025/04/30 15:22:57 Received ACK for chunk 1320/10240
Received chunk 1321/10240: fixtures/large_file.bin
2025/04/30 15:22:57 Sent ACK for chunk 1320
2025/04/30 15:22:57 Received ACK for chunk 1321/10240
Received chunk 1322/10240: fixtures/large_file.bin
2025/04/30 15:22:57 Sent ACK for chunk 1321
2025/04/30 15:22:57 Received ACK for chunk 1322/10240
Received chunk 1323/10240: fixtures/large_file.bin
2025/04/30 15:22:57 Sent ACK for chunk 1322
2025/04/30 15:22:57 Received ACK for chunk 1323/10240
Received chunk 1324/10240: fixtures/large_file.bin
2025/04/30 15:22:57 Sent ACK for chunk 1323
2025/04/30 15:22:57 Received ACK for chunk 1324/10240
Received chunk 1325/10240: fixtures/large_file.bin
2025/04/30 15:22:57 Sent ACK for chunk 1324
2025/04/30 15:22:57 Received ACK for chunk 1325/10240
Received chunk 1326/10240: fixtures/large_file.bin
2025/04/30 15:22:57 Sent ACK for chunk 1325
2025/04/30 15:22:57 Received ACK for chunk 1326/10240
Received chunk 1327/10240: fixtures/large_file.bin
2025/04/30 15:22:57 Sent ACK for chunk 1326
2025/04/30 15:22:57 Received ACK for chunk 1327/10240
Received chunk 1328/10240: fixtures/large_file.bin
2025/04/30 15:22:57 Sent ACK for chunk 1327
2025/04/30 15:22:57 Received ACK for chunk 1328/10240
Received chunk 1329/10240: fixtures/large_file.bin
2025/04/30 15:22:57 Sent ACK for chunk 1328
2025/04/30 15:22:57 Received ACK for chunk 1329/10240
Received chunk 1330/10240: fixtures/large_file.bin
2025/04/30 15:22:57 Sent ACK for chunk 1329
2025/04/30 15:22:57 Received ACK for chunk 1330/10240
Received chunk 1331/10240: fixtures/large_file.bin
2025/04/30 15:22:57 Sent ACK for chunk 1330
2025/04/30 15:22:57 Received ACK for chunk 1331/10240
Received chunk 1332/10240: fixtures/large_file.bin
2025/04/30 15:22:57 Sent ACK for chunk 1331
2025/04/30 15:22:57 Received ACK for chunk 1332/10240
Received chunk 1333/10240: fixtures/large_file.bin
2025/04/30 15:22:57 Sent ACK for chunk 1332
2025/04/30 15:22:57 Received ACK for chunk 1333/10240
Received chunk 1334/10240: fixtures/large_file.bin
2025/04/30 15:22:57 Sent ACK for chunk 1333
2025/04/30 15:22:57 Received ACK for chunk 1334/10240
Received chunk 1335/10240: fixtures/large_file.bin
2025/04/30 15:22:57 Sent ACK for chunk 1334
2025/04/30 15:22:57 Received ACK for chunk 1335/10240
Received chunk 1336/10240: fixtures/large_file.bin
2025/04/30 15:22:57 Sent ACK for chunk 1335
2025/04/30 15:22:57 Received ACK for chunk 1336/10240
Received chunk 1337/10240: fixtures/large_file.bin
2025/04/30 15:22:57 Sent ACK for chunk 1336
2025/04/30 15:22:57 Received ACK for chunk 1337/10240
Received chunk 1338/10240: fixtures/large_file.bin
2025/04/30 15:22:57 Sent ACK for chunk 1337
2025/04/30 15:22:57 Received ACK for chunk 1338/10240
Received chunk 1339/10240: fixtures/large_file.bin
2025/04/30 15:22:57 Sent ACK for chunk 1338
2025/04/30 15:22:57 Received ACK for chunk 1339/10240
Received chunk 1340/10240: fixtures/large_file.bin
2025/04/30 15:22:57 Sent ACK for chunk 1339
2025/04/30 15:22:57 Received ACK for chunk 1340/10240
Received chunk 1341/10240: fixtures/large_file.bin
2025/04/30 15:22:57 Sent ACK for chunk 1340
2025/04/30 15:22:57 Received ACK for chunk 1341/10240
Received chunk 1342/10240: fixtures/large_file.bin
2025/04/30 15:22:57 Sent ACK for chunk 1341
2025/04/30 15:22:57 Received ACK for chunk 1342/10240
Received chunk 1343/10240: fixtures/large_file.bin
2025/04/30 15:22:57 Sent ACK for chunk 1342
2025/04/30 15:22:57 Received ACK for chunk 1343/10240
Received chunk 1344/10240: fixtures/large_file.bin
2025/04/30 15:22:57 Sent ACK for chunk 1343
2025/04/30 15:22:57 Received ACK for chunk 1344/10240
Received chunk 1345/10240: fixtures/large_file.bin
2025/04/30 15:22:57 Sent ACK for chunk 1344
2025/04/30 15:22:57 Received ACK for chunk 1345/10240
Received chunk 1346/10240: fixtures/large_file.bin
2025/04/30 15:22:57 Sent ACK for chunk 1345
2025/04/30 15:22:57 Received ACK for chunk 1346/10240
Received chunk 1347/10240: fixtures/large_file.bin
2025/04/30 15:22:57 Sent ACK for chunk 1346
2025/04/30 15:22:57 Received ACK for chunk 1347/10240
Received chunk 1348/10240: fixtures/large_file.bin
2025/04/30 15:22:57 Sent ACK for chunk 1347
2025/04/30 15:22:57 Received ACK for chunk 1348/10240
Received chunk 1349/10240: fixtures/large_file.bin
2025/04/30 15:22:57 Sent ACK for chunk 1348
2025/04/30 15:22:57 Received ACK for chunk 1349/10240
Received chunk 1350/10240: fixtures/large_file.bin
2025/04/30 15:22:57 Sent ACK for chunk 1349
2025/04/30 15:22:57 Received ACK for chunk 1350/10240
Received chunk 1351/10240: fixtures/large_file.bin
2025/04/30 15:22:57 Sent ACK for chunk 1350
2025/04/30 15:22:57 Received ACK for chunk 1351/10240
Received chunk 1352/10240: fixtures/large_file.bin
2025/04/30 15:22:57 Sent ACK for chunk 1351
2025/04/30 15:22:57 Received ACK for chunk 1352/10240
Received chunk 1353/10240: fixtures/large_file.bin
2025/04/30 15:22:57 Sent ACK for chunk 1352
2025/04/30 15:22:57 Received ACK for chunk 1353/10240
Received chunk 1354/10240: fixtures/large_file.bin
2025/04/30 15:22:57 Sent ACK for chunk 1353
2025/04/30 15:22:57 Received ACK for chunk 1354/10240
Received chunk 1355/10240: fixtures/large_file.bin
2025/04/30 15:22:57 Sent ACK for chunk 1354
2025/04/30 15:22:57 Received ACK for chunk 1355/10240
Received chunk 1356/10240: fixtures/large_file.bin
2025/04/30 15:22:57 Sent ACK for chunk 1355
2025/04/30 15:22:57 Received ACK for chunk 1356/10240
Received chunk 1357/10240: fixtures/large_file.bin
2025/04/30 15:22:57 Sent ACK for chunk 1356
2025/04/30 15:22:57 Received ACK for chunk 1357/10240
Received chunk 1358/10240: fixtures/large_file.bin
2025/04/30 15:22:57 Sent ACK for chunk 1357
2025/04/30 15:22:57 Received ACK for chunk 1358/10240
Received chunk 1359/10240: fixtures/large_file.bin
2025/04/30 15:22:57 Sent ACK for chunk 1358
2025/04/30 15:22:57 Received ACK for chunk 1359/10240
Received chunk 1360/10240: fixtures/large_file.bin
2025/04/30 15:22:57 Sent ACK for chunk 1359
2025/04/30 15:22:57 Received ACK for chunk 1360/10240
Received chunk 1361/10240: fixtures/large_file.bin
2025/04/30 15:22:57 Sent ACK for chunk 1360
2025/04/30 15:22:57 Received ACK for chunk 1361/10240
Received chunk 1362/10240: fixtures/large_file.bin
2025/04/30 15:22:57 Sent ACK for chunk 1361
2025/04/30 15:22:57 Received ACK for chunk 1362/10240
Received chunk 1363/10240: fixtures/large_file.bin
2025/04/30 15:22:57 Sent ACK for chunk 1362
2025/04/30 15:22:57 Received ACK for chunk 1363/10240
Received chunk 1364/10240: fixtures/large_file.bin
2025/04/30 15:22:57 Sent ACK for chunk 1363
2025/04/30 15:22:57 Received ACK for chunk 1364/10240
Received chunk 1365/10240: fixtures/large_file.bin
2025/04/30 15:22:57 Sent ACK for chunk 1364
2025/04/30 15:22:57 Received ACK for chunk 1365/10240
Received chunk 1366/10240: fixtures/large_file.bin
2025/04/30 15:22:57 Sent ACK for chunk 1365
2025/04/30 15:22:57 Received ACK for chunk 1366/10240
Received chunk 1367/10240: fixtures/large_file.bin
2025/04/30 15:22:57 Sent ACK for chunk 1366
2025/04/30 15:22:57 Received ACK for chunk 1367/10240
Received chunk 1368/10240: fixtures/large_file.bin
2025/04/30 15:22:57 Sent ACK for chunk 1367
2025/04/30 15:22:57 Received ACK for chunk 1368/10240
Received chunk 1369/10240: fixtures/large_file.bin
2025/04/30 15:22:57 Sent ACK for chunk 1368
2025/04/30 15:22:57 Received ACK for chunk 1369/10240
Received chunk 1370/10240: fixtures/large_file.bin
2025/04/30 15:22:57 Sent ACK for chunk 1369
2025/04/30 15:22:57 Received ACK for chunk 1370/10240
Received chunk 1371/10240: fixtures/large_file.bin
2025/04/30 15:22:57 Sent ACK for chunk 1370
2025/04/30 15:22:57 Received ACK for chunk 1371/10240
Received chunk 1372/10240: fixtures/large_file.bin
2025/04/30 15:22:57 Sent ACK for chunk 1371
2025/04/30 15:22:57 Received ACK for chunk 1372/10240
Received chunk 1373/10240: fixtures/large_file.bin
2025/04/30 15:22:57 Sent ACK for chunk 1372
2025/04/30 15:22:57 Received ACK for chunk 1373/10240
Received chunk 1374/10240: fixtures/large_file.bin
2025/04/30 15:22:57 Sent ACK for chunk 1373
2025/04/30 15:22:57 Received ACK for chunk 1374/10240
Received chunk 1375/10240: fixtures/large_file.bin
2025/04/30 15:22:57 Sent ACK for chunk 1374
2025/04/30 15:22:57 Received ACK for chunk 1375/10240
Received chunk 1376/10240: fixtures/large_file.bin
2025/04/30 15:22:57 Sent ACK for chunk 1375
2025/04/30 15:22:57 Received ACK for chunk 1376/10240
Received chunk 1377/10240: fixtures/large_file.bin
2025/04/30 15:22:57 Sent ACK for chunk 1376
2025/04/30 15:22:57 Received ACK for chunk 1377/10240
Received chunk 1378/10240: fixtures/large_file.bin
2025/04/30 15:22:57 Sent ACK for chunk 1377
2025/04/30 15:22:57 Received ACK for chunk 1378/10240
Received chunk 1379/10240: fixtures/large_file.bin
2025/04/30 15:22:57 Sent ACK for chunk 1378
2025/04/30 15:22:57 Received ACK for chunk 1379/10240
Received chunk 1380/10240: fixtures/large_file.bin
2025/04/30 15:22:57 Sent ACK for chunk 1379
2025/04/30 15:22:57 Received ACK for chunk 1380/10240
Received chunk 1381/10240: fixtures/large_file.bin
2025/04/30 15:22:57 Sent ACK for chunk 1380
2025/04/30 15:22:57 Received ACK for chunk 1381/10240
Received chunk 1382/10240: fixtures/large_file.bin
2025/04/30 15:22:57 Sent ACK for chunk 1381
2025/04/30 15:22:57 Received ACK for chunk 1382/10240
Received chunk 1383/10240: fixtures/large_file.bin
2025/04/30 15:22:57 Sent ACK for chunk 1382
2025/04/30 15:22:57 Received ACK for chunk 1383/10240
Received chunk 1384/10240: fixtures/large_file.bin
2025/04/30 15:22:57 Sent ACK for chunk 1383
2025/04/30 15:22:57 Received ACK for chunk 1384/10240
Received chunk 1385/10240: fixtures/large_file.bin
2025/04/30 15:22:57 Sent ACK for chunk 1384
2025/04/30 15:22:57 Received ACK for chunk 1385/10240
Received chunk 1386/10240: fixtures/large_file.bin
2025/04/30 15:22:57 Sent ACK for chunk 1385
2025/04/30 15:22:57 Received ACK for chunk 1386/10240
Received chunk 1387/10240: fixtures/large_file.bin
2025/04/30 15:22:57 Sent ACK for chunk 1386
2025/04/30 15:22:57 Received ACK for chunk 1387/10240
Received chunk 1388/10240: fixtures/large_file.bin
2025/04/30 15:22:57 Sent ACK for chunk 1387
2025/04/30 15:22:57 Received ACK for chunk 1388/10240
Received chunk 1389/10240: fixtures/large_file.bin
2025/04/30 15:22:57 Sent ACK for chunk 1388
2025/04/30 15:22:57 Received ACK for chunk 1389/10240
Received chunk 1390/10240: fixtures/large_file.bin
2025/04/30 15:22:57 Sent ACK for chunk 1389
2025/04/30 15:22:57 Received ACK for chunk 1390/10240
Received chunk 1391/10240: fixtures/large_file.bin
2025/04/30 15:22:57 Sent ACK for chunk 1390
2025/04/30 15:22:57 Received ACK for chunk 1391/10240
Received chunk 1392/10240: fixtures/large_file.bin
2025/04/30 15:22:57 Sent ACK for chunk 1391
2025/04/30 15:22:57 Received ACK for chunk 1392/10240
Received chunk 1393/10240: fixtures/large_file.bin
2025/04/30 15:22:57 Sent ACK for chunk 1392
2025/04/30 15:22:57 Received ACK for chunk 1393/10240
Received chunk 1394/10240: fixtures/large_file.bin
2025/04/30 15:22:57 Sent ACK for chunk 1393
2025/04/30 15:22:57 Received ACK for chunk 1394/10240
Received chunk 1395/10240: fixtures/large_file.bin
2025/04/30 15:22:57 Sent ACK for chunk 1394
2025/04/30 15:22:57 Received ACK for chunk 1395/10240
Received chunk 1396/10240: fixtures/large_file.bin
2025/04/30 15:22:57 Sent ACK for chunk 1395
2025/04/30 15:22:57 Received ACK for chunk 1396/10240
Received chunk 1397/10240: fixtures/large_file.bin
2025/04/30 15:22:57 Sent ACK for chunk 1396
2025/04/30 15:22:57 Received ACK for chunk 1397/10240
Received chunk 1398/10240: fixtures/large_file.bin
2025/04/30 15:22:57 Sent ACK for chunk 1397
2025/04/30 15:22:57 Received ACK for chunk 1398/10240
Received chunk 1399/10240: fixtures/large_file.bin
2025/04/30 15:22:57 Sent ACK for chunk 1398
2025/04/30 15:22:57 Received ACK for chunk 1399/10240
Received chunk 1400/10240: fixtures/large_file.bin
2025/04/30 15:22:57 Sent ACK for chunk 1399
2025/04/30 15:22:57 Received ACK for chunk 1400/10240
Received chunk 1401/10240: fixtures/large_file.bin
2025/04/30 15:22:57 Sent ACK for chunk 1400
2025/04/30 15:22:57 Received ACK for chunk 1401/10240
Received chunk 1402/10240: fixtures/large_file.bin
2025/04/30 15:22:57 Sent ACK for chunk 1401
2025/04/30 15:22:57 Received ACK for chunk 1402/10240
Received chunk 1403/10240: fixtures/large_file.bin
2025/04/30 15:22:57 Sent ACK for chunk 1402
2025/04/30 15:22:57 Received ACK for chunk 1403/10240
Received chunk 1404/10240: fixtures/large_file.bin
2025/04/30 15:22:57 Sent ACK for chunk 1403
2025/04/30 15:22:57 Received ACK for chunk 1404/10240
Received chunk 1405/10240: fixtures/large_file.bin
2025/04/30 15:22:57 Sent ACK for chunk 1404
2025/04/30 15:22:57 Received ACK for chunk 1405/10240
Received chunk 1406/10240: fixtures/large_file.bin
2025/04/30 15:22:57 Sent ACK for chunk 1405
2025/04/30 15:22:57 Received ACK for chunk 1406/10240
Received chunk 1407/10240: fixtures/large_file.bin
2025/04/30 15:22:57 Sent ACK for chunk 1406
2025/04/30 15:22:57 Received ACK for chunk 1407/10240
Received chunk 1408/10240: fixtures/large_file.bin
2025/04/30 15:22:57 Sent ACK for chunk 1407
2025/04/30 15:22:57 Received ACK for chunk 1408/10240
Received chunk 1409/10240: fixtures/large_file.bin
2025/04/30 15:22:57 Sent ACK for chunk 1408
2025/04/30 15:22:57 Received ACK for chunk 1409/10240
Received chunk 1410/10240: fixtures/large_file.bin
2025/04/30 15:22:57 Sent ACK for chunk 1409
2025/04/30 15:22:57 Received ACK for chunk 1410/10240
Received chunk 1411/10240: fixtures/large_file.bin
2025/04/30 15:22:57 Sent ACK for chunk 1410
2025/04/30 15:22:57 Received ACK for chunk 1411/10240
Received chunk 1412/10240: fixtures/large_file.bin
2025/04/30 15:22:57 Sent ACK for chunk 1411
2025/04/30 15:22:57 Received ACK for chunk 1412/10240
Received chunk 1413/10240: fixtures/large_file.bin
2025/04/30 15:22:57 Sent ACK for chunk 1412
2025/04/30 15:22:57 Received ACK for chunk 1413/10240
Received chunk 1414/10240: fixtures/large_file.bin
2025/04/30 15:22:57 Sent ACK for chunk 1413
2025/04/30 15:22:57 Received ACK for chunk 1414/10240
Received chunk 1415/10240: fixtures/large_file.bin
2025/04/30 15:22:57 Sent ACK for chunk 1414
2025/04/30 15:22:57 Received ACK for chunk 1415/10240
Received chunk 1416/10240: fixtures/large_file.bin
2025/04/30 15:22:57 Sent ACK for chunk 1415
2025/04/30 15:22:57 Received ACK for chunk 1416/10240
Received chunk 1417/10240: fixtures/large_file.bin
2025/04/30 15:22:57 Sent ACK for chunk 1416
2025/04/30 15:22:57 Received ACK for chunk 1417/10240
Received chunk 1418/10240: fixtures/large_file.bin
2025/04/30 15:22:57 Sent ACK for chunk 1417
2025/04/30 15:22:57 Received ACK for chunk 1418/10240
Received chunk 1419/10240: fixtures/large_file.bin
2025/04/30 15:22:57 Sent ACK for chunk 1418
2025/04/30 15:22:57 Received ACK for chunk 1419/10240
Received chunk 1420/10240: fixtures/large_file.bin
2025/04/30 15:22:57 Sent ACK for chunk 1419
2025/04/30 15:22:57 Received ACK for chunk 1420/10240
Received chunk 1421/10240: fixtures/large_file.bin
2025/04/30 15:22:57 Sent ACK for chunk 1420
2025/04/30 15:22:57 Received ACK for chunk 1421/10240
Received chunk 1422/10240: fixtures/large_file.bin
2025/04/30 15:22:57 Sent ACK for chunk 1421
2025/04/30 15:22:57 Received ACK for chunk 1422/10240
Received chunk 1423/10240: fixtures/large_file.bin
2025/04/30 15:22:57 Sent ACK for chunk 1422
2025/04/30 15:22:57 Received ACK for chunk 1423/10240
Received chunk 1424/10240: fixtures/large_file.bin
2025/04/30 15:22:57 Sent ACK for chunk 1423
2025/04/30 15:22:57 Received ACK for chunk 1424/10240
Received chunk 1425/10240: fixtures/large_file.bin
2025/04/30 15:22:57 Sent ACK for chunk 1424
2025/04/30 15:22:57 Received ACK for chunk 1425/10240
Received chunk 1426/10240: fixtures/large_file.bin
2025/04/30 15:22:57 Sent ACK for chunk 1425
2025/04/30 15:22:57 Received ACK for chunk 1426/10240
Received chunk 1427/10240: fixtures/large_file.bin
2025/04/30 15:22:57 Sent ACK for chunk 1426
2025/04/30 15:22:57 Received ACK for chunk 1427/10240
Received chunk 1428/10240: fixtures/large_file.bin
2025/04/30 15:22:57 Sent ACK for chunk 1427
2025/04/30 15:22:57 Received ACK for chunk 1428/10240
Received chunk 1429/10240: fixtures/large_file.bin
2025/04/30 15:22:57 Sent ACK for chunk 1428
2025/04/30 15:22:57 Received ACK for chunk 1429/10240
Received chunk 1430/10240: fixtures/large_file.bin
2025/04/30 15:22:57 Sent ACK for chunk 1429
2025/04/30 15:22:57 Received ACK for chunk 1430/10240
Received chunk 1431/10240: fixtures/large_file.bin
2025/04/30 15:22:57 Sent ACK for chunk 1430
2025/04/30 15:22:57 Received ACK for chunk 1431/10240
Received chunk 1432/10240: fixtures/large_file.bin
2025/04/30 15:22:57 Sent ACK for chunk 1431
2025/04/30 15:22:57 Received ACK for chunk 1432/10240
Received chunk 1433/10240: fixtures/large_file.bin
2025/04/30 15:22:57 Sent ACK for chunk 1432
2025/04/30 15:22:57 Received ACK for chunk 1433/10240
Received chunk 1434/10240: fixtures/large_file.bin
2025/04/30 15:22:57 Sent ACK for chunk 1433
2025/04/30 15:22:57 Received ACK for chunk 1434/10240
Received chunk 1435/10240: fixtures/large_file.bin
2025/04/30 15:22:57 Sent ACK for chunk 1434
2025/04/30 15:22:57 Received ACK for chunk 1435/10240
Received chunk 1436/10240: fixtures/large_file.bin
2025/04/30 15:22:57 Sent ACK for chunk 1435
2025/04/30 15:22:57 Received ACK for chunk 1436/10240
Received chunk 1437/10240: fixtures/large_file.bin
2025/04/30 15:22:57 Sent ACK for chunk 1436
2025/04/30 15:22:57 Received ACK for chunk 1437/10240
Received chunk 1438/10240: fixtures/large_file.bin
2025/04/30 15:22:57 Sent ACK for chunk 1437
2025/04/30 15:22:57 Received ACK for chunk 1438/10240
Received chunk 1439/10240: fixtures/large_file.bin
2025/04/30 15:22:57 Sent ACK for chunk 1438
2025/04/30 15:22:57 Received ACK for chunk 1439/10240
Received chunk 1440/10240: fixtures/large_file.bin
2025/04/30 15:22:57 Sent ACK for chunk 1439
2025/04/30 15:22:57 Received ACK for chunk 1440/10240
Received chunk 1441/10240: fixtures/large_file.bin
2025/04/30 15:22:57 Sent ACK for chunk 1440
2025/04/30 15:22:57 Received ACK for chunk 1441/10240
Received chunk 1442/10240: fixtures/large_file.bin
2025/04/30 15:22:57 Sent ACK for chunk 1441
2025/04/30 15:22:57 Received ACK for chunk 1442/10240
Received chunk 1443/10240: fixtures/large_file.bin
2025/04/30 15:22:57 Sent ACK for chunk 1442
2025/04/30 15:22:57 Received ACK for chunk 1443/10240
Received chunk 1444/10240: fixtures/large_file.bin
2025/04/30 15:22:57 Sent ACK for chunk 1443
2025/04/30 15:22:57 Received ACK for chunk 1444/10240
Received chunk 1445/10240: fixtures/large_file.bin
2025/04/30 15:22:57 Sent ACK for chunk 1444
2025/04/30 15:22:57 Received ACK for chunk 1445/10240
Received chunk 1446/10240: fixtures/large_file.bin
2025/04/30 15:22:57 Sent ACK for chunk 1445
2025/04/30 15:22:57 Received ACK for chunk 1446/10240
Received chunk 1447/10240: fixtures/large_file.bin
2025/04/30 15:22:57 Sent ACK for chunk 1446
2025/04/30 15:22:57 Received ACK for chunk 1447/10240
Received chunk 1448/10240: fixtures/large_file.bin
2025/04/30 15:22:57 Sent ACK for chunk 1447
2025/04/30 15:22:57 Received ACK for chunk 1448/10240
Received chunk 1449/10240: fixtures/large_file.bin
2025/04/30 15:22:57 Sent ACK for chunk 1448
2025/04/30 15:22:57 Received ACK for chunk 1449/10240
Received chunk 1450/10240: fixtures/large_file.bin
2025/04/30 15:22:57 Sent ACK for chunk 1449
2025/04/30 15:22:57 Received ACK for chunk 1450/10240
Received chunk 1451/10240: fixtures/large_file.bin
2025/04/30 15:22:57 Sent ACK for chunk 1450
2025/04/30 15:22:57 Received ACK for chunk 1451/10240
Received chunk 1452/10240: fixtures/large_file.bin
2025/04/30 15:22:57 Sent ACK for chunk 1451
2025/04/30 15:22:57 Received ACK for chunk 1452/10240
Received chunk 1453/10240: fixtures/large_file.bin
2025/04/30 15:22:57 Sent ACK for chunk 1452
2025/04/30 15:22:57 Received ACK for chunk 1453/10240
Received chunk 1454/10240: fixtures/large_file.bin
2025/04/30 15:22:57 Sent ACK for chunk 1453
2025/04/30 15:22:57 Received ACK for chunk 1454/10240
Received chunk 1455/10240: fixtures/large_file.bin
2025/04/30 15:22:57 Sent ACK for chunk 1454
2025/04/30 15:22:57 Received ACK for chunk 1455/10240
Received chunk 1456/10240: fixtures/large_file.bin
2025/04/30 15:22:57 Sent ACK for chunk 1455
2025/04/30 15:22:57 Received ACK for chunk 1456/10240
Received chunk 1457/10240: fixtures/large_file.bin
2025/04/30 15:22:57 Sent ACK for chunk 1456
2025/04/30 15:22:57 Received ACK for chunk 1457/10240
Received chunk 1458/10240: fixtures/large_file.bin
2025/04/30 15:22:57 Sent ACK for chunk 1457
2025/04/30 15:22:57 Received ACK for chunk 1458/10240
Received chunk 1459/10240: fixtures/large_file.bin
2025/04/30 15:22:57 Sent ACK for chunk 1458
2025/04/30 15:22:57 Received ACK for chunk 1459/10240
Received chunk 1460/10240: fixtures/large_file.bin
2025/04/30 15:22:57 Sent ACK for chunk 1459
2025/04/30 15:22:57 Received ACK for chunk 1460/10240
Received chunk 1461/10240: fixtures/large_file.bin
2025/04/30 15:22:57 Sent ACK for chunk 1460
2025/04/30 15:22:57 Received ACK for chunk 1461/10240
Received chunk 1462/10240: fixtures/large_file.bin
2025/04/30 15:22:57 Sent ACK for chunk 1461
2025/04/30 15:22:57 Received ACK for chunk 1462/10240
Received chunk 1463/10240: fixtures/large_file.bin
2025/04/30 15:22:57 Sent ACK for chunk 1462
2025/04/30 15:22:57 Received ACK for chunk 1463/10240
Received chunk 1464/10240: fixtures/large_file.bin
2025/04/30 15:22:57 Sent ACK for chunk 1463
2025/04/30 15:22:57 Received ACK for chunk 1464/10240
Received chunk 1465/10240: fixtures/large_file.bin
2025/04/30 15:22:57 Sent ACK for chunk 1464
2025/04/30 15:22:57 Received ACK for chunk 1465/10240
Received chunk 1466/10240: fixtures/large_file.bin
2025/04/30 15:22:57 Sent ACK for chunk 1465
2025/04/30 15:22:57 Received ACK for chunk 1466/10240
Received chunk 1467/10240: fixtures/large_file.bin
2025/04/30 15:22:57 Sent ACK for chunk 1466
2025/04/30 15:22:57 Received ACK for chunk 1467/10240
Received chunk 1468/10240: fixtures/large_file.bin
2025/04/30 15:22:57 Sent ACK for chunk 1467
2025/04/30 15:22:57 Received ACK for chunk 1468/10240
Received chunk 1469/10240: fixtures/large_file.bin
2025/04/30 15:22:57 Sent ACK for chunk 1468
2025/04/30 15:22:57 Received ACK for chunk 1469/10240
Received chunk 1470/10240: fixtures/large_file.bin
2025/04/30 15:22:57 Sent ACK for chunk 1469
2025/04/30 15:22:57 Received ACK for chunk 1470/10240
Received chunk 1471/10240: fixtures/large_file.bin
2025/04/30 15:22:57 Sent ACK for chunk 1470
2025/04/30 15:22:57 Received ACK for chunk 1471/10240
Received chunk 1472/10240: fixtures/large_file.bin
2025/04/30 15:22:57 Sent ACK for chunk 1471
2025/04/30 15:22:57 Received ACK for chunk 1472/10240
Received chunk 1473/10240: fixtures/large_file.bin
2025/04/30 15:22:57 Sent ACK for chunk 1472
2025/04/30 15:22:57 Received ACK for chunk 1473/10240
Received chunk 1474/10240: fixtures/large_file.bin
2025/04/30 15:22:57 Sent ACK for chunk 1473
2025/04/30 15:22:57 Received ACK for chunk 1474/10240
Received chunk 1475/10240: fixtures/large_file.bin
2025/04/30 15:22:57 Sent ACK for chunk 1474
2025/04/30 15:22:57 Received ACK for chunk 1475/10240
Received chunk 1476/10240: fixtures/large_file.bin
2025/04/30 15:22:57 Sent ACK for chunk 1475
2025/04/30 15:22:57 Received ACK for chunk 1476/10240
Received chunk 1477/10240: fixtures/large_file.bin
2025/04/30 15:22:57 Sent ACK for chunk 1476
2025/04/30 15:22:57 Received ACK for chunk 1477/10240
Received chunk 1478/10240: fixtures/large_file.bin
2025/04/30 15:22:57 Sent ACK for chunk 1477
2025/04/30 15:22:57 Received ACK for chunk 1478/10240
Received chunk 1479/10240: fixtures/large_file.bin
2025/04/30 15:22:57 Sent ACK for chunk 1478
2025/04/30 15:22:57 Received ACK for chunk 1479/10240
Received chunk 1480/10240: fixtures/large_file.bin
2025/04/30 15:22:57 Sent ACK for chunk 1479
2025/04/30 15:22:57 Received ACK for chunk 1480/10240
Received chunk 1481/10240: fixtures/large_file.bin
2025/04/30 15:22:57 Sent ACK for chunk 1480
2025/04/30 15:22:57 Received ACK for chunk 1481/10240
Received chunk 1482/10240: fixtures/large_file.bin
2025/04/30 15:22:57 Sent ACK for chunk 1481
2025/04/30 15:22:57 Received ACK for chunk 1482/10240
Received chunk 1483/10240: fixtures/large_file.bin
2025/04/30 15:22:57 Sent ACK for chunk 1482
2025/04/30 15:22:57 Received ACK for chunk 1483/10240
Received chunk 1484/10240: fixtures/large_file.bin
2025/04/30 15:22:57 Sent ACK for chunk 1483
2025/04/30 15:22:57 Received ACK for chunk 1484/10240
Received chunk 1485/10240: fixtures/large_file.bin
2025/04/30 15:22:57 Sent ACK for chunk 1484
2025/04/30 15:22:57 Received ACK for chunk 1485/10240
Received chunk 1486/10240: fixtures/large_file.bin
2025/04/30 15:22:57 Sent ACK for chunk 1485
2025/04/30 15:22:57 Received ACK for chunk 1486/10240
Received chunk 1487/10240: fixtures/large_file.bin
2025/04/30 15:22:57 Sent ACK for chunk 1486
2025/04/30 15:22:57 Received ACK for chunk 1487/10240
Received chunk 1488/10240: fixtures/large_file.bin
2025/04/30 15:22:57 Sent ACK for chunk 1487
2025/04/30 15:22:57 Received ACK for chunk 1488/10240
Received chunk 1489/10240: fixtures/large_file.bin
2025/04/30 15:22:57 Sent ACK for chunk 1488
2025/04/30 15:22:57 Received ACK for chunk 1489/10240
Received chunk 1490/10240: fixtures/large_file.bin
2025/04/30 15:22:57 Sent ACK for chunk 1489
2025/04/30 15:22:57 Received ACK for chunk 1490/10240
Received chunk 1491/10240: fixtures/large_file.bin
2025/04/30 15:22:57 Sent ACK for chunk 1490
2025/04/30 15:22:57 Received ACK for chunk 1491/10240
Received chunk 1492/10240: fixtures/large_file.bin
2025/04/30 15:22:57 Sent ACK for chunk 1491
2025/04/30 15:22:57 Received ACK for chunk 1492/10240
Received chunk 1493/10240: fixtures/large_file.bin
2025/04/30 15:22:57 Sent ACK for chunk 1492
2025/04/30 15:22:57 Received ACK for chunk 1493/10240
Received chunk 1494/10240: fixtures/large_file.bin
2025/04/30 15:22:57 Sent ACK for chunk 1493
2025/04/30 15:22:57 Received ACK for chunk 1494/10240
Received chunk 1495/10240: fixtures/large_file.bin
2025/04/30 15:22:57 Sent ACK for chunk 1494
2025/04/30 15:22:57 Received ACK for chunk 1495/10240
Received chunk 1496/10240: fixtures/large_file.bin
2025/04/30 15:22:57 Sent ACK for chunk 1495
2025/04/30 15:22:57 Received ACK for chunk 1496/10240
Received chunk 1497/10240: fixtures/large_file.bin
2025/04/30 15:22:57 Sent ACK for chunk 1496
2025/04/30 15:22:57 Received ACK for chunk 1497/10240
Received chunk 1498/10240: fixtures/large_file.bin
2025/04/30 15:22:57 Sent ACK for chunk 1497
2025/04/30 15:22:57 Received ACK for chunk 1498/10240
Received chunk 1499/10240: fixtures/large_file.bin
2025/04/30 15:22:57 Sent ACK for chunk 1498
2025/04/30 15:22:57 Received ACK for chunk 1499/10240
Received chunk 1500/10240: fixtures/large_file.bin
2025/04/30 15:22:57 Sent ACK for chunk 1499
2025/04/30 15:22:57 Received ACK for chunk 1500/10240
Received chunk 1501/10240: fixtures/large_file.bin
2025/04/30 15:22:57 Sent ACK for chunk 1500
2025/04/30 15:22:57 Received ACK for chunk 1501/10240
Received chunk 1502/10240: fixtures/large_file.bin
2025/04/30 15:22:57 Sent ACK for chunk 1501
2025/04/30 15:22:57 Received ACK for chunk 1502/10240
Received chunk 1503/10240: fixtures/large_file.bin
2025/04/30 15:22:57 Sent ACK for chunk 1502
2025/04/30 15:22:57 Received ACK for chunk 1503/10240
Received chunk 1504/10240: fixtures/large_file.bin
2025/04/30 15:22:57 Sent ACK for chunk 1503
2025/04/30 15:22:57 Received ACK for chunk 1504/10240
Received chunk 1505/10240: fixtures/large_file.bin
2025/04/30 15:22:57 Sent ACK for chunk 1504
2025/04/30 15:22:57 Received ACK for chunk 1505/10240
Received chunk 1506/10240: fixtures/large_file.bin
2025/04/30 15:22:57 Sent ACK for chunk 1505
2025/04/30 15:22:57 Received ACK for chunk 1506/10240
Received chunk 1507/10240: fixtures/large_file.bin
2025/04/30 15:22:57 Sent ACK for chunk 1506
2025/04/30 15:22:57 Received ACK for chunk 1507/10240
Received chunk 1508/10240: fixtures/large_file.bin
2025/04/30 15:22:57 Sent ACK for chunk 1507
2025/04/30 15:22:57 Received ACK for chunk 1508/10240
Received chunk 1509/10240: fixtures/large_file.bin
2025/04/30 15:22:57 Sent ACK for chunk 1508
2025/04/30 15:22:57 Received ACK for chunk 1509/10240
Received chunk 1510/10240: fixtures/large_file.bin
2025/04/30 15:22:57 Sent ACK for chunk 1509
2025/04/30 15:22:57 Received ACK for chunk 1510/10240
Received chunk 1511/10240: fixtures/large_file.bin
2025/04/30 15:22:57 Sent ACK for chunk 1510
2025/04/30 15:22:57 Received ACK for chunk 1511/10240
Received chunk 1512/10240: fixtures/large_file.bin
2025/04/30 15:22:57 Sent ACK for chunk 1511
2025/04/30 15:22:57 Received ACK for chunk 1512/10240
Received chunk 1513/10240: fixtures/large_file.bin
2025/04/30 15:22:57 Sent ACK for chunk 1512
2025/04/30 15:22:57 Received ACK for chunk 1513/10240
Received chunk 1514/10240: fixtures/large_file.bin
2025/04/30 15:22:57 Sent ACK for chunk 1513
2025/04/30 15:22:57 Received ACK for chunk 1514/10240
Received chunk 1515/10240: fixtures/large_file.bin
2025/04/30 15:22:57 Sent ACK for chunk 1514
2025/04/30 15:22:57 Received ACK for chunk 1515/10240
Received chunk 1516/10240: fixtures/large_file.bin
2025/04/30 15:22:57 Sent ACK for chunk 1515
2025/04/30 15:22:57 Received ACK for chunk 1516/10240
Received chunk 1517/10240: fixtures/large_file.bin
2025/04/30 15:22:57 Sent ACK for chunk 1516
2025/04/30 15:22:57 Received ACK for chunk 1517/10240
Received chunk 1518/10240: fixtures/large_file.bin
2025/04/30 15:22:57 Sent ACK for chunk 1517
2025/04/30 15:22:57 Received ACK for chunk 1518/10240
Received chunk 1519/10240: fixtures/large_file.bin
2025/04/30 15:22:57 Sent ACK for chunk 1518
2025/04/30 15:22:57 Received ACK for chunk 1519/10240
Received chunk 1520/10240: fixtures/large_file.bin
2025/04/30 15:22:57 Sent ACK for chunk 1519
2025/04/30 15:22:57 Received ACK for chunk 1520/10240
Received chunk 1521/10240: fixtures/large_file.bin
2025/04/30 15:22:57 Sent ACK for chunk 1520
2025/04/30 15:22:57 Received ACK for chunk 1521/10240
Received chunk 1522/10240: fixtures/large_file.bin
2025/04/30 15:22:57 Sent ACK for chunk 1521
2025/04/30 15:22:57 Received ACK for chunk 1522/10240
Received chunk 1523/10240: fixtures/large_file.bin
2025/04/30 15:22:57 Sent ACK for chunk 1522
2025/04/30 15:22:57 Received ACK for chunk 1523/10240
Received chunk 1524/10240: fixtures/large_file.bin
2025/04/30 15:22:57 Sent ACK for chunk 1523
2025/04/30 15:22:57 Received ACK for chunk 1524/10240
Received chunk 1525/10240: fixtures/large_file.bin
2025/04/30 15:22:57 Sent ACK for chunk 1524
2025/04/30 15:22:57 Received ACK for chunk 1525/10240
Received chunk 1526/10240: fixtures/large_file.bin
2025/04/30 15:22:57 Sent ACK for chunk 1525
2025/04/30 15:22:57 Received ACK for chunk 1526/10240
Received chunk 1527/10240: fixtures/large_file.bin
2025/04/30 15:22:57 Sent ACK for chunk 1526
2025/04/30 15:22:57 Received ACK for chunk 1527/10240
Received chunk 1528/10240: fixtures/large_file.bin
2025/04/30 15:22:57 Sent ACK for chunk 1527
2025/04/30 15:22:57 Received ACK for chunk 1528/10240
Received chunk 1529/10240: fixtures/large_file.bin
2025/04/30 15:22:57 Sent ACK for chunk 1528
2025/04/30 15:22:57 Received ACK for chunk 1529/10240
Received chunk 1530/10240: fixtures/large_file.bin
2025/04/30 15:22:57 Sent ACK for chunk 1529
2025/04/30 15:22:57 Received ACK for chunk 1530/10240
Received chunk 1531/10240: fixtures/large_file.bin
2025/04/30 15:22:57 Sent ACK for chunk 1530
2025/04/30 15:22:57 Received ACK for chunk 1531/10240
Received chunk 1532/10240: fixtures/large_file.bin
2025/04/30 15:22:57 Sent ACK for chunk 1531
2025/04/30 15:22:57 Received ACK for chunk 1532/10240
Received chunk 1533/10240: fixtures/large_file.bin
2025/04/30 15:22:57 Sent ACK for chunk 1532
2025/04/30 15:22:57 Received ACK for chunk 1533/10240
Received chunk 1534/10240: fixtures/large_file.bin
2025/04/30 15:22:57 Sent ACK for chunk 1533
2025/04/30 15:22:57 Received ACK for chunk 1534/10240
Received chunk 1535/10240: fixtures/large_file.bin
2025/04/30 15:22:57 Sent ACK for chunk 1534
2025/04/30 15:22:57 Received ACK for chunk 1535/10240
Received chunk 1536/10240: fixtures/large_file.bin
2025/04/30 15:22:57 Sent ACK for chunk 1535
2025/04/30 15:22:57 Received ACK for chunk 1536/10240
Received chunk 1537/10240: fixtures/large_file.bin
2025/04/30 15:22:57 Sent ACK for chunk 1536
2025/04/30 15:22:57 Received ACK for chunk 1537/10240
Received chunk 1538/10240: fixtures/large_file.bin
2025/04/30 15:22:57 Sent ACK for chunk 1537
2025/04/30 15:22:57 Received ACK for chunk 1538/10240
Received chunk 1539/10240: fixtures/large_file.bin
2025/04/30 15:22:57 Sent ACK for chunk 1538
2025/04/30 15:22:57 Received ACK for chunk 1539/10240
Received chunk 1540/10240: fixtures/large_file.bin
2025/04/30 15:22:57 Sent ACK for chunk 1539
2025/04/30 15:22:57 Received ACK for chunk 1540/10240
Received chunk 1541/10240: fixtures/large_file.bin
2025/04/30 15:22:57 Sent ACK for chunk 1540
2025/04/30 15:22:57 Received ACK for chunk 1541/10240
Received chunk 1542/10240: fixtures/large_file.bin
2025/04/30 15:22:57 Sent ACK for chunk 1541
2025/04/30 15:22:57 Received ACK for chunk 1542/10240
Received chunk 1543/10240: fixtures/large_file.bin
2025/04/30 15:22:57 Sent ACK for chunk 1542
2025/04/30 15:22:57 Received ACK for chunk 1543/10240
Received chunk 1544/10240: fixtures/large_file.bin
2025/04/30 15:22:57 Sent ACK for chunk 1543
2025/04/30 15:22:57 Received ACK for chunk 1544/10240
Received chunk 1545/10240: fixtures/large_file.bin
2025/04/30 15:22:57 Sent ACK for chunk 1544
2025/04/30 15:22:57 Received ACK for chunk 1545/10240
Received chunk 1546/10240: fixtures/large_file.bin
2025/04/30 15:22:57 Sent ACK for chunk 1545
2025/04/30 15:22:57 Received ACK for chunk 1546/10240
Received chunk 1547/10240: fixtures/large_file.bin
2025/04/30 15:22:57 Sent ACK for chunk 1546
2025/04/30 15:22:57 Received ACK for chunk 1547/10240
Received chunk 1548/10240: fixtures/large_file.bin
2025/04/30 15:22:57 Sent ACK for chunk 1547
2025/04/30 15:22:57 Received ACK for chunk 1548/10240
Received chunk 1549/10240: fixtures/large_file.bin
2025/04/30 15:22:57 Sent ACK for chunk 1548
2025/04/30 15:22:57 Received ACK for chunk 1549/10240
Received chunk 1550/10240: fixtures/large_file.bin
2025/04/30 15:22:57 Sent ACK for chunk 1549
2025/04/30 15:22:57 Received ACK for chunk 1550/10240
Received chunk 1551/10240: fixtures/large_file.bin
2025/04/30 15:22:57 Sent ACK for chunk 1550
2025/04/30 15:22:57 Received ACK for chunk 1551/10240
Received chunk 1552/10240: fixtures/large_file.bin
2025/04/30 15:22:57 Sent ACK for chunk 1551
2025/04/30 15:22:57 Received ACK for chunk 1552/10240
Received chunk 1553/10240: fixtures/large_file.bin
2025/04/30 15:22:57 Sent ACK for chunk 1552
2025/04/30 15:22:57 Received ACK for chunk 1553/10240
Received chunk 1554/10240: fixtures/large_file.bin
2025/04/30 15:22:57 Sent ACK for chunk 1553
2025/04/30 15:22:57 Received ACK for chunk 1554/10240
Received chunk 1555/10240: fixtures/large_file.bin
2025/04/30 15:22:57 Sent ACK for chunk 1554
2025/04/30 15:22:57 Received ACK for chunk 1555/10240
Received chunk 1556/10240: fixtures/large_file.bin
2025/04/30 15:22:57 Sent ACK for chunk 1555
2025/04/30 15:22:57 Received ACK for chunk 1556/10240
Received chunk 1557/10240: fixtures/large_file.bin
2025/04/30 15:22:57 Sent ACK for chunk 1556
2025/04/30 15:22:57 Received ACK for chunk 1557/10240
Received chunk 1558/10240: fixtures/large_file.bin
2025/04/30 15:22:57 Sent ACK for chunk 1557
2025/04/30 15:22:57 Received ACK for chunk 1558/10240
Received chunk 1559/10240: fixtures/large_file.bin
2025/04/30 15:22:57 Sent ACK for chunk 1558
2025/04/30 15:22:57 Received ACK for chunk 1559/10240
Received chunk 1560/10240: fixtures/large_file.bin
2025/04/30 15:22:57 Sent ACK for chunk 1559
2025/04/30 15:22:57 Received ACK for chunk 1560/10240
Received chunk 1561/10240: fixtures/large_file.bin
2025/04/30 15:22:57 Sent ACK for chunk 1560
2025/04/30 15:22:57 Received ACK for chunk 1561/10240
Received chunk 1562/10240: fixtures/large_file.bin
2025/04/30 15:22:57 Sent ACK for chunk 1561
2025/04/30 15:22:57 Received ACK for chunk 1562/10240
Received chunk 1563/10240: fixtures/large_file.bin
2025/04/30 15:22:57 Sent ACK for chunk 1562
2025/04/30 15:22:57 Received ACK for chunk 1563/10240
Received chunk 1564/10240: fixtures/large_file.bin
2025/04/30 15:22:57 Sent ACK for chunk 1563
2025/04/30 15:22:57 Received ACK for chunk 1564/10240
Received chunk 1565/10240: fixtures/large_file.bin
2025/04/30 15:22:57 Sent ACK for chunk 1564
2025/04/30 15:22:57 Received ACK for chunk 1565/10240
Received chunk 1566/10240: fixtures/large_file.bin
2025/04/30 15:22:57 Sent ACK for chunk 1565
2025/04/30 15:22:57 Received ACK for chunk 1566/10240
Received chunk 1567/10240: fixtures/large_file.bin
2025/04/30 15:22:57 Sent ACK for chunk 1566
2025/04/30 15:22:57 Received ACK for chunk 1567/10240
Received chunk 1568/10240: fixtures/large_file.bin
2025/04/30 15:22:57 Sent ACK for chunk 1567
2025/04/30 15:22:57 Received ACK for chunk 1568/10240
Received chunk 1569/10240: fixtures/large_file.bin
2025/04/30 15:22:57 Sent ACK for chunk 1568
2025/04/30 15:22:57 Received ACK for chunk 1569/10240
Received chunk 1570/10240: fixtures/large_file.bin
2025/04/30 15:22:57 Sent ACK for chunk 1569
2025/04/30 15:22:57 Received ACK for chunk 1570/10240
Received chunk 1571/10240: fixtures/large_file.bin
2025/04/30 15:22:57 Sent ACK for chunk 1570
2025/04/30 15:22:57 Received ACK for chunk 1571/10240
Received chunk 1572/10240: fixtures/large_file.bin
2025/04/30 15:22:57 Sent ACK for chunk 1571
2025/04/30 15:22:57 Received ACK for chunk 1572/10240
Received chunk 1573/10240: fixtures/large_file.bin
2025/04/30 15:22:57 Sent ACK for chunk 1572
2025/04/30 15:22:57 Received ACK for chunk 1573/10240
Received chunk 1574/10240: fixtures/large_file.bin
2025/04/30 15:22:57 Sent ACK for chunk 1573
2025/04/30 15:22:57 Received ACK for chunk 1574/10240
Received chunk 1575/10240: fixtures/large_file.bin
2025/04/30 15:22:57 Sent ACK for chunk 1574
2025/04/30 15:22:57 Received ACK for chunk 1575/10240
Received chunk 1576/10240: fixtures/large_file.bin
2025/04/30 15:22:57 Sent ACK for chunk 1575
2025/04/30 15:22:57 Received ACK for chunk 1576/10240
Received chunk 1577/10240: fixtures/large_file.bin
2025/04/30 15:22:57 Sent ACK for chunk 1576
2025/04/30 15:22:57 Received ACK for chunk 1577/10240
Received chunk 1578/10240: fixtures/large_file.bin
2025/04/30 15:22:57 Sent ACK for chunk 1577
2025/04/30 15:22:57 Received ACK for chunk 1578/10240
Received chunk 1579/10240: fixtures/large_file.bin
2025/04/30 15:22:57 Sent ACK for chunk 1578
2025/04/30 15:22:57 Received ACK for chunk 1579/10240
Received chunk 1580/10240: fixtures/large_file.bin
2025/04/30 15:22:57 Sent ACK for chunk 1579
2025/04/30 15:22:57 Received ACK for chunk 1580/10240
Received chunk 1581/10240: fixtures/large_file.bin
2025/04/30 15:22:57 Sent ACK for chunk 1580
2025/04/30 15:22:57 Received ACK for chunk 1581/10240
Received chunk 1582/10240: fixtures/large_file.bin
2025/04/30 15:22:57 Sent ACK for chunk 1581
2025/04/30 15:22:57 Received ACK for chunk 1582/10240
Received chunk 1583/10240: fixtures/large_file.bin
2025/04/30 15:22:57 Sent ACK for chunk 1582
2025/04/30 15:22:57 Received ACK for chunk 1583/10240
Received chunk 1584/10240: fixtures/large_file.bin
2025/04/30 15:22:57 Sent ACK for chunk 1583
2025/04/30 15:22:57 Received ACK for chunk 1584/10240
Received chunk 1585/10240: fixtures/large_file.bin
2025/04/30 15:22:57 Sent ACK for chunk 1584
2025/04/30 15:22:57 Received ACK for chunk 1585/10240
Received chunk 1586/10240: fixtures/large_file.bin
2025/04/30 15:22:57 Sent ACK for chunk 1585
2025/04/30 15:22:57 Received ACK for chunk 1586/10240
Received chunk 1587/10240: fixtures/large_file.bin
2025/04/30 15:22:57 Sent ACK for chunk 1586
2025/04/30 15:22:57 Received ACK for chunk 1587/10240
Received chunk 1588/10240: fixtures/large_file.bin
2025/04/30 15:22:57 Sent ACK for chunk 1587
2025/04/30 15:22:57 Received ACK for chunk 1588/10240
Received chunk 1589/10240: fixtures/large_file.bin
2025/04/30 15:22:57 Sent ACK for chunk 1588
2025/04/30 15:22:57 Received ACK for chunk 1589/10240
Received chunk 1590/10240: fixtures/large_file.bin
2025/04/30 15:22:57 Sent ACK for chunk 1589
2025/04/30 15:22:57 Received ACK for chunk 1590/10240
Received chunk 1591/10240: fixtures/large_file.bin
2025/04/30 15:22:57 Sent ACK for chunk 1590
2025/04/30 15:22:57 Received ACK for chunk 1591/10240
Received chunk 1592/10240: fixtures/large_file.bin
2025/04/30 15:22:57 Sent ACK for chunk 1591
2025/04/30 15:22:57 Received ACK for chunk 1592/10240
Received chunk 1593/10240: fixtures/large_file.bin
2025/04/30 15:22:57 Sent ACK for chunk 1592
2025/04/30 15:22:57 Received ACK for chunk 1593/10240
Received chunk 1594/10240: fixtures/large_file.bin
2025/04/30 15:22:57 Sent ACK for chunk 1593
2025/04/30 15:22:57 Received ACK for chunk 1594/10240
Received chunk 1595/10240: fixtures/large_file.bin
2025/04/30 15:22:57 Sent ACK for chunk 1594
2025/04/30 15:22:57 Received ACK for chunk 1595/10240
Received chunk 1596/10240: fixtures/large_file.bin
2025/04/30 15:22:57 Sent ACK for chunk 1595
2025/04/30 15:22:57 Received ACK for chunk 1596/10240
Received chunk 1597/10240: fixtures/large_file.bin
2025/04/30 15:22:57 Sent ACK for chunk 1596
2025/04/30 15:22:57 Received ACK for chunk 1597/10240
Received chunk 1598/10240: fixtures/large_file.bin
2025/04/30 15:22:57 Sent ACK for chunk 1597
2025/04/30 15:22:57 Received ACK for chunk 1598/10240
Received chunk 1599/10240: fixtures/large_file.bin
2025/04/30 15:22:57 Sent ACK for chunk 1598
2025/04/30 15:22:57 Received ACK for chunk 1599/10240
Received chunk 1600/10240: fixtures/large_file.bin
2025/04/30 15:22:57 Sent ACK for chunk 1599
2025/04/30 15:22:57 Received ACK for chunk 1600/10240
Received chunk 1601/10240: fixtures/large_file.bin
2025/04/30 15:22:57 Sent ACK for chunk 1600
2025/04/30 15:22:57 Received ACK for chunk 1601/10240
Received chunk 1602/10240: fixtures/large_file.bin
2025/04/30 15:22:57 Sent ACK for chunk 1601
2025/04/30 15:22:57 Received ACK for chunk 1602/10240
Received chunk 1603/10240: fixtures/large_file.bin
2025/04/30 15:22:57 Sent ACK for chunk 1602
2025/04/30 15:22:57 Received ACK for chunk 1603/10240
Received chunk 1604/10240: fixtures/large_file.bin
2025/04/30 15:22:57 Sent ACK for chunk 1603
2025/04/30 15:22:57 Received ACK for chunk 1604/10240
Received chunk 1605/10240: fixtures/large_file.bin
2025/04/30 15:22:57 Sent ACK for chunk 1604
2025/04/30 15:22:57 Received ACK for chunk 1605/10240
Received chunk 1606/10240: fixtures/large_file.bin
2025/04/30 15:22:57 Sent ACK for chunk 1605
2025/04/30 15:22:57 Received ACK for chunk 1606/10240
Received chunk 1607/10240: fixtures/large_file.bin
2025/04/30 15:22:57 Sent ACK for chunk 1606
2025/04/30 15:22:57 Received ACK for chunk 1607/10240
Received chunk 1608/10240: fixtures/large_file.bin
2025/04/30 15:22:57 Sent ACK for chunk 1607
2025/04/30 15:22:57 Received ACK for chunk 1608/10240
Received chunk 1609/10240: fixtures/large_file.bin
2025/04/30 15:22:57 Sent ACK for chunk 1608
2025/04/30 15:22:57 Received ACK for chunk 1609/10240
Received chunk 1610/10240: fixtures/large_file.bin
2025/04/30 15:22:57 Sent ACK for chunk 1609
2025/04/30 15:22:57 Received ACK for chunk 1610/10240
Received chunk 1611/10240: fixtures/large_file.bin
2025/04/30 15:22:57 Sent ACK for chunk 1610
2025/04/30 15:22:57 Received ACK for chunk 1611/10240
Received chunk 1612/10240: fixtures/large_file.bin
2025/04/30 15:22:57 Sent ACK for chunk 1611
2025/04/30 15:22:57 Received ACK for chunk 1612/10240
Received chunk 1613/10240: fixtures/large_file.bin
2025/04/30 15:22:57 Sent ACK for chunk 1612
2025/04/30 15:22:57 Received ACK for chunk 1613/10240
Received chunk 1614/10240: fixtures/large_file.bin
2025/04/30 15:22:57 Sent ACK for chunk 1613
2025/04/30 15:22:57 Received ACK for chunk 1614/10240
Received chunk 1615/10240: fixtures/large_file.bin
2025/04/30 15:22:57 Sent ACK for chunk 1614
2025/04/30 15:22:57 Received ACK for chunk 1615/10240
Received chunk 1616/10240: fixtures/large_file.bin
2025/04/30 15:22:57 Sent ACK for chunk 1615
2025/04/30 15:22:57 Received ACK for chunk 1616/10240
Received chunk 1617/10240: fixtures/large_file.bin
2025/04/30 15:22:57 Sent ACK for chunk 1616
2025/04/30 15:22:57 Received ACK for chunk 1617/10240
Received chunk 1618/10240: fixtures/large_file.bin
2025/04/30 15:22:57 Sent ACK for chunk 1617
2025/04/30 15:22:57 Received ACK for chunk 1618/10240
Received chunk 1619/10240: fixtures/large_file.bin
2025/04/30 15:22:57 Sent ACK for chunk 1618
2025/04/30 15:22:57 Received ACK for chunk 1619/10240
Received chunk 1620/10240: fixtures/large_file.bin
2025/04/30 15:22:57 Sent ACK for chunk 1619
2025/04/30 15:22:57 Received ACK for chunk 1620/10240
Received chunk 1621/10240: fixtures/large_file.bin
2025/04/30 15:22:57 Sent ACK for chunk 1620
2025/04/30 15:22:57 Received ACK for chunk 1621/10240
Received chunk 1622/10240: fixtures/large_file.bin
2025/04/30 15:22:57 Sent ACK for chunk 1621
2025/04/30 15:22:57 Received ACK for chunk 1622/10240
Received chunk 1623/10240: fixtures/large_file.bin
2025/04/30 15:22:57 Sent ACK for chunk 1622
2025/04/30 15:22:57 Received ACK for chunk 1623/10240
Received chunk 1624/10240: fixtures/large_file.bin
2025/04/30 15:22:57 Sent ACK for chunk 1623
2025/04/30 15:22:57 Received ACK for chunk 1624/10240
Received chunk 1625/10240: fixtures/large_file.bin
2025/04/30 15:22:57 Sent ACK for chunk 1624
2025/04/30 15:22:57 Received ACK for chunk 1625/10240
Received chunk 1626/10240: fixtures/large_file.bin
2025/04/30 15:22:57 Sent ACK for chunk 1625
2025/04/30 15:22:57 Received ACK for chunk 1626/10240
Received chunk 1627/10240: fixtures/large_file.bin
2025/04/30 15:22:57 Sent ACK for chunk 1626
2025/04/30 15:22:57 Received ACK for chunk 1627/10240
Received chunk 1628/10240: fixtures/large_file.bin
2025/04/30 15:22:57 Sent ACK for chunk 1627
2025/04/30 15:22:57 Received ACK for chunk 1628/10240
Received chunk 1629/10240: fixtures/large_file.bin
2025/04/30 15:22:57 Sent ACK for chunk 1628
2025/04/30 15:22:57 Received ACK for chunk 1629/10240
Received chunk 1630/10240: fixtures/large_file.bin
2025/04/30 15:22:57 Sent ACK for chunk 1629
2025/04/30 15:22:57 Received ACK for chunk 1630/10240
Received chunk 1631/10240: fixtures/large_file.bin
2025/04/30 15:22:57 Sent ACK for chunk 1630
2025/04/30 15:22:57 Received ACK for chunk 1631/10240
Received chunk 1632/10240: fixtures/large_file.bin
2025/04/30 15:22:57 Sent ACK for chunk 1631
2025/04/30 15:22:57 Received ACK for chunk 1632/10240
Received chunk 1633/10240: fixtures/large_file.bin
2025/04/30 15:22:57 Sent ACK for chunk 1632
2025/04/30 15:22:57 Received ACK for chunk 1633/10240
Received chunk 1634/10240: fixtures/large_file.bin
2025/04/30 15:22:57 Sent ACK for chunk 1633
2025/04/30 15:22:57 Received ACK for chunk 1634/10240
Received chunk 1635/10240: fixtures/large_file.bin
2025/04/30 15:22:57 Sent ACK for chunk 1634
2025/04/30 15:22:57 Received ACK for chunk 1635/10240
Received chunk 1636/10240: fixtures/large_file.bin
2025/04/30 15:22:57 Sent ACK for chunk 1635
2025/04/30 15:22:57 Received ACK for chunk 1636/10240
Received chunk 1637/10240: fixtures/large_file.bin
2025/04/30 15:22:57 Sent ACK for chunk 1636
2025/04/30 15:22:57 Received ACK for chunk 1637/10240
Received chunk 1638/10240: fixtures/large_file.bin
2025/04/30 15:22:57 Sent ACK for chunk 1637
2025/04/30 15:22:57 Received ACK for chunk 1638/10240
Received chunk 1639/10240: fixtures/large_file.bin
2025/04/30 15:22:57 Sent ACK for chunk 1638
2025/04/30 15:22:57 Received ACK for chunk 1639/10240
Received chunk 1640/10240: fixtures/large_file.bin
2025/04/30 15:22:57 Sent ACK for chunk 1639
2025/04/30 15:22:57 Received ACK for chunk 1640/10240
Received chunk 1641/10240: fixtures/large_file.bin
2025/04/30 15:22:57 Sent ACK for chunk 1640
2025/04/30 15:22:57 Received ACK for chunk 1641/10240
Received chunk 1642/10240: fixtures/large_file.bin
2025/04/30 15:22:57 Sent ACK for chunk 1641
2025/04/30 15:22:57 Received ACK for chunk 1642/10240
Received chunk 1643/10240: fixtures/large_file.bin
2025/04/30 15:22:57 Sent ACK for chunk 1642
2025/04/30 15:22:57 Received ACK for chunk 1643/10240
Received chunk 1644/10240: fixtures/large_file.bin
2025/04/30 15:22:57 Sent ACK for chunk 1643
2025/04/30 15:22:57 Received ACK for chunk 1644/10240
Received chunk 1645/10240: fixtures/large_file.bin
2025/04/30 15:22:57 Sent ACK for chunk 1644
2025/04/30 15:22:57 Received ACK for chunk 1645/10240
Received chunk 1646/10240: fixtures/large_file.bin
2025/04/30 15:22:57 Sent ACK for chunk 1645
2025/04/30 15:22:57 Received ACK for chunk 1646/10240
Received chunk 1647/10240: fixtures/large_file.bin
2025/04/30 15:22:57 Sent ACK for chunk 1646
2025/04/30 15:22:57 Received ACK for chunk 1647/10240
Received chunk 1648/10240: fixtures/large_file.bin
2025/04/30 15:22:57 Sent ACK for chunk 1647
2025/04/30 15:22:57 Received ACK for chunk 1648/10240
Received chunk 1649/10240: fixtures/large_file.bin
2025/04/30 15:22:57 Sent ACK for chunk 1648
2025/04/30 15:22:57 Received ACK for chunk 1649/10240
Received chunk 1650/10240: fixtures/large_file.bin
2025/04/30 15:22:57 Sent ACK for chunk 1649
2025/04/30 15:22:57 Received ACK for chunk 1650/10240
Received chunk 1651/10240: fixtures/large_file.bin
2025/04/30 15:22:57 Sent ACK for chunk 1650
2025/04/30 15:22:57 Received ACK for chunk 1651/10240
Received chunk 1652/10240: fixtures/large_file.bin
2025/04/30 15:22:57 Sent ACK for chunk 1651
2025/04/30 15:22:57 Received ACK for chunk 1652/10240
Received chunk 1653/10240: fixtures/large_file.bin
2025/04/30 15:22:57 Sent ACK for chunk 1652
2025/04/30 15:22:57 Received ACK for chunk 1653/10240
Received chunk 1654/10240: fixtures/large_file.bin
2025/04/30 15:22:57 Sent ACK for chunk 1653
2025/04/30 15:22:57 Received ACK for chunk 1654/10240
Received chunk 1655/10240: fixtures/large_file.bin
2025/04/30 15:22:57 Sent ACK for chunk 1654
2025/04/30 15:22:57 Received ACK for chunk 1655/10240
Received chunk 1656/10240: fixtures/large_file.bin
2025/04/30 15:22:57 Sent ACK for chunk 1655
2025/04/30 15:22:57 Received ACK for chunk 1656/10240
Received chunk 1657/10240: fixtures/large_file.bin
2025/04/30 15:22:57 Sent ACK for chunk 1656
2025/04/30 15:22:57 Received ACK for chunk 1657/10240
Received chunk 1658/10240: fixtures/large_file.bin
2025/04/30 15:22:57 Sent ACK for chunk 1657
2025/04/30 15:22:57 Received ACK for chunk 1658/10240
Received chunk 1659/10240: fixtures/large_file.bin
2025/04/30 15:22:57 Sent ACK for chunk 1658
2025/04/30 15:22:57 Received ACK for chunk 1659/10240
Received chunk 1660/10240: fixtures/large_file.bin
2025/04/30 15:22:57 Sent ACK for chunk 1659
2025/04/30 15:22:57 Received ACK for chunk 1660/10240
Received chunk 1661/10240: fixtures/large_file.bin
2025/04/30 15:22:57 Sent ACK for chunk 1660
2025/04/30 15:22:57 Received ACK for chunk 1661/10240
Received chunk 1662/10240: fixtures/large_file.bin
2025/04/30 15:22:57 Sent ACK for chunk 1661
2025/04/30 15:22:57 Received ACK for chunk 1662/10240
Received chunk 1663/10240: fixtures/large_file.bin
2025/04/30 15:22:57 Sent ACK for chunk 1662
2025/04/30 15:22:57 Received ACK for chunk 1663/10240
Received chunk 1664/10240: fixtures/large_file.bin
2025/04/30 15:22:57 Sent ACK for chunk 1663
2025/04/30 15:22:57 Received ACK for chunk 1664/10240
Received chunk 1665/10240: fixtures/large_file.bin
2025/04/30 15:22:57 Sent ACK for chunk 1664
2025/04/30 15:22:57 Received ACK for chunk 1665/10240
Received chunk 1666/10240: fixtures/large_file.bin
2025/04/30 15:22:57 Sent ACK for chunk 1665
2025/04/30 15:22:57 Received ACK for chunk 1666/10240
Received chunk 1667/10240: fixtures/large_file.bin
2025/04/30 15:22:57 Sent ACK for chunk 1666
2025/04/30 15:22:57 Received ACK for chunk 1667/10240
Received chunk 1668/10240: fixtures/large_file.bin
2025/04/30 15:22:57 Sent ACK for chunk 1667
2025/04/30 15:22:57 Received ACK for chunk 1668/10240
Received chunk 1669/10240: fixtures/large_file.bin
2025/04/30 15:22:57 Sent ACK for chunk 1668
2025/04/30 15:22:57 Received ACK for chunk 1669/10240
Received chunk 1670/10240: fixtures/large_file.bin
2025/04/30 15:22:57 Sent ACK for chunk 1669
2025/04/30 15:22:57 Received ACK for chunk 1670/10240
Received chunk 1671/10240: fixtures/large_file.bin
2025/04/30 15:22:57 Sent ACK for chunk 1670
2025/04/30 15:22:57 Received ACK for chunk 1671/10240
Received chunk 1672/10240: fixtures/large_file.bin
2025/04/30 15:22:57 Sent ACK for chunk 1671
2025/04/30 15:22:57 Received ACK for chunk 1672/10240
Received chunk 1673/10240: fixtures/large_file.bin
2025/04/30 15:22:57 Sent ACK for chunk 1672
2025/04/30 15:22:57 Received ACK for chunk 1673/10240
Received chunk 1674/10240: fixtures/large_file.bin
2025/04/30 15:22:57 Sent ACK for chunk 1673
2025/04/30 15:22:57 Received ACK for chunk 1674/10240
Received chunk 1675/10240: fixtures/large_file.bin
2025/04/30 15:22:57 Sent ACK for chunk 1674
2025/04/30 15:22:57 Received ACK for chunk 1675/10240
Received chunk 1676/10240: fixtures/large_file.bin
2025/04/30 15:22:57 Sent ACK for chunk 1675
2025/04/30 15:22:57 Received ACK for chunk 1676/10240
Received chunk 1677/10240: fixtures/large_file.bin
2025/04/30 15:22:57 Sent ACK for chunk 1676
2025/04/30 15:22:57 Received ACK for chunk 1677/10240
Received chunk 1678/10240: fixtures/large_file.bin
2025/04/30 15:22:57 Sent ACK for chunk 1677
2025/04/30 15:22:57 Received ACK for chunk 1678/10240
Received chunk 1679/10240: fixtures/large_file.bin
2025/04/30 15:22:57 Sent ACK for chunk 1678
2025/04/30 15:22:57 Received ACK for chunk 1679/10240
Received chunk 1680/10240: fixtures/large_file.bin
2025/04/30 15:22:57 Sent ACK for chunk 1679
2025/04/30 15:22:57 Received ACK for chunk 1680/10240
Received chunk 1681/10240: fixtures/large_file.bin
2025/04/30 15:22:57 Sent ACK for chunk 1680
2025/04/30 15:22:57 Received ACK for chunk 1681/10240
Received chunk 1682/10240: fixtures/large_file.bin
2025/04/30 15:22:57 Sent ACK for chunk 1681
2025/04/30 15:22:57 Received ACK for chunk 1682/10240
Received chunk 1683/10240: fixtures/large_file.bin
2025/04/30 15:22:57 Sent ACK for chunk 1682
2025/04/30 15:22:57 Received ACK for chunk 1683/10240
Received chunk 1684/10240: fixtures/large_file.bin
2025/04/30 15:22:57 Sent ACK for chunk 1683
2025/04/30 15:22:57 Received ACK for chunk 1684/10240
Received chunk 1685/10240: fixtures/large_file.bin
2025/04/30 15:22:57 Sent ACK for chunk 1684
2025/04/30 15:22:57 Received ACK for chunk 1685/10240
Received chunk 1686/10240: fixtures/large_file.bin
2025/04/30 15:22:57 Sent ACK for chunk 1685
2025/04/30 15:22:57 Received ACK for chunk 1686/10240
Received chunk 1687/10240: fixtures/large_file.bin
2025/04/30 15:22:57 Sent ACK for chunk 1686
2025/04/30 15:22:57 Received ACK for chunk 1687/10240
Received chunk 1688/10240: fixtures/large_file.bin
2025/04/30 15:22:57 Sent ACK for chunk 1687
2025/04/30 15:22:57 Received ACK for chunk 1688/10240
Received chunk 1689/10240: fixtures/large_file.bin
2025/04/30 15:22:57 Sent ACK for chunk 1688
2025/04/30 15:22:57 Received ACK for chunk 1689/10240
Received chunk 1690/10240: fixtures/large_file.bin
2025/04/30 15:22:57 Sent ACK for chunk 1689
2025/04/30 15:22:57 Received ACK for chunk 1690/10240
Received chunk 1691/10240: fixtures/large_file.bin
2025/04/30 15:22:57 Sent ACK for chunk 1690
2025/04/30 15:22:57 Received ACK for chunk 1691/10240
Received chunk 1692/10240: fixtures/large_file.bin
2025/04/30 15:22:57 Sent ACK for chunk 1691
2025/04/30 15:22:57 Received ACK for chunk 1692/10240
Received chunk 1693/10240: fixtures/large_file.bin
2025/04/30 15:22:57 Sent ACK for chunk 1692
2025/04/30 15:22:57 Received ACK for chunk 1693/10240
Received chunk 1694/10240: fixtures/large_file.bin
2025/04/30 15:22:57 Sent ACK for chunk 1693
2025/04/30 15:22:57 Received ACK for chunk 1694/10240
Received chunk 1695/10240: fixtures/large_file.bin
2025/04/30 15:22:57 Sent ACK for chunk 1694
2025/04/30 15:22:57 Received ACK for chunk 1695/10240
Received chunk 1696/10240: fixtures/large_file.bin
2025/04/30 15:22:57 Sent ACK for chunk 1695
2025/04/30 15:22:57 Received ACK for chunk 1696/10240
Received chunk 1697/10240: fixtures/large_file.bin
2025/04/30 15:22:57 Sent ACK for chunk 1696
2025/04/30 15:22:57 Received ACK for chunk 1697/10240
Received chunk 1698/10240: fixtures/large_file.bin
2025/04/30 15:22:57 Sent ACK for chunk 1697
2025/04/30 15:22:57 Received ACK for chunk 1698/10240
Received chunk 1699/10240: fixtures/large_file.bin
2025/04/30 15:22:57 Sent ACK for chunk 1698
2025/04/30 15:22:57 Received ACK for chunk 1699/10240
Received chunk 1700/10240: fixtures/large_file.bin
2025/04/30 15:22:57 Sent ACK for chunk 1699
2025/04/30 15:22:57 Received ACK for chunk 1700/10240
Received chunk 1701/10240: fixtures/large_file.bin
2025/04/30 15:22:57 Sent ACK for chunk 1700
2025/04/30 15:22:57 Received ACK for chunk 1701/10240
Received chunk 1702/10240: fixtures/large_file.bin
2025/04/30 15:22:57 Sent ACK for chunk 1701
2025/04/30 15:22:57 Received ACK for chunk 1702/10240
Received chunk 1703/10240: fixtures/large_file.bin
2025/04/30 15:22:57 Sent ACK for chunk 1702
2025/04/30 15:22:57 Received ACK for chunk 1703/10240
Received chunk 1704/10240: fixtures/large_file.bin
2025/04/30 15:22:57 Sent ACK for chunk 1703
2025/04/30 15:22:57 Received ACK for chunk 1704/10240
Received chunk 1705/10240: fixtures/large_file.bin
2025/04/30 15:22:57 Sent ACK for chunk 1704
2025/04/30 15:22:57 Received ACK for chunk 1705/10240
Received chunk 1706/10240: fixtures/large_file.bin
2025/04/30 15:22:57 Sent ACK for chunk 1705
2025/04/30 15:22:57 Received ACK for chunk 1706/10240
Received chunk 1707/10240: fixtures/large_file.bin
2025/04/30 15:22:57 Sent ACK for chunk 1706
2025/04/30 15:22:57 Received ACK for chunk 1707/10240
Received chunk 1708/10240: fixtures/large_file.bin
2025/04/30 15:22:57 Sent ACK for chunk 1707
2025/04/30 15:22:57 Received ACK for chunk 1708/10240
Received chunk 1709/10240: fixtures/large_file.bin
2025/04/30 15:22:57 Sent ACK for chunk 1708
2025/04/30 15:22:57 Received ACK for chunk 1709/10240
Received chunk 1710/10240: fixtures/large_file.bin
2025/04/30 15:22:57 Sent ACK for chunk 1709
2025/04/30 15:22:57 Received ACK for chunk 1710/10240
Received chunk 1711/10240: fixtures/large_file.bin
2025/04/30 15:22:57 Sent ACK for chunk 1710
2025/04/30 15:22:57 Received ACK for chunk 1711/10240
Received chunk 1712/10240: fixtures/large_file.bin
2025/04/30 15:22:57 Sent ACK for chunk 1711
2025/04/30 15:22:57 Received ACK for chunk 1712/10240
Received chunk 1713/10240: fixtures/large_file.bin
2025/04/30 15:22:57 Sent ACK for chunk 1712
2025/04/30 15:22:57 Received ACK for chunk 1713/10240
Received chunk 1714/10240: fixtures/large_file.bin
2025/04/30 15:22:57 Sent ACK for chunk 1713
2025/04/30 15:22:57 Received ACK for chunk 1714/10240
Received chunk 1715/10240: fixtures/large_file.bin
2025/04/30 15:22:57 Sent ACK for chunk 1714
2025/04/30 15:22:57 Received ACK for chunk 1715/10240
Received chunk 1716/10240: fixtures/large_file.bin
2025/04/30 15:22:57 Sent ACK for chunk 1715
2025/04/30 15:22:57 Received ACK for chunk 1716/10240
Received chunk 1717/10240: fixtures/large_file.bin
2025/04/30 15:22:57 Sent ACK for chunk 1716
2025/04/30 15:22:57 Received ACK for chunk 1717/10240
Received chunk 1718/10240: fixtures/large_file.bin
2025/04/30 15:22:57 Sent ACK for chunk 1717
2025/04/30 15:22:57 Received ACK for chunk 1718/10240
Received chunk 1719/10240: fixtures/large_file.bin
2025/04/30 15:22:57 Sent ACK for chunk 1718
2025/04/30 15:22:57 Received ACK for chunk 1719/10240
Received chunk 1720/10240: fixtures/large_file.bin
2025/04/30 15:22:57 Sent ACK for chunk 1719
2025/04/30 15:22:57 Received ACK for chunk 1720/10240
Received chunk 1721/10240: fixtures/large_file.bin
2025/04/30 15:22:57 Sent ACK for chunk 1720
2025/04/30 15:22:57 Received ACK for chunk 1721/10240
Received chunk 1722/10240: fixtures/large_file.bin
2025/04/30 15:22:57 Sent ACK for chunk 1721
2025/04/30 15:22:57 Received ACK for chunk 1722/10240
Received chunk 1723/10240: fixtures/large_file.bin
2025/04/30 15:22:57 Sent ACK for chunk 1722
2025/04/30 15:22:57 Received ACK for chunk 1723/10240
Received chunk 1724/10240: fixtures/large_file.bin
2025/04/30 15:22:57 Sent ACK for chunk 1723
2025/04/30 15:22:57 Received ACK for chunk 1724/10240
Received chunk 1725/10240: fixtures/large_file.bin
2025/04/30 15:22:57 Sent ACK for chunk 1724
2025/04/30 15:22:57 Received ACK for chunk 1725/10240
Received chunk 1726/10240: fixtures/large_file.bin
2025/04/30 15:22:57 Sent ACK for chunk 1725
2025/04/30 15:22:57 Received ACK for chunk 1726/10240
Received chunk 1727/10240: fixtures/large_file.bin
2025/04/30 15:22:57 Sent ACK for chunk 1726
2025/04/30 15:22:57 Received ACK for chunk 1727/10240
Received chunk 1728/10240: fixtures/large_file.bin
2025/04/30 15:22:57 Sent ACK for chunk 1727
2025/04/30 15:22:57 Received ACK for chunk 1728/10240
Received chunk 1729/10240: fixtures/large_file.bin
2025/04/30 15:22:57 Sent ACK for chunk 1728
2025/04/30 15:22:57 Received ACK for chunk 1729/10240
Received chunk 1730/10240: fixtures/large_file.bin
2025/04/30 15:22:57 Sent ACK for chunk 1729
2025/04/30 15:22:57 Received ACK for chunk 1730/10240
Received chunk 1731/10240: fixtures/large_file.bin
2025/04/30 15:22:57 Sent ACK for chunk 1730
2025/04/30 15:22:57 Received ACK for chunk 1731/10240
Received chunk 1732/10240: fixtures/large_file.bin
2025/04/30 15:22:57 Sent ACK for chunk 1731
2025/04/30 15:22:57 Received ACK for chunk 1732/10240
Received chunk 1733/10240: fixtures/large_file.bin
2025/04/30 15:22:57 Sent ACK for chunk 1732
2025/04/30 15:22:57 Received ACK for chunk 1733/10240
Received chunk 1734/10240: fixtures/large_file.bin
2025/04/30 15:22:57 Sent ACK for chunk 1733
2025/04/30 15:22:57 Received ACK for chunk 1734/10240
Received chunk 1735/10240: fixtures/large_file.bin
2025/04/30 15:22:57 Sent ACK for chunk 1734
2025/04/30 15:22:57 Received ACK for chunk 1735/10240
Received chunk 1736/10240: fixtures/large_file.bin
2025/04/30 15:22:57 Sent ACK for chunk 1735
2025/04/30 15:22:57 Received ACK for chunk 1736/10240
Received chunk 1737/10240: fixtures/large_file.bin
2025/04/30 15:22:57 Sent ACK for chunk 1736
2025/04/30 15:22:57 Received ACK for chunk 1737/10240
Received chunk 1738/10240: fixtures/large_file.bin
2025/04/30 15:22:57 Sent ACK for chunk 1737
2025/04/30 15:22:57 Received ACK for chunk 1738/10240
Received chunk 1739/10240: fixtures/large_file.bin
2025/04/30 15:22:57 Sent ACK for chunk 1738
2025/04/30 15:22:57 Received ACK for chunk 1739/10240
Received chunk 1740/10240: fixtures/large_file.bin
2025/04/30 15:22:57 Sent ACK for chunk 1739
2025/04/30 15:22:57 Received ACK for chunk 1740/10240
Received chunk 1741/10240: fixtures/large_file.bin
2025/04/30 15:22:57 Sent ACK for chunk 1740
2025/04/30 15:22:57 Received ACK for chunk 1741/10240
Received chunk 1742/10240: fixtures/large_file.bin
2025/04/30 15:22:57 Sent ACK for chunk 1741
2025/04/30 15:22:57 Received ACK for chunk 1742/10240
Received chunk 1743/10240: fixtures/large_file.bin
2025/04/30 15:22:57 Sent ACK for chunk 1742
2025/04/30 15:22:57 Received ACK for chunk 1743/10240
Received chunk 1744/10240: fixtures/large_file.bin
2025/04/30 15:22:57 Sent ACK for chunk 1743
2025/04/30 15:22:57 Received ACK for chunk 1744/10240
Received chunk 1745/10240: fixtures/large_file.bin
2025/04/30 15:22:57 Sent ACK for chunk 1744
2025/04/30 15:22:57 Received ACK for chunk 1745/10240
Received chunk 1746/10240: fixtures/large_file.bin
2025/04/30 15:22:57 Sent ACK for chunk 1745
2025/04/30 15:22:57 Received ACK for chunk 1746/10240
Received chunk 1747/10240: fixtures/large_file.bin
2025/04/30 15:22:57 Sent ACK for chunk 1746
2025/04/30 15:22:57 Received ACK for chunk 1747/10240
Received chunk 1748/10240: fixtures/large_file.bin
2025/04/30 15:22:57 Sent ACK for chunk 1747
2025/04/30 15:22:57 Received ACK for chunk 1748/10240
Received chunk 1749/10240: fixtures/large_file.bin
2025/04/30 15:22:57 Sent ACK for chunk 1748
2025/04/30 15:22:57 Received ACK for chunk 1749/10240
Received chunk 1750/10240: fixtures/large_file.bin
2025/04/30 15:22:57 Sent ACK for chunk 1749
2025/04/30 15:22:57 Received ACK for chunk 1750/10240
Received chunk 1751/10240: fixtures/large_file.bin
2025/04/30 15:22:57 Sent ACK for chunk 1750
2025/04/30 15:22:57 Received ACK for chunk 1751/10240
Received chunk 1752/10240: fixtures/large_file.bin
2025/04/30 15:22:57 Sent ACK for chunk 1751
2025/04/30 15:22:57 Received ACK for chunk 1752/10240
Received chunk 1753/10240: fixtures/large_file.bin
2025/04/30 15:22:57 Sent ACK for chunk 1752
2025/04/30 15:22:57 Received ACK for chunk 1753/10240
Received chunk 1754/10240: fixtures/large_file.bin
2025/04/30 15:22:57 Sent ACK for chunk 1753
2025/04/30 15:22:57 Received ACK for chunk 1754/10240
Received chunk 1755/10240: fixtures/large_file.bin
2025/04/30 15:22:57 Sent ACK for chunk 1754
2025/04/30 15:22:57 Received ACK for chunk 1755/10240
Received chunk 1756/10240: fixtures/large_file.bin
2025/04/30 15:22:57 Sent ACK for chunk 1755
2025/04/30 15:22:57 Received ACK for chunk 1756/10240
Received chunk 1757/10240: fixtures/large_file.bin
2025/04/30 15:22:57 Sent ACK for chunk 1756
2025/04/30 15:22:57 Received ACK for chunk 1757/10240
Received chunk 1758/10240: fixtures/large_file.bin
2025/04/30 15:22:57 Sent ACK for chunk 1757
2025/04/30 15:22:57 Received ACK for chunk 1758/10240
Received chunk 1759/10240: fixtures/large_file.bin
2025/04/30 15:22:57 Sent ACK for chunk 1758
2025/04/30 15:22:57 Received ACK for chunk 1759/10240
Received chunk 1760/10240: fixtures/large_file.bin
2025/04/30 15:22:57 Sent ACK for chunk 1759
2025/04/30 15:22:57 Received ACK for chunk 1760/10240
Received chunk 1761/10240: fixtures/large_file.bin
2025/04/30 15:22:57 Sent ACK for chunk 1760
2025/04/30 15:22:57 Received ACK for chunk 1761/10240
Received chunk 1762/10240: fixtures/large_file.bin
2025/04/30 15:22:57 Sent ACK for chunk 1761
2025/04/30 15:22:57 Received ACK for chunk 1762/10240
Received chunk 1763/10240: fixtures/large_file.bin
2025/04/30 15:22:57 Sent ACK for chunk 1762
2025/04/30 15:22:57 Received ACK for chunk 1763/10240
Received chunk 1764/10240: fixtures/large_file.bin
2025/04/30 15:22:57 Sent ACK for chunk 1763
2025/04/30 15:22:57 Received ACK for chunk 1764/10240
Received chunk 1765/10240: fixtures/large_file.bin
2025/04/30 15:22:57 Sent ACK for chunk 1764
2025/04/30 15:22:57 Received ACK for chunk 1765/10240
Received chunk 1766/10240: fixtures/large_file.bin
2025/04/30 15:22:57 Sent ACK for chunk 1765
2025/04/30 15:22:57 Received ACK for chunk 1766/10240
Received chunk 1767/10240: fixtures/large_file.bin
2025/04/30 15:22:57 Sent ACK for chunk 1766
2025/04/30 15:22:57 Received ACK for chunk 1767/10240
Received chunk 1768/10240: fixtures/large_file.bin
2025/04/30 15:22:57 Sent ACK for chunk 1767
2025/04/30 15:22:57 Received ACK for chunk 1768/10240
Received chunk 1769/10240: fixtures/large_file.bin
2025/04/30 15:22:57 Sent ACK for chunk 1768
2025/04/30 15:22:57 Received ACK for chunk 1769/10240
Received chunk 1770/10240: fixtures/large_file.bin
2025/04/30 15:22:57 Sent ACK for chunk 1769
2025/04/30 15:22:57 Received ACK for chunk 1770/10240
Received chunk 1771/10240: fixtures/large_file.bin
2025/04/30 15:22:57 Sent ACK for chunk 1770
2025/04/30 15:22:57 Received ACK for chunk 1771/10240
Received chunk 1772/10240: fixtures/large_file.bin
2025/04/30 15:22:57 Sent ACK for chunk 1771
2025/04/30 15:22:57 Received ACK for chunk 1772/10240
Received chunk 1773/10240: fixtures/large_file.bin
2025/04/30 15:22:57 Sent ACK for chunk 1772
2025/04/30 15:22:57 Received ACK for chunk 1773/10240
Received chunk 1774/10240: fixtures/large_file.bin
2025/04/30 15:22:57 Sent ACK for chunk 1773
2025/04/30 15:22:57 Received ACK for chunk 1774/10240
Received chunk 1775/10240: fixtures/large_file.bin
2025/04/30 15:22:57 Sent ACK for chunk 1774
2025/04/30 15:22:57 Received ACK for chunk 1775/10240
Received chunk 1776/10240: fixtures/large_file.bin
2025/04/30 15:22:57 Sent ACK for chunk 1775
2025/04/30 15:22:57 Received ACK for chunk 1776/10240
Received chunk 1777/10240: fixtures/large_file.bin
2025/04/30 15:22:57 Sent ACK for chunk 1776
2025/04/30 15:22:57 Received ACK for chunk 1777/10240
Received chunk 1778/10240: fixtures/large_file.bin
2025/04/30 15:22:57 Sent ACK for chunk 1777
2025/04/30 15:22:57 Received ACK for chunk 1778/10240
Received chunk 1779/10240: fixtures/large_file.bin
2025/04/30 15:22:57 Sent ACK for chunk 1778
2025/04/30 15:22:57 Received ACK for chunk 1779/10240
Received chunk 1780/10240: fixtures/large_file.bin
2025/04/30 15:22:57 Sent ACK for chunk 1779
2025/04/30 15:22:57 Received ACK for chunk 1780/10240
Received chunk 1781/10240: fixtures/large_file.bin
2025/04/30 15:22:57 Sent ACK for chunk 1780
2025/04/30 15:22:57 Received ACK for chunk 1781/10240
Received chunk 1782/10240: fixtures/large_file.bin
2025/04/30 15:22:57 Sent ACK for chunk 1781
2025/04/30 15:22:57 Received ACK for chunk 1782/10240
Received chunk 1783/10240: fixtures/large_file.bin
2025/04/30 15:22:57 Sent ACK for chunk 1782
2025/04/30 15:22:57 Received ACK for chunk 1783/10240
Received chunk 1784/10240: fixtures/large_file.bin
2025/04/30 15:22:57 Sent ACK for chunk 1783
2025/04/30 15:22:57 Received ACK for chunk 1784/10240
Received chunk 1785/10240: fixtures/large_file.bin
2025/04/30 15:22:57 Sent ACK for chunk 1784
2025/04/30 15:22:57 Received ACK for chunk 1785/10240
Received chunk 1786/10240: fixtures/large_file.bin
2025/04/30 15:22:57 Sent ACK for chunk 1785
2025/04/30 15:22:57 Received ACK for chunk 1786/10240
Received chunk 1787/10240: fixtures/large_file.bin
2025/04/30 15:22:57 Sent ACK for chunk 1786
2025/04/30 15:22:57 Received ACK for chunk 1787/10240
Received chunk 1788/10240: fixtures/large_file.bin
2025/04/30 15:22:57 Sent ACK for chunk 1787
2025/04/30 15:22:57 Received ACK for chunk 1788/10240
Received chunk 1789/10240: fixtures/large_file.bin
2025/04/30 15:22:57 Sent ACK for chunk 1788
2025/04/30 15:22:57 Received ACK for chunk 1789/10240
Received chunk 1790/10240: fixtures/large_file.bin
2025/04/30 15:22:57 Sent ACK for chunk 1789
2025/04/30 15:22:57 Received ACK for chunk 1790/10240
Received chunk 1791/10240: fixtures/large_file.bin
2025/04/30 15:22:57 Sent ACK for chunk 1790
2025/04/30 15:22:57 Received ACK for chunk 1791/10240
Received chunk 1792/10240: fixtures/large_file.bin
2025/04/30 15:22:57 Sent ACK for chunk 1791
2025/04/30 15:22:57 Received ACK for chunk 1792/10240
Received chunk 1793/10240: fixtures/large_file.bin
2025/04/30 15:22:57 Sent ACK for chunk 1792
2025/04/30 15:22:57 Received ACK for chunk 1793/10240
Received chunk 1794/10240: fixtures/large_file.bin
2025/04/30 15:22:57 Sent ACK for chunk 1793
2025/04/30 15:22:57 Received ACK for chunk 1794/10240
Received chunk 1795/10240: fixtures/large_file.bin
2025/04/30 15:22:57 Sent ACK for chunk 1794
2025/04/30 15:22:57 Received ACK for chunk 1795/10240
Received chunk 1796/10240: fixtures/large_file.bin
2025/04/30 15:22:57 Sent ACK for chunk 1795
2025/04/30 15:22:57 Received ACK for chunk 1796/10240
Received chunk 1797/10240: fixtures/large_file.bin
2025/04/30 15:22:57 Sent ACK for chunk 1796
2025/04/30 15:22:57 Received ACK for chunk 1797/10240
Received chunk 1798/10240: fixtures/large_file.bin
2025/04/30 15:22:57 Sent ACK for chunk 1797
2025/04/30 15:22:57 Received ACK for chunk 1798/10240
Received chunk 1799/10240: fixtures/large_file.bin
2025/04/30 15:22:57 Sent ACK for chunk 1798
2025/04/30 15:22:57 Received ACK for chunk 1799/10240
Received chunk 1800/10240: fixtures/large_file.bin
2025/04/30 15:22:57 Sent ACK for chunk 1799
2025/04/30 15:22:57 Received ACK for chunk 1800/10240
Received chunk 1801/10240: fixtures/large_file.bin
2025/04/30 15:22:57 Sent ACK for chunk 1800
2025/04/30 15:22:57 Received ACK for chunk 1801/10240
Received chunk 1802/10240: fixtures/large_file.bin
2025/04/30 15:22:57 Sent ACK for chunk 1801
2025/04/30 15:22:57 Received ACK for chunk 1802/10240
Received chunk 1803/10240: fixtures/large_file.bin
2025/04/30 15:22:57 Sent ACK for chunk 1802
2025/04/30 15:22:57 Received ACK for chunk 1803/10240
Received chunk 1804/10240: fixtures/large_file.bin
2025/04/30 15:22:57 Sent ACK for chunk 1803
2025/04/30 15:22:57 Received ACK for chunk 1804/10240
Received chunk 1805/10240: fixtures/large_file.bin
2025/04/30 15:22:57 Sent ACK for chunk 1804
2025/04/30 15:22:57 Received ACK for chunk 1805/10240
Received chunk 1806/10240: fixtures/large_file.bin
2025/04/30 15:22:57 Sent ACK for chunk 1805
2025/04/30 15:22:57 Received ACK for chunk 1806/10240
Received chunk 1807/10240: fixtures/large_file.bin
2025/04/30 15:22:57 Sent ACK for chunk 1806
2025/04/30 15:22:57 Received ACK for chunk 1807/10240
Received chunk 1808/10240: fixtures/large_file.bin
2025/04/30 15:22:57 Sent ACK for chunk 1807
2025/04/30 15:22:57 Received ACK for chunk 1808/10240
Received chunk 1809/10240: fixtures/large_file.bin
2025/04/30 15:22:57 Sent ACK for chunk 1808
2025/04/30 15:22:57 Received ACK for chunk 1809/10240
Received chunk 1810/10240: fixtures/large_file.bin
2025/04/30 15:22:57 Sent ACK for chunk 1809
2025/04/30 15:22:57 Received ACK for chunk 1810/10240
Received chunk 1811/10240: fixtures/large_file.bin
2025/04/30 15:22:57 Sent ACK for chunk 1810
2025/04/30 15:22:57 Received ACK for chunk 1811/10240
Received chunk 1812/10240: fixtures/large_file.bin
2025/04/30 15:22:57 Sent ACK for chunk 1811
2025/04/30 15:22:57 Received ACK for chunk 1812/10240
Received chunk 1813/10240: fixtures/large_file.bin
2025/04/30 15:22:57 Sent ACK for chunk 1812
2025/04/30 15:22:57 Received ACK for chunk 1813/10240
Received chunk 1814/10240: fixtures/large_file.bin
2025/04/30 15:22:57 Sent ACK for chunk 1813
2025/04/30 15:22:57 Received ACK for chunk 1814/10240
Received chunk 1815/10240: fixtures/large_file.bin
2025/04/30 15:22:57 Sent ACK for chunk 1814
2025/04/30 15:22:57 Received ACK for chunk 1815/10240
Received chunk 1816/10240: fixtures/large_file.bin
2025/04/30 15:22:57 Sent ACK for chunk 1815
2025/04/30 15:22:57 Received ACK for chunk 1816/10240
Received chunk 1817/10240: fixtures/large_file.bin
2025/04/30 15:22:57 Sent ACK for chunk 1816
2025/04/30 15:22:57 Received ACK for chunk 1817/10240
Received chunk 1818/10240: fixtures/large_file.bin
2025/04/30 15:22:57 Sent ACK for chunk 1817
2025/04/30 15:22:57 Received ACK for chunk 1818/10240
Received chunk 1819/10240: fixtures/large_file.bin
2025/04/30 15:22:57 Sent ACK for chunk 1818
2025/04/30 15:22:57 Received ACK for chunk 1819/10240
Received chunk 1820/10240: fixtures/large_file.bin
2025/04/30 15:22:57 Sent ACK for chunk 1819
2025/04/30 15:22:57 Received ACK for chunk 1820/10240
Received chunk 1821/10240: fixtures/large_file.bin
2025/04/30 15:22:57 Sent ACK for chunk 1820
2025/04/30 15:22:57 Received ACK for chunk 1821/10240
Received chunk 1822/10240: fixtures/large_file.bin
2025/04/30 15:22:57 Sent ACK for chunk 1821
2025/04/30 15:22:57 Received ACK for chunk 1822/10240
Received chunk 1823/10240: fixtures/large_file.bin
2025/04/30 15:22:57 Sent ACK for chunk 1822
2025/04/30 15:22:57 Received ACK for chunk 1823/10240
Received chunk 1824/10240: fixtures/large_file.bin
2025/04/30 15:22:57 Sent ACK for chunk 1823
2025/04/30 15:22:57 Received ACK for chunk 1824/10240
Received chunk 1825/10240: fixtures/large_file.bin
2025/04/30 15:22:57 Sent ACK for chunk 1824
2025/04/30 15:22:57 Received ACK for chunk 1825/10240
Received chunk 1826/10240: fixtures/large_file.bin
2025/04/30 15:22:57 Sent ACK for chunk 1825
2025/04/30 15:22:57 Received ACK for chunk 1826/10240
Received chunk 1827/10240: fixtures/large_file.bin
2025/04/30 15:22:57 Sent ACK for chunk 1826
2025/04/30 15:22:57 Received ACK for chunk 1827/10240
Received chunk 1828/10240: fixtures/large_file.bin
2025/04/30 15:22:57 Sent ACK for chunk 1827
2025/04/30 15:22:57 Received ACK for chunk 1828/10240
Received chunk 1829/10240: fixtures/large_file.bin
2025/04/30 15:22:57 Sent ACK for chunk 1828
2025/04/30 15:22:57 Received ACK for chunk 1829/10240
Received chunk 1830/10240: fixtures/large_file.bin
2025/04/30 15:22:57 Sent ACK for chunk 1829
2025/04/30 15:22:57 Received ACK for chunk 1830/10240
Received chunk 1831/10240: fixtures/large_file.bin
2025/04/30 15:22:57 Sent ACK for chunk 1830
2025/04/30 15:22:57 Received ACK for chunk 1831/10240
Received chunk 1832/10240: fixtures/large_file.bin
2025/04/30 15:22:57 Sent ACK for chunk 1831
2025/04/30 15:22:57 Received ACK for chunk 1832/10240
Received chunk 1833/10240: fixtures/large_file.bin
2025/04/30 15:22:57 Sent ACK for chunk 1832
2025/04/30 15:22:57 Received ACK for chunk 1833/10240
Received chunk 1834/10240: fixtures/large_file.bin
2025/04/30 15:22:57 Sent ACK for chunk 1833
2025/04/30 15:22:57 Received ACK for chunk 1834/10240
Received chunk 1835/10240: fixtures/large_file.bin
2025/04/30 15:22:57 Sent ACK for chunk 1834
2025/04/30 15:22:57 Received ACK for chunk 1835/10240
Received chunk 1836/10240: fixtures/large_file.bin
2025/04/30 15:22:57 Sent ACK for chunk 1835
2025/04/30 15:22:57 Received ACK for chunk 1836/10240
Received chunk 1837/10240: fixtures/large_file.bin
2025/04/30 15:22:57 Sent ACK for chunk 1836
2025/04/30 15:22:57 Received ACK for chunk 1837/10240
Received chunk 1838/10240: fixtures/large_file.bin
2025/04/30 15:22:57 Sent ACK for chunk 1837
2025/04/30 15:22:57 Received ACK for chunk 1838/10240
Received chunk 1839/10240: fixtures/large_file.bin
2025/04/30 15:22:57 Sent ACK for chunk 1838
2025/04/30 15:22:57 Received ACK for chunk 1839/10240
Received chunk 1840/10240: fixtures/large_file.bin
2025/04/30 15:22:57 Sent ACK for chunk 1839
2025/04/30 15:22:57 Received ACK for chunk 1840/10240
Received chunk 1841/10240: fixtures/large_file.bin
2025/04/30 15:22:57 Sent ACK for chunk 1840
2025/04/30 15:22:57 Received ACK for chunk 1841/10240
Received chunk 1842/10240: fixtures/large_file.bin
2025/04/30 15:22:57 Sent ACK for chunk 1841
2025/04/30 15:22:57 Received ACK for chunk 1842/10240
Received chunk 1843/10240: fixtures/large_file.bin
2025/04/30 15:22:57 Sent ACK for chunk 1842
2025/04/30 15:22:57 Received ACK for chunk 1843/10240
Received chunk 1844/10240: fixtures/large_file.bin
2025/04/30 15:22:57 Sent ACK for chunk 1843
2025/04/30 15:22:57 Received ACK for chunk 1844/10240
Received chunk 1845/10240: fixtures/large_file.bin
2025/04/30 15:22:57 Sent ACK for chunk 1844
2025/04/30 15:22:57 Received ACK for chunk 1845/10240
Received chunk 1846/10240: fixtures/large_file.bin
2025/04/30 15:22:57 Sent ACK for chunk 1845
2025/04/30 15:22:57 Received ACK for chunk 1846/10240
Received chunk 1847/10240: fixtures/large_file.bin
2025/04/30 15:22:57 Sent ACK for chunk 1846
2025/04/30 15:22:57 Received ACK for chunk 1847/10240
Received chunk 1848/10240: fixtures/large_file.bin
2025/04/30 15:22:57 Sent ACK for chunk 1847
2025/04/30 15:22:57 Received ACK for chunk 1848/10240
Received chunk 1849/10240: fixtures/large_file.bin
2025/04/30 15:22:57 Sent ACK for chunk 1848
2025/04/30 15:22:57 Received ACK for chunk 1849/10240
Received chunk 1850/10240: fixtures/large_file.bin
2025/04/30 15:22:57 Sent ACK for chunk 1849
2025/04/30 15:22:57 Received ACK for chunk 1850/10240
Received chunk 1851/10240: fixtures/large_file.bin
2025/04/30 15:22:57 Sent ACK for chunk 1850
2025/04/30 15:22:57 Received ACK for chunk 1851/10240
Received chunk 1852/10240: fixtures/large_file.bin
2025/04/30 15:22:57 Sent ACK for chunk 1851
2025/04/30 15:22:57 Received ACK for chunk 1852/10240
Received chunk 1853/10240: fixtures/large_file.bin
2025/04/30 15:22:57 Sent ACK for chunk 1852
2025/04/30 15:22:57 Received ACK for chunk 1853/10240
Received chunk 1854/10240: fixtures/large_file.bin
2025/04/30 15:22:57 Sent ACK for chunk 1853
2025/04/30 15:22:57 Received ACK for chunk 1854/10240
Received chunk 1855/10240: fixtures/large_file.bin
2025/04/30 15:22:57 Sent ACK for chunk 1854
2025/04/30 15:22:57 Received ACK for chunk 1855/10240
Received chunk 1856/10240: fixtures/large_file.bin
2025/04/30 15:22:57 Sent ACK for chunk 1855
2025/04/30 15:22:57 Received ACK for chunk 1856/10240
Received chunk 1857/10240: fixtures/large_file.bin
2025/04/30 15:22:57 Sent ACK for chunk 1856
2025/04/30 15:22:57 Received ACK for chunk 1857/10240
Received chunk 1858/10240: fixtures/large_file.bin
2025/04/30 15:22:57 Sent ACK for chunk 1857
2025/04/30 15:22:57 Received ACK for chunk 1858/10240
Received chunk 1859/10240: fixtures/large_file.bin
2025/04/30 15:22:57 Sent ACK for chunk 1858
2025/04/30 15:22:57 Received ACK for chunk 1859/10240
Received chunk 1860/10240: fixtures/large_file.bin
2025/04/30 15:22:57 Sent ACK for chunk 1859
2025/04/30 15:22:57 Received ACK for chunk 1860/10240
Received chunk 1861/10240: fixtures/large_file.bin
2025/04/30 15:22:57 Sent ACK for chunk 1860
2025/04/30 15:22:57 Received ACK for chunk 1861/10240
Received chunk 1862/10240: fixtures/large_file.bin
2025/04/30 15:22:57 Sent ACK for chunk 1861
2025/04/30 15:22:57 Received ACK for chunk 1862/10240
Received chunk 1863/10240: fixtures/large_file.bin
2025/04/30 15:22:57 Sent ACK for chunk 1862
2025/04/30 15:22:57 Received ACK for chunk 1863/10240
Received chunk 1864/10240: fixtures/large_file.bin
2025/04/30 15:22:57 Sent ACK for chunk 1863
2025/04/30 15:22:57 Received ACK for chunk 1864/10240
Received chunk 1865/10240: fixtures/large_file.bin
2025/04/30 15:22:57 Sent ACK for chunk 1864
2025/04/30 15:22:57 Received ACK for chunk 1865/10240
Received chunk 1866/10240: fixtures/large_file.bin
2025/04/30 15:22:57 Sent ACK for chunk 1865
2025/04/30 15:22:57 Received ACK for chunk 1866/10240
Received chunk 1867/10240: fixtures/large_file.bin
2025/04/30 15:22:57 Sent ACK for chunk 1866
2025/04/30 15:22:57 Received ACK for chunk 1867/10240
Received chunk 1868/10240: fixtures/large_file.bin
2025/04/30 15:22:57 Sent ACK for chunk 1867
2025/04/30 15:22:57 Received ACK for chunk 1868/10240
Received chunk 1869/10240: fixtures/large_file.bin
2025/04/30 15:22:57 Sent ACK for chunk 1868
2025/04/30 15:22:57 Received ACK for chunk 1869/10240
Received chunk 1870/10240: fixtures/large_file.bin
2025/04/30 15:22:57 Sent ACK for chunk 1869
2025/04/30 15:22:57 Received ACK for chunk 1870/10240
Received chunk 1871/10240: fixtures/large_file.bin
2025/04/30 15:22:57 Sent ACK for chunk 1870
2025/04/30 15:22:57 Received ACK for chunk 1871/10240
Received chunk 1872/10240: fixtures/large_file.bin
2025/04/30 15:22:57 Sent ACK for chunk 1871
2025/04/30 15:22:57 Received ACK for chunk 1872/10240
Received chunk 1873/10240: fixtures/large_file.bin
2025/04/30 15:22:57 Sent ACK for chunk 1872
2025/04/30 15:22:57 Received ACK for chunk 1873/10240
Received chunk 1874/10240: fixtures/large_file.bin
2025/04/30 15:22:57 Sent ACK for chunk 1873
2025/04/30 15:22:57 Received ACK for chunk 1874/10240
Received chunk 1875/10240: fixtures/large_file.bin
2025/04/30 15:22:57 Sent ACK for chunk 1874
2025/04/30 15:22:57 Received ACK for chunk 1875/10240
Received chunk 1876/10240: fixtures/large_file.bin
2025/04/30 15:22:57 Sent ACK for chunk 1875
2025/04/30 15:22:57 Received ACK for chunk 1876/10240
Received chunk 1877/10240: fixtures/large_file.bin
2025/04/30 15:22:57 Sent ACK for chunk 1876
2025/04/30 15:22:57 Received ACK for chunk 1877/10240
Received chunk 1878/10240: fixtures/large_file.bin
2025/04/30 15:22:57 Sent ACK for chunk 1877
2025/04/30 15:22:57 Received ACK for chunk 1878/10240
Received chunk 1879/10240: fixtures/large_file.bin
2025/04/30 15:22:57 Sent ACK for chunk 1878
2025/04/30 15:22:57 Received ACK for chunk 1879/10240
Received chunk 1880/10240: fixtures/large_file.bin
2025/04/30 15:22:57 Sent ACK for chunk 1879
2025/04/30 15:22:57 Received ACK for chunk 1880/10240
Received chunk 1881/10240: fixtures/large_file.bin
2025/04/30 15:22:57 Sent ACK for chunk 1880
2025/04/30 15:22:57 Received ACK for chunk 1881/10240
Received chunk 1882/10240: fixtures/large_file.bin
2025/04/30 15:22:57 Sent ACK for chunk 1881
2025/04/30 15:22:57 Received ACK for chunk 1882/10240
Received chunk 1883/10240: fixtures/large_file.bin
2025/04/30 15:22:57 Sent ACK for chunk 1882
2025/04/30 15:22:57 Received ACK for chunk 1883/10240
Received chunk 1884/10240: fixtures/large_file.bin
2025/04/30 15:22:57 Sent ACK for chunk 1883
2025/04/30 15:22:57 Received ACK for chunk 1884/10240
Received chunk 1885/10240: fixtures/large_file.bin
2025/04/30 15:22:57 Sent ACK for chunk 1884
2025/04/30 15:22:57 Received ACK for chunk 1885/10240
Received chunk 1886/10240: fixtures/large_file.bin
2025/04/30 15:22:57 Sent ACK for chunk 1885
2025/04/30 15:22:57 Received ACK for chunk 1886/10240
Received chunk 1887/10240: fixtures/large_file.bin
2025/04/30 15:22:57 Sent ACK for chunk 1886
2025/04/30 15:22:57 Received ACK for chunk 1887/10240
Received chunk 1888/10240: fixtures/large_file.bin
2025/04/30 15:22:57 Sent ACK for chunk 1887
2025/04/30 15:22:57 Received ACK for chunk 1888/10240
Received chunk 1889/10240: fixtures/large_file.bin
2025/04/30 15:22:57 Sent ACK for chunk 1888
2025/04/30 15:22:57 Received ACK for chunk 1889/10240
Received chunk 1890/10240: fixtures/large_file.bin
2025/04/30 15:22:57 Sent ACK for chunk 1889
2025/04/30 15:22:57 Received ACK for chunk 1890/10240
Received chunk 1891/10240: fixtures/large_file.bin
2025/04/30 15:22:57 Sent ACK for chunk 1890
2025/04/30 15:22:57 Received ACK for chunk 1891/10240
Received chunk 1892/10240: fixtures/large_file.bin
2025/04/30 15:22:57 Sent ACK for chunk 1891
2025/04/30 15:22:57 Received ACK for chunk 1892/10240
Received chunk 1893/10240: fixtures/large_file.bin
2025/04/30 15:22:57 Sent ACK for chunk 1892
2025/04/30 15:22:57 Received ACK for chunk 1893/10240
Received chunk 1894/10240: fixtures/large_file.bin
2025/04/30 15:22:57 Sent ACK for chunk 1893
2025/04/30 15:22:57 Received ACK for chunk 1894/10240
Received chunk 1895/10240: fixtures/large_file.bin
2025/04/30 15:22:57 Sent ACK for chunk 1894
2025/04/30 15:22:57 Received ACK for chunk 1895/10240
Received chunk 1896/10240: fixtures/large_file.bin
2025/04/30 15:22:57 Sent ACK for chunk 1895
2025/04/30 15:22:57 Received ACK for chunk 1896/10240
Received chunk 1897/10240: fixtures/large_file.bin
2025/04/30 15:22:57 Sent ACK for chunk 1896
2025/04/30 15:22:57 Received ACK for chunk 1897/10240
Received chunk 1898/10240: fixtures/large_file.bin
2025/04/30 15:22:57 Sent ACK for chunk 1897
2025/04/30 15:22:57 Received ACK for chunk 1898/10240
Received chunk 1899/10240: fixtures/large_file.bin
2025/04/30 15:22:57 Sent ACK for chunk 1898
2025/04/30 15:22:57 Received ACK for chunk 1899/10240
Received chunk 1900/10240: fixtures/large_file.bin
2025/04/30 15:22:57 Sent ACK for chunk 1899
2025/04/30 15:22:57 Received ACK for chunk 1900/10240
Received chunk 1901/10240: fixtures/large_file.bin
2025/04/30 15:22:57 Sent ACK for chunk 1900
2025/04/30 15:22:57 Received ACK for chunk 1901/10240
Received chunk 1902/10240: fixtures/large_file.bin
2025/04/30 15:22:57 Sent ACK for chunk 1901
2025/04/30 15:22:57 Received ACK for chunk 1902/10240
Received chunk 1903/10240: fixtures/large_file.bin
2025/04/30 15:22:57 Sent ACK for chunk 1902
2025/04/30 15:22:57 Received ACK for chunk 1903/10240
Received chunk 1904/10240: fixtures/large_file.bin
2025/04/30 15:22:57 Sent ACK for chunk 1903
2025/04/30 15:22:57 Received ACK for chunk 1904/10240
Received chunk 1905/10240: fixtures/large_file.bin
2025/04/30 15:22:57 Sent ACK for chunk 1904
2025/04/30 15:22:57 Received ACK for chunk 1905/10240
Received chunk 1906/10240: fixtures/large_file.bin
2025/04/30 15:22:57 Sent ACK for chunk 1905
2025/04/30 15:22:57 Received ACK for chunk 1906/10240
Received chunk 1907/10240: fixtures/large_file.bin
2025/04/30 15:22:57 Sent ACK for chunk 1906
2025/04/30 15:22:57 Received ACK for chunk 1907/10240
Received chunk 1908/10240: fixtures/large_file.bin
2025/04/30 15:22:57 Sent ACK for chunk 1907
2025/04/30 15:22:57 Received ACK for chunk 1908/10240
Received chunk 1909/10240: fixtures/large_file.bin
2025/04/30 15:22:57 Sent ACK for chunk 1908
2025/04/30 15:22:57 Received ACK for chunk 1909/10240
Received chunk 1910/10240: fixtures/large_file.bin
2025/04/30 15:22:57 Sent ACK for chunk 1909
2025/04/30 15:22:57 Received ACK for chunk 1910/10240
Received chunk 1911/10240: fixtures/large_file.bin
2025/04/30 15:22:57 Sent ACK for chunk 1910
2025/04/30 15:22:57 Received ACK for chunk 1911/10240
Received chunk 1912/10240: fixtures/large_file.bin
2025/04/30 15:22:57 Sent ACK for chunk 1911
2025/04/30 15:22:57 Received ACK for chunk 1912/10240
Received chunk 1913/10240: fixtures/large_file.bin
2025/04/30 15:22:57 Sent ACK for chunk 1912
2025/04/30 15:22:57 Received ACK for chunk 1913/10240
Received chunk 1914/10240: fixtures/large_file.bin
2025/04/30 15:22:57 Sent ACK for chunk 1913
2025/04/30 15:22:57 Received ACK for chunk 1914/10240
Received chunk 1915/10240: fixtures/large_file.bin
2025/04/30 15:22:57 Sent ACK for chunk 1914
2025/04/30 15:22:57 Received ACK for chunk 1915/10240
Received chunk 1916/10240: fixtures/large_file.bin
2025/04/30 15:22:57 Sent ACK for chunk 1915
2025/04/30 15:22:57 Received ACK for chunk 1916/10240
Received chunk 1917/10240: fixtures/large_file.bin
2025/04/30 15:22:57 Sent ACK for chunk 1916
2025/04/30 15:22:57 Received ACK for chunk 1917/10240
Received chunk 1918/10240: fixtures/large_file.bin
2025/04/30 15:22:57 Sent ACK for chunk 1917
2025/04/30 15:22:57 Received ACK for chunk 1918/10240
Received chunk 1919/10240: fixtures/large_file.bin
2025/04/30 15:22:57 Sent ACK for chunk 1918
2025/04/30 15:22:57 Received ACK for chunk 1919/10240
Received chunk 1920/10240: fixtures/large_file.bin
2025/04/30 15:22:57 Sent ACK for chunk 1919
2025/04/30 15:22:57 Received ACK for chunk 1920/10240
Received chunk 1921/10240: fixtures/large_file.bin
2025/04/30 15:22:57 Sent ACK for chunk 1920
2025/04/30 15:22:57 Received ACK for chunk 1921/10240
Received chunk 1922/10240: fixtures/large_file.bin
2025/04/30 15:22:57 Sent ACK for chunk 1921
2025/04/30 15:22:57 Received ACK for chunk 1922/10240
Received chunk 1923/10240: fixtures/large_file.bin
2025/04/30 15:22:57 Sent ACK for chunk 1922
2025/04/30 15:22:57 Received ACK for chunk 1923/10240
Received chunk 1924/10240: fixtures/large_file.bin
2025/04/30 15:22:57 Sent ACK for chunk 1923
2025/04/30 15:22:57 Received ACK for chunk 1924/10240
Received chunk 1925/10240: fixtures/large_file.bin
2025/04/30 15:22:57 Sent ACK for chunk 1924
2025/04/30 15:22:57 Received ACK for chunk 1925/10240
Received chunk 1926/10240: fixtures/large_file.bin
2025/04/30 15:22:57 Sent ACK for chunk 1925
2025/04/30 15:22:57 Received ACK for chunk 1926/10240
Received chunk 1927/10240: fixtures/large_file.bin
2025/04/30 15:22:57 Sent ACK for chunk 1926
2025/04/30 15:22:57 Received ACK for chunk 1927/10240
Received chunk 1928/10240: fixtures/large_file.bin
2025/04/30 15:22:57 Sent ACK for chunk 1927
2025/04/30 15:22:57 Received ACK for chunk 1928/10240
Received chunk 1929/10240: fixtures/large_file.bin
2025/04/30 15:22:57 Sent ACK for chunk 1928
2025/04/30 15:22:57 Received ACK for chunk 1929/10240
Received chunk 1930/10240: fixtures/large_file.bin
2025/04/30 15:22:57 Sent ACK for chunk 1929
2025/04/30 15:22:57 Received ACK for chunk 1930/10240
Received chunk 1931/10240: fixtures/large_file.bin
2025/04/30 15:22:57 Sent ACK for chunk 1930
2025/04/30 15:22:57 Received ACK for chunk 1931/10240
Received chunk 1932/10240: fixtures/large_file.bin
2025/04/30 15:22:57 Sent ACK for chunk 1931
2025/04/30 15:22:57 Received ACK for chunk 1932/10240
Received chunk 1933/10240: fixtures/large_file.bin
2025/04/30 15:22:57 Sent ACK for chunk 1932
2025/04/30 15:22:57 Received ACK for chunk 1933/10240
Received chunk 1934/10240: fixtures/large_file.bin
2025/04/30 15:22:57 Sent ACK for chunk 1933
2025/04/30 15:22:57 Received ACK for chunk 1934/10240
Received chunk 1935/10240: fixtures/large_file.bin
2025/04/30 15:22:57 Sent ACK for chunk 1934
2025/04/30 15:22:57 Received ACK for chunk 1935/10240
Received chunk 1936/10240: fixtures/large_file.bin
2025/04/30 15:22:57 Sent ACK for chunk 1935
2025/04/30 15:22:57 Received ACK for chunk 1936/10240
Received chunk 1937/10240: fixtures/large_file.bin
2025/04/30 15:22:57 Sent ACK for chunk 1936
2025/04/30 15:22:57 Received ACK for chunk 1937/10240
Received chunk 1938/10240: fixtures/large_file.bin
2025/04/30 15:22:57 Sent ACK for chunk 1937
2025/04/30 15:22:57 Received ACK for chunk 1938/10240
Received chunk 1939/10240: fixtures/large_file.bin
2025/04/30 15:22:57 Sent ACK for chunk 1938
2025/04/30 15:22:57 Received ACK for chunk 1939/10240
Received chunk 1940/10240: fixtures/large_file.bin
2025/04/30 15:22:57 Sent ACK for chunk 1939
2025/04/30 15:22:57 Received ACK for chunk 1940/10240
Received chunk 1941/10240: fixtures/large_file.bin
2025/04/30 15:22:57 Sent ACK for chunk 1940
2025/04/30 15:22:57 Received ACK for chunk 1941/10240
Received chunk 1942/10240: fixtures/large_file.bin
2025/04/30 15:22:57 Sent ACK for chunk 1941
2025/04/30 15:22:57 Received ACK for chunk 1942/10240
Received chunk 1943/10240: fixtures/large_file.bin
2025/04/30 15:22:57 Sent ACK for chunk 1942
2025/04/30 15:22:57 Received ACK for chunk 1943/10240
Received chunk 1944/10240: fixtures/large_file.bin
2025/04/30 15:22:57 Sent ACK for chunk 1943
2025/04/30 15:22:57 Received ACK for chunk 1944/10240
Received chunk 1945/10240: fixtures/large_file.bin
2025/04/30 15:22:57 Sent ACK for chunk 1944
2025/04/30 15:22:57 Received ACK for chunk 1945/10240
Received chunk 1946/10240: fixtures/large_file.bin
2025/04/30 15:22:57 Sent ACK for chunk 1945
2025/04/30 15:22:57 Received ACK for chunk 1946/10240
Received chunk 1947/10240: fixtures/large_file.bin
2025/04/30 15:22:57 Sent ACK for chunk 1946
2025/04/30 15:22:57 Received ACK for chunk 1947/10240
Received chunk 1948/10240: fixtures/large_file.bin
2025/04/30 15:22:57 Sent ACK for chunk 1947
2025/04/30 15:22:57 Received ACK for chunk 1948/10240
Received chunk 1949/10240: fixtures/large_file.bin
2025/04/30 15:22:57 Sent ACK for chunk 1948
2025/04/30 15:22:57 Received ACK for chunk 1949/10240
Received chunk 1950/10240: fixtures/large_file.bin
2025/04/30 15:22:57 Sent ACK for chunk 1949
2025/04/30 15:22:57 Received ACK for chunk 1950/10240
Received chunk 1951/10240: fixtures/large_file.bin
2025/04/30 15:22:57 Sent ACK for chunk 1950
2025/04/30 15:22:57 Received ACK for chunk 1951/10240
Received chunk 1952/10240: fixtures/large_file.bin
2025/04/30 15:22:57 Sent ACK for chunk 1951
2025/04/30 15:22:57 Received ACK for chunk 1952/10240
Received chunk 1953/10240: fixtures/large_file.bin
2025/04/30 15:22:57 Sent ACK for chunk 1952
2025/04/30 15:22:57 Received ACK for chunk 1953/10240
Received chunk 1954/10240: fixtures/large_file.bin
2025/04/30 15:22:57 Sent ACK for chunk 1953
2025/04/30 15:22:57 Received ACK for chunk 1954/10240
Received chunk 1955/10240: fixtures/large_file.bin
2025/04/30 15:22:57 Sent ACK for chunk 1954
2025/04/30 15:22:57 Received ACK for chunk 1955/10240
Received chunk 1956/10240: fixtures/large_file.bin
2025/04/30 15:22:57 Sent ACK for chunk 1955
2025/04/30 15:22:57 Received ACK for chunk 1956/10240
Received chunk 1957/10240: fixtures/large_file.bin
2025/04/30 15:22:57 Sent ACK for chunk 1956
2025/04/30 15:22:57 Received ACK for chunk 1957/10240
Received chunk 1958/10240: fixtures/large_file.bin
2025/04/30 15:22:57 Sent ACK for chunk 1957
2025/04/30 15:22:57 Received ACK for chunk 1958/10240
Received chunk 1959/10240: fixtures/large_file.bin
2025/04/30 15:22:57 Sent ACK for chunk 1958
2025/04/30 15:22:57 Received ACK for chunk 1959/10240
Received chunk 1960/10240: fixtures/large_file.bin
2025/04/30 15:22:57 Sent ACK for chunk 1959
2025/04/30 15:22:57 Received ACK for chunk 1960/10240
Received chunk 1961/10240: fixtures/large_file.bin
2025/04/30 15:22:57 Sent ACK for chunk 1960
2025/04/30 15:22:57 Received ACK for chunk 1961/10240
Received chunk 1962/10240: fixtures/large_file.bin
2025/04/30 15:22:57 Sent ACK for chunk 1961
2025/04/30 15:22:57 Received ACK for chunk 1962/10240
Received chunk 1963/10240: fixtures/large_file.bin
2025/04/30 15:22:57 Sent ACK for chunk 1962
2025/04/30 15:22:57 Received ACK for chunk 1963/10240
Received chunk 1964/10240: fixtures/large_file.bin
2025/04/30 15:22:57 Sent ACK for chunk 1963
2025/04/30 15:22:57 Received ACK for chunk 1964/10240
Received chunk 1965/10240: fixtures/large_file.bin
2025/04/30 15:22:57 Sent ACK for chunk 1964
2025/04/30 15:22:57 Received ACK for chunk 1965/10240
Received chunk 1966/10240: fixtures/large_file.bin
2025/04/30 15:22:57 Sent ACK for chunk 1965
2025/04/30 15:22:57 Received ACK for chunk 1966/10240
Received chunk 1967/10240: fixtures/large_file.bin
2025/04/30 15:22:57 Sent ACK for chunk 1966
2025/04/30 15:22:57 Received ACK for chunk 1967/10240
Received chunk 1968/10240: fixtures/large_file.bin
2025/04/30 15:22:57 Sent ACK for chunk 1967
2025/04/30 15:22:57 Received ACK for chunk 1968/10240
Received chunk 1969/10240: fixtures/large_file.bin
2025/04/30 15:22:57 Sent ACK for chunk 1968
2025/04/30 15:22:57 Received ACK for chunk 1969/10240
Received chunk 1970/10240: fixtures/large_file.bin
2025/04/30 15:22:57 Sent ACK for chunk 1969
2025/04/30 15:22:57 Received ACK for chunk 1970/10240
Received chunk 1971/10240: fixtures/large_file.bin
2025/04/30 15:22:57 Sent ACK for chunk 1970
2025/04/30 15:22:57 Received ACK for chunk 1971/10240
Received chunk 1972/10240: fixtures/large_file.bin
2025/04/30 15:22:57 Sent ACK for chunk 1971
2025/04/30 15:22:57 Received ACK for chunk 1972/10240
Received chunk 1973/10240: fixtures/large_file.bin
2025/04/30 15:22:57 Sent ACK for chunk 1972
2025/04/30 15:22:57 Received ACK for chunk 1973/10240
Received chunk 1974/10240: fixtures/large_file.bin
2025/04/30 15:22:57 Sent ACK for chunk 1973
2025/04/30 15:22:57 Received ACK for chunk 1974/10240
Received chunk 1975/10240: fixtures/large_file.bin
2025/04/30 15:22:57 Sent ACK for chunk 1974
2025/04/30 15:22:57 Received ACK for chunk 1975/10240
Received chunk 1976/10240: fixtures/large_file.bin
2025/04/30 15:22:57 Sent ACK for chunk 1975
2025/04/30 15:22:57 Received ACK for chunk 1976/10240
Received chunk 1977/10240: fixtures/large_file.bin
2025/04/30 15:22:57 Sent ACK for chunk 1976
2025/04/30 15:22:57 Received ACK for chunk 1977/10240
Received chunk 1978/10240: fixtures/large_file.bin
2025/04/30 15:22:57 Sent ACK for chunk 1977
2025/04/30 15:22:57 Received ACK for chunk 1978/10240
Received chunk 1979/10240: fixtures/large_file.bin
2025/04/30 15:22:57 Sent ACK for chunk 1978
2025/04/30 15:22:57 Received ACK for chunk 1979/10240
Received chunk 1980/10240: fixtures/large_file.bin
2025/04/30 15:22:57 Sent ACK for chunk 1979
2025/04/30 15:22:57 Received ACK for chunk 1980/10240
Received chunk 1981/10240: fixtures/large_file.bin
2025/04/30 15:22:57 Sent ACK for chunk 1980
2025/04/30 15:22:57 Received ACK for chunk 1981/10240
Received chunk 1982/10240: fixtures/large_file.bin
2025/04/30 15:22:57 Sent ACK for chunk 1981
2025/04/30 15:22:57 Received ACK for chunk 1982/10240
Received chunk 1983/10240: fixtures/large_file.bin
2025/04/30 15:22:57 Sent ACK for chunk 1982
2025/04/30 15:22:57 Received ACK for chunk 1983/10240
Received chunk 1984/10240: fixtures/large_file.bin
2025/04/30 15:22:57 Sent ACK for chunk 1983
2025/04/30 15:22:57 Received ACK for chunk 1984/10240
Received chunk 1985/10240: fixtures/large_file.bin
2025/04/30 15:22:57 Sent ACK for chunk 1984
2025/04/30 15:22:57 Received ACK for chunk 1985/10240
Received chunk 1986/10240: fixtures/large_file.bin
2025/04/30 15:22:57 Sent ACK for chunk 1985
2025/04/30 15:22:57 Received ACK for chunk 1986/10240
Received chunk 1987/10240: fixtures/large_file.bin
2025/04/30 15:22:57 Sent ACK for chunk 1986
2025/04/30 15:22:57 Received ACK for chunk 1987/10240
Received chunk 1988/10240: fixtures/large_file.bin
2025/04/30 15:22:57 Sent ACK for chunk 1987
2025/04/30 15:22:57 Received ACK for chunk 1988/10240
Received chunk 1989/10240: fixtures/large_file.bin
2025/04/30 15:22:57 Sent ACK for chunk 1988
2025/04/30 15:22:57 Received ACK for chunk 1989/10240
Received chunk 1990/10240: fixtures/large_file.bin
2025/04/30 15:22:57 Sent ACK for chunk 1989
2025/04/30 15:22:57 Received ACK for chunk 1990/10240
Received chunk 1991/10240: fixtures/large_file.bin
2025/04/30 15:22:57 Sent ACK for chunk 1990
2025/04/30 15:22:57 Received ACK for chunk 1991/10240
Received chunk 1992/10240: fixtures/large_file.bin
2025/04/30 15:22:57 Sent ACK for chunk 1991
2025/04/30 15:22:57 Received ACK for chunk 1992/10240
Received chunk 1993/10240: fixtures/large_file.bin
2025/04/30 15:22:57 Sent ACK for chunk 1992
2025/04/30 15:22:57 Received ACK for chunk 1993/10240
Received chunk 1994/10240: fixtures/large_file.bin
2025/04/30 15:22:57 Sent ACK for chunk 1993
2025/04/30 15:22:57 Received ACK for chunk 1994/10240
Received chunk 1995/10240: fixtures/large_file.bin
2025/04/30 15:22:57 Sent ACK for chunk 1994
2025/04/30 15:22:57 Received ACK for chunk 1995/10240
Received chunk 1996/10240: fixtures/large_file.bin
2025/04/30 15:22:57 Sent ACK for chunk 1995
2025/04/30 15:22:57 Received ACK for chunk 1996/10240
Received chunk 1997/10240: fixtures/large_file.bin
2025/04/30 15:22:57 Sent ACK for chunk 1996
2025/04/30 15:22:57 Received ACK for chunk 1997/10240
Received chunk 1998/10240: fixtures/large_file.bin
2025/04/30 15:22:57 Sent ACK for chunk 1997
2025/04/30 15:22:57 Received ACK for chunk 1998/10240
Received chunk 1999/10240: fixtures/large_file.bin
2025/04/30 15:22:57 Sent ACK for chunk 1998
2025/04/30 15:22:57 Received ACK for chunk 1999/10240
Received chunk 2000/10240: fixtures/large_file.bin
2025/04/30 15:22:57 Sent ACK for chunk 1999
2025/04/30 15:22:57 Received ACK for chunk 2000/10240
Received chunk 2001/10240: fixtures/large_file.bin
2025/04/30 15:22:57 Sent ACK for chunk 2000
2025/04/30 15:22:57 Received ACK for chunk 2001/10240
Received chunk 2002/10240: fixtures/large_file.bin
2025/04/30 15:22:57 Sent ACK for chunk 2001
2025/04/30 15:22:57 Received ACK for chunk 2002/10240
Received chunk 2003/10240: fixtures/large_file.bin
2025/04/30 15:22:57 Sent ACK for chunk 2002
2025/04/30 15:22:57 Received ACK for chunk 2003/10240
Received chunk 2004/10240: fixtures/large_file.bin
2025/04/30 15:22:57 Sent ACK for chunk 2003
2025/04/30 15:22:57 Received ACK for chunk 2004/10240
Received chunk 2005/10240: fixtures/large_file.bin
2025/04/30 15:22:57 Sent ACK for chunk 2004
2025/04/30 15:22:57 Received ACK for chunk 2005/10240
Received chunk 2006/10240: fixtures/large_file.bin
2025/04/30 15:22:57 Sent ACK for chunk 2005
2025/04/30 15:22:57 Received ACK for chunk 2006/10240
Received chunk 2007/10240: fixtures/large_file.bin
2025/04/30 15:22:57 Sent ACK for chunk 2006
2025/04/30 15:22:57 Received ACK for chunk 2007/10240
Received chunk 2008/10240: fixtures/large_file.bin
2025/04/30 15:22:57 Sent ACK for chunk 2007
2025/04/30 15:22:57 Received ACK for chunk 2008/10240
Received chunk 2009/10240: fixtures/large_file.bin
2025/04/30 15:22:57 Sent ACK for chunk 2008
2025/04/30 15:22:57 Received ACK for chunk 2009/10240
Received chunk 2010/10240: fixtures/large_file.bin
2025/04/30 15:22:57 Sent ACK for chunk 2009
2025/04/30 15:22:57 Received ACK for chunk 2010/10240
Received chunk 2011/10240: fixtures/large_file.bin
2025/04/30 15:22:57 Sent ACK for chunk 2010
2025/04/30 15:22:57 Received ACK for chunk 2011/10240
Received chunk 2012/10240: fixtures/large_file.bin
2025/04/30 15:22:57 Sent ACK for chunk 2011
2025/04/30 15:22:57 Received ACK for chunk 2012/10240
Received chunk 2013/10240: fixtures/large_file.bin
2025/04/30 15:22:57 Sent ACK for chunk 2012
2025/04/30 15:22:57 Received ACK for chunk 2013/10240
Received chunk 2014/10240: fixtures/large_file.bin
2025/04/30 15:22:57 Sent ACK for chunk 2013
2025/04/30 15:22:57 Received ACK for chunk 2014/10240
Received chunk 2015/10240: fixtures/large_file.bin
2025/04/30 15:22:57 Sent ACK for chunk 2014
2025/04/30 15:22:57 Received ACK for chunk 2015/10240
Received chunk 2016/10240: fixtures/large_file.bin
2025/04/30 15:22:57 Sent ACK for chunk 2015
2025/04/30 15:22:57 Received ACK for chunk 2016/10240
Received chunk 2017/10240: fixtures/large_file.bin
2025/04/30 15:22:57 Sent ACK for chunk 2016
2025/04/30 15:22:57 Received ACK for chunk 2017/10240
Received chunk 2018/10240: fixtures/large_file.bin
2025/04/30 15:22:57 Sent ACK for chunk 2017
2025/04/30 15:22:57 Received ACK for chunk 2018/10240
Received chunk 2019/10240: fixtures/large_file.bin
2025/04/30 15:22:57 Sent ACK for chunk 2018
2025/04/30 15:22:57 Received ACK for chunk 2019/10240
Received chunk 2020/10240: fixtures/large_file.bin
2025/04/30 15:22:57 Sent ACK for chunk 2019
2025/04/30 15:22:57 Received ACK for chunk 2020/10240
Received chunk 2021/10240: fixtures/large_file.bin
2025/04/30 15:22:57 Sent ACK for chunk 2020
2025/04/30 15:22:57 Received ACK for chunk 2021/10240
Received chunk 2022/10240: fixtures/large_file.bin
2025/04/30 15:22:57 Sent ACK for chunk 2021
2025/04/30 15:22:57 Received ACK for chunk 2022/10240
Received chunk 2023/10240: fixtures/large_file.bin
2025/04/30 15:22:57 Sent ACK for chunk 2022
2025/04/30 15:22:57 Received ACK for chunk 2023/10240
Received chunk 2024/10240: fixtures/large_file.bin
2025/04/30 15:22:57 Sent ACK for chunk 2023
2025/04/30 15:22:57 Received ACK for chunk 2024/10240
Received chunk 2025/10240: fixtures/large_file.bin
2025/04/30 15:22:57 Sent ACK for chunk 2024
2025/04/30 15:22:57 Received ACK for chunk 2025/10240
Received chunk 2026/10240: fixtures/large_file.bin
2025/04/30 15:22:57 Sent ACK for chunk 2025
2025/04/30 15:22:57 Received ACK for chunk 2026/10240
Received chunk 2027/10240: fixtures/large_file.bin
2025/04/30 15:22:57 Sent ACK for chunk 2026
2025/04/30 15:22:57 Received ACK for chunk 2027/10240
Received chunk 2028/10240: fixtures/large_file.bin
2025/04/30 15:22:57 Sent ACK for chunk 2027
2025/04/30 15:22:57 Received ACK for chunk 2028/10240
Received chunk 2029/10240: fixtures/large_file.bin
2025/04/30 15:22:57 Sent ACK for chunk 2028
2025/04/30 15:22:57 Received ACK for chunk 2029/10240
Received chunk 2030/10240: fixtures/large_file.bin
2025/04/30 15:22:57 Sent ACK for chunk 2029
2025/04/30 15:22:57 Received ACK for chunk 2030/10240
Received chunk 2031/10240: fixtures/large_file.bin
2025/04/30 15:22:57 Sent ACK for chunk 2030
2025/04/30 15:22:57 Received ACK for chunk 2031/10240
Received chunk 2032/10240: fixtures/large_file.bin
2025/04/30 15:22:57 Sent ACK for chunk 2031
2025/04/30 15:22:57 Received ACK for chunk 2032/10240
Received chunk 2033/10240: fixtures/large_file.bin
2025/04/30 15:22:57 Sent ACK for chunk 2032
2025/04/30 15:22:57 Received ACK for chunk 2033/10240
Received chunk 2034/10240: fixtures/large_file.bin
2025/04/30 15:22:57 Sent ACK for chunk 2033
2025/04/30 15:22:57 Received ACK for chunk 2034/10240
Received chunk 2035/10240: fixtures/large_file.bin
2025/04/30 15:22:57 Sent ACK for chunk 2034
2025/04/30 15:22:57 Received ACK for chunk 2035/10240
Received chunk 2036/10240: fixtures/large_file.bin
2025/04/30 15:22:57 Sent ACK for chunk 2035
2025/04/30 15:22:57 Received ACK for chunk 2036/10240
Received chunk 2037/10240: fixtures/large_file.bin
2025/04/30 15:22:57 Sent ACK for chunk 2036
2025/04/30 15:22:57 Received ACK for chunk 2037/10240
Received chunk 2038/10240: fixtures/large_file.bin
2025/04/30 15:22:57 Sent ACK for chunk 2037
2025/04/30 15:22:57 Received ACK for chunk 2038/10240
Received chunk 2039/10240: fixtures/large_file.bin
2025/04/30 15:22:57 Sent ACK for chunk 2038
2025/04/30 15:22:57 Received ACK for chunk 2039/10240
Received chunk 2040/10240: fixtures/large_file.bin
2025/04/30 15:22:57 Sent ACK for chunk 2039
2025/04/30 15:22:57 Received ACK for chunk 2040/10240
Received chunk 2041/10240: fixtures/large_file.bin
2025/04/30 15:22:57 Sent ACK for chunk 2040
2025/04/30 15:22:57 Received ACK for chunk 2041/10240
Received chunk 2042/10240: fixtures/large_file.bin
2025/04/30 15:22:57 Sent ACK for chunk 2041
2025/04/30 15:22:57 Received ACK for chunk 2042/10240
Received chunk 2043/10240: fixtures/large_file.bin
2025/04/30 15:22:57 Sent ACK for chunk 2042
2025/04/30 15:22:57 Received ACK for chunk 2043/10240
Received chunk 2044/10240: fixtures/large_file.bin
2025/04/30 15:22:57 Sent ACK for chunk 2043
2025/04/30 15:22:57 Received ACK for chunk 2044/10240
Received chunk 2045/10240: fixtures/large_file.bin
2025/04/30 15:22:57 Sent ACK for chunk 2044
2025/04/30 15:22:57 Received ACK for chunk 2045/10240
Received chunk 2046/10240: fixtures/large_file.bin
2025/04/30 15:22:57 Sent ACK for chunk 2045
2025/04/30 15:22:57 Received ACK for chunk 2046/10240
Received chunk 2047/10240: fixtures/large_file.bin
2025/04/30 15:22:57 Sent ACK for chunk 2046
2025/04/30 15:22:57 Received ACK for chunk 2047/10240
Received chunk 2048/10240: fixtures/large_file.bin
2025/04/30 15:22:57 Sent ACK for chunk 2047
2025/04/30 15:22:57 Received ACK for chunk 2048/10240
Received chunk 2049/10240: fixtures/large_file.bin
2025/04/30 15:22:57 Sent ACK for chunk 2048
2025/04/30 15:22:57 Received ACK for chunk 2049/10240
Received chunk 2050/10240: fixtures/large_file.bin
2025/04/30 15:22:57 Sent ACK for chunk 2049
2025/04/30 15:22:57 Received ACK for chunk 2050/10240
Received chunk 2051/10240: fixtures/large_file.bin
2025/04/30 15:22:57 Sent ACK for chunk 2050
2025/04/30 15:22:57 Received ACK for chunk 2051/10240
Received chunk 2052/10240: fixtures/large_file.bin
2025/04/30 15:22:57 Sent ACK for chunk 2051
2025/04/30 15:22:57 Received ACK for chunk 2052/10240
Received chunk 2053/10240: fixtures/large_file.bin
2025/04/30 15:22:57 Sent ACK for chunk 2052
2025/04/30 15:22:57 Received ACK for chunk 2053/10240
Received chunk 2054/10240: fixtures/large_file.bin
2025/04/30 15:22:57 Sent ACK for chunk 2053
2025/04/30 15:22:57 Received ACK for chunk 2054/10240
Received chunk 2055/10240: fixtures/large_file.bin
2025/04/30 15:22:57 Sent ACK for chunk 2054
2025/04/30 15:22:57 Received ACK for chunk 2055/10240
Received chunk 2056/10240: fixtures/large_file.bin
2025/04/30 15:22:57 Sent ACK for chunk 2055
2025/04/30 15:22:57 Received ACK for chunk 2056/10240
Received chunk 2057/10240: fixtures/large_file.bin
2025/04/30 15:22:57 Sent ACK for chunk 2056
2025/04/30 15:22:57 Received ACK for chunk 2057/10240
Received chunk 2058/10240: fixtures/large_file.bin
2025/04/30 15:22:57 Sent ACK for chunk 2057
2025/04/30 15:22:57 Received ACK for chunk 2058/10240
Received chunk 2059/10240: fixtures/large_file.bin
2025/04/30 15:22:57 Sent ACK for chunk 2058
2025/04/30 15:22:57 Received ACK for chunk 2059/10240
Received chunk 2060/10240: fixtures/large_file.bin
2025/04/30 15:22:57 Sent ACK for chunk 2059
2025/04/30 15:22:57 Received ACK for chunk 2060/10240
Received chunk 2061/10240: fixtures/large_file.bin
2025/04/30 15:22:57 Sent ACK for chunk 2060
2025/04/30 15:22:57 Received ACK for chunk 2061/10240
Received chunk 2062/10240: fixtures/large_file.bin
2025/04/30 15:22:57 Sent ACK for chunk 2061
2025/04/30 15:22:57 Received ACK for chunk 2062/10240
Received chunk 2063/10240: fixtures/large_file.bin
2025/04/30 15:22:57 Sent ACK for chunk 2062
2025/04/30 15:22:57 Received ACK for chunk 2063/10240
Received chunk 2064/10240: fixtures/large_file.bin
2025/04/30 15:22:57 Sent ACK for chunk 2063
2025/04/30 15:22:57 Received ACK for chunk 2064/10240
Received chunk 2065/10240: fixtures/large_file.bin
2025/04/30 15:22:57 Sent ACK for chunk 2064
2025/04/30 15:22:57 Received ACK for chunk 2065/10240
Received chunk 2066/10240: fixtures/large_file.bin
2025/04/30 15:22:57 Sent ACK for chunk 2065
2025/04/30 15:22:57 Received ACK for chunk 2066/10240
Received chunk 2067/10240: fixtures/large_file.bin
2025/04/30 15:22:57 Sent ACK for chunk 2066
2025/04/30 15:22:57 Received ACK for chunk 2067/10240
Received chunk 2068/10240: fixtures/large_file.bin
2025/04/30 15:22:57 Sent ACK for chunk 2067
2025/04/30 15:22:57 Received ACK for chunk 2068/10240
Received chunk 2069/10240: fixtures/large_file.bin
2025/04/30 15:22:57 Sent ACK for chunk 2068
2025/04/30 15:22:57 Received ACK for chunk 2069/10240
Received chunk 2070/10240: fixtures/large_file.bin
2025/04/30 15:22:57 Sent ACK for chunk 2069
2025/04/30 15:22:57 Received ACK for chunk 2070/10240
Received chunk 2071/10240: fixtures/large_file.bin
2025/04/30 15:22:57 Sent ACK for chunk 2070
2025/04/30 15:22:57 Received ACK for chunk 2071/10240
Received chunk 2072/10240: fixtures/large_file.bin
2025/04/30 15:22:57 Sent ACK for chunk 2071
2025/04/30 15:22:57 Received ACK for chunk 2072/10240
Received chunk 2073/10240: fixtures/large_file.bin
2025/04/30 15:22:57 Sent ACK for chunk 2072
2025/04/30 15:22:57 Received ACK for chunk 2073/10240
Received chunk 2074/10240: fixtures/large_file.bin
2025/04/30 15:22:57 Sent ACK for chunk 2073
2025/04/30 15:22:57 Received ACK for chunk 2074/10240
Received chunk 2075/10240: fixtures/large_file.bin
2025/04/30 15:22:57 Sent ACK for chunk 2074
2025/04/30 15:22:57 Received ACK for chunk 2075/10240
Received chunk 2076/10240: fixtures/large_file.bin
2025/04/30 15:22:57 Sent ACK for chunk 2075
2025/04/30 15:22:57 Received ACK for chunk 2076/10240
Received chunk 2077/10240: fixtures/large_file.bin
2025/04/30 15:22:57 Sent ACK for chunk 2076
2025/04/30 15:22:57 Received ACK for chunk 2077/10240
Received chunk 2078/10240: fixtures/large_file.bin
2025/04/30 15:22:57 Sent ACK for chunk 2077
2025/04/30 15:22:57 Received ACK for chunk 2078/10240
Received chunk 2079/10240: fixtures/large_file.bin
2025/04/30 15:22:57 Sent ACK for chunk 2078
2025/04/30 15:22:57 Received ACK for chunk 2079/10240
Received chunk 2080/10240: fixtures/large_file.bin
2025/04/30 15:22:57 Sent ACK for chunk 2079
2025/04/30 15:22:57 Received ACK for chunk 2080/10240
Received chunk 2081/10240: fixtures/large_file.bin
2025/04/30 15:22:57 Sent ACK for chunk 2080
2025/04/30 15:22:57 Received ACK for chunk 2081/10240
Received chunk 2082/10240: fixtures/large_file.bin
2025/04/30 15:22:57 Sent ACK for chunk 2081
2025/04/30 15:22:57 Received ACK for chunk 2082/10240
Received chunk 2083/10240: fixtures/large_file.bin
2025/04/30 15:22:57 Sent ACK for chunk 2082
2025/04/30 15:22:57 Received ACK for chunk 2083/10240
Received chunk 2084/10240: fixtures/large_file.bin
2025/04/30 15:22:57 Sent ACK for chunk 2083
2025/04/30 15:22:57 Received ACK for chunk 2084/10240
Received chunk 2085/10240: fixtures/large_file.bin
2025/04/30 15:22:57 Sent ACK for chunk 2084
2025/04/30 15:22:57 Received ACK for chunk 2085/10240
Received chunk 2086/10240: fixtures/large_file.bin
2025/04/30 15:22:57 Sent ACK for chunk 2085
2025/04/30 15:22:57 Received ACK for chunk 2086/10240
Received chunk 2087/10240: fixtures/large_file.bin
2025/04/30 15:22:57 Sent ACK for chunk 2086
2025/04/30 15:22:57 Received ACK for chunk 2087/10240
Received chunk 2088/10240: fixtures/large_file.bin
2025/04/30 15:22:57 Sent ACK for chunk 2087
2025/04/30 15:22:57 Received ACK for chunk 2088/10240
Received chunk 2089/10240: fixtures/large_file.bin
2025/04/30 15:22:57 Sent ACK for chunk 2088
2025/04/30 15:22:57 Received ACK for chunk 2089/10240
Received chunk 2090/10240: fixtures/large_file.bin
2025/04/30 15:22:57 Sent ACK for chunk 2089
2025/04/30 15:22:57 Received ACK for chunk 2090/10240
Received chunk 2091/10240: fixtures/large_file.bin
2025/04/30 15:22:57 Sent ACK for chunk 2090
2025/04/30 15:22:57 Received ACK for chunk 2091/10240
Received chunk 2092/10240: fixtures/large_file.bin
2025/04/30 15:22:57 Sent ACK for chunk 2091
2025/04/30 15:22:57 Received ACK for chunk 2092/10240
Received chunk 2093/10240: fixtures/large_file.bin
2025/04/30 15:22:57 Sent ACK for chunk 2092
2025/04/30 15:22:57 Received ACK for chunk 2093/10240
Received chunk 2094/10240: fixtures/large_file.bin
2025/04/30 15:22:57 Sent ACK for chunk 2093
2025/04/30 15:22:57 Received ACK for chunk 2094/10240
Received chunk 2095/10240: fixtures/large_file.bin
2025/04/30 15:22:57 Sent ACK for chunk 2094
2025/04/30 15:22:57 Received ACK for chunk 2095/10240
Received chunk 2096/10240: fixtures/large_file.bin
2025/04/30 15:22:57 Sent ACK for chunk 2095
2025/04/30 15:22:57 Received ACK for chunk 2096/10240
Received chunk 2097/10240: fixtures/large_file.bin
2025/04/30 15:22:57 Sent ACK for chunk 2096
2025/04/30 15:22:57 Received ACK for chunk 2097/10240
Received chunk 2098/10240: fixtures/large_file.bin
2025/04/30 15:22:57 Sent ACK for chunk 2097
2025/04/30 15:22:57 Received ACK for chunk 2098/10240
Received chunk 2099/10240: fixtures/large_file.bin
2025/04/30 15:22:57 Sent ACK for chunk 2098
2025/04/30 15:22:57 Received ACK for chunk 2099/10240
Received chunk 2100/10240: fixtures/large_file.bin
2025/04/30 15:22:57 Sent ACK for chunk 2099
2025/04/30 15:22:57 Received ACK for chunk 2100/10240
Received chunk 2101/10240: fixtures/large_file.bin
2025/04/30 15:22:57 Sent ACK for chunk 2100
2025/04/30 15:22:57 Received ACK for chunk 2101/10240
Received chunk 2102/10240: fixtures/large_file.bin
2025/04/30 15:22:57 Sent ACK for chunk 2101
2025/04/30 15:22:57 Received ACK for chunk 2102/10240
Received chunk 2103/10240: fixtures/large_file.bin
2025/04/30 15:22:57 Sent ACK for chunk 2102
2025/04/30 15:22:57 Received ACK for chunk 2103/10240
Received chunk 2104/10240: fixtures/large_file.bin
2025/04/30 15:22:57 Sent ACK for chunk 2103
2025/04/30 15:22:57 Received ACK for chunk 2104/10240
Received chunk 2105/10240: fixtures/large_file.bin
2025/04/30 15:22:57 Sent ACK for chunk 2104
2025/04/30 15:22:57 Received ACK for chunk 2105/10240
Received chunk 2106/10240: fixtures/large_file.bin
2025/04/30 15:22:57 Sent ACK for chunk 2105
2025/04/30 15:22:57 Received ACK for chunk 2106/10240
Received chunk 2107/10240: fixtures/large_file.bin
2025/04/30 15:22:57 Sent ACK for chunk 2106
2025/04/30 15:22:57 Received ACK for chunk 2107/10240
Received chunk 2108/10240: fixtures/large_file.bin
2025/04/30 15:22:57 Sent ACK for chunk 2107
2025/04/30 15:22:57 Received ACK for chunk 2108/10240
Received chunk 2109/10240: fixtures/large_file.bin
2025/04/30 15:22:57 Sent ACK for chunk 2108
2025/04/30 15:22:57 Received ACK for chunk 2109/10240
Received chunk 2110/10240: fixtures/large_file.bin
2025/04/30 15:22:57 Sent ACK for chunk 2109
2025/04/30 15:22:57 Received ACK for chunk 2110/10240
Received chunk 2111/10240: fixtures/large_file.bin
2025/04/30 15:22:57 Sent ACK for chunk 2110
2025/04/30 15:22:57 Received ACK for chunk 2111/10240
Received chunk 2112/10240: fixtures/large_file.bin
2025/04/30 15:22:57 Sent ACK for chunk 2111
2025/04/30 15:22:57 Received ACK for chunk 2112/10240
Received chunk 2113/10240: fixtures/large_file.bin
2025/04/30 15:22:57 Sent ACK for chunk 2112
2025/04/30 15:22:57 Received ACK for chunk 2113/10240
Received chunk 2114/10240: fixtures/large_file.bin
2025/04/30 15:22:57 Sent ACK for chunk 2113
2025/04/30 15:22:57 Received ACK for chunk 2114/10240
Received chunk 2115/10240: fixtures/large_file.bin
2025/04/30 15:22:57 Sent ACK for chunk 2114
2025/04/30 15:22:57 Received ACK for chunk 2115/10240
Received chunk 2116/10240: fixtures/large_file.bin
2025/04/30 15:22:57 Sent ACK for chunk 2115
2025/04/30 15:22:57 Received ACK for chunk 2116/10240
Received chunk 2117/10240: fixtures/large_file.bin
2025/04/30 15:22:57 Sent ACK for chunk 2116
2025/04/30 15:22:57 Received ACK for chunk 2117/10240
Received chunk 2118/10240: fixtures/large_file.bin
2025/04/30 15:22:57 Sent ACK for chunk 2117
2025/04/30 15:22:57 Received ACK for chunk 2118/10240
Received chunk 2119/10240: fixtures/large_file.bin
2025/04/30 15:22:57 Sent ACK for chunk 2118
2025/04/30 15:22:57 Received ACK for chunk 2119/10240
Received chunk 2120/10240: fixtures/large_file.bin
2025/04/30 15:22:57 Sent ACK for chunk 2119
2025/04/30 15:22:57 Received ACK for chunk 2120/10240
Received chunk 2121/10240: fixtures/large_file.bin
2025/04/30 15:22:57 Sent ACK for chunk 2120
2025/04/30 15:22:57 Received ACK for chunk 2121/10240
Received chunk 2122/10240: fixtures/large_file.bin
2025/04/30 15:22:57 Sent ACK for chunk 2121
2025/04/30 15:22:57 Received ACK for chunk 2122/10240
Received chunk 2123/10240: fixtures/large_file.bin
2025/04/30 15:22:57 Sent ACK for chunk 2122
2025/04/30 15:22:57 Received ACK for chunk 2123/10240
Received chunk 2124/10240: fixtures/large_file.bin
2025/04/30 15:22:57 Sent ACK for chunk 2123
2025/04/30 15:22:57 Received ACK for chunk 2124/10240
Received chunk 2125/10240: fixtures/large_file.bin
2025/04/30 15:22:57 Sent ACK for chunk 2124
2025/04/30 15:22:57 Received ACK for chunk 2125/10240
Received chunk 2126/10240: fixtures/large_file.bin
2025/04/30 15:22:57 Sent ACK for chunk 2125
2025/04/30 15:22:57 Received ACK for chunk 2126/10240
Received chunk 2127/10240: fixtures/large_file.bin
2025/04/30 15:22:57 Sent ACK for chunk 2126
2025/04/30 15:22:57 Received ACK for chunk 2127/10240
Received chunk 2128/10240: fixtures/large_file.bin
2025/04/30 15:22:57 Sent ACK for chunk 2127
2025/04/30 15:22:57 Received ACK for chunk 2128/10240
Received chunk 2129/10240: fixtures/large_file.bin
2025/04/30 15:22:57 Sent ACK for chunk 2128
2025/04/30 15:22:57 Received ACK for chunk 2129/10240
Received chunk 2130/10240: fixtures/large_file.bin
2025/04/30 15:22:57 Sent ACK for chunk 2129
2025/04/30 15:22:57 Received ACK for chunk 2130/10240
Received chunk 2131/10240: fixtures/large_file.bin
2025/04/30 15:22:57 Sent ACK for chunk 2130
2025/04/30 15:22:57 Received ACK for chunk 2131/10240
Received chunk 2132/10240: fixtures/large_file.bin
2025/04/30 15:22:57 Sent ACK for chunk 2131
2025/04/30 15:22:57 Received ACK for chunk 2132/10240
Received chunk 2133/10240: fixtures/large_file.bin
2025/04/30 15:22:57 Sent ACK for chunk 2132
2025/04/30 15:22:57 Received ACK for chunk 2133/10240
Received chunk 2134/10240: fixtures/large_file.bin
2025/04/30 15:22:57 Sent ACK for chunk 2133
2025/04/30 15:22:57 Received ACK for chunk 2134/10240
Received chunk 2135/10240: fixtures/large_file.bin
2025/04/30 15:22:57 Sent ACK for chunk 2134
2025/04/30 15:22:57 Received ACK for chunk 2135/10240
Received chunk 2136/10240: fixtures/large_file.bin
2025/04/30 15:22:57 Sent ACK for chunk 2135
2025/04/30 15:22:57 Received ACK for chunk 2136/10240
Received chunk 2137/10240: fixtures/large_file.bin
2025/04/30 15:22:57 Sent ACK for chunk 2136
2025/04/30 15:22:57 Received ACK for chunk 2137/10240
Received chunk 2138/10240: fixtures/large_file.bin
2025/04/30 15:22:57 Sent ACK for chunk 2137
2025/04/30 15:22:57 Received ACK for chunk 2138/10240
Received chunk 2139/10240: fixtures/large_file.bin
2025/04/30 15:22:57 Sent ACK for chunk 2138
2025/04/30 15:22:57 Received ACK for chunk 2139/10240
Received chunk 2140/10240: fixtures/large_file.bin
2025/04/30 15:22:57 Sent ACK for chunk 2139
2025/04/30 15:22:57 Received ACK for chunk 2140/10240
Received chunk 2141/10240: fixtures/large_file.bin
2025/04/30 15:22:57 Sent ACK for chunk 2140
2025/04/30 15:22:57 Received ACK for chunk 2141/10240
Received chunk 2142/10240: fixtures/large_file.bin
2025/04/30 15:22:57 Sent ACK for chunk 2141
2025/04/30 15:22:57 Received ACK for chunk 2142/10240
Received chunk 2143/10240: fixtures/large_file.bin
2025/04/30 15:22:57 Sent ACK for chunk 2142
2025/04/30 15:22:57 Received ACK for chunk 2143/10240
Received chunk 2144/10240: fixtures/large_file.bin
2025/04/30 15:22:57 Sent ACK for chunk 2143
2025/04/30 15:22:57 Received ACK for chunk 2144/10240
Received chunk 2145/10240: fixtures/large_file.bin
2025/04/30 15:22:57 Sent ACK for chunk 2144
2025/04/30 15:22:57 Received ACK for chunk 2145/10240
Received chunk 2146/10240: fixtures/large_file.bin
2025/04/30 15:22:57 Sent ACK for chunk 2145
2025/04/30 15:22:57 Received ACK for chunk 2146/10240
Received chunk 2147/10240: fixtures/large_file.bin
2025/04/30 15:22:57 Sent ACK for chunk 2146
2025/04/30 15:22:57 Received ACK for chunk 2147/10240
Received chunk 2148/10240: fixtures/large_file.bin
2025/04/30 15:22:57 Sent ACK for chunk 2147
2025/04/30 15:22:57 Received ACK for chunk 2148/10240
Received chunk 2149/10240: fixtures/large_file.bin
2025/04/30 15:22:57 Sent ACK for chunk 2148
2025/04/30 15:22:57 Received ACK for chunk 2149/10240
Received chunk 2150/10240: fixtures/large_file.bin
2025/04/30 15:22:57 Sent ACK for chunk 2149
2025/04/30 15:22:57 Received ACK for chunk 2150/10240
Received chunk 2151/10240: fixtures/large_file.bin
2025/04/30 15:22:57 Sent ACK for chunk 2150
2025/04/30 15:22:57 Received ACK for chunk 2151/10240
Received chunk 2152/10240: fixtures/large_file.bin
2025/04/30 15:22:57 Sent ACK for chunk 2151
2025/04/30 15:22:57 Received ACK for chunk 2152/10240
Received chunk 2153/10240: fixtures/large_file.bin
2025/04/30 15:22:57 Sent ACK for chunk 2152
2025/04/30 15:22:57 Received ACK for chunk 2153/10240
Received chunk 2154/10240: fixtures/large_file.bin
2025/04/30 15:22:57 Sent ACK for chunk 2153
2025/04/30 15:22:57 Received ACK for chunk 2154/10240
Received chunk 2155/10240: fixtures/large_file.bin
2025/04/30 15:22:57 Sent ACK for chunk 2154
2025/04/30 15:22:57 Received ACK for chunk 2155/10240
Received chunk 2156/10240: fixtures/large_file.bin
2025/04/30 15:22:57 Sent ACK for chunk 2155
2025/04/30 15:22:57 Received ACK for chunk 2156/10240
Received chunk 2157/10240: fixtures/large_file.bin
2025/04/30 15:22:57 Sent ACK for chunk 2156
2025/04/30 15:22:57 Received ACK for chunk 2157/10240
Received chunk 2158/10240: fixtures/large_file.bin
2025/04/30 15:22:57 Sent ACK for chunk 2157
2025/04/30 15:22:57 Received ACK for chunk 2158/10240
Received chunk 2159/10240: fixtures/large_file.bin
2025/04/30 15:22:57 Sent ACK for chunk 2158
2025/04/30 15:22:57 Received ACK for chunk 2159/10240
Received chunk 2160/10240: fixtures/large_file.bin
2025/04/30 15:22:57 Sent ACK for chunk 2159
2025/04/30 15:22:57 Received ACK for chunk 2160/10240
Received chunk 2161/10240: fixtures/large_file.bin
2025/04/30 15:22:57 Sent ACK for chunk 2160
2025/04/30 15:22:57 Received ACK for chunk 2161/10240
Received chunk 2162/10240: fixtures/large_file.bin
2025/04/30 15:22:57 Sent ACK for chunk 2161
2025/04/30 15:22:57 Received ACK for chunk 2162/10240
Received chunk 2163/10240: fixtures/large_file.bin
2025/04/30 15:22:57 Sent ACK for chunk 2162
2025/04/30 15:22:57 Received ACK for chunk 2163/10240
Received chunk 2164/10240: fixtures/large_file.bin
2025/04/30 15:22:57 Sent ACK for chunk 2163
2025/04/30 15:22:57 Received ACK for chunk 2164/10240
Received chunk 2165/10240: fixtures/large_file.bin
2025/04/30 15:22:57 Sent ACK for chunk 2164
2025/04/30 15:22:57 Received ACK for chunk 2165/10240
Received chunk 2166/10240: fixtures/large_file.bin
2025/04/30 15:22:57 Sent ACK for chunk 2165
2025/04/30 15:22:57 Received ACK for chunk 2166/10240
Received chunk 2167/10240: fixtures/large_file.bin
2025/04/30 15:22:57 Sent ACK for chunk 2166
2025/04/30 15:22:57 Received ACK for chunk 2167/10240
Received chunk 2168/10240: fixtures/large_file.bin
2025/04/30 15:22:57 Sent ACK for chunk 2167
2025/04/30 15:22:57 Received ACK for chunk 2168/10240
Received chunk 2169/10240: fixtures/large_file.bin
2025/04/30 15:22:57 Sent ACK for chunk 2168
2025/04/30 15:22:57 Received ACK for chunk 2169/10240
Received chunk 2170/10240: fixtures/large_file.bin
2025/04/30 15:22:57 Sent ACK for chunk 2169
2025/04/30 15:22:57 Received ACK for chunk 2170/10240
Received chunk 2171/10240: fixtures/large_file.bin
2025/04/30 15:22:57 Sent ACK for chunk 2170
2025/04/30 15:22:57 Received ACK for chunk 2171/10240
Received chunk 2172/10240: fixtures/large_file.bin
2025/04/30 15:22:57 Sent ACK for chunk 2171
2025/04/30 15:22:57 Received ACK for chunk 2172/10240
Received chunk 2173/10240: fixtures/large_file.bin
2025/04/30 15:22:57 Sent ACK for chunk 2172
2025/04/30 15:22:57 Received ACK for chunk 2173/10240
Received chunk 2174/10240: fixtures/large_file.bin
2025/04/30 15:22:57 Sent ACK for chunk 2173
2025/04/30 15:22:57 Received ACK for chunk 2174/10240
Received chunk 2175/10240: fixtures/large_file.bin
2025/04/30 15:22:57 Sent ACK for chunk 2174
2025/04/30 15:22:57 Received ACK for chunk 2175/10240
Received chunk 2176/10240: fixtures/large_file.bin
2025/04/30 15:22:57 Sent ACK for chunk 2175
2025/04/30 15:22:57 Received ACK for chunk 2176/10240
Received chunk 2177/10240: fixtures/large_file.bin
2025/04/30 15:22:57 Sent ACK for chunk 2176
2025/04/30 15:22:57 Received ACK for chunk 2177/10240
Received chunk 2178/10240: fixtures/large_file.bin
2025/04/30 15:22:57 Sent ACK for chunk 2177
2025/04/30 15:22:57 Received ACK for chunk 2178/10240
Received chunk 2179/10240: fixtures/large_file.bin
2025/04/30 15:22:57 Sent ACK for chunk 2178
2025/04/30 15:22:57 Received ACK for chunk 2179/10240
Received chunk 2180/10240: fixtures/large_file.bin
2025/04/30 15:22:57 Sent ACK for chunk 2179
2025/04/30 15:22:57 Received ACK for chunk 2180/10240
Received chunk 2181/10240: fixtures/large_file.bin
2025/04/30 15:22:57 Sent ACK for chunk 2180
2025/04/30 15:22:57 Received ACK for chunk 2181/10240
Received chunk 2182/10240: fixtures/large_file.bin
2025/04/30 15:22:57 Sent ACK for chunk 2181
2025/04/30 15:22:57 Received ACK for chunk 2182/10240
Received chunk 2183/10240: fixtures/large_file.bin
2025/04/30 15:22:57 Sent ACK for chunk 2182
2025/04/30 15:22:57 Received ACK for chunk 2183/10240
Received chunk 2184/10240: fixtures/large_file.bin
2025/04/30 15:22:57 Sent ACK for chunk 2183
2025/04/30 15:22:57 Received ACK for chunk 2184/10240
Received chunk 2185/10240: fixtures/large_file.bin
2025/04/30 15:22:57 Sent ACK for chunk 2184
2025/04/30 15:22:57 Received ACK for chunk 2185/10240
Received chunk 2186/10240: fixtures/large_file.bin
2025/04/30 15:22:57 Sent ACK for chunk 2185
2025/04/30 15:22:57 Received ACK for chunk 2186/10240
Received chunk 2187/10240: fixtures/large_file.bin
2025/04/30 15:22:57 Sent ACK for chunk 2186
2025/04/30 15:22:57 Received ACK for chunk 2187/10240
Received chunk 2188/10240: fixtures/large_file.bin
2025/04/30 15:22:57 Sent ACK for chunk 2187
2025/04/30 15:22:57 Received ACK for chunk 2188/10240
Received chunk 2189/10240: fixtures/large_file.bin
2025/04/30 15:22:57 Sent ACK for chunk 2188
2025/04/30 15:22:57 Received ACK for chunk 2189/10240
Received chunk 2190/10240: fixtures/large_file.bin
2025/04/30 15:22:57 Sent ACK for chunk 2189
2025/04/30 15:22:57 Received ACK for chunk 2190/10240
Received chunk 2191/10240: fixtures/large_file.bin
2025/04/30 15:22:57 Sent ACK for chunk 2190
2025/04/30 15:22:57 Received ACK for chunk 2191/10240
Received chunk 2192/10240: fixtures/large_file.bin
2025/04/30 15:22:57 Sent ACK for chunk 2191
2025/04/30 15:22:57 Received ACK for chunk 2192/10240
Received chunk 2193/10240: fixtures/large_file.bin
2025/04/30 15:22:57 Sent ACK for chunk 2192
2025/04/30 15:22:57 Received ACK for chunk 2193/10240
Received chunk 2194/10240: fixtures/large_file.bin
2025/04/30 15:22:57 Sent ACK for chunk 2193
2025/04/30 15:22:57 Received ACK for chunk 2194/10240
Received chunk 2195/10240: fixtures/large_file.bin
2025/04/30 15:22:57 Sent ACK for chunk 2194
2025/04/30 15:22:57 Received ACK for chunk 2195/10240
Received chunk 2196/10240: fixtures/large_file.bin
2025/04/30 15:22:57 Sent ACK for chunk 2195
2025/04/30 15:22:57 Received ACK for chunk 2196/10240
Received chunk 2197/10240: fixtures/large_file.bin
2025/04/30 15:22:57 Sent ACK for chunk 2196
2025/04/30 15:22:57 Received ACK for chunk 2197/10240
Received chunk 2198/10240: fixtures/large_file.bin
2025/04/30 15:22:57 Sent ACK for chunk 2197
2025/04/30 15:22:57 Received ACK for chunk 2198/10240
Received chunk 2199/10240: fixtures/large_file.bin
2025/04/30 15:22:57 Sent ACK for chunk 2198
2025/04/30 15:22:57 Received ACK for chunk 2199/10240
Received chunk 2200/10240: fixtures/large_file.bin
2025/04/30 15:22:57 Sent ACK for chunk 2199
2025/04/30 15:22:57 Received ACK for chunk 2200/10240
Received chunk 2201/10240: fixtures/large_file.bin
2025/04/30 15:22:57 Sent ACK for chunk 2200
2025/04/30 15:22:57 Received ACK for chunk 2201/10240
Received chunk 2202/10240: fixtures/large_file.bin
2025/04/30 15:22:57 Sent ACK for chunk 2201
2025/04/30 15:22:57 Received ACK for chunk 2202/10240
Received chunk 2203/10240: fixtures/large_file.bin
2025/04/30 15:22:57 Sent ACK for chunk 2202
2025/04/30 15:22:57 Received ACK for chunk 2203/10240
Received chunk 2204/10240: fixtures/large_file.bin
2025/04/30 15:22:57 Sent ACK for chunk 2203
2025/04/30 15:22:57 Received ACK for chunk 2204/10240
Received chunk 2205/10240: fixtures/large_file.bin
2025/04/30 15:22:57 Sent ACK for chunk 2204
2025/04/30 15:22:57 Received ACK for chunk 2205/10240
Received chunk 2206/10240: fixtures/large_file.bin
2025/04/30 15:22:57 Sent ACK for chunk 2205
2025/04/30 15:22:57 Received ACK for chunk 2206/10240
Received chunk 2207/10240: fixtures/large_file.bin
2025/04/30 15:22:57 Sent ACK for chunk 2206
2025/04/30 15:22:57 Received ACK for chunk 2207/10240
Received chunk 2208/10240: fixtures/large_file.bin
2025/04/30 15:22:57 Sent ACK for chunk 2207
2025/04/30 15:22:57 Received ACK for chunk 2208/10240
Received chunk 2209/10240: fixtures/large_file.bin
2025/04/30 15:22:57 Sent ACK for chunk 2208
2025/04/30 15:22:57 Received ACK for chunk 2209/10240
Received chunk 2210/10240: fixtures/large_file.bin
2025/04/30 15:22:57 Sent ACK for chunk 2209
2025/04/30 15:22:57 Received ACK for chunk 2210/10240
Received chunk 2211/10240: fixtures/large_file.bin
2025/04/30 15:22:57 Sent ACK for chunk 2210
2025/04/30 15:22:57 Received ACK for chunk 2211/10240
Received chunk 2212/10240: fixtures/large_file.bin
2025/04/30 15:22:57 Sent ACK for chunk 2211
2025/04/30 15:22:57 Received ACK for chunk 2212/10240
Received chunk 2213/10240: fixtures/large_file.bin
2025/04/30 15:22:57 Sent ACK for chunk 2212
2025/04/30 15:22:57 Received ACK for chunk 2213/10240
Received chunk 2214/10240: fixtures/large_file.bin
2025/04/30 15:22:57 Sent ACK for chunk 2213
2025/04/30 15:22:57 Received ACK for chunk 2214/10240
Received chunk 2215/10240: fixtures/large_file.bin
2025/04/30 15:22:57 Sent ACK for chunk 2214
2025/04/30 15:22:57 Received ACK for chunk 2215/10240
Received chunk 2216/10240: fixtures/large_file.bin
2025/04/30 15:22:57 Sent ACK for chunk 2215
2025/04/30 15:22:57 Received ACK for chunk 2216/10240
Received chunk 2217/10240: fixtures/large_file.bin
2025/04/30 15:22:57 Sent ACK for chunk 2216
2025/04/30 15:22:57 Received ACK for chunk 2217/10240
Received chunk 2218/10240: fixtures/large_file.bin
2025/04/30 15:22:57 Sent ACK for chunk 2217
2025/04/30 15:22:57 Received ACK for chunk 2218/10240
Received chunk 2219/10240: fixtures/large_file.bin
2025/04/30 15:22:57 Sent ACK for chunk 2218
2025/04/30 15:22:57 Received ACK for chunk 2219/10240
Received chunk 2220/10240: fixtures/large_file.bin
2025/04/30 15:22:57 Sent ACK for chunk 2219
2025/04/30 15:22:57 Received ACK for chunk 2220/10240
Received chunk 2221/10240: fixtures/large_file.bin
2025/04/30 15:22:57 Sent ACK for chunk 2220
2025/04/30 15:22:57 Received ACK for chunk 2221/10240
Received chunk 2222/10240: fixtures/large_file.bin
2025/04/30 15:22:57 Sent ACK for chunk 2221
2025/04/30 15:22:57 Received ACK for chunk 2222/10240
Received chunk 2223/10240: fixtures/large_file.bin
2025/04/30 15:22:57 Sent ACK for chunk 2222
2025/04/30 15:22:57 Received ACK for chunk 2223/10240
Received chunk 2224/10240: fixtures/large_file.bin
2025/04/30 15:22:57 Sent ACK for chunk 2223
2025/04/30 15:22:57 Received ACK for chunk 2224/10240
Received chunk 2225/10240: fixtures/large_file.bin
2025/04/30 15:22:57 Sent ACK for chunk 2224
2025/04/30 15:22:57 Received ACK for chunk 2225/10240
Received chunk 2226/10240: fixtures/large_file.bin
2025/04/30 15:22:57 Sent ACK for chunk 2225
2025/04/30 15:22:57 Received ACK for chunk 2226/10240
Received chunk 2227/10240: fixtures/large_file.bin
2025/04/30 15:22:57 Sent ACK for chunk 2226
2025/04/30 15:22:57 Received ACK for chunk 2227/10240
Received chunk 2228/10240: fixtures/large_file.bin
2025/04/30 15:22:57 Sent ACK for chunk 2227
2025/04/30 15:22:57 Received ACK for chunk 2228/10240
Received chunk 2229/10240: fixtures/large_file.bin
2025/04/30 15:22:57 Sent ACK for chunk 2228
2025/04/30 15:22:57 Received ACK for chunk 2229/10240
Received chunk 2230/10240: fixtures/large_file.bin
2025/04/30 15:22:57 Sent ACK for chunk 2229
2025/04/30 15:22:57 Received ACK for chunk 2230/10240
Received chunk 2231/10240: fixtures/large_file.bin
2025/04/30 15:22:57 Sent ACK for chunk 2230
2025/04/30 15:22:57 Received ACK for chunk 2231/10240
Received chunk 2232/10240: fixtures/large_file.bin
2025/04/30 15:22:57 Sent ACK for chunk 2231
2025/04/30 15:22:57 Received ACK for chunk 2232/10240
Received chunk 2233/10240: fixtures/large_file.bin
2025/04/30 15:22:57 Sent ACK for chunk 2232
2025/04/30 15:22:57 Received ACK for chunk 2233/10240
Received chunk 2234/10240: fixtures/large_file.bin
2025/04/30 15:22:57 Sent ACK for chunk 2233
2025/04/30 15:22:57 Received ACK for chunk 2234/10240
Received chunk 2235/10240: fixtures/large_file.bin
2025/04/30 15:22:57 Sent ACK for chunk 2234
2025/04/30 15:22:57 Received ACK for chunk 2235/10240
Received chunk 2236/10240: fixtures/large_file.bin
2025/04/30 15:22:57 Sent ACK for chunk 2235
2025/04/30 15:22:57 Received ACK for chunk 2236/10240
Received chunk 2237/10240: fixtures/large_file.bin
2025/04/30 15:22:57 Sent ACK for chunk 2236
2025/04/30 15:22:57 Received ACK for chunk 2237/10240
Received chunk 2238/10240: fixtures/large_file.bin
2025/04/30 15:22:57 Sent ACK for chunk 2237
2025/04/30 15:22:57 Received ACK for chunk 2238/10240
Received chunk 2239/10240: fixtures/large_file.bin
2025/04/30 15:22:57 Sent ACK for chunk 2238
2025/04/30 15:22:57 Received ACK for chunk 2239/10240
Received chunk 2240/10240: fixtures/large_file.bin
2025/04/30 15:22:57 Sent ACK for chunk 2239
2025/04/30 15:22:57 Received ACK for chunk 2240/10240
Received chunk 2241/10240: fixtures/large_file.bin
2025/04/30 15:22:57 Sent ACK for chunk 2240
2025/04/30 15:22:57 Received ACK for chunk 2241/10240
Received chunk 2242/10240: fixtures/large_file.bin
2025/04/30 15:22:57 Sent ACK for chunk 2241
2025/04/30 15:22:57 Received ACK for chunk 2242/10240
Received chunk 2243/10240: fixtures/large_file.bin
2025/04/30 15:22:57 Sent ACK for chunk 2242
2025/04/30 15:22:57 Received ACK for chunk 2243/10240
Received chunk 2244/10240: fixtures/large_file.bin
2025/04/30 15:22:57 Sent ACK for chunk 2243
2025/04/30 15:22:57 Received ACK for chunk 2244/10240
Received chunk 2245/10240: fixtures/large_file.bin
2025/04/30 15:22:57 Sent ACK for chunk 2244
2025/04/30 15:22:57 Received ACK for chunk 2245/10240
Received chunk 2246/10240: fixtures/large_file.bin
2025/04/30 15:22:57 Sent ACK for chunk 2245
2025/04/30 15:22:57 Received ACK for chunk 2246/10240
Received chunk 2247/10240: fixtures/large_file.bin
2025/04/30 15:22:57 Sent ACK for chunk 2246
2025/04/30 15:22:57 Received ACK for chunk 2247/10240
Received chunk 2248/10240: fixtures/large_file.bin
2025/04/30 15:22:57 Sent ACK for chunk 2247
2025/04/30 15:22:57 Received ACK for chunk 2248/10240
Received chunk 2249/10240: fixtures/large_file.bin
2025/04/30 15:22:57 Sent ACK for chunk 2248
2025/04/30 15:22:57 Received ACK for chunk 2249/10240
Received chunk 2250/10240: fixtures/large_file.bin
2025/04/30 15:22:57 Sent ACK for chunk 2249
2025/04/30 15:22:57 Received ACK for chunk 2250/10240
Received chunk 2251/10240: fixtures/large_file.bin
2025/04/30 15:22:57 Sent ACK for chunk 2250
2025/04/30 15:22:57 Received ACK for chunk 2251/10240
Received chunk 2252/10240: fixtures/large_file.bin
2025/04/30 15:22:57 Sent ACK for chunk 2251
2025/04/30 15:22:57 Received ACK for chunk 2252/10240
Received chunk 2253/10240: fixtures/large_file.bin
2025/04/30 15:22:57 Sent ACK for chunk 2252
2025/04/30 15:22:57 Received ACK for chunk 2253/10240
Received chunk 2254/10240: fixtures/large_file.bin
2025/04/30 15:22:57 Sent ACK for chunk 2253
2025/04/30 15:22:57 Received ACK for chunk 2254/10240
Received chunk 2255/10240: fixtures/large_file.bin
2025/04/30 15:22:57 Sent ACK for chunk 2254
2025/04/30 15:22:57 Received ACK for chunk 2255/10240
Received chunk 2256/10240: fixtures/large_file.bin
2025/04/30 15:22:57 Sent ACK for chunk 2255
2025/04/30 15:22:57 Received ACK for chunk 2256/10240
Received chunk 2257/10240: fixtures/large_file.bin
2025/04/30 15:22:57 Sent ACK for chunk 2256
2025/04/30 15:22:57 Received ACK for chunk 2257/10240
Received chunk 2258/10240: fixtures/large_file.bin
2025/04/30 15:22:57 Sent ACK for chunk 2257
2025/04/30 15:22:57 Received ACK for chunk 2258/10240
Received chunk 2259/10240: fixtures/large_file.bin
2025/04/30 15:22:57 Sent ACK for chunk 2258
2025/04/30 15:22:57 Received ACK for chunk 2259/10240
Received chunk 2260/10240: fixtures/large_file.bin
2025/04/30 15:22:57 Sent ACK for chunk 2259
2025/04/30 15:22:57 Received ACK for chunk 2260/10240
Received chunk 2261/10240: fixtures/large_file.bin
2025/04/30 15:22:57 Sent ACK for chunk 2260
2025/04/30 15:22:57 Received ACK for chunk 2261/10240
Received chunk 2262/10240: fixtures/large_file.bin
2025/04/30 15:22:57 Sent ACK for chunk 2261
2025/04/30 15:22:57 Received ACK for chunk 2262/10240
Received chunk 2263/10240: fixtures/large_file.bin
2025/04/30 15:22:57 Sent ACK for chunk 2262
2025/04/30 15:22:57 Received ACK for chunk 2263/10240
Received chunk 2264/10240: fixtures/large_file.bin
2025/04/30 15:22:57 Sent ACK for chunk 2263
2025/04/30 15:22:57 Received ACK for chunk 2264/10240
Received chunk 2265/10240: fixtures/large_file.bin
2025/04/30 15:22:57 Sent ACK for chunk 2264
2025/04/30 15:22:57 Received ACK for chunk 2265/10240
Received chunk 2266/10240: fixtures/large_file.bin
2025/04/30 15:22:57 Sent ACK for chunk 2265
2025/04/30 15:22:57 Received ACK for chunk 2266/10240
Received chunk 2267/10240: fixtures/large_file.bin
2025/04/30 15:22:57 Sent ACK for chunk 2266
2025/04/30 15:22:57 Received ACK for chunk 2267/10240
Received chunk 2268/10240: fixtures/large_file.bin
2025/04/30 15:22:57 Sent ACK for chunk 2267
2025/04/30 15:22:57 Received ACK for chunk 2268/10240
Received chunk 2269/10240: fixtures/large_file.bin
2025/04/30 15:22:57 Sent ACK for chunk 2268
2025/04/30 15:22:57 Received ACK for chunk 2269/10240
Received chunk 2270/10240: fixtures/large_file.bin
2025/04/30 15:22:57 Sent ACK for chunk 2269
2025/04/30 15:22:57 Received ACK for chunk 2270/10240
Received chunk 2271/10240: fixtures/large_file.bin
2025/04/30 15:22:57 Sent ACK for chunk 2270
2025/04/30 15:22:57 Received ACK for chunk 2271/10240
Received chunk 2272/10240: fixtures/large_file.bin
2025/04/30 15:22:57 Sent ACK for chunk 2271
2025/04/30 15:22:57 Received ACK for chunk 2272/10240
Received chunk 2273/10240: fixtures/large_file.bin
2025/04/30 15:22:57 Sent ACK for chunk 2272
2025/04/30 15:22:57 Received ACK for chunk 2273/10240
Received chunk 2274/10240: fixtures/large_file.bin
2025/04/30 15:22:57 Sent ACK for chunk 2273
2025/04/30 15:22:57 Received ACK for chunk 2274/10240
Received chunk 2275/10240: fixtures/large_file.bin
2025/04/30 15:22:57 Sent ACK for chunk 2274
2025/04/30 15:22:57 Received ACK for chunk 2275/10240
Received chunk 2276/10240: fixtures/large_file.bin
2025/04/30 15:22:57 Sent ACK for chunk 2275
2025/04/30 15:22:57 Received ACK for chunk 2276/10240
Received chunk 2277/10240: fixtures/large_file.bin
2025/04/30 15:22:57 Sent ACK for chunk 2276
2025/04/30 15:22:57 Received ACK for chunk 2277/10240
Received chunk 2278/10240: fixtures/large_file.bin
2025/04/30 15:22:57 Sent ACK for chunk 2277
2025/04/30 15:22:57 Received ACK for chunk 2278/10240
Received chunk 2279/10240: fixtures/large_file.bin
2025/04/30 15:22:57 Sent ACK for chunk 2278
2025/04/30 15:22:57 Received ACK for chunk 2279/10240
Received chunk 2280/10240: fixtures/large_file.bin
2025/04/30 15:22:57 Sent ACK for chunk 2279
2025/04/30 15:22:57 Received ACK for chunk 2280/10240
Received chunk 2281/10240: fixtures/large_file.bin
2025/04/30 15:22:57 Sent ACK for chunk 2280
2025/04/30 15:22:57 Received ACK for chunk 2281/10240
Received chunk 2282/10240: fixtures/large_file.bin
2025/04/30 15:22:57 Sent ACK for chunk 2281
2025/04/30 15:22:57 Received ACK for chunk 2282/10240
Received chunk 2283/10240: fixtures/large_file.bin
2025/04/30 15:22:57 Sent ACK for chunk 2282
2025/04/30 15:22:57 Received ACK for chunk 2283/10240
Received chunk 2284/10240: fixtures/large_file.bin
2025/04/30 15:22:57 Sent ACK for chunk 2283
2025/04/30 15:22:57 Received ACK for chunk 2284/10240
Received chunk 2285/10240: fixtures/large_file.bin
2025/04/30 15:22:57 Sent ACK for chunk 2284
2025/04/30 15:22:57 Received ACK for chunk 2285/10240
Received chunk 2286/10240: fixtures/large_file.bin
2025/04/30 15:22:57 Sent ACK for chunk 2285
2025/04/30 15:22:57 Received ACK for chunk 2286/10240
Received chunk 2287/10240: fixtures/large_file.bin
2025/04/30 15:22:57 Sent ACK for chunk 2286
2025/04/30 15:22:57 Received ACK for chunk 2287/10240
Received chunk 2288/10240: fixtures/large_file.bin
2025/04/30 15:22:57 Sent ACK for chunk 2287
2025/04/30 15:22:57 Received ACK for chunk 2288/10240
Received chunk 2289/10240: fixtures/large_file.bin
2025/04/30 15:22:57 Sent ACK for chunk 2288
2025/04/30 15:22:57 Received ACK for chunk 2289/10240
Received chunk 2290/10240: fixtures/large_file.bin
2025/04/30 15:22:57 Sent ACK for chunk 2289
2025/04/30 15:22:57 Received ACK for chunk 2290/10240
Received chunk 2291/10240: fixtures/large_file.bin
2025/04/30 15:22:57 Sent ACK for chunk 2290
2025/04/30 15:22:57 Received ACK for chunk 2291/10240
Received chunk 2292/10240: fixtures/large_file.bin
2025/04/30 15:22:57 Sent ACK for chunk 2291
2025/04/30 15:22:57 Received ACK for chunk 2292/10240
Received chunk 2293/10240: fixtures/large_file.bin
2025/04/30 15:22:57 Sent ACK for chunk 2292
2025/04/30 15:22:57 Received ACK for chunk 2293/10240
Received chunk 2294/10240: fixtures/large_file.bin
2025/04/30 15:22:57 Sent ACK for chunk 2293
2025/04/30 15:22:57 Received ACK for chunk 2294/10240
Received chunk 2295/10240: fixtures/large_file.bin
2025/04/30 15:22:57 Sent ACK for chunk 2294
2025/04/30 15:22:57 Received ACK for chunk 2295/10240
Received chunk 2296/10240: fixtures/large_file.bin
2025/04/30 15:22:57 Sent ACK for chunk 2295
2025/04/30 15:22:57 Received ACK for chunk 2296/10240
Received chunk 2297/10240: fixtures/large_file.bin
2025/04/30 15:22:57 Sent ACK for chunk 2296
2025/04/30 15:22:57 Received ACK for chunk 2297/10240
Received chunk 2298/10240: fixtures/large_file.bin
2025/04/30 15:22:57 Sent ACK for chunk 2297
2025/04/30 15:22:57 Received ACK for chunk 2298/10240
Received chunk 2299/10240: fixtures/large_file.bin
2025/04/30 15:22:57 Sent ACK for chunk 2298
2025/04/30 15:22:57 Received ACK for chunk 2299/10240
Received chunk 2300/10240: fixtures/large_file.bin
2025/04/30 15:22:57 Sent ACK for chunk 2299
2025/04/30 15:22:57 Received ACK for chunk 2300/10240
Received chunk 2301/10240: fixtures/large_file.bin
2025/04/30 15:22:57 Sent ACK for chunk 2300
2025/04/30 15:22:57 Received ACK for chunk 2301/10240
Received chunk 2302/10240: fixtures/large_file.bin
2025/04/30 15:22:57 Sent ACK for chunk 2301
2025/04/30 15:22:57 Received ACK for chunk 2302/10240
Received chunk 2303/10240: fixtures/large_file.bin
2025/04/30 15:22:57 Sent ACK for chunk 2302
2025/04/30 15:22:57 Received ACK for chunk 2303/10240
Received chunk 2304/10240: fixtures/large_file.bin
2025/04/30 15:22:57 Sent ACK for chunk 2303
2025/04/30 15:22:57 Received ACK for chunk 2304/10240
Received chunk 2305/10240: fixtures/large_file.bin
2025/04/30 15:22:57 Sent ACK for chunk 2304
2025/04/30 15:22:57 Received ACK for chunk 2305/10240
Received chunk 2306/10240: fixtures/large_file.bin
2025/04/30 15:22:57 Sent ACK for chunk 2305
2025/04/30 15:22:57 Received ACK for chunk 2306/10240
Received chunk 2307/10240: fixtures/large_file.bin
2025/04/30 15:22:57 Sent ACK for chunk 2306
2025/04/30 15:22:57 Received ACK for chunk 2307/10240
Received chunk 2308/10240: fixtures/large_file.bin
2025/04/30 15:22:57 Sent ACK for chunk 2307
2025/04/30 15:22:57 Received ACK for chunk 2308/10240
Received chunk 2309/10240: fixtures/large_file.bin
2025/04/30 15:22:57 Sent ACK for chunk 2308
2025/04/30 15:22:57 Received ACK for chunk 2309/10240
Received chunk 2310/10240: fixtures/large_file.bin
2025/04/30 15:22:57 Sent ACK for chunk 2309
2025/04/30 15:22:57 Received ACK for chunk 2310/10240
Received chunk 2311/10240: fixtures/large_file.bin
2025/04/30 15:22:57 Sent ACK for chunk 2310
2025/04/30 15:22:57 Received ACK for chunk 2311/10240
Received chunk 2312/10240: fixtures/large_file.bin
2025/04/30 15:22:57 Sent ACK for chunk 2311
2025/04/30 15:22:57 Received ACK for chunk 2312/10240
Received chunk 2313/10240: fixtures/large_file.bin
2025/04/30 15:22:57 Sent ACK for chunk 2312
2025/04/30 15:22:57 Received ACK for chunk 2313/10240
Received chunk 2314/10240: fixtures/large_file.bin
2025/04/30 15:22:57 Sent ACK for chunk 2313
2025/04/30 15:22:57 Received ACK for chunk 2314/10240
Received chunk 2315/10240: fixtures/large_file.bin
2025/04/30 15:22:57 Sent ACK for chunk 2314
2025/04/30 15:22:57 Received ACK for chunk 2315/10240
Received chunk 2316/10240: fixtures/large_file.bin
2025/04/30 15:22:57 Sent ACK for chunk 2315
2025/04/30 15:22:57 Received ACK for chunk 2316/10240
Received chunk 2317/10240: fixtures/large_file.bin
2025/04/30 15:22:57 Sent ACK for chunk 2316
2025/04/30 15:22:57 Received ACK for chunk 2317/10240
Received chunk 2318/10240: fixtures/large_file.bin
2025/04/30 15:22:57 Sent ACK for chunk 2317
2025/04/30 15:22:57 Received ACK for chunk 2318/10240
Received chunk 2319/10240: fixtures/large_file.bin
2025/04/30 15:22:57 Sent ACK for chunk 2318
2025/04/30 15:22:57 Received ACK for chunk 2319/10240
Received chunk 2320/10240: fixtures/large_file.bin
2025/04/30 15:22:57 Sent ACK for chunk 2319
2025/04/30 15:22:57 Received ACK for chunk 2320/10240
Received chunk 2321/10240: fixtures/large_file.bin
2025/04/30 15:22:57 Sent ACK for chunk 2320
2025/04/30 15:22:57 Received ACK for chunk 2321/10240
Received chunk 2322/10240: fixtures/large_file.bin
2025/04/30 15:22:57 Sent ACK for chunk 2321
2025/04/30 15:22:57 Received ACK for chunk 2322/10240
Received chunk 2323/10240: fixtures/large_file.bin
2025/04/30 15:22:57 Sent ACK for chunk 2322
2025/04/30 15:22:57 Received ACK for chunk 2323/10240
Received chunk 2324/10240: fixtures/large_file.bin
2025/04/30 15:22:57 Sent ACK for chunk 2323
2025/04/30 15:22:57 Received ACK for chunk 2324/10240
Received chunk 2325/10240: fixtures/large_file.bin
2025/04/30 15:22:57 Sent ACK for chunk 2324
2025/04/30 15:22:57 Received ACK for chunk 2325/10240
Received chunk 2326/10240: fixtures/large_file.bin
2025/04/30 15:22:57 Sent ACK for chunk 2325
2025/04/30 15:22:57 Received ACK for chunk 2326/10240
Received chunk 2327/10240: fixtures/large_file.bin
2025/04/30 15:22:57 Sent ACK for chunk 2326
2025/04/30 15:22:57 Received ACK for chunk 2327/10240
Received chunk 2328/10240: fixtures/large_file.bin
2025/04/30 15:22:57 Sent ACK for chunk 2327
2025/04/30 15:22:57 Received ACK for chunk 2328/10240
Received chunk 2329/10240: fixtures/large_file.bin
2025/04/30 15:22:57 Sent ACK for chunk 2328
2025/04/30 15:22:57 Received ACK for chunk 2329/10240
Received chunk 2330/10240: fixtures/large_file.bin
2025/04/30 15:22:57 Sent ACK for chunk 2329
2025/04/30 15:22:57 Received ACK for chunk 2330/10240
Received chunk 2331/10240: fixtures/large_file.bin
2025/04/30 15:22:57 Sent ACK for chunk 2330
2025/04/30 15:22:57 Received ACK for chunk 2331/10240
Received chunk 2332/10240: fixtures/large_file.bin
2025/04/30 15:22:57 Sent ACK for chunk 2331
2025/04/30 15:22:57 Received ACK for chunk 2332/10240
Received chunk 2333/10240: fixtures/large_file.bin
2025/04/30 15:22:57 Sent ACK for chunk 2332
2025/04/30 15:22:57 Received ACK for chunk 2333/10240
Received chunk 2334/10240: fixtures/large_file.bin
2025/04/30 15:22:57 Sent ACK for chunk 2333
2025/04/30 15:22:57 Received ACK for chunk 2334/10240
Received chunk 2335/10240: fixtures/large_file.bin
2025/04/30 15:22:57 Sent ACK for chunk 2334
2025/04/30 15:22:57 Received ACK for chunk 2335/10240
Received chunk 2336/10240: fixtures/large_file.bin
2025/04/30 15:22:57 Sent ACK for chunk 2335
2025/04/30 15:22:57 Received ACK for chunk 2336/10240
Received chunk 2337/10240: fixtures/large_file.bin
2025/04/30 15:22:57 Sent ACK for chunk 2336
2025/04/30 15:22:57 Received ACK for chunk 2337/10240
Received chunk 2338/10240: fixtures/large_file.bin
2025/04/30 15:22:57 Sent ACK for chunk 2337
2025/04/30 15:22:57 Received ACK for chunk 2338/10240
Received chunk 2339/10240: fixtures/large_file.bin
2025/04/30 15:22:57 Sent ACK for chunk 2338
2025/04/30 15:22:57 Received ACK for chunk 2339/10240
Received chunk 2340/10240: fixtures/large_file.bin
2025/04/30 15:22:57 Sent ACK for chunk 2339
2025/04/30 15:22:57 Received ACK for chunk 2340/10240
Received chunk 2341/10240: fixtures/large_file.bin
2025/04/30 15:22:57 Sent ACK for chunk 2340
2025/04/30 15:22:57 Received ACK for chunk 2341/10240
Received chunk 2342/10240: fixtures/large_file.bin
2025/04/30 15:22:57 Sent ACK for chunk 2341
2025/04/30 15:22:57 Received ACK for chunk 2342/10240
Received chunk 2343/10240: fixtures/large_file.bin
2025/04/30 15:22:57 Sent ACK for chunk 2342
2025/04/30 15:22:57 Received ACK for chunk 2343/10240
Received chunk 2344/10240: fixtures/large_file.bin
2025/04/30 15:22:57 Sent ACK for chunk 2343
2025/04/30 15:22:57 Received ACK for chunk 2344/10240
Received chunk 2345/10240: fixtures/large_file.bin
2025/04/30 15:22:57 Sent ACK for chunk 2344
2025/04/30 15:22:57 Received ACK for chunk 2345/10240
Received chunk 2346/10240: fixtures/large_file.bin
2025/04/30 15:22:57 Sent ACK for chunk 2345
2025/04/30 15:22:57 Received ACK for chunk 2346/10240
Received chunk 2347/10240: fixtures/large_file.bin
2025/04/30 15:22:57 Sent ACK for chunk 2346
2025/04/30 15:22:57 Received ACK for chunk 2347/10240
Received chunk 2348/10240: fixtures/large_file.bin
2025/04/30 15:22:57 Sent ACK for chunk 2347
2025/04/30 15:22:57 Received ACK for chunk 2348/10240
Received chunk 2349/10240: fixtures/large_file.bin
2025/04/30 15:22:57 Sent ACK for chunk 2348
2025/04/30 15:22:57 Received ACK for chunk 2349/10240
Received chunk 2350/10240: fixtures/large_file.bin
2025/04/30 15:22:57 Sent ACK for chunk 2349
2025/04/30 15:22:57 Received ACK for chunk 2350/10240
Received chunk 2351/10240: fixtures/large_file.bin
2025/04/30 15:22:57 Sent ACK for chunk 2350
2025/04/30 15:22:57 Received ACK for chunk 2351/10240
Received chunk 2352/10240: fixtures/large_file.bin
2025/04/30 15:22:57 Sent ACK for chunk 2351
2025/04/30 15:22:57 Received ACK for chunk 2352/10240
Received chunk 2353/10240: fixtures/large_file.bin
2025/04/30 15:22:57 Sent ACK for chunk 2352
2025/04/30 15:22:57 Received ACK for chunk 2353/10240
Received chunk 2354/10240: fixtures/large_file.bin
2025/04/30 15:22:57 Sent ACK for chunk 2353
2025/04/30 15:22:57 Received ACK for chunk 2354/10240
Received chunk 2355/10240: fixtures/large_file.bin
2025/04/30 15:22:57 Sent ACK for chunk 2354
2025/04/30 15:22:57 Received ACK for chunk 2355/10240
Received chunk 2356/10240: fixtures/large_file.bin
2025/04/30 15:22:57 Sent ACK for chunk 2355
2025/04/30 15:22:57 Received ACK for chunk 2356/10240
Received chunk 2357/10240: fixtures/large_file.bin
2025/04/30 15:22:57 Sent ACK for chunk 2356
2025/04/30 15:22:57 Received ACK for chunk 2357/10240
Received chunk 2358/10240: fixtures/large_file.bin
2025/04/30 15:22:57 Sent ACK for chunk 2357
2025/04/30 15:22:57 Received ACK for chunk 2358/10240
Received chunk 2359/10240: fixtures/large_file.bin
2025/04/30 15:22:57 Sent ACK for chunk 2358
2025/04/30 15:22:57 Received ACK for chunk 2359/10240
Received chunk 2360/10240: fixtures/large_file.bin
2025/04/30 15:22:57 Sent ACK for chunk 2359
2025/04/30 15:22:57 Received ACK for chunk 2360/10240
Received chunk 2361/10240: fixtures/large_file.bin
2025/04/30 15:22:57 Sent ACK for chunk 2360
2025/04/30 15:22:57 Received ACK for chunk 2361/10240
Received chunk 2362/10240: fixtures/large_file.bin
2025/04/30 15:22:57 Sent ACK for chunk 2361
2025/04/30 15:22:57 Received ACK for chunk 2362/10240
Received chunk 2363/10240: fixtures/large_file.bin
2025/04/30 15:22:57 Sent ACK for chunk 2362
2025/04/30 15:22:57 Received ACK for chunk 2363/10240
Received chunk 2364/10240: fixtures/large_file.bin
2025/04/30 15:22:57 Sent ACK for chunk 2363
2025/04/30 15:22:57 Received ACK for chunk 2364/10240
Received chunk 2365/10240: fixtures/large_file.bin
2025/04/30 15:22:57 Sent ACK for chunk 2364
2025/04/30 15:22:57 Received ACK for chunk 2365/10240
Received chunk 2366/10240: fixtures/large_file.bin
2025/04/30 15:22:57 Sent ACK for chunk 2365
2025/04/30 15:22:57 Received ACK for chunk 2366/10240
Received chunk 2367/10240: fixtures/large_file.bin
2025/04/30 15:22:57 Sent ACK for chunk 2366
2025/04/30 15:22:57 Received ACK for chunk 2367/10240
Received chunk 2368/10240: fixtures/large_file.bin
2025/04/30 15:22:57 Sent ACK for chunk 2367
2025/04/30 15:22:57 Received ACK for chunk 2368/10240
Received chunk 2369/10240: fixtures/large_file.bin
2025/04/30 15:22:57 Sent ACK for chunk 2368
2025/04/30 15:22:57 Received ACK for chunk 2369/10240
Received chunk 2370/10240: fixtures/large_file.bin
2025/04/30 15:22:57 Sent ACK for chunk 2369
2025/04/30 15:22:57 Received ACK for chunk 2370/10240
Received chunk 2371/10240: fixtures/large_file.bin
2025/04/30 15:22:57 Sent ACK for chunk 2370
2025/04/30 15:22:57 Received ACK for chunk 2371/10240
Received chunk 2372/10240: fixtures/large_file.bin
2025/04/30 15:22:57 Sent ACK for chunk 2371
2025/04/30 15:22:57 Received ACK for chunk 2372/10240
Received chunk 2373/10240: fixtures/large_file.bin
2025/04/30 15:22:57 Sent ACK for chunk 2372
2025/04/30 15:22:57 Received ACK for chunk 2373/10240
Received chunk 2374/10240: fixtures/large_file.bin
2025/04/30 15:22:57 Sent ACK for chunk 2373
2025/04/30 15:22:57 Received ACK for chunk 2374/10240
Received chunk 2375/10240: fixtures/large_file.bin
2025/04/30 15:22:57 Sent ACK for chunk 2374
2025/04/30 15:22:57 Received ACK for chunk 2375/10240
Received chunk 2376/10240: fixtures/large_file.bin
2025/04/30 15:22:57 Sent ACK for chunk 2375
2025/04/30 15:22:57 Received ACK for chunk 2376/10240
Received chunk 2377/10240: fixtures/large_file.bin
2025/04/30 15:22:57 Sent ACK for chunk 2376
2025/04/30 15:22:57 Received ACK for chunk 2377/10240
Received chunk 2378/10240: fixtures/large_file.bin
2025/04/30 15:22:57 Sent ACK for chunk 2377
2025/04/30 15:22:57 Received ACK for chunk 2378/10240
Received chunk 2379/10240: fixtures/large_file.bin
2025/04/30 15:22:57 Sent ACK for chunk 2378
2025/04/30 15:22:57 Received ACK for chunk 2379/10240
Received chunk 2380/10240: fixtures/large_file.bin
2025/04/30 15:22:57 Sent ACK for chunk 2379
2025/04/30 15:22:57 Received ACK for chunk 2380/10240
Received chunk 2381/10240: fixtures/large_file.bin
2025/04/30 15:22:57 Sent ACK for chunk 2380
2025/04/30 15:22:57 Received ACK for chunk 2381/10240
Received chunk 2382/10240: fixtures/large_file.bin
2025/04/30 15:22:57 Sent ACK for chunk 2381
2025/04/30 15:22:57 Received ACK for chunk 2382/10240
Received chunk 2383/10240: fixtures/large_file.bin
2025/04/30 15:22:57 Sent ACK for chunk 2382
2025/04/30 15:22:57 Received ACK for chunk 2383/10240
Received chunk 2384/10240: fixtures/large_file.bin
2025/04/30 15:22:57 Sent ACK for chunk 2383
2025/04/30 15:22:57 Received ACK for chunk 2384/10240
Received chunk 2385/10240: fixtures/large_file.bin
2025/04/30 15:22:57 Sent ACK for chunk 2384
2025/04/30 15:22:57 Received ACK for chunk 2385/10240
Received chunk 2386/10240: fixtures/large_file.bin
2025/04/30 15:22:57 Sent ACK for chunk 2385
2025/04/30 15:22:57 Received ACK for chunk 2386/10240
Received chunk 2387/10240: fixtures/large_file.bin
2025/04/30 15:22:57 Sent ACK for chunk 2386
2025/04/30 15:22:57 Received ACK for chunk 2387/10240
Received chunk 2388/10240: fixtures/large_file.bin
2025/04/30 15:22:57 Sent ACK for chunk 2387
2025/04/30 15:22:57 Received ACK for chunk 2388/10240
Received chunk 2389/10240: fixtures/large_file.bin
2025/04/30 15:22:57 Sent ACK for chunk 2388
2025/04/30 15:22:57 Received ACK for chunk 2389/10240
Received chunk 2390/10240: fixtures/large_file.bin
2025/04/30 15:22:57 Sent ACK for chunk 2389
2025/04/30 15:22:57 Received ACK for chunk 2390/10240
Received chunk 2391/10240: fixtures/large_file.bin
2025/04/30 15:22:57 Sent ACK for chunk 2390
2025/04/30 15:22:57 Received ACK for chunk 2391/10240
Received chunk 2392/10240: fixtures/large_file.bin
2025/04/30 15:22:57 Sent ACK for chunk 2391
2025/04/30 15:22:57 Received ACK for chunk 2392/10240
Received chunk 2393/10240: fixtures/large_file.bin
2025/04/30 15:22:57 Sent ACK for chunk 2392
2025/04/30 15:22:57 Received ACK for chunk 2393/10240
Received chunk 2394/10240: fixtures/large_file.bin
2025/04/30 15:22:57 Sent ACK for chunk 2393
2025/04/30 15:22:57 Received ACK for chunk 2394/10240
Received chunk 2395/10240: fixtures/large_file.bin
2025/04/30 15:22:57 Sent ACK for chunk 2394
2025/04/30 15:22:57 Received ACK for chunk 2395/10240
Received chunk 2396/10240: fixtures/large_file.bin
2025/04/30 15:22:57 Sent ACK for chunk 2395
2025/04/30 15:22:57 Received ACK for chunk 2396/10240
Received chunk 2397/10240: fixtures/large_file.bin
2025/04/30 15:22:57 Sent ACK for chunk 2396
2025/04/30 15:22:57 Received ACK for chunk 2397/10240
Received chunk 2398/10240: fixtures/large_file.bin
2025/04/30 15:22:57 Sent ACK for chunk 2397
2025/04/30 15:22:57 Received ACK for chunk 2398/10240
Received chunk 2399/10240: fixtures/large_file.bin
2025/04/30 15:22:57 Sent ACK for chunk 2398
2025/04/30 15:22:57 Received ACK for chunk 2399/10240
Received chunk 2400/10240: fixtures/large_file.bin
2025/04/30 15:22:57 Sent ACK for chunk 2399
2025/04/30 15:22:57 Received ACK for chunk 2400/10240
Received chunk 2401/10240: fixtures/large_file.bin
2025/04/30 15:22:57 Sent ACK for chunk 2400
2025/04/30 15:22:57 Received ACK for chunk 2401/10240
Received chunk 2402/10240: fixtures/large_file.bin
2025/04/30 15:22:57 Sent ACK for chunk 2401
2025/04/30 15:22:57 Received ACK for chunk 2402/10240
Received chunk 2403/10240: fixtures/large_file.bin
2025/04/30 15:22:57 Sent ACK for chunk 2402
2025/04/30 15:22:57 Received ACK for chunk 2403/10240
Received chunk 2404/10240: fixtures/large_file.bin
2025/04/30 15:22:57 Sent ACK for chunk 2403
2025/04/30 15:22:57 Received ACK for chunk 2404/10240
Received chunk 2405/10240: fixtures/large_file.bin
2025/04/30 15:22:57 Sent ACK for chunk 2404
2025/04/30 15:22:57 Received ACK for chunk 2405/10240
Received chunk 2406/10240: fixtures/large_file.bin
2025/04/30 15:22:57 Sent ACK for chunk 2405
2025/04/30 15:22:57 Received ACK for chunk 2406/10240
Received chunk 2407/10240: fixtures/large_file.bin
2025/04/30 15:22:57 Sent ACK for chunk 2406
2025/04/30 15:22:57 Received ACK for chunk 2407/10240
Received chunk 2408/10240: fixtures/large_file.bin
2025/04/30 15:22:57 Sent ACK for chunk 2407
2025/04/30 15:22:57 Received ACK for chunk 2408/10240
Received chunk 2409/10240: fixtures/large_file.bin
2025/04/30 15:22:57 Sent ACK for chunk 2408
2025/04/30 15:22:57 Received ACK for chunk 2409/10240
Received chunk 2410/10240: fixtures/large_file.bin
2025/04/30 15:22:57 Sent ACK for chunk 2409
2025/04/30 15:22:57 Received ACK for chunk 2410/10240
Received chunk 2411/10240: fixtures/large_file.bin
2025/04/30 15:22:57 Sent ACK for chunk 2410
2025/04/30 15:22:57 Received ACK for chunk 2411/10240
Received chunk 2412/10240: fixtures/large_file.bin
2025/04/30 15:22:57 Sent ACK for chunk 2411
2025/04/30 15:22:57 Received ACK for chunk 2412/10240
Received chunk 2413/10240: fixtures/large_file.bin
2025/04/30 15:22:57 Sent ACK for chunk 2412
2025/04/30 15:22:57 Received ACK for chunk 2413/10240
Received chunk 2414/10240: fixtures/large_file.bin
2025/04/30 15:22:57 Sent ACK for chunk 2413
2025/04/30 15:22:57 Received ACK for chunk 2414/10240
Received chunk 2415/10240: fixtures/large_file.bin
2025/04/30 15:22:57 Sent ACK for chunk 2414
2025/04/30 15:22:57 Received ACK for chunk 2415/10240
Received chunk 2416/10240: fixtures/large_file.bin
2025/04/30 15:22:57 Sent ACK for chunk 2415
2025/04/30 15:22:57 Received ACK for chunk 2416/10240
Received chunk 2417/10240: fixtures/large_file.bin
2025/04/30 15:22:57 Sent ACK for chunk 2416
2025/04/30 15:22:57 Received ACK for chunk 2417/10240
Received chunk 2418/10240: fixtures/large_file.bin
2025/04/30 15:22:57 Sent ACK for chunk 2417
2025/04/30 15:22:57 Received ACK for chunk 2418/10240
Received chunk 2419/10240: fixtures/large_file.bin
2025/04/30 15:22:57 Sent ACK for chunk 2418
2025/04/30 15:22:57 Received ACK for chunk 2419/10240
Received chunk 2420/10240: fixtures/large_file.bin
2025/04/30 15:22:57 Sent ACK for chunk 2419
2025/04/30 15:22:57 Received ACK for chunk 2420/10240
Received chunk 2421/10240: fixtures/large_file.bin
2025/04/30 15:22:57 Sent ACK for chunk 2420
2025/04/30 15:22:57 Received ACK for chunk 2421/10240
Received chunk 2422/10240: fixtures/large_file.bin
2025/04/30 15:22:57 Sent ACK for chunk 2421
2025/04/30 15:22:57 Received ACK for chunk 2422/10240
Received chunk 2423/10240: fixtures/large_file.bin
2025/04/30 15:22:57 Sent ACK for chunk 2422
2025/04/30 15:22:57 Received ACK for chunk 2423/10240
Received chunk 2424/10240: fixtures/large_file.bin
2025/04/30 15:22:57 Sent ACK for chunk 2423
2025/04/30 15:22:57 Received ACK for chunk 2424/10240
Received chunk 2425/10240: fixtures/large_file.bin
2025/04/30 15:22:57 Sent ACK for chunk 2424
2025/04/30 15:22:57 Received ACK for chunk 2425/10240
Received chunk 2426/10240: fixtures/large_file.bin
2025/04/30 15:22:57 Sent ACK for chunk 2425
2025/04/30 15:22:57 Received ACK for chunk 2426/10240
Received chunk 2427/10240: fixtures/large_file.bin
2025/04/30 15:22:57 Sent ACK for chunk 2426
2025/04/30 15:22:57 Received ACK for chunk 2427/10240
Received chunk 2428/10240: fixtures/large_file.bin
2025/04/30 15:22:57 Sent ACK for chunk 2427
2025/04/30 15:22:57 Received ACK for chunk 2428/10240
Received chunk 2429/10240: fixtures/large_file.bin
2025/04/30 15:22:57 Sent ACK for chunk 2428
2025/04/30 15:22:57 Received ACK for chunk 2429/10240
Received chunk 2430/10240: fixtures/large_file.bin
2025/04/30 15:22:57 Sent ACK for chunk 2429
2025/04/30 15:22:57 Received ACK for chunk 2430/10240
Received chunk 2431/10240: fixtures/large_file.bin
2025/04/30 15:22:57 Sent ACK for chunk 2430
2025/04/30 15:22:57 Received ACK for chunk 2431/10240
Received chunk 2432/10240: fixtures/large_file.bin
2025/04/30 15:22:57 Sent ACK for chunk 2431
2025/04/30 15:22:57 Received ACK for chunk 2432/10240
Received chunk 2433/10240: fixtures/large_file.bin
2025/04/30 15:22:57 Sent ACK for chunk 2432
2025/04/30 15:22:57 Received ACK for chunk 2433/10240
Received chunk 2434/10240: fixtures/large_file.bin
2025/04/30 15:22:57 Sent ACK for chunk 2433
2025/04/30 15:22:57 Received ACK for chunk 2434/10240
Received chunk 2435/10240: fixtures/large_file.bin
2025/04/30 15:22:57 Sent ACK for chunk 2434
2025/04/30 15:22:57 Received ACK for chunk 2435/10240
Received chunk 2436/10240: fixtures/large_file.bin
2025/04/30 15:22:57 Sent ACK for chunk 2435
2025/04/30 15:22:57 Received ACK for chunk 2436/10240
Received chunk 2437/10240: fixtures/large_file.bin
2025/04/30 15:22:57 Sent ACK for chunk 2436
2025/04/30 15:22:57 Received ACK for chunk 2437/10240
Received chunk 2438/10240: fixtures/large_file.bin
2025/04/30 15:22:57 Sent ACK for chunk 2437
2025/04/30 15:22:57 Received ACK for chunk 2438/10240
Received chunk 2439/10240: fixtures/large_file.bin
2025/04/30 15:22:57 Sent ACK for chunk 2438
2025/04/30 15:22:57 Received ACK for chunk 2439/10240
Received chunk 2440/10240: fixtures/large_file.bin
2025/04/30 15:22:57 Sent ACK for chunk 2439
2025/04/30 15:22:57 Received ACK for chunk 2440/10240
Received chunk 2441/10240: fixtures/large_file.bin
2025/04/30 15:22:57 Sent ACK for chunk 2440
2025/04/30 15:22:57 Received ACK for chunk 2441/10240
Received chunk 2442/10240: fixtures/large_file.bin
2025/04/30 15:22:57 Sent ACK for chunk 2441
2025/04/30 15:22:57 Received ACK for chunk 2442/10240
Received chunk 2443/10240: fixtures/large_file.bin
2025/04/30 15:22:57 Sent ACK for chunk 2442
2025/04/30 15:22:57 Received ACK for chunk 2443/10240
Received chunk 2444/10240: fixtures/large_file.bin
2025/04/30 15:22:57 Sent ACK for chunk 2443
2025/04/30 15:22:57 Received ACK for chunk 2444/10240
Received chunk 2445/10240: fixtures/large_file.bin
2025/04/30 15:22:57 Sent ACK for chunk 2444
2025/04/30 15:22:57 Received ACK for chunk 2445/10240
Received chunk 2446/10240: fixtures/large_file.bin
2025/04/30 15:22:57 Sent ACK for chunk 2445
2025/04/30 15:22:57 Received ACK for chunk 2446/10240
Received chunk 2447/10240: fixtures/large_file.bin
2025/04/30 15:22:57 Sent ACK for chunk 2446
2025/04/30 15:22:57 Received ACK for chunk 2447/10240
Received chunk 2448/10240: fixtures/large_file.bin
2025/04/30 15:22:57 Sent ACK for chunk 2447
2025/04/30 15:22:57 Received ACK for chunk 2448/10240
Received chunk 2449/10240: fixtures/large_file.bin
2025/04/30 15:22:57 Sent ACK for chunk 2448
2025/04/30 15:22:57 Received ACK for chunk 2449/10240
Received chunk 2450/10240: fixtures/large_file.bin
2025/04/30 15:22:57 Sent ACK for chunk 2449
2025/04/30 15:22:57 Received ACK for chunk 2450/10240
Received chunk 2451/10240: fixtures/large_file.bin
2025/04/30 15:22:57 Sent ACK for chunk 2450
2025/04/30 15:22:57 Received ACK for chunk 2451/10240
Received chunk 2452/10240: fixtures/large_file.bin
2025/04/30 15:22:57 Sent ACK for chunk 2451
2025/04/30 15:22:57 Received ACK for chunk 2452/10240
Received chunk 2453/10240: fixtures/large_file.bin
2025/04/30 15:22:57 Sent ACK for chunk 2452
2025/04/30 15:22:57 Received ACK for chunk 2453/10240
Received chunk 2454/10240: fixtures/large_file.bin
2025/04/30 15:22:57 Sent ACK for chunk 2453
2025/04/30 15:22:57 Received ACK for chunk 2454/10240
Received chunk 2455/10240: fixtures/large_file.bin
2025/04/30 15:22:57 Sent ACK for chunk 2454
2025/04/30 15:22:57 Received ACK for chunk 2455/10240
Received chunk 2456/10240: fixtures/large_file.bin
2025/04/30 15:22:57 Sent ACK for chunk 2455
2025/04/30 15:22:57 Received ACK for chunk 2456/10240
Received chunk 2457/10240: fixtures/large_file.bin
2025/04/30 15:22:57 Sent ACK for chunk 2456
2025/04/30 15:22:57 Received ACK for chunk 2457/10240
Received chunk 2458/10240: fixtures/large_file.bin
2025/04/30 15:22:57 Sent ACK for chunk 2457
2025/04/30 15:22:57 Received ACK for chunk 2458/10240
Received chunk 2459/10240: fixtures/large_file.bin
2025/04/30 15:22:57 Sent ACK for chunk 2458
2025/04/30 15:22:57 Received ACK for chunk 2459/10240
Received chunk 2460/10240: fixtures/large_file.bin
2025/04/30 15:22:57 Sent ACK for chunk 2459
2025/04/30 15:22:57 Received ACK for chunk 2460/10240
Received chunk 2461/10240: fixtures/large_file.bin
2025/04/30 15:22:57 Sent ACK for chunk 2460
2025/04/30 15:22:57 Received ACK for chunk 2461/10240
Received chunk 2462/10240: fixtures/large_file.bin
2025/04/30 15:22:57 Sent ACK for chunk 2461
2025/04/30 15:22:57 Received ACK for chunk 2462/10240
Received chunk 2463/10240: fixtures/large_file.bin
2025/04/30 15:22:57 Sent ACK for chunk 2462
2025/04/30 15:22:57 Received ACK for chunk 2463/10240
Received chunk 2464/10240: fixtures/large_file.bin
2025/04/30 15:22:57 Sent ACK for chunk 2463
2025/04/30 15:22:57 Received ACK for chunk 2464/10240
Received chunk 2465/10240: fixtures/large_file.bin
2025/04/30 15:22:57 Sent ACK for chunk 2464
2025/04/30 15:22:57 Received ACK for chunk 2465/10240
Received chunk 2466/10240: fixtures/large_file.bin
2025/04/30 15:22:57 Sent ACK for chunk 2465
2025/04/30 15:22:57 Received ACK for chunk 2466/10240
Received chunk 2467/10240: fixtures/large_file.bin
2025/04/30 15:22:57 Sent ACK for chunk 2466
2025/04/30 15:22:57 Received ACK for chunk 2467/10240
Received chunk 2468/10240: fixtures/large_file.bin
2025/04/30 15:22:57 Sent ACK for chunk 2467
2025/04/30 15:22:57 Received ACK for chunk 2468/10240
Received chunk 2469/10240: fixtures/large_file.bin
2025/04/30 15:22:57 Sent ACK for chunk 2468
2025/04/30 15:22:57 Received ACK for chunk 2469/10240
Received chunk 2470/10240: fixtures/large_file.bin
2025/04/30 15:22:57 Sent ACK for chunk 2469
2025/04/30 15:22:57 Received ACK for chunk 2470/10240
Received chunk 2471/10240: fixtures/large_file.bin
2025/04/30 15:22:57 Sent ACK for chunk 2470
2025/04/30 15:22:57 Received ACK for chunk 2471/10240
Received chunk 2472/10240: fixtures/large_file.bin
2025/04/30 15:22:57 Sent ACK for chunk 2471
2025/04/30 15:22:57 Received ACK for chunk 2472/10240
Received chunk 2473/10240: fixtures/large_file.bin
2025/04/30 15:22:57 Sent ACK for chunk 2472
2025/04/30 15:22:57 Received ACK for chunk 2473/10240
Received chunk 2474/10240: fixtures/large_file.bin
2025/04/30 15:22:57 Sent ACK for chunk 2473
2025/04/30 15:22:57 Received ACK for chunk 2474/10240
Received chunk 2475/10240: fixtures/large_file.bin
2025/04/30 15:22:57 Sent ACK for chunk 2474
2025/04/30 15:22:57 Received ACK for chunk 2475/10240
Received chunk 2476/10240: fixtures/large_file.bin
2025/04/30 15:22:57 Sent ACK for chunk 2475
2025/04/30 15:22:57 Received ACK for chunk 2476/10240
Received chunk 2477/10240: fixtures/large_file.bin
2025/04/30 15:22:57 Sent ACK for chunk 2476
2025/04/30 15:22:57 Received ACK for chunk 2477/10240
Received chunk 2478/10240: fixtures/large_file.bin
2025/04/30 15:22:57 Sent ACK for chunk 2477
2025/04/30 15:22:57 Received ACK for chunk 2478/10240
Received chunk 2479/10240: fixtures/large_file.bin
2025/04/30 15:22:57 Sent ACK for chunk 2478
2025/04/30 15:22:57 Received ACK for chunk 2479/10240
Received chunk 2480/10240: fixtures/large_file.bin
2025/04/30 15:22:57 Sent ACK for chunk 2479
2025/04/30 15:22:57 Received ACK for chunk 2480/10240
Received chunk 2481/10240: fixtures/large_file.bin
2025/04/30 15:22:57 Sent ACK for chunk 2480
2025/04/30 15:22:57 Received ACK for chunk 2481/10240
Received chunk 2482/10240: fixtures/large_file.bin
2025/04/30 15:22:57 Sent ACK for chunk 2481
2025/04/30 15:22:57 Received ACK for chunk 2482/10240
Received chunk 2483/10240: fixtures/large_file.bin
2025/04/30 15:22:57 Sent ACK for chunk 2482
2025/04/30 15:22:57 Received ACK for chunk 2483/10240
Received chunk 2484/10240: fixtures/large_file.bin
2025/04/30 15:22:57 Sent ACK for chunk 2483
2025/04/30 15:22:57 Received ACK for chunk 2484/10240
Received chunk 2485/10240: fixtures/large_file.bin
2025/04/30 15:22:57 Sent ACK for chunk 2484
2025/04/30 15:22:57 Received ACK for chunk 2485/10240
Received chunk 2486/10240: fixtures/large_file.bin
2025/04/30 15:22:57 Sent ACK for chunk 2485
2025/04/30 15:22:57 Received ACK for chunk 2486/10240
Received chunk 2487/10240: fixtures/large_file.bin
2025/04/30 15:22:57 Sent ACK for chunk 2486
2025/04/30 15:22:57 Received ACK for chunk 2487/10240
Received chunk 2488/10240: fixtures/large_file.bin
2025/04/30 15:22:57 Sent ACK for chunk 2487
2025/04/30 15:22:57 Received ACK for chunk 2488/10240
Received chunk 2489/10240: fixtures/large_file.bin
2025/04/30 15:22:57 Sent ACK for chunk 2488
2025/04/30 15:22:57 Received ACK for chunk 2489/10240
Received chunk 2490/10240: fixtures/large_file.bin
2025/04/30 15:22:57 Sent ACK for chunk 2489
2025/04/30 15:22:57 Received ACK for chunk 2490/10240
Received chunk 2491/10240: fixtures/large_file.bin
2025/04/30 15:22:57 Sent ACK for chunk 2490
2025/04/30 15:22:57 Received ACK for chunk 2491/10240
Received chunk 2492/10240: fixtures/large_file.bin
2025/04/30 15:22:57 Sent ACK for chunk 2491
2025/04/30 15:22:57 Received ACK for chunk 2492/10240
Received chunk 2493/10240: fixtures/large_file.bin
2025/04/30 15:22:57 Sent ACK for chunk 2492
2025/04/30 15:22:57 Received ACK for chunk 2493/10240
Received chunk 2494/10240: fixtures/large_file.bin
2025/04/30 15:22:57 Sent ACK for chunk 2493
2025/04/30 15:22:57 Received ACK for chunk 2494/10240
Received chunk 2495/10240: fixtures/large_file.bin
2025/04/30 15:22:57 Sent ACK for chunk 2494
2025/04/30 15:22:57 Received ACK for chunk 2495/10240
Received chunk 2496/10240: fixtures/large_file.bin
2025/04/30 15:22:57 Sent ACK for chunk 2495
2025/04/30 15:22:57 Received ACK for chunk 2496/10240
Received chunk 2497/10240: fixtures/large_file.bin
2025/04/30 15:22:57 Sent ACK for chunk 2496
2025/04/30 15:22:57 Received ACK for chunk 2497/10240
Received chunk 2498/10240: fixtures/large_file.bin
2025/04/30 15:22:57 Sent ACK for chunk 2497
2025/04/30 15:22:57 Received ACK for chunk 2498/10240
Received chunk 2499/10240: fixtures/large_file.bin
2025/04/30 15:22:57 Sent ACK for chunk 2498
2025/04/30 15:22:57 Received ACK for chunk 2499/10240
Received chunk 2500/10240: fixtures/large_file.bin
2025/04/30 15:22:57 Sent ACK for chunk 2499
2025/04/30 15:22:57 Received ACK for chunk 2500/10240
Received chunk 2501/10240: fixtures/large_file.bin
2025/04/30 15:22:57 Sent ACK for chunk 2500
2025/04/30 15:22:57 Received ACK for chunk 2501/10240
Received chunk 2502/10240: fixtures/large_file.bin
2025/04/30 15:22:57 Sent ACK for chunk 2501
2025/04/30 15:22:57 Received ACK for chunk 2502/10240
Received chunk 2503/10240: fixtures/large_file.bin
2025/04/30 15:22:57 Sent ACK for chunk 2502
2025/04/30 15:22:57 Received ACK for chunk 2503/10240
Received chunk 2504/10240: fixtures/large_file.bin
2025/04/30 15:22:57 Sent ACK for chunk 2503
2025/04/30 15:22:57 Received ACK for chunk 2504/10240
Received chunk 2505/10240: fixtures/large_file.bin
2025/04/30 15:22:57 Sent ACK for chunk 2504
2025/04/30 15:22:57 Received ACK for chunk 2505/10240
Received chunk 2506/10240: fixtures/large_file.bin
2025/04/30 15:22:57 Sent ACK for chunk 2505
2025/04/30 15:22:57 Received ACK for chunk 2506/10240
Received chunk 2507/10240: fixtures/large_file.bin
2025/04/30 15:22:57 Sent ACK for chunk 2506
2025/04/30 15:22:57 Received ACK for chunk 2507/10240
Received chunk 2508/10240: fixtures/large_file.bin
2025/04/30 15:22:57 Sent ACK for chunk 2507
2025/04/30 15:22:57 Received ACK for chunk 2508/10240
Received chunk 2509/10240: fixtures/large_file.bin
2025/04/30 15:22:57 Sent ACK for chunk 2508
2025/04/30 15:22:57 Received ACK for chunk 2509/10240
Received chunk 2510/10240: fixtures/large_file.bin
2025/04/30 15:22:57 Sent ACK for chunk 2509
2025/04/30 15:22:57 Received ACK for chunk 2510/10240
Received chunk 2511/10240: fixtures/large_file.bin
2025/04/30 15:22:57 Sent ACK for chunk 2510
2025/04/30 15:22:57 Received ACK for chunk 2511/10240
Received chunk 2512/10240: fixtures/large_file.bin
2025/04/30 15:22:57 Sent ACK for chunk 2511
2025/04/30 15:22:57 Received ACK for chunk 2512/10240
Received chunk 2513/10240: fixtures/large_file.bin
2025/04/30 15:22:57 Sent ACK for chunk 2512
2025/04/30 15:22:57 Received ACK for chunk 2513/10240
Received chunk 2514/10240: fixtures/large_file.bin
2025/04/30 15:22:57 Sent ACK for chunk 2513
2025/04/30 15:22:57 Received ACK for chunk 2514/10240
Received chunk 2515/10240: fixtures/large_file.bin
2025/04/30 15:22:57 Sent ACK for chunk 2514
2025/04/30 15:22:57 Received ACK for chunk 2515/10240
Received chunk 2516/10240: fixtures/large_file.bin
2025/04/30 15:22:57 Sent ACK for chunk 2515
2025/04/30 15:22:57 Received ACK for chunk 2516/10240
Received chunk 2517/10240: fixtures/large_file.bin
2025/04/30 15:22:57 Sent ACK for chunk 2516
2025/04/30 15:22:57 Received ACK for chunk 2517/10240
Received chunk 2518/10240: fixtures/large_file.bin
2025/04/30 15:22:57 Sent ACK for chunk 2517
2025/04/30 15:22:57 Received ACK for chunk 2518/10240
Received chunk 2519/10240: fixtures/large_file.bin
2025/04/30 15:22:57 Sent ACK for chunk 2518
2025/04/30 15:22:57 Received ACK for chunk 2519/10240
Received chunk 2520/10240: fixtures/large_file.bin
2025/04/30 15:22:57 Sent ACK for chunk 2519
2025/04/30 15:22:57 Received ACK for chunk 2520/10240
Received chunk 2521/10240: fixtures/large_file.bin
2025/04/30 15:22:57 Sent ACK for chunk 2520
2025/04/30 15:22:57 Received ACK for chunk 2521/10240
Received chunk 2522/10240: fixtures/large_file.bin
2025/04/30 15:22:57 Sent ACK for chunk 2521
2025/04/30 15:22:57 Received ACK for chunk 2522/10240
Received chunk 2523/10240: fixtures/large_file.bin
2025/04/30 15:22:57 Sent ACK for chunk 2522
2025/04/30 15:22:57 Received ACK for chunk 2523/10240
Received chunk 2524/10240: fixtures/large_file.bin
2025/04/30 15:22:57 Sent ACK for chunk 2523
2025/04/30 15:22:57 Received ACK for chunk 2524/10240
Received chunk 2525/10240: fixtures/large_file.bin
2025/04/30 15:22:57 Sent ACK for chunk 2524
2025/04/30 15:22:57 Received ACK for chunk 2525/10240
Received chunk 2526/10240: fixtures/large_file.bin
2025/04/30 15:22:57 Sent ACK for chunk 2525
2025/04/30 15:22:57 Received ACK for chunk 2526/10240
Received chunk 2527/10240: fixtures/large_file.bin
2025/04/30 15:22:57 Sent ACK for chunk 2526
2025/04/30 15:22:57 Received ACK for chunk 2527/10240
Received chunk 2528/10240: fixtures/large_file.bin
2025/04/30 15:22:57 Sent ACK for chunk 2527
2025/04/30 15:22:57 Received ACK for chunk 2528/10240
Received chunk 2529/10240: fixtures/large_file.bin
2025/04/30 15:22:57 Sent ACK for chunk 2528
2025/04/30 15:22:57 Received ACK for chunk 2529/10240
Received chunk 2530/10240: fixtures/large_file.bin
2025/04/30 15:22:57 Sent ACK for chunk 2529
2025/04/30 15:22:57 Received ACK for chunk 2530/10240
Received chunk 2531/10240: fixtures/large_file.bin
2025/04/30 15:22:57 Sent ACK for chunk 2530
2025/04/30 15:22:57 Received ACK for chunk 2531/10240
Received chunk 2532/10240: fixtures/large_file.bin
2025/04/30 15:22:57 Sent ACK for chunk 2531
2025/04/30 15:22:57 Received ACK for chunk 2532/10240
Received chunk 2533/10240: fixtures/large_file.bin
2025/04/30 15:22:57 Sent ACK for chunk 2532
2025/04/30 15:22:57 Received ACK for chunk 2533/10240
Received chunk 2534/10240: fixtures/large_file.bin
2025/04/30 15:22:57 Sent ACK for chunk 2533
2025/04/30 15:22:57 Received ACK for chunk 2534/10240
Received chunk 2535/10240: fixtures/large_file.bin
2025/04/30 15:22:57 Sent ACK for chunk 2534
2025/04/30 15:22:57 Received ACK for chunk 2535/10240
Received chunk 2536/10240: fixtures/large_file.bin
2025/04/30 15:22:57 Sent ACK for chunk 2535
2025/04/30 15:22:57 Received ACK for chunk 2536/10240
Received chunk 2537/10240: fixtures/large_file.bin
2025/04/30 15:22:57 Sent ACK for chunk 2536
2025/04/30 15:22:57 Received ACK for chunk 2537/10240
Received chunk 2538/10240: fixtures/large_file.bin
2025/04/30 15:22:57 Sent ACK for chunk 2537
2025/04/30 15:22:57 Received ACK for chunk 2538/10240
Received chunk 2539/10240: fixtures/large_file.bin
2025/04/30 15:22:57 Sent ACK for chunk 2538
2025/04/30 15:22:57 Received ACK for chunk 2539/10240
Received chunk 2540/10240: fixtures/large_file.bin
2025/04/30 15:22:57 Sent ACK for chunk 2539
2025/04/30 15:22:57 Received ACK for chunk 2540/10240
Received chunk 2541/10240: fixtures/large_file.bin
2025/04/30 15:22:57 Sent ACK for chunk 2540
2025/04/30 15:22:57 Received ACK for chunk 2541/10240
Received chunk 2542/10240: fixtures/large_file.bin
2025/04/30 15:22:57 Sent ACK for chunk 2541
2025/04/30 15:22:57 Received ACK for chunk 2542/10240
Received chunk 2543/10240: fixtures/large_file.bin
2025/04/30 15:22:57 Sent ACK for chunk 2542
2025/04/30 15:22:57 Received ACK for chunk 2543/10240
Received chunk 2544/10240: fixtures/large_file.bin
2025/04/30 15:22:57 Sent ACK for chunk 2543
2025/04/30 15:22:57 Received ACK for chunk 2544/10240
Received chunk 2545/10240: fixtures/large_file.bin
2025/04/30 15:22:57 Sent ACK for chunk 2544
2025/04/30 15:22:57 Received ACK for chunk 2545/10240
Received chunk 2546/10240: fixtures/large_file.bin
2025/04/30 15:22:57 Sent ACK for chunk 2545
2025/04/30 15:22:57 Received ACK for chunk 2546/10240
Received chunk 2547/10240: fixtures/large_file.bin
2025/04/30 15:22:57 Sent ACK for chunk 2546
2025/04/30 15:22:57 Received ACK for chunk 2547/10240
Received chunk 2548/10240: fixtures/large_file.bin
2025/04/30 15:22:57 Sent ACK for chunk 2547
2025/04/30 15:22:57 Received ACK for chunk 2548/10240
Received chunk 2549/10240: fixtures/large_file.bin
2025/04/30 15:22:57 Sent ACK for chunk 2548
2025/04/30 15:22:57 Received ACK for chunk 2549/10240
Received chunk 2550/10240: fixtures/large_file.bin
2025/04/30 15:22:57 Sent ACK for chunk 2549
2025/04/30 15:22:57 Received ACK for chunk 2550/10240
Received chunk 2551/10240: fixtures/large_file.bin
2025/04/30 15:22:57 Sent ACK for chunk 2550
2025/04/30 15:22:57 Received ACK for chunk 2551/10240
Received chunk 2552/10240: fixtures/large_file.bin
2025/04/30 15:22:57 Sent ACK for chunk 2551
2025/04/30 15:22:57 Received ACK for chunk 2552/10240
Received chunk 2553/10240: fixtures/large_file.bin
2025/04/30 15:22:57 Sent ACK for chunk 2552
2025/04/30 15:22:57 Received ACK for chunk 2553/10240
Received chunk 2554/10240: fixtures/large_file.bin
2025/04/30 15:22:57 Sent ACK for chunk 2553
2025/04/30 15:22:57 Received ACK for chunk 2554/10240
Received chunk 2555/10240: fixtures/large_file.bin
2025/04/30 15:22:57 Sent ACK for chunk 2554
2025/04/30 15:22:57 Received ACK for chunk 2555/10240
Received chunk 2556/10240: fixtures/large_file.bin
2025/04/30 15:22:57 Sent ACK for chunk 2555
2025/04/30 15:22:57 Received ACK for chunk 2556/10240
Received chunk 2557/10240: fixtures/large_file.bin
2025/04/30 15:22:57 Sent ACK for chunk 2556
2025/04/30 15:22:57 Received ACK for chunk 2557/10240
Received chunk 2558/10240: fixtures/large_file.bin
2025/04/30 15:22:57 Sent ACK for chunk 2557
2025/04/30 15:22:57 Received ACK for chunk 2558/10240
Received chunk 2559/10240: fixtures/large_file.bin
2025/04/30 15:22:57 Sent ACK for chunk 2558
2025/04/30 15:22:57 Received ACK for chunk 2559/10240
Received chunk 2560/10240: fixtures/large_file.bin
2025/04/30 15:22:57 Sent ACK for chunk 2559
2025/04/30 15:22:57 Received ACK for chunk 2560/10240
Received chunk 2561/10240: fixtures/large_file.bin
2025/04/30 15:22:57 Sent ACK for chunk 2560
2025/04/30 15:22:57 Received ACK for chunk 2561/10240
Received chunk 2562/10240: fixtures/large_file.bin
2025/04/30 15:22:57 Sent ACK for chunk 2561
2025/04/30 15:22:57 Received ACK for chunk 2562/10240
Received chunk 2563/10240: fixtures/large_file.bin
2025/04/30 15:22:57 Sent ACK for chunk 2562
2025/04/30 15:22:57 Received ACK for chunk 2563/10240
Received chunk 2564/10240: fixtures/large_file.bin
2025/04/30 15:22:57 Sent ACK for chunk 2563
2025/04/30 15:22:57 Received ACK for chunk 2564/10240
Received chunk 2565/10240: fixtures/large_file.bin
2025/04/30 15:22:57 Sent ACK for chunk 2564
2025/04/30 15:22:57 Received ACK for chunk 2565/10240
Received chunk 2566/10240: fixtures/large_file.bin
2025/04/30 15:22:57 Sent ACK for chunk 2565
2025/04/30 15:22:57 Received ACK for chunk 2566/10240
Received chunk 2567/10240: fixtures/large_file.bin
2025/04/30 15:22:57 Sent ACK for chunk 2566
2025/04/30 15:22:57 Received ACK for chunk 2567/10240
Received chunk 2568/10240: fixtures/large_file.bin
2025/04/30 15:22:57 Sent ACK for chunk 2567
2025/04/30 15:22:57 Received ACK for chunk 2568/10240
Received chunk 2569/10240: fixtures/large_file.bin
2025/04/30 15:22:57 Sent ACK for chunk 2568
2025/04/30 15:22:57 Received ACK for chunk 2569/10240
Received chunk 2570/10240: fixtures/large_file.bin
2025/04/30 15:22:57 Sent ACK for chunk 2569
2025/04/30 15:22:57 Received ACK for chunk 2570/10240
Received chunk 2571/10240: fixtures/large_file.bin
2025/04/30 15:22:57 Sent ACK for chunk 2570
2025/04/30 15:22:57 Received ACK for chunk 2571/10240
Received chunk 2572/10240: fixtures/large_file.bin
2025/04/30 15:22:57 Sent ACK for chunk 2571
2025/04/30 15:22:57 Received ACK for chunk 2572/10240
Received chunk 2573/10240: fixtures/large_file.bin
2025/04/30 15:22:57 Sent ACK for chunk 2572
2025/04/30 15:22:57 Received ACK for chunk 2573/10240
Received chunk 2574/10240: fixtures/large_file.bin
2025/04/30 15:22:57 Sent ACK for chunk 2573
2025/04/30 15:22:57 Received ACK for chunk 2574/10240
Received chunk 2575/10240: fixtures/large_file.bin
2025/04/30 15:22:57 Sent ACK for chunk 2574
2025/04/30 15:22:57 Received ACK for chunk 2575/10240
Received chunk 2576/10240: fixtures/large_file.bin
2025/04/30 15:22:57 Sent ACK for chunk 2575
2025/04/30 15:22:57 Received ACK for chunk 2576/10240
Received chunk 2577/10240: fixtures/large_file.bin
2025/04/30 15:22:57 Sent ACK for chunk 2576
2025/04/30 15:22:57 Received ACK for chunk 2577/10240
Received chunk 2578/10240: fixtures/large_file.bin
2025/04/30 15:22:57 Sent ACK for chunk 2577
2025/04/30 15:22:57 Received ACK for chunk 2578/10240
Received chunk 2579/10240: fixtures/large_file.bin
2025/04/30 15:22:57 Sent ACK for chunk 2578
2025/04/30 15:22:57 Received ACK for chunk 2579/10240
Received chunk 2580/10240: fixtures/large_file.bin
2025/04/30 15:22:57 Sent ACK for chunk 2579
2025/04/30 15:22:57 Received ACK for chunk 2580/10240
Received chunk 2581/10240: fixtures/large_file.bin
2025/04/30 15:22:57 Sent ACK for chunk 2580
2025/04/30 15:22:57 Received ACK for chunk 2581/10240
Received chunk 2582/10240: fixtures/large_file.bin
2025/04/30 15:22:57 Sent ACK for chunk 2581
2025/04/30 15:22:57 Received ACK for chunk 2582/10240
Received chunk 2583/10240: fixtures/large_file.bin
2025/04/30 15:22:57 Sent ACK for chunk 2582
2025/04/30 15:22:57 Received ACK for chunk 2583/10240
Received chunk 2584/10240: fixtures/large_file.bin
2025/04/30 15:22:57 Sent ACK for chunk 2583
2025/04/30 15:22:57 Received ACK for chunk 2584/10240
Received chunk 2585/10240: fixtures/large_file.bin
2025/04/30 15:22:57 Sent ACK for chunk 2584
2025/04/30 15:22:57 Received ACK for chunk 2585/10240
Received chunk 2586/10240: fixtures/large_file.bin
2025/04/30 15:22:57 Sent ACK for chunk 2585
2025/04/30 15:22:57 Received ACK for chunk 2586/10240
Received chunk 2587/10240: fixtures/large_file.bin
2025/04/30 15:22:57 Sent ACK for chunk 2586
2025/04/30 15:22:57 Received ACK for chunk 2587/10240
Received chunk 2588/10240: fixtures/large_file.bin
2025/04/30 15:22:57 Sent ACK for chunk 2587
2025/04/30 15:22:57 Received ACK for chunk 2588/10240
Received chunk 2589/10240: fixtures/large_file.bin
2025/04/30 15:22:57 Sent ACK for chunk 2588
2025/04/30 15:22:57 Received ACK for chunk 2589/10240
Received chunk 2590/10240: fixtures/large_file.bin
2025/04/30 15:22:57 Sent ACK for chunk 2589
2025/04/30 15:22:57 Received ACK for chunk 2590/10240
Received chunk 2591/10240: fixtures/large_file.bin
2025/04/30 15:22:57 Sent ACK for chunk 2590
2025/04/30 15:22:57 Received ACK for chunk 2591/10240
Received chunk 2592/10240: fixtures/large_file.bin
2025/04/30 15:22:57 Sent ACK for chunk 2591
2025/04/30 15:22:57 Received ACK for chunk 2592/10240
Received chunk 2593/10240: fixtures/large_file.bin
2025/04/30 15:22:57 Sent ACK for chunk 2592
2025/04/30 15:22:57 Received ACK for chunk 2593/10240
Received chunk 2594/10240: fixtures/large_file.bin
2025/04/30 15:22:57 Sent ACK for chunk 2593
2025/04/30 15:22:57 Received ACK for chunk 2594/10240
Received chunk 2595/10240: fixtures/large_file.bin
2025/04/30 15:22:57 Sent ACK for chunk 2594
2025/04/30 15:22:57 Received ACK for chunk 2595/10240
Received chunk 2596/10240: fixtures/large_file.bin
2025/04/30 15:22:57 Sent ACK for chunk 2595
2025/04/30 15:22:57 Received ACK for chunk 2596/10240
Received chunk 2597/10240: fixtures/large_file.bin
2025/04/30 15:22:57 Sent ACK for chunk 2596
2025/04/30 15:22:57 Received ACK for chunk 2597/10240
Received chunk 2598/10240: fixtures/large_file.bin
2025/04/30 15:22:57 Sent ACK for chunk 2597
2025/04/30 15:22:57 Received ACK for chunk 2598/10240
Received chunk 2599/10240: fixtures/large_file.bin
2025/04/30 15:22:57 Sent ACK for chunk 2598
2025/04/30 15:22:57 Received ACK for chunk 2599/10240
Received chunk 2600/10240: fixtures/large_file.bin
2025/04/30 15:22:57 Sent ACK for chunk 2599
2025/04/30 15:22:57 Received ACK for chunk 2600/10240
Received chunk 2601/10240: fixtures/large_file.bin
2025/04/30 15:22:57 Sent ACK for chunk 2600
2025/04/30 15:22:57 Received ACK for chunk 2601/10240
Received chunk 2602/10240: fixtures/large_file.bin
2025/04/30 15:22:57 Sent ACK for chunk 2601
2025/04/30 15:22:57 Received ACK for chunk 2602/10240
Received chunk 2603/10240: fixtures/large_file.bin
2025/04/30 15:22:57 Sent ACK for chunk 2602
2025/04/30 15:22:57 Received ACK for chunk 2603/10240
Received chunk 2604/10240: fixtures/large_file.bin
2025/04/30 15:22:57 Sent ACK for chunk 2603
2025/04/30 15:22:57 Received ACK for chunk 2604/10240
Received chunk 2605/10240: fixtures/large_file.bin
2025/04/30 15:22:57 Sent ACK for chunk 2604
2025/04/30 15:22:57 Received ACK for chunk 2605/10240
Received chunk 2606/10240: fixtures/large_file.bin
2025/04/30 15:22:57 Sent ACK for chunk 2605
2025/04/30 15:22:57 Received ACK for chunk 2606/10240
Received chunk 2607/10240: fixtures/large_file.bin
2025/04/30 15:22:57 Sent ACK for chunk 2606
2025/04/30 15:22:57 Received ACK for chunk 2607/10240
Received chunk 2608/10240: fixtures/large_file.bin
2025/04/30 15:22:57 Sent ACK for chunk 2607
2025/04/30 15:22:57 Received ACK for chunk 2608/10240
Received chunk 2609/10240: fixtures/large_file.bin
2025/04/30 15:22:57 Sent ACK for chunk 2608
2025/04/30 15:22:57 Received ACK for chunk 2609/10240
Received chunk 2610/10240: fixtures/large_file.bin
2025/04/30 15:22:57 Sent ACK for chunk 2609
2025/04/30 15:22:57 Received ACK for chunk 2610/10240
Received chunk 2611/10240: fixtures/large_file.bin
2025/04/30 15:22:57 Sent ACK for chunk 2610
2025/04/30 15:22:57 Received ACK for chunk 2611/10240
Received chunk 2612/10240: fixtures/large_file.bin
2025/04/30 15:22:57 Sent ACK for chunk 2611
2025/04/30 15:22:57 Received ACK for chunk 2612/10240
Received chunk 2613/10240: fixtures/large_file.bin
2025/04/30 15:22:57 Sent ACK for chunk 2612
2025/04/30 15:22:57 Received ACK for chunk 2613/10240
Received chunk 2614/10240: fixtures/large_file.bin
2025/04/30 15:22:57 Sent ACK for chunk 2613
2025/04/30 15:22:57 Received ACK for chunk 2614/10240
Received chunk 2615/10240: fixtures/large_file.bin
2025/04/30 15:22:57 Sent ACK for chunk 2614
2025/04/30 15:22:57 Received ACK for chunk 2615/10240
Received chunk 2616/10240: fixtures/large_file.bin
2025/04/30 15:22:57 Sent ACK for chunk 2615
2025/04/30 15:22:57 Received ACK for chunk 2616/10240
Received chunk 2617/10240: fixtures/large_file.bin
2025/04/30 15:22:57 Sent ACK for chunk 2616
2025/04/30 15:22:57 Received ACK for chunk 2617/10240
Received chunk 2618/10240: fixtures/large_file.bin
2025/04/30 15:22:57 Sent ACK for chunk 2617
2025/04/30 15:22:57 Received ACK for chunk 2618/10240
Received chunk 2619/10240: fixtures/large_file.bin
2025/04/30 15:22:57 Sent ACK for chunk 2618
2025/04/30 15:22:57 Received ACK for chunk 2619/10240
Received chunk 2620/10240: fixtures/large_file.bin
2025/04/30 15:22:57 Sent ACK for chunk 2619
2025/04/30 15:22:57 Received ACK for chunk 2620/10240
Received chunk 2621/10240: fixtures/large_file.bin
2025/04/30 15:22:57 Sent ACK for chunk 2620
2025/04/30 15:22:57 Received ACK for chunk 2621/10240
Received chunk 2622/10240: fixtures/large_file.bin
2025/04/30 15:22:57 Sent ACK for chunk 2621
2025/04/30 15:22:57 Received ACK for chunk 2622/10240
Received chunk 2623/10240: fixtures/large_file.bin
2025/04/30 15:22:57 Sent ACK for chunk 2622
2025/04/30 15:22:57 Received ACK for chunk 2623/10240
Received chunk 2624/10240: fixtures/large_file.bin
2025/04/30 15:22:57 Sent ACK for chunk 2623
2025/04/30 15:22:57 Received ACK for chunk 2624/10240
Received chunk 2625/10240: fixtures/large_file.bin
2025/04/30 15:22:57 Sent ACK for chunk 2624
2025/04/30 15:22:57 Received ACK for chunk 2625/10240
Received chunk 2626/10240: fixtures/large_file.bin
2025/04/30 15:22:57 Sent ACK for chunk 2625
2025/04/30 15:22:57 Received ACK for chunk 2626/10240
Received chunk 2627/10240: fixtures/large_file.bin
2025/04/30 15:22:57 Sent ACK for chunk 2626
2025/04/30 15:22:57 Received ACK for chunk 2627/10240
Received chunk 2628/10240: fixtures/large_file.bin
2025/04/30 15:22:57 Sent ACK for chunk 2627
2025/04/30 15:22:57 Received ACK for chunk 2628/10240
Received chunk 2629/10240: fixtures/large_file.bin
2025/04/30 15:22:57 Sent ACK for chunk 2628
2025/04/30 15:22:57 Received ACK for chunk 2629/10240
Received chunk 2630/10240: fixtures/large_file.bin
2025/04/30 15:22:57 Sent ACK for chunk 2629
2025/04/30 15:22:57 Received ACK for chunk 2630/10240
Received chunk 2631/10240: fixtures/large_file.bin
2025/04/30 15:22:57 Sent ACK for chunk 2630
2025/04/30 15:22:57 Received ACK for chunk 2631/10240
Received chunk 2632/10240: fixtures/large_file.bin
2025/04/30 15:22:57 Sent ACK for chunk 2631
2025/04/30 15:22:57 Received ACK for chunk 2632/10240
Received chunk 2633/10240: fixtures/large_file.bin
2025/04/30 15:22:57 Sent ACK for chunk 2632
2025/04/30 15:22:57 Received ACK for chunk 2633/10240
Received chunk 2634/10240: fixtures/large_file.bin
2025/04/30 15:22:57 Sent ACK for chunk 2633
2025/04/30 15:22:57 Received ACK for chunk 2634/10240
Received chunk 2635/10240: fixtures/large_file.bin
2025/04/30 15:22:57 Sent ACK for chunk 2634
2025/04/30 15:22:57 Received ACK for chunk 2635/10240
Received chunk 2636/10240: fixtures/large_file.bin
2025/04/30 15:22:57 Sent ACK for chunk 2635
2025/04/30 15:22:57 Received ACK for chunk 2636/10240
Received chunk 2637/10240: fixtures/large_file.bin
2025/04/30 15:22:57 Sent ACK for chunk 2636
2025/04/30 15:22:57 Received ACK for chunk 2637/10240
Received chunk 2638/10240: fixtures/large_file.bin
2025/04/30 15:22:57 Sent ACK for chunk 2637
2025/04/30 15:22:57 Received ACK for chunk 2638/10240
Received chunk 2639/10240: fixtures/large_file.bin
2025/04/30 15:22:57 Sent ACK for chunk 2638
2025/04/30 15:22:57 Received ACK for chunk 2639/10240
Received chunk 2640/10240: fixtures/large_file.bin
2025/04/30 15:22:57 Sent ACK for chunk 2639
2025/04/30 15:22:57 Received ACK for chunk 2640/10240
Received chunk 2641/10240: fixtures/large_file.bin
2025/04/30 15:22:57 Sent ACK for chunk 2640
2025/04/30 15:22:57 Received ACK for chunk 2641/10240
Received chunk 2642/10240: fixtures/large_file.bin
2025/04/30 15:22:57 Sent ACK for chunk 2641
2025/04/30 15:22:57 Received ACK for chunk 2642/10240
Received chunk 2643/10240: fixtures/large_file.bin
2025/04/30 15:22:57 Sent ACK for chunk 2642
2025/04/30 15:22:57 Received ACK for chunk 2643/10240
Received chunk 2644/10240: fixtures/large_file.bin
2025/04/30 15:22:57 Sent ACK for chunk 2643
2025/04/30 15:22:57 Received ACK for chunk 2644/10240
Received chunk 2645/10240: fixtures/large_file.bin
2025/04/30 15:22:57 Sent ACK for chunk 2644
2025/04/30 15:22:57 Received ACK for chunk 2645/10240
Received chunk 2646/10240: fixtures/large_file.bin
2025/04/30 15:22:57 Sent ACK for chunk 2645
2025/04/30 15:22:57 Received ACK for chunk 2646/10240
Received chunk 2647/10240: fixtures/large_file.bin
2025/04/30 15:22:57 Sent ACK for chunk 2646
2025/04/30 15:22:57 Received ACK for chunk 2647/10240
Received chunk 2648/10240: fixtures/large_file.bin
2025/04/30 15:22:57 Sent ACK for chunk 2647
2025/04/30 15:22:57 Received ACK for chunk 2648/10240
Received chunk 2649/10240: fixtures/large_file.bin
2025/04/30 15:22:57 Sent ACK for chunk 2648
2025/04/30 15:22:57 Received ACK for chunk 2649/10240
Received chunk 2650/10240: fixtures/large_file.bin
2025/04/30 15:22:57 Sent ACK for chunk 2649
2025/04/30 15:22:57 Received ACK for chunk 2650/10240
Received chunk 2651/10240: fixtures/large_file.bin
2025/04/30 15:22:57 Sent ACK for chunk 2650
2025/04/30 15:22:57 Received ACK for chunk 2651/10240
Received chunk 2652/10240: fixtures/large_file.bin
2025/04/30 15:22:57 Sent ACK for chunk 2651
2025/04/30 15:22:57 Received ACK for chunk 2652/10240
Received chunk 2653/10240: fixtures/large_file.bin
2025/04/30 15:22:57 Sent ACK for chunk 2652
2025/04/30 15:22:57 Received ACK for chunk 2653/10240
Received chunk 2654/10240: fixtures/large_file.bin
2025/04/30 15:22:57 Sent ACK for chunk 2653
2025/04/30 15:22:57 Received ACK for chunk 2654/10240
Received chunk 2655/10240: fixtures/large_file.bin
2025/04/30 15:22:57 Sent ACK for chunk 2654
2025/04/30 15:22:57 Received ACK for chunk 2655/10240
Received chunk 2656/10240: fixtures/large_file.bin
2025/04/30 15:22:57 Sent ACK for chunk 2655
2025/04/30 15:22:57 Received ACK for chunk 2656/10240
Received chunk 2657/10240: fixtures/large_file.bin
2025/04/30 15:22:57 Sent ACK for chunk 2656
2025/04/30 15:22:57 Received ACK for chunk 2657/10240
Received chunk 2658/10240: fixtures/large_file.bin
2025/04/30 15:22:57 Sent ACK for chunk 2657
2025/04/30 15:22:57 Received ACK for chunk 2658/10240
Received chunk 2659/10240: fixtures/large_file.bin
2025/04/30 15:22:57 Sent ACK for chunk 2658
2025/04/30 15:22:57 Received ACK for chunk 2659/10240
Received chunk 2660/10240: fixtures/large_file.bin
2025/04/30 15:22:57 Sent ACK for chunk 2659
2025/04/30 15:22:57 Received ACK for chunk 2660/10240
Received chunk 2661/10240: fixtures/large_file.bin
2025/04/30 15:22:57 Sent ACK for chunk 2660
2025/04/30 15:22:57 Received ACK for chunk 2661/10240
Received chunk 2662/10240: fixtures/large_file.bin
2025/04/30 15:22:57 Sent ACK for chunk 2661
2025/04/30 15:22:57 Received ACK for chunk 2662/10240
Received chunk 2663/10240: fixtures/large_file.bin
2025/04/30 15:22:57 Sent ACK for chunk 2662
2025/04/30 15:22:57 Received ACK for chunk 2663/10240
Received chunk 2664/10240: fixtures/large_file.bin
2025/04/30 15:22:57 Sent ACK for chunk 2663
2025/04/30 15:22:57 Received ACK for chunk 2664/10240
Received chunk 2665/10240: fixtures/large_file.bin
2025/04/30 15:22:57 Sent ACK for chunk 2664
2025/04/30 15:22:57 Received ACK for chunk 2665/10240
Received chunk 2666/10240: fixtures/large_file.bin
2025/04/30 15:22:57 Sent ACK for chunk 2665
2025/04/30 15:22:57 Received ACK for chunk 2666/10240
Received chunk 2667/10240: fixtures/large_file.bin
2025/04/30 15:22:57 Sent ACK for chunk 2666
2025/04/30 15:22:57 Received ACK for chunk 2667/10240
Received chunk 2668/10240: fixtures/large_file.bin
2025/04/30 15:22:57 Sent ACK for chunk 2667
2025/04/30 15:22:57 Received ACK for chunk 2668/10240
Received chunk 2669/10240: fixtures/large_file.bin
2025/04/30 15:22:57 Sent ACK for chunk 2668
2025/04/30 15:22:57 Received ACK for chunk 2669/10240
Received chunk 2670/10240: fixtures/large_file.bin
2025/04/30 15:22:57 Sent ACK for chunk 2669
2025/04/30 15:22:57 Received ACK for chunk 2670/10240
Received chunk 2671/10240: fixtures/large_file.bin
2025/04/30 15:22:57 Sent ACK for chunk 2670
2025/04/30 15:22:57 Received ACK for chunk 2671/10240
Received chunk 2672/10240: fixtures/large_file.bin
2025/04/30 15:22:57 Sent ACK for chunk 2671
2025/04/30 15:22:57 Received ACK for chunk 2672/10240
Received chunk 2673/10240: fixtures/large_file.bin
2025/04/30 15:22:57 Sent ACK for chunk 2672
2025/04/30 15:22:57 Received ACK for chunk 2673/10240
Received chunk 2674/10240: fixtures/large_file.bin
2025/04/30 15:22:57 Sent ACK for chunk 2673
2025/04/30 15:22:57 Received ACK for chunk 2674/10240
Received chunk 2675/10240: fixtures/large_file.bin
2025/04/30 15:22:57 Sent ACK for chunk 2674
2025/04/30 15:22:57 Received ACK for chunk 2675/10240
Received chunk 2676/10240: fixtures/large_file.bin
2025/04/30 15:22:57 Sent ACK for chunk 2675
2025/04/30 15:22:57 Received ACK for chunk 2676/10240
Received chunk 2677/10240: fixtures/large_file.bin
2025/04/30 15:22:57 Sent ACK for chunk 2676
2025/04/30 15:22:57 Received ACK for chunk 2677/10240
Received chunk 2678/10240: fixtures/large_file.bin
2025/04/30 15:22:57 Sent ACK for chunk 2677
2025/04/30 15:22:57 Received ACK for chunk 2678/10240
Received chunk 2679/10240: fixtures/large_file.bin
2025/04/30 15:22:57 Sent ACK for chunk 2678
2025/04/30 15:22:57 Received ACK for chunk 2679/10240
Received chunk 2680/10240: fixtures/large_file.bin
2025/04/30 15:22:57 Sent ACK for chunk 2679
2025/04/30 15:22:57 Received ACK for chunk 2680/10240
Received chunk 2681/10240: fixtures/large_file.bin
2025/04/30 15:22:57 Sent ACK for chunk 2680
2025/04/30 15:22:57 Received ACK for chunk 2681/10240
Received chunk 2682/10240: fixtures/large_file.bin
2025/04/30 15:22:57 Sent ACK for chunk 2681
2025/04/30 15:22:57 Received ACK for chunk 2682/10240
Received chunk 2683/10240: fixtures/large_file.bin
2025/04/30 15:22:57 Sent ACK for chunk 2682
2025/04/30 15:22:57 Received ACK for chunk 2683/10240
Received chunk 2684/10240: fixtures/large_file.bin
2025/04/30 15:22:57 Sent ACK for chunk 2683
2025/04/30 15:22:57 Received ACK for chunk 2684/10240
Received chunk 2685/10240: fixtures/large_file.bin
2025/04/30 15:22:57 Sent ACK for chunk 2684
2025/04/30 15:22:57 Received ACK for chunk 2685/10240
Received chunk 2686/10240: fixtures/large_file.bin
2025/04/30 15:22:57 Sent ACK for chunk 2685
2025/04/30 15:22:57 Received ACK for chunk 2686/10240
Received chunk 2687/10240: fixtures/large_file.bin
2025/04/30 15:22:57 Sent ACK for chunk 2686
2025/04/30 15:22:57 Received ACK for chunk 2687/10240
Received chunk 2688/10240: fixtures/large_file.bin
2025/04/30 15:22:57 Sent ACK for chunk 2687
2025/04/30 15:22:57 Received ACK for chunk 2688/10240
Received chunk 2689/10240: fixtures/large_file.bin
2025/04/30 15:22:57 Sent ACK for chunk 2688
2025/04/30 15:22:57 Received ACK for chunk 2689/10240
Received chunk 2690/10240: fixtures/large_file.bin
2025/04/30 15:22:57 Sent ACK for chunk 2689
2025/04/30 15:22:57 Received ACK for chunk 2690/10240
Received chunk 2691/10240: fixtures/large_file.bin
2025/04/30 15:22:57 Sent ACK for chunk 2690
2025/04/30 15:22:57 Received ACK for chunk 2691/10240
Received chunk 2692/10240: fixtures/large_file.bin
2025/04/30 15:22:57 Sent ACK for chunk 2691
2025/04/30 15:22:57 Received ACK for chunk 2692/10240
Received chunk 2693/10240: fixtures/large_file.bin
2025/04/30 15:22:57 Sent ACK for chunk 2692
2025/04/30 15:22:57 Received ACK for chunk 2693/10240
Received chunk 2694/10240: fixtures/large_file.bin
2025/04/30 15:22:57 Sent ACK for chunk 2693
2025/04/30 15:22:57 Received ACK for chunk 2694/10240
Received chunk 2695/10240: fixtures/large_file.bin
2025/04/30 15:22:57 Sent ACK for chunk 2694
2025/04/30 15:22:57 Received ACK for chunk 2695/10240
Received chunk 2696/10240: fixtures/large_file.bin
2025/04/30 15:22:57 Sent ACK for chunk 2695
2025/04/30 15:22:57 Received ACK for chunk 2696/10240
Received chunk 2697/10240: fixtures/large_file.bin
2025/04/30 15:22:57 Sent ACK for chunk 2696
2025/04/30 15:22:57 Received ACK for chunk 2697/10240
Received chunk 2698/10240: fixtures/large_file.bin
2025/04/30 15:22:57 Sent ACK for chunk 2697
2025/04/30 15:22:57 Received ACK for chunk 2698/10240
Received chunk 2699/10240: fixtures/large_file.bin
2025/04/30 15:22:57 Sent ACK for chunk 2698
2025/04/30 15:22:57 Received ACK for chunk 2699/10240
Received chunk 2700/10240: fixtures/large_file.bin
2025/04/30 15:22:57 Sent ACK for chunk 2699
2025/04/30 15:22:57 Received ACK for chunk 2700/10240
Received chunk 2701/10240: fixtures/large_file.bin
2025/04/30 15:22:57 Sent ACK for chunk 2700
2025/04/30 15:22:57 Received ACK for chunk 2701/10240
Received chunk 2702/10240: fixtures/large_file.bin
2025/04/30 15:22:57 Sent ACK for chunk 2701
2025/04/30 15:22:57 Received ACK for chunk 2702/10240
Received chunk 2703/10240: fixtures/large_file.bin
2025/04/30 15:22:57 Sent ACK for chunk 2702
2025/04/30 15:22:57 Received ACK for chunk 2703/10240
Received chunk 2704/10240: fixtures/large_file.bin
2025/04/30 15:22:57 Sent ACK for chunk 2703
2025/04/30 15:22:57 Received ACK for chunk 2704/10240
Received chunk 2705/10240: fixtures/large_file.bin
2025/04/30 15:22:57 Sent ACK for chunk 2704
2025/04/30 15:22:57 Received ACK for chunk 2705/10240
Received chunk 2706/10240: fixtures/large_file.bin
2025/04/30 15:22:57 Sent ACK for chunk 2705
2025/04/30 15:22:57 Received ACK for chunk 2706/10240
Received chunk 2707/10240: fixtures/large_file.bin
2025/04/30 15:22:57 Sent ACK for chunk 2706
2025/04/30 15:22:57 Received ACK for chunk 2707/10240
Received chunk 2708/10240: fixtures/large_file.bin
2025/04/30 15:22:57 Sent ACK for chunk 2707
2025/04/30 15:22:57 Received ACK for chunk 2708/10240
Received chunk 2709/10240: fixtures/large_file.bin
2025/04/30 15:22:57 Sent ACK for chunk 2708
2025/04/30 15:22:57 Received ACK for chunk 2709/10240
Received chunk 2710/10240: fixtures/large_file.bin
2025/04/30 15:22:57 Sent ACK for chunk 2709
2025/04/30 15:22:57 Received ACK for chunk 2710/10240
Received chunk 2711/10240: fixtures/large_file.bin
2025/04/30 15:22:57 Sent ACK for chunk 2710
2025/04/30 15:22:57 Received ACK for chunk 2711/10240
Received chunk 2712/10240: fixtures/large_file.bin
2025/04/30 15:22:57 Sent ACK for chunk 2711
2025/04/30 15:22:57 Received ACK for chunk 2712/10240
Received chunk 2713/10240: fixtures/large_file.bin
2025/04/30 15:22:57 Sent ACK for chunk 2712
2025/04/30 15:22:57 Received ACK for chunk 2713/10240
Received chunk 2714/10240: fixtures/large_file.bin
2025/04/30 15:22:57 Sent ACK for chunk 2713
2025/04/30 15:22:57 Received ACK for chunk 2714/10240
Received chunk 2715/10240: fixtures/large_file.bin
2025/04/30 15:22:57 Sent ACK for chunk 2714
2025/04/30 15:22:57 Received ACK for chunk 2715/10240
Received chunk 2716/10240: fixtures/large_file.bin
2025/04/30 15:22:57 Sent ACK for chunk 2715
2025/04/30 15:22:57 Received ACK for chunk 2716/10240
Received chunk 2717/10240: fixtures/large_file.bin
2025/04/30 15:22:57 Sent ACK for chunk 2716
2025/04/30 15:22:57 Received ACK for chunk 2717/10240
Received chunk 2718/10240: fixtures/large_file.bin
2025/04/30 15:22:57 Sent ACK for chunk 2717
2025/04/30 15:22:57 Received ACK for chunk 2718/10240
Received chunk 2719/10240: fixtures/large_file.bin
2025/04/30 15:22:57 Sent ACK for chunk 2718
2025/04/30 15:22:57 Received ACK for chunk 2719/10240
Received chunk 2720/10240: fixtures/large_file.bin
2025/04/30 15:22:57 Sent ACK for chunk 2719
2025/04/30 15:22:57 Received ACK for chunk 2720/10240
Received chunk 2721/10240: fixtures/large_file.bin
2025/04/30 15:22:57 Sent ACK for chunk 2720
2025/04/30 15:22:57 Received ACK for chunk 2721/10240
Received chunk 2722/10240: fixtures/large_file.bin
2025/04/30 15:22:57 Sent ACK for chunk 2721
2025/04/30 15:22:57 Received ACK for chunk 2722/10240
Received chunk 2723/10240: fixtures/large_file.bin
2025/04/30 15:22:57 Sent ACK for chunk 2722
2025/04/30 15:22:57 Received ACK for chunk 2723/10240
Received chunk 2724/10240: fixtures/large_file.bin
2025/04/30 15:22:57 Sent ACK for chunk 2723
2025/04/30 15:22:57 Received ACK for chunk 2724/10240
Received chunk 2725/10240: fixtures/large_file.bin
2025/04/30 15:22:57 Sent ACK for chunk 2724
2025/04/30 15:22:57 Received ACK for chunk 2725/10240
Received chunk 2726/10240: fixtures/large_file.bin
2025/04/30 15:22:57 Sent ACK for chunk 2725
2025/04/30 15:22:57 Received ACK for chunk 2726/10240
Received chunk 2727/10240: fixtures/large_file.bin
2025/04/30 15:22:57 Sent ACK for chunk 2726
2025/04/30 15:22:57 Received ACK for chunk 2727/10240
Received chunk 2728/10240: fixtures/large_file.bin
2025/04/30 15:22:57 Sent ACK for chunk 2727
2025/04/30 15:22:57 Received ACK for chunk 2728/10240
Received chunk 2729/10240: fixtures/large_file.bin
2025/04/30 15:22:57 Sent ACK for chunk 2728
2025/04/30 15:22:57 Received ACK for chunk 2729/10240
Received chunk 2730/10240: fixtures/large_file.bin
2025/04/30 15:22:57 Sent ACK for chunk 2729
2025/04/30 15:22:57 Received ACK for chunk 2730/10240
Received chunk 2731/10240: fixtures/large_file.bin
2025/04/30 15:22:57 Sent ACK for chunk 2730
2025/04/30 15:22:57 Received ACK for chunk 2731/10240
Received chunk 2732/10240: fixtures/large_file.bin
2025/04/30 15:22:57 Sent ACK for chunk 2731
2025/04/30 15:22:57 Received ACK for chunk 2732/10240
Received chunk 2733/10240: fixtures/large_file.bin
2025/04/30 15:22:57 Sent ACK for chunk 2732
2025/04/30 15:22:57 Received ACK for chunk 2733/10240
Received chunk 2734/10240: fixtures/large_file.bin
2025/04/30 15:22:57 Sent ACK for chunk 2733
2025/04/30 15:22:57 Received ACK for chunk 2734/10240
Received chunk 2735/10240: fixtures/large_file.bin
2025/04/30 15:22:57 Sent ACK for chunk 2734
2025/04/30 15:22:57 Received ACK for chunk 2735/10240
Received chunk 2736/10240: fixtures/large_file.bin
2025/04/30 15:22:57 Sent ACK for chunk 2735
2025/04/30 15:22:57 Received ACK for chunk 2736/10240
Received chunk 2737/10240: fixtures/large_file.bin
2025/04/30 15:22:57 Sent ACK for chunk 2736
2025/04/30 15:22:57 Received ACK for chunk 2737/10240
Received chunk 2738/10240: fixtures/large_file.bin
2025/04/30 15:22:57 Sent ACK for chunk 2737
2025/04/30 15:22:57 Received ACK for chunk 2738/10240
Received chunk 2739/10240: fixtures/large_file.bin
2025/04/30 15:22:57 Sent ACK for chunk 2738
2025/04/30 15:22:57 Received ACK for chunk 2739/10240
Received chunk 2740/10240: fixtures/large_file.bin
2025/04/30 15:22:57 Sent ACK for chunk 2739
2025/04/30 15:22:57 Received ACK for chunk 2740/10240
Received chunk 2741/10240: fixtures/large_file.bin
2025/04/30 15:22:57 Sent ACK for chunk 2740
2025/04/30 15:22:57 Received ACK for chunk 2741/10240
Received chunk 2742/10240: fixtures/large_file.bin
2025/04/30 15:22:57 Sent ACK for chunk 2741
2025/04/30 15:22:57 Received ACK for chunk 2742/10240
Received chunk 2743/10240: fixtures/large_file.bin
2025/04/30 15:22:57 Sent ACK for chunk 2742
2025/04/30 15:22:57 Received ACK for chunk 2743/10240
Received chunk 2744/10240: fixtures/large_file.bin
2025/04/30 15:22:57 Sent ACK for chunk 2743
2025/04/30 15:22:57 Received ACK for chunk 2744/10240
Received chunk 2745/10240: fixtures/large_file.bin
2025/04/30 15:22:57 Sent ACK for chunk 2744
2025/04/30 15:22:57 Received ACK for chunk 2745/10240
Received chunk 2746/10240: fixtures/large_file.bin
2025/04/30 15:22:57 Sent ACK for chunk 2745
2025/04/30 15:22:57 Received ACK for chunk 2746/10240
Received chunk 2747/10240: fixtures/large_file.bin
2025/04/30 15:22:57 Sent ACK for chunk 2746
2025/04/30 15:22:57 Received ACK for chunk 2747/10240
Received chunk 2748/10240: fixtures/large_file.bin
2025/04/30 15:22:57 Sent ACK for chunk 2747
2025/04/30 15:22:57 Received ACK for chunk 2748/10240
Received chunk 2749/10240: fixtures/large_file.bin
2025/04/30 15:22:57 Sent ACK for chunk 2748
2025/04/30 15:22:57 Received ACK for chunk 2749/10240
Received chunk 2750/10240: fixtures/large_file.bin
2025/04/30 15:22:57 Sent ACK for chunk 2749
2025/04/30 15:22:57 Received ACK for chunk 2750/10240
Received chunk 2751/10240: fixtures/large_file.bin
2025/04/30 15:22:57 Sent ACK for chunk 2750
2025/04/30 15:22:57 Received ACK for chunk 2751/10240
Received chunk 2752/10240: fixtures/large_file.bin
2025/04/30 15:22:57 Sent ACK for chunk 2751
2025/04/30 15:22:57 Received ACK for chunk 2752/10240
Received chunk 2753/10240: fixtures/large_file.bin
2025/04/30 15:22:57 Sent ACK for chunk 2752
2025/04/30 15:22:57 Received ACK for chunk 2753/10240
Received chunk 2754/10240: fixtures/large_file.bin
2025/04/30 15:22:57 Sent ACK for chunk 2753
2025/04/30 15:22:57 Received ACK for chunk 2754/10240
Received chunk 2755/10240: fixtures/large_file.bin
2025/04/30 15:22:57 Sent ACK for chunk 2754
2025/04/30 15:22:57 Received ACK for chunk 2755/10240
Received chunk 2756/10240: fixtures/large_file.bin
2025/04/30 15:22:57 Sent ACK for chunk 2755
2025/04/30 15:22:57 Received ACK for chunk 2756/10240
Received chunk 2757/10240: fixtures/large_file.bin
2025/04/30 15:22:57 Sent ACK for chunk 2756
2025/04/30 15:22:57 Received ACK for chunk 2757/10240
Received chunk 2758/10240: fixtures/large_file.bin
2025/04/30 15:22:57 Sent ACK for chunk 2757
2025/04/30 15:22:57 Received ACK for chunk 2758/10240
Received chunk 2759/10240: fixtures/large_file.bin
2025/04/30 15:22:57 Sent ACK for chunk 2758
2025/04/30 15:22:57 Received ACK for chunk 2759/10240
Received chunk 2760/10240: fixtures/large_file.bin
2025/04/30 15:22:57 Sent ACK for chunk 2759
2025/04/30 15:22:57 Received ACK for chunk 2760/10240
Received chunk 2761/10240: fixtures/large_file.bin
2025/04/30 15:22:57 Sent ACK for chunk 2760
2025/04/30 15:22:57 Received ACK for chunk 2761/10240
Received chunk 2762/10240: fixtures/large_file.bin
2025/04/30 15:22:57 Sent ACK for chunk 2761
2025/04/30 15:22:57 Received ACK for chunk 2762/10240
Received chunk 2763/10240: fixtures/large_file.bin
2025/04/30 15:22:57 Sent ACK for chunk 2762
2025/04/30 15:22:57 Received ACK for chunk 2763/10240
Received chunk 2764/10240: fixtures/large_file.bin
2025/04/30 15:22:57 Sent ACK for chunk 2763
2025/04/30 15:22:57 Received ACK for chunk 2764/10240
Received chunk 2765/10240: fixtures/large_file.bin
2025/04/30 15:22:57 Sent ACK for chunk 2764
2025/04/30 15:22:57 Received ACK for chunk 2765/10240
Received chunk 2766/10240: fixtures/large_file.bin
2025/04/30 15:22:57 Sent ACK for chunk 2765
2025/04/30 15:22:57 Received ACK for chunk 2766/10240
Received chunk 2767/10240: fixtures/large_file.bin
2025/04/30 15:22:57 Sent ACK for chunk 2766
2025/04/30 15:22:57 Received ACK for chunk 2767/10240
Received chunk 2768/10240: fixtures/large_file.bin
2025/04/30 15:22:57 Sent ACK for chunk 2767
2025/04/30 15:22:57 Received ACK for chunk 2768/10240
Received chunk 2769/10240: fixtures/large_file.bin
2025/04/30 15:22:57 Sent ACK for chunk 2768
2025/04/30 15:22:57 Received ACK for chunk 2769/10240
Received chunk 2770/10240: fixtures/large_file.bin
2025/04/30 15:22:57 Sent ACK for chunk 2769
2025/04/30 15:22:57 Received ACK for chunk 2770/10240
Received chunk 2771/10240: fixtures/large_file.bin
2025/04/30 15:22:57 Sent ACK for chunk 2770
2025/04/30 15:22:57 Received ACK for chunk 2771/10240
Received chunk 2772/10240: fixtures/large_file.bin
2025/04/30 15:22:57 Sent ACK for chunk 2771
2025/04/30 15:22:57 Received ACK for chunk 2772/10240
Received chunk 2773/10240: fixtures/large_file.bin
2025/04/30 15:22:57 Sent ACK for chunk 2772
2025/04/30 15:22:57 Received ACK for chunk 2773/10240
Received chunk 2774/10240: fixtures/large_file.bin
2025/04/30 15:22:57 Sent ACK for chunk 2773
2025/04/30 15:22:57 Received ACK for chunk 2774/10240
Received chunk 2775/10240: fixtures/large_file.bin
2025/04/30 15:22:57 Sent ACK for chunk 2774
2025/04/30 15:22:57 Received ACK for chunk 2775/10240
Received chunk 2776/10240: fixtures/large_file.bin
2025/04/30 15:22:57 Sent ACK for chunk 2775
2025/04/30 15:22:57 Received ACK for chunk 2776/10240
Received chunk 2777/10240: fixtures/large_file.bin
2025/04/30 15:22:57 Sent ACK for chunk 2776
2025/04/30 15:22:57 Received ACK for chunk 2777/10240
Received chunk 2778/10240: fixtures/large_file.bin
2025/04/30 15:22:57 Sent ACK for chunk 2777
2025/04/30 15:22:57 Received ACK for chunk 2778/10240
Received chunk 2779/10240: fixtures/large_file.bin
2025/04/30 15:22:57 Sent ACK for chunk 2778
2025/04/30 15:22:57 Received ACK for chunk 2779/10240
Received chunk 2780/10240: fixtures/large_file.bin
2025/04/30 15:22:57 Sent ACK for chunk 2779
2025/04/30 15:22:57 Received ACK for chunk 2780/10240
Received chunk 2781/10240: fixtures/large_file.bin
2025/04/30 15:22:57 Sent ACK for chunk 2780
2025/04/30 15:22:57 Received ACK for chunk 2781/10240
Received chunk 2782/10240: fixtures/large_file.bin
2025/04/30 15:22:57 Sent ACK for chunk 2781
2025/04/30 15:22:57 Received ACK for chunk 2782/10240
Received chunk 2783/10240: fixtures/large_file.bin
2025/04/30 15:22:57 Sent ACK for chunk 2782
2025/04/30 15:22:57 Received ACK for chunk 2783/10240
Received chunk 2784/10240: fixtures/large_file.bin
2025/04/30 15:22:57 Sent ACK for chunk 2783
2025/04/30 15:22:57 Received ACK for chunk 2784/10240
Received chunk 2785/10240: fixtures/large_file.bin
2025/04/30 15:22:57 Sent ACK for chunk 2784
2025/04/30 15:22:57 Received ACK for chunk 2785/10240
Received chunk 2786/10240: fixtures/large_file.bin
2025/04/30 15:22:57 Sent ACK for chunk 2785
2025/04/30 15:22:57 Received ACK for chunk 2786/10240
Received chunk 2787/10240: fixtures/large_file.bin
2025/04/30 15:22:57 Sent ACK for chunk 2786
2025/04/30 15:22:57 Received ACK for chunk 2787/10240
Received chunk 2788/10240: fixtures/large_file.bin
2025/04/30 15:22:57 Sent ACK for chunk 2787
2025/04/30 15:22:57 Received ACK for chunk 2788/10240
Received chunk 2789/10240: fixtures/large_file.bin
2025/04/30 15:22:57 Sent ACK for chunk 2788
2025/04/30 15:22:57 Received ACK for chunk 2789/10240
Received chunk 2790/10240: fixtures/large_file.bin
2025/04/30 15:22:57 Sent ACK for chunk 2789
2025/04/30 15:22:57 Received ACK for chunk 2790/10240
Received chunk 2791/10240: fixtures/large_file.bin
2025/04/30 15:22:57 Sent ACK for chunk 2790
2025/04/30 15:22:57 Received ACK for chunk 2791/10240
Received chunk 2792/10240: fixtures/large_file.bin
2025/04/30 15:22:57 Sent ACK for chunk 2791
2025/04/30 15:22:57 Received ACK for chunk 2792/10240
Received chunk 2793/10240: fixtures/large_file.bin
2025/04/30 15:22:57 Sent ACK for chunk 2792
2025/04/30 15:22:57 Received ACK for chunk 2793/10240
Received chunk 2794/10240: fixtures/large_file.bin
2025/04/30 15:22:57 Sent ACK for chunk 2793
2025/04/30 15:22:57 Received ACK for chunk 2794/10240
Received chunk 2795/10240: fixtures/large_file.bin
2025/04/30 15:22:57 Sent ACK for chunk 2794
2025/04/30 15:22:57 Received ACK for chunk 2795/10240
Received chunk 2796/10240: fixtures/large_file.bin
2025/04/30 15:22:57 Sent ACK for chunk 2795
2025/04/30 15:22:57 Received ACK for chunk 2796/10240
Received chunk 2797/10240: fixtures/large_file.bin
2025/04/30 15:22:57 Sent ACK for chunk 2796
2025/04/30 15:22:57 Received ACK for chunk 2797/10240
Received chunk 2798/10240: fixtures/large_file.bin
2025/04/30 15:22:57 Sent ACK for chunk 2797
2025/04/30 15:22:57 Received ACK for chunk 2798/10240
Received chunk 2799/10240: fixtures/large_file.bin
2025/04/30 15:22:57 Sent ACK for chunk 2798
2025/04/30 15:22:57 Received ACK for chunk 2799/10240
Received chunk 2800/10240: fixtures/large_file.bin
2025/04/30 15:22:57 Sent ACK for chunk 2799
2025/04/30 15:22:57 Received ACK for chunk 2800/10240
Received chunk 2801/10240: fixtures/large_file.bin
2025/04/30 15:22:57 Sent ACK for chunk 2800
2025/04/30 15:22:57 Received ACK for chunk 2801/10240
Received chunk 2802/10240: fixtures/large_file.bin
2025/04/30 15:22:57 Sent ACK for chunk 2801
2025/04/30 15:22:57 Received ACK for chunk 2802/10240
Received chunk 2803/10240: fixtures/large_file.bin
2025/04/30 15:22:57 Sent ACK for chunk 2802
2025/04/30 15:22:57 Received ACK for chunk 2803/10240
Received chunk 2804/10240: fixtures/large_file.bin
2025/04/30 15:22:57 Sent ACK for chunk 2803
2025/04/30 15:22:57 Received ACK for chunk 2804/10240
Received chunk 2805/10240: fixtures/large_file.bin
2025/04/30 15:22:57 Sent ACK for chunk 2804
2025/04/30 15:22:57 Received ACK for chunk 2805/10240
Received chunk 2806/10240: fixtures/large_file.bin
2025/04/30 15:22:57 Sent ACK for chunk 2805
2025/04/30 15:22:57 Received ACK for chunk 2806/10240
Received chunk 2807/10240: fixtures/large_file.bin
2025/04/30 15:22:57 Sent ACK for chunk 2806
2025/04/30 15:22:57 Received ACK for chunk 2807/10240
Received chunk 2808/10240: fixtures/large_file.bin
2025/04/30 15:22:57 Sent ACK for chunk 2807
2025/04/30 15:22:57 Received ACK for chunk 2808/10240
Received chunk 2809/10240: fixtures/large_file.bin
2025/04/30 15:22:57 Sent ACK for chunk 2808
2025/04/30 15:22:57 Received ACK for chunk 2809/10240
Received chunk 2810/10240: fixtures/large_file.bin
2025/04/30 15:22:57 Sent ACK for chunk 2809
2025/04/30 15:22:57 Received ACK for chunk 2810/10240
Received chunk 2811/10240: fixtures/large_file.bin
2025/04/30 15:22:57 Sent ACK for chunk 2810
2025/04/30 15:22:57 Received ACK for chunk 2811/10240
Received chunk 2812/10240: fixtures/large_file.bin
2025/04/30 15:22:57 Sent ACK for chunk 2811
2025/04/30 15:22:57 Received ACK for chunk 2812/10240
Received chunk 2813/10240: fixtures/large_file.bin
2025/04/30 15:22:57 Sent ACK for chunk 2812
2025/04/30 15:22:57 Received ACK for chunk 2813/10240
Received chunk 2814/10240: fixtures/large_file.bin
2025/04/30 15:22:57 Sent ACK for chunk 2813
2025/04/30 15:22:57 Received ACK for chunk 2814/10240
Received chunk 2815/10240: fixtures/large_file.bin
2025/04/30 15:22:57 Sent ACK for chunk 2814
2025/04/30 15:22:57 Received ACK for chunk 2815/10240
Received chunk 2816/10240: fixtures/large_file.bin
2025/04/30 15:22:57 Sent ACK for chunk 2815
2025/04/30 15:22:57 Received ACK for chunk 2816/10240
Received chunk 2817/10240: fixtures/large_file.bin
2025/04/30 15:22:57 Sent ACK for chunk 2816
2025/04/30 15:22:57 Received ACK for chunk 2817/10240
Received chunk 2818/10240: fixtures/large_file.bin
2025/04/30 15:22:57 Sent ACK for chunk 2817
2025/04/30 15:22:57 Received ACK for chunk 2818/10240
Received chunk 2819/10240: fixtures/large_file.bin
2025/04/30 15:22:57 Sent ACK for chunk 2818
2025/04/30 15:22:57 Received ACK for chunk 2819/10240
Received chunk 2820/10240: fixtures/large_file.bin
2025/04/30 15:22:57 Sent ACK for chunk 2819
2025/04/30 15:22:57 Received ACK for chunk 2820/10240
Received chunk 2821/10240: fixtures/large_file.bin
2025/04/30 15:22:57 Sent ACK for chunk 2820
2025/04/30 15:22:57 Received ACK for chunk 2821/10240
Received chunk 2822/10240: fixtures/large_file.bin
2025/04/30 15:22:57 Sent ACK for chunk 2821
2025/04/30 15:22:57 Received ACK for chunk 2822/10240
Received chunk 2823/10240: fixtures/large_file.bin
2025/04/30 15:22:57 Sent ACK for chunk 2822
2025/04/30 15:22:57 Received ACK for chunk 2823/10240
Received chunk 2824/10240: fixtures/large_file.bin
2025/04/30 15:22:57 Sent ACK for chunk 2823
2025/04/30 15:22:57 Received ACK for chunk 2824/10240
Received chunk 2825/10240: fixtures/large_file.bin
2025/04/30 15:22:57 Sent ACK for chunk 2824
2025/04/30 15:22:57 Received ACK for chunk 2825/10240
Received chunk 2826/10240: fixtures/large_file.bin
2025/04/30 15:22:57 Sent ACK for chunk 2825
2025/04/30 15:22:57 Received ACK for chunk 2826/10240
Received chunk 2827/10240: fixtures/large_file.bin
2025/04/30 15:22:57 Sent ACK for chunk 2826
2025/04/30 15:22:57 Received ACK for chunk 2827/10240
Received chunk 2828/10240: fixtures/large_file.bin
2025/04/30 15:22:57 Sent ACK for chunk 2827
2025/04/30 15:22:57 Received ACK for chunk 2828/10240
Received chunk 2829/10240: fixtures/large_file.bin
2025/04/30 15:22:57 Sent ACK for chunk 2828
2025/04/30 15:22:57 Received ACK for chunk 2829/10240
Received chunk 2830/10240: fixtures/large_file.bin
2025/04/30 15:22:57 Sent ACK for chunk 2829
2025/04/30 15:22:57 Received ACK for chunk 2830/10240
Received chunk 2831/10240: fixtures/large_file.bin
2025/04/30 15:22:57 Sent ACK for chunk 2830
2025/04/30 15:22:57 Received ACK for chunk 2831/10240
Received chunk 2832/10240: fixtures/large_file.bin
2025/04/30 15:22:57 Sent ACK for chunk 2831
2025/04/30 15:22:57 Received ACK for chunk 2832/10240
Received chunk 2833/10240: fixtures/large_file.bin
2025/04/30 15:22:57 Sent ACK for chunk 2832
2025/04/30 15:22:57 Received ACK for chunk 2833/10240
Received chunk 2834/10240: fixtures/large_file.bin
2025/04/30 15:22:57 Sent ACK for chunk 2833
2025/04/30 15:22:57 Received ACK for chunk 2834/10240
Received chunk 2835/10240: fixtures/large_file.bin
2025/04/30 15:22:57 Sent ACK for chunk 2834
2025/04/30 15:22:57 Received ACK for chunk 2835/10240
Received chunk 2836/10240: fixtures/large_file.bin
2025/04/30 15:22:57 Sent ACK for chunk 2835
2025/04/30 15:22:57 Received ACK for chunk 2836/10240
Received chunk 2837/10240: fixtures/large_file.bin
2025/04/30 15:22:57 Sent ACK for chunk 2836
2025/04/30 15:22:57 Received ACK for chunk 2837/10240
Received chunk 2838/10240: fixtures/large_file.bin
2025/04/30 15:22:57 Sent ACK for chunk 2837
2025/04/30 15:22:57 Received ACK for chunk 2838/10240
Received chunk 2839/10240: fixtures/large_file.bin
2025/04/30 15:22:57 Sent ACK for chunk 2838
2025/04/30 15:22:57 Received ACK for chunk 2839/10240
Received chunk 2840/10240: fixtures/large_file.bin
2025/04/30 15:22:57 Sent ACK for chunk 2839
2025/04/30 15:22:57 Received ACK for chunk 2840/10240
Received chunk 2841/10240: fixtures/large_file.bin
2025/04/30 15:22:57 Sent ACK for chunk 2840
2025/04/30 15:22:57 Received ACK for chunk 2841/10240
Received chunk 2842/10240: fixtures/large_file.bin
2025/04/30 15:22:57 Sent ACK for chunk 2841
2025/04/30 15:22:57 Received ACK for chunk 2842/10240
Received chunk 2843/10240: fixtures/large_file.bin
2025/04/30 15:22:57 Sent ACK for chunk 2842
2025/04/30 15:22:57 Received ACK for chunk 2843/10240
Received chunk 2844/10240: fixtures/large_file.bin
2025/04/30 15:22:57 Sent ACK for chunk 2843
2025/04/30 15:22:57 Received ACK for chunk 2844/10240
Received chunk 2845/10240: fixtures/large_file.bin
2025/04/30 15:22:57 Sent ACK for chunk 2844
2025/04/30 15:22:57 Received ACK for chunk 2845/10240
Received chunk 2846/10240: fixtures/large_file.bin
2025/04/30 15:22:57 Sent ACK for chunk 2845
2025/04/30 15:22:57 Received ACK for chunk 2846/10240
Received chunk 2847/10240: fixtures/large_file.bin
2025/04/30 15:22:57 Sent ACK for chunk 2846
2025/04/30 15:22:57 Received ACK for chunk 2847/10240
Received chunk 2848/10240: fixtures/large_file.bin
2025/04/30 15:22:57 Sent ACK for chunk 2847
2025/04/30 15:22:57 Received ACK for chunk 2848/10240
Received chunk 2849/10240: fixtures/large_file.bin
2025/04/30 15:22:57 Sent ACK for chunk 2848
2025/04/30 15:22:57 Received ACK for chunk 2849/10240
Received chunk 2850/10240: fixtures/large_file.bin
2025/04/30 15:22:57 Sent ACK for chunk 2849
2025/04/30 15:22:57 Received ACK for chunk 2850/10240
Received chunk 2851/10240: fixtures/large_file.bin
2025/04/30 15:22:57 Sent ACK for chunk 2850
2025/04/30 15:22:57 Received ACK for chunk 2851/10240
Received chunk 2852/10240: fixtures/large_file.bin
2025/04/30 15:22:57 Sent ACK for chunk 2851
2025/04/30 15:22:57 Received ACK for chunk 2852/10240
Received chunk 2853/10240: fixtures/large_file.bin
2025/04/30 15:22:57 Sent ACK for chunk 2852
2025/04/30 15:22:57 Received ACK for chunk 2853/10240
Received chunk 2854/10240: fixtures/large_file.bin
2025/04/30 15:22:57 Sent ACK for chunk 2853
2025/04/30 15:22:57 Received ACK for chunk 2854/10240
Received chunk 2855/10240: fixtures/large_file.bin
2025/04/30 15:22:57 Sent ACK for chunk 2854
2025/04/30 15:22:57 Received ACK for chunk 2855/10240
Received chunk 2856/10240: fixtures/large_file.bin
2025/04/30 15:22:57 Sent ACK for chunk 2855
2025/04/30 15:22:57 Received ACK for chunk 2856/10240
Received chunk 2857/10240: fixtures/large_file.bin
2025/04/30 15:22:57 Sent ACK for chunk 2856
2025/04/30 15:22:57 Received ACK for chunk 2857/10240
Received chunk 2858/10240: fixtures/large_file.bin
2025/04/30 15:22:57 Sent ACK for chunk 2857
2025/04/30 15:22:57 Received ACK for chunk 2858/10240
Received chunk 2859/10240: fixtures/large_file.bin
2025/04/30 15:22:57 Sent ACK for chunk 2858
2025/04/30 15:22:57 Received ACK for chunk 2859/10240
Received chunk 2860/10240: fixtures/large_file.bin
2025/04/30 15:22:57 Sent ACK for chunk 2859
2025/04/30 15:22:57 Received ACK for chunk 2860/10240
Received chunk 2861/10240: fixtures/large_file.bin
2025/04/30 15:22:57 Sent ACK for chunk 2860
2025/04/30 15:22:57 Received ACK for chunk 2861/10240
Received chunk 2862/10240: fixtures/large_file.bin
2025/04/30 15:22:57 Sent ACK for chunk 2861
2025/04/30 15:22:57 Received ACK for chunk 2862/10240
Received chunk 2863/10240: fixtures/large_file.bin
2025/04/30 15:22:57 Sent ACK for chunk 2862
2025/04/30 15:22:57 Received ACK for chunk 2863/10240
Received chunk 2864/10240: fixtures/large_file.bin
2025/04/30 15:22:57 Sent ACK for chunk 2863
2025/04/30 15:22:57 Received ACK for chunk 2864/10240
Received chunk 2865/10240: fixtures/large_file.bin
2025/04/30 15:22:57 Sent ACK for chunk 2864
2025/04/30 15:22:57 Received ACK for chunk 2865/10240
Received chunk 2866/10240: fixtures/large_file.bin
2025/04/30 15:22:57 Sent ACK for chunk 2865
2025/04/30 15:22:57 Received ACK for chunk 2866/10240
Received chunk 2867/10240: fixtures/large_file.bin
2025/04/30 15:22:57 Sent ACK for chunk 2866
2025/04/30 15:22:57 Received ACK for chunk 2867/10240
Received chunk 2868/10240: fixtures/large_file.bin
2025/04/30 15:22:57 Sent ACK for chunk 2867
2025/04/30 15:22:57 Received ACK for chunk 2868/10240
Received chunk 2869/10240: fixtures/large_file.bin
2025/04/30 15:22:57 Sent ACK for chunk 2868
2025/04/30 15:22:57 Received ACK for chunk 2869/10240
Received chunk 2870/10240: fixtures/large_file.bin
2025/04/30 15:22:57 Sent ACK for chunk 2869
2025/04/30 15:22:57 Received ACK for chunk 2870/10240
Received chunk 2871/10240: fixtures/large_file.bin
2025/04/30 15:22:57 Sent ACK for chunk 2870
2025/04/30 15:22:57 Received ACK for chunk 2871/10240
Received chunk 2872/10240: fixtures/large_file.bin
2025/04/30 15:22:57 Sent ACK for chunk 2871
2025/04/30 15:22:57 Received ACK for chunk 2872/10240
Received chunk 2873/10240: fixtures/large_file.bin
2025/04/30 15:22:57 Sent ACK for chunk 2872
2025/04/30 15:22:57 Received ACK for chunk 2873/10240
Received chunk 2874/10240: fixtures/large_file.bin
2025/04/30 15:22:57 Sent ACK for chunk 2873
2025/04/30 15:22:57 Received ACK for chunk 2874/10240
Received chunk 2875/10240: fixtures/large_file.bin
2025/04/30 15:22:57 Sent ACK for chunk 2874
2025/04/30 15:22:57 Received ACK for chunk 2875/10240
Received chunk 2876/10240: fixtures/large_file.bin
2025/04/30 15:22:57 Sent ACK for chunk 2875
2025/04/30 15:22:57 Received ACK for chunk 2876/10240
Received chunk 2877/10240: fixtures/large_file.bin
2025/04/30 15:22:57 Sent ACK for chunk 2876
2025/04/30 15:22:57 Received ACK for chunk 2877/10240
Received chunk 2878/10240: fixtures/large_file.bin
2025/04/30 15:22:57 Sent ACK for chunk 2877
2025/04/30 15:22:57 Received ACK for chunk 2878/10240
Received chunk 2879/10240: fixtures/large_file.bin
2025/04/30 15:22:57 Sent ACK for chunk 2878
2025/04/30 15:22:57 Received ACK for chunk 2879/10240
Received chunk 2880/10240: fixtures/large_file.bin
2025/04/30 15:22:57 Sent ACK for chunk 2879
2025/04/30 15:22:57 Received ACK for chunk 2880/10240
Received chunk 2881/10240: fixtures/large_file.bin
2025/04/30 15:22:57 Sent ACK for chunk 2880
2025/04/30 15:22:57 Received ACK for chunk 2881/10240
Received chunk 2882/10240: fixtures/large_file.bin
2025/04/30 15:22:57 Sent ACK for chunk 2881
2025/04/30 15:22:57 Received ACK for chunk 2882/10240
Received chunk 2883/10240: fixtures/large_file.bin
2025/04/30 15:22:57 Sent ACK for chunk 2882
2025/04/30 15:22:57 Received ACK for chunk 2883/10240
Received chunk 2884/10240: fixtures/large_file.bin
2025/04/30 15:22:57 Sent ACK for chunk 2883
2025/04/30 15:22:57 Received ACK for chunk 2884/10240
Received chunk 2885/10240: fixtures/large_file.bin
2025/04/30 15:22:57 Sent ACK for chunk 2884
2025/04/30 15:22:57 Received ACK for chunk 2885/10240
Received chunk 2886/10240: fixtures/large_file.bin
2025/04/30 15:22:57 Sent ACK for chunk 2885
2025/04/30 15:22:57 Received ACK for chunk 2886/10240
Received chunk 2887/10240: fixtures/large_file.bin
2025/04/30 15:22:57 Sent ACK for chunk 2886
2025/04/30 15:22:57 Received ACK for chunk 2887/10240
Received chunk 2888/10240: fixtures/large_file.bin
2025/04/30 15:22:57 Sent ACK for chunk 2887
2025/04/30 15:22:57 Received ACK for chunk 2888/10240
Received chunk 2889/10240: fixtures/large_file.bin
2025/04/30 15:22:57 Sent ACK for chunk 2888
2025/04/30 15:22:57 Received ACK for chunk 2889/10240
Received chunk 2890/10240: fixtures/large_file.bin
2025/04/30 15:22:57 Sent ACK for chunk 2889
2025/04/30 15:22:57 Received ACK for chunk 2890/10240
Received chunk 2891/10240: fixtures/large_file.bin
2025/04/30 15:22:57 Sent ACK for chunk 2890
2025/04/30 15:22:57 Received ACK for chunk 2891/10240
Received chunk 2892/10240: fixtures/large_file.bin
2025/04/30 15:22:57 Sent ACK for chunk 2891
2025/04/30 15:22:57 Received ACK for chunk 2892/10240
Received chunk 2893/10240: fixtures/large_file.bin
2025/04/30 15:22:57 Sent ACK for chunk 2892
2025/04/30 15:22:57 Received ACK for chunk 2893/10240
Received chunk 2894/10240: fixtures/large_file.bin
2025/04/30 15:22:57 Sent ACK for chunk 2893
2025/04/30 15:22:57 Received ACK for chunk 2894/10240
Received chunk 2895/10240: fixtures/large_file.bin
2025/04/30 15:22:57 Sent ACK for chunk 2894
2025/04/30 15:22:57 Received ACK for chunk 2895/10240
Received chunk 2896/10240: fixtures/large_file.bin
2025/04/30 15:22:57 Sent ACK for chunk 2895
2025/04/30 15:22:57 Received ACK for chunk 2896/10240
Received chunk 2897/10240: fixtures/large_file.bin
2025/04/30 15:22:57 Sent ACK for chunk 2896
2025/04/30 15:22:57 Received ACK for chunk 2897/10240
Received chunk 2898/10240: fixtures/large_file.bin
2025/04/30 15:22:57 Sent ACK for chunk 2897
2025/04/30 15:22:57 Received ACK for chunk 2898/10240
Received chunk 2899/10240: fixtures/large_file.bin
2025/04/30 15:22:57 Sent ACK for chunk 2898
2025/04/30 15:22:57 Received ACK for chunk 2899/10240
Received chunk 2900/10240: fixtures/large_file.bin
2025/04/30 15:22:57 Sent ACK for chunk 2899
2025/04/30 15:22:57 Received ACK for chunk 2900/10240
Received chunk 2901/10240: fixtures/large_file.bin
2025/04/30 15:22:57 Sent ACK for chunk 2900
2025/04/30 15:22:57 Received ACK for chunk 2901/10240
Received chunk 2902/10240: fixtures/large_file.bin
2025/04/30 15:22:57 Sent ACK for chunk 2901
2025/04/30 15:22:57 Received ACK for chunk 2902/10240
Received chunk 2903/10240: fixtures/large_file.bin
2025/04/30 15:22:57 Sent ACK for chunk 2902
2025/04/30 15:22:57 Received ACK for chunk 2903/10240
Received chunk 2904/10240: fixtures/large_file.bin
2025/04/30 15:22:57 Sent ACK for chunk 2903
2025/04/30 15:22:57 Received ACK for chunk 2904/10240
Received chunk 2905/10240: fixtures/large_file.bin
2025/04/30 15:22:57 Sent ACK for chunk 2904
2025/04/30 15:22:57 Received ACK for chunk 2905/10240
Received chunk 2906/10240: fixtures/large_file.bin
2025/04/30 15:22:57 Sent ACK for chunk 2905
2025/04/30 15:22:57 Received ACK for chunk 2906/10240
Received chunk 2907/10240: fixtures/large_file.bin
2025/04/30 15:22:57 Sent ACK for chunk 2906
2025/04/30 15:22:57 Received ACK for chunk 2907/10240
Received chunk 2908/10240: fixtures/large_file.bin
2025/04/30 15:22:57 Sent ACK for chunk 2907
2025/04/30 15:22:57 Received ACK for chunk 2908/10240
Received chunk 2909/10240: fixtures/large_file.bin
2025/04/30 15:22:57 Sent ACK for chunk 2908
2025/04/30 15:22:57 Received ACK for chunk 2909/10240
Received chunk 2910/10240: fixtures/large_file.bin
2025/04/30 15:22:57 Sent ACK for chunk 2909
2025/04/30 15:22:57 Received ACK for chunk 2910/10240
Received chunk 2911/10240: fixtures/large_file.bin
2025/04/30 15:22:57 Sent ACK for chunk 2910
2025/04/30 15:22:57 Received ACK for chunk 2911/10240
Received chunk 2912/10240: fixtures/large_file.bin
2025/04/30 15:22:57 Sent ACK for chunk 2911
2025/04/30 15:22:57 Received ACK for chunk 2912/10240
Received chunk 2913/10240: fixtures/large_file.bin
2025/04/30 15:22:57 Sent ACK for chunk 2912
2025/04/30 15:22:57 Received ACK for chunk 2913/10240
Received chunk 2914/10240: fixtures/large_file.bin
2025/04/30 15:22:57 Sent ACK for chunk 2913
2025/04/30 15:22:57 Received ACK for chunk 2914/10240
Received chunk 2915/10240: fixtures/large_file.bin
2025/04/30 15:22:57 Sent ACK for chunk 2914
2025/04/30 15:22:57 Received ACK for chunk 2915/10240
Received chunk 2916/10240: fixtures/large_file.bin
2025/04/30 15:22:57 Sent ACK for chunk 2915
2025/04/30 15:22:57 Received ACK for chunk 2916/10240
Received chunk 2917/10240: fixtures/large_file.bin
2025/04/30 15:22:57 Sent ACK for chunk 2916
2025/04/30 15:22:57 Received ACK for chunk 2917/10240
Received chunk 2918/10240: fixtures/large_file.bin
2025/04/30 15:22:57 Sent ACK for chunk 2917
2025/04/30 15:22:57 Received ACK for chunk 2918/10240
Received chunk 2919/10240: fixtures/large_file.bin
2025/04/30 15:22:57 Sent ACK for chunk 2918
2025/04/30 15:22:57 Received ACK for chunk 2919/10240
Received chunk 2920/10240: fixtures/large_file.bin
2025/04/30 15:22:57 Sent ACK for chunk 2919
2025/04/30 15:22:57 Received ACK for chunk 2920/10240
Received chunk 2921/10240: fixtures/large_file.bin
2025/04/30 15:22:57 Sent ACK for chunk 2920
2025/04/30 15:22:57 Received ACK for chunk 2921/10240
Received chunk 2922/10240: fixtures/large_file.bin
2025/04/30 15:22:57 Sent ACK for chunk 2921
2025/04/30 15:22:57 Received ACK for chunk 2922/10240
Received chunk 2923/10240: fixtures/large_file.bin
2025/04/30 15:22:57 Sent ACK for chunk 2922
2025/04/30 15:22:57 Received ACK for chunk 2923/10240
Received chunk 2924/10240: fixtures/large_file.bin
2025/04/30 15:22:57 Sent ACK for chunk 2923
2025/04/30 15:22:57 Received ACK for chunk 2924/10240
Received chunk 2925/10240: fixtures/large_file.bin
2025/04/30 15:22:57 Sent ACK for chunk 2924
2025/04/30 15:22:57 Received ACK for chunk 2925/10240
Received chunk 2926/10240: fixtures/large_file.bin
2025/04/30 15:22:57 Sent ACK for chunk 2925
2025/04/30 15:22:57 Received ACK for chunk 2926/10240
Received chunk 2927/10240: fixtures/large_file.bin
2025/04/30 15:22:57 Sent ACK for chunk 2926
2025/04/30 15:22:57 Received ACK for chunk 2927/10240
Received chunk 2928/10240: fixtures/large_file.bin
2025/04/30 15:22:57 Sent ACK for chunk 2927
2025/04/30 15:22:57 Received ACK for chunk 2928/10240
Received chunk 2929/10240: fixtures/large_file.bin
2025/04/30 15:22:57 Sent ACK for chunk 2928
2025/04/30 15:22:57 Received ACK for chunk 2929/10240
Received chunk 2930/10240: fixtures/large_file.bin
2025/04/30 15:22:57 Sent ACK for chunk 2929
2025/04/30 15:22:57 Received ACK for chunk 2930/10240
Received chunk 2931/10240: fixtures/large_file.bin
2025/04/30 15:22:57 Sent ACK for chunk 2930
2025/04/30 15:22:57 Received ACK for chunk 2931/10240
Received chunk 2932/10240: fixtures/large_file.bin
2025/04/30 15:22:57 Sent ACK for chunk 2931
2025/04/30 15:22:57 Received ACK for chunk 2932/10240
Received chunk 2933/10240: fixtures/large_file.bin
2025/04/30 15:22:57 Sent ACK for chunk 2932
2025/04/30 15:22:57 Received ACK for chunk 2933/10240
Received chunk 2934/10240: fixtures/large_file.bin
2025/04/30 15:22:57 Sent ACK for chunk 2933
2025/04/30 15:22:57 Received ACK for chunk 2934/10240
Received chunk 2935/10240: fixtures/large_file.bin
2025/04/30 15:22:57 Sent ACK for chunk 2934
2025/04/30 15:22:57 Received ACK for chunk 2935/10240
Received chunk 2936/10240: fixtures/large_file.bin
2025/04/30 15:22:57 Sent ACK for chunk 2935
2025/04/30 15:22:57 Received ACK for chunk 2936/10240
Received chunk 2937/10240: fixtures/large_file.bin
2025/04/30 15:22:57 Sent ACK for chunk 2936
2025/04/30 15:22:57 Received ACK for chunk 2937/10240
Received chunk 2938/10240: fixtures/large_file.bin
2025/04/30 15:22:57 Sent ACK for chunk 2937
2025/04/30 15:22:57 Received ACK for chunk 2938/10240
Received chunk 2939/10240: fixtures/large_file.bin
2025/04/30 15:22:57 Sent ACK for chunk 2938
2025/04/30 15:22:57 Received ACK for chunk 2939/10240
Received chunk 2940/10240: fixtures/large_file.bin
2025/04/30 15:22:57 Sent ACK for chunk 2939
2025/04/30 15:22:57 Received ACK for chunk 2940/10240
Received chunk 2941/10240: fixtures/large_file.bin
2025/04/30 15:22:57 Sent ACK for chunk 2940
2025/04/30 15:22:57 Received ACK for chunk 2941/10240
Received chunk 2942/10240: fixtures/large_file.bin
2025/04/30 15:22:57 Sent ACK for chunk 2941
2025/04/30 15:22:57 Received ACK for chunk 2942/10240
Received chunk 2943/10240: fixtures/large_file.bin
2025/04/30 15:22:57 Sent ACK for chunk 2942
2025/04/30 15:22:57 Received ACK for chunk 2943/10240
Received chunk 2944/10240: fixtures/large_file.bin
2025/04/30 15:22:57 Sent ACK for chunk 2943
2025/04/30 15:22:57 Received ACK for chunk 2944/10240
Received chunk 2945/10240: fixtures/large_file.bin
2025/04/30 15:22:57 Sent ACK for chunk 2944
2025/04/30 15:22:57 Received ACK for chunk 2945/10240
Received chunk 2946/10240: fixtures/large_file.bin
2025/04/30 15:22:57 Sent ACK for chunk 2945
2025/04/30 15:22:57 Received ACK for chunk 2946/10240
Received chunk 2947/10240: fixtures/large_file.bin
2025/04/30 15:22:57 Sent ACK for chunk 2946
2025/04/30 15:22:57 Received ACK for chunk 2947/10240
Received chunk 2948/10240: fixtures/large_file.bin
2025/04/30 15:22:57 Sent ACK for chunk 2947
2025/04/30 15:22:57 Received ACK for chunk 2948/10240
Received chunk 2949/10240: fixtures/large_file.bin
2025/04/30 15:22:57 Sent ACK for chunk 2948
2025/04/30 15:22:57 Received ACK for chunk 2949/10240
Received chunk 2950/10240: fixtures/large_file.bin
2025/04/30 15:22:57 Sent ACK for chunk 2949
2025/04/30 15:22:57 Received ACK for chunk 2950/10240
Received chunk 2951/10240: fixtures/large_file.bin
2025/04/30 15:22:57 Sent ACK for chunk 2950
2025/04/30 15:22:57 Received ACK for chunk 2951/10240
Received chunk 2952/10240: fixtures/large_file.bin
2025/04/30 15:22:57 Sent ACK for chunk 2951
2025/04/30 15:22:57 Received ACK for chunk 2952/10240
Received chunk 2953/10240: fixtures/large_file.bin
2025/04/30 15:22:57 Sent ACK for chunk 2952
2025/04/30 15:22:57 Received ACK for chunk 2953/10240
Received chunk 2954/10240: fixtures/large_file.bin
2025/04/30 15:22:57 Sent ACK for chunk 2953
2025/04/30 15:22:57 Received ACK for chunk 2954/10240
Received chunk 2955/10240: fixtures/large_file.bin
2025/04/30 15:22:57 Sent ACK for chunk 2954
2025/04/30 15:22:57 Received ACK for chunk 2955/10240
Received chunk 2956/10240: fixtures/large_file.bin
2025/04/30 15:22:57 Sent ACK for chunk 2955
2025/04/30 15:22:57 Received ACK for chunk 2956/10240
Received chunk 2957/10240: fixtures/large_file.bin
2025/04/30 15:22:57 Sent ACK for chunk 2956
2025/04/30 15:22:57 Received ACK for chunk 2957/10240
Received chunk 2958/10240: fixtures/large_file.bin
2025/04/30 15:22:57 Sent ACK for chunk 2957
2025/04/30 15:22:57 Received ACK for chunk 2958/10240
Received chunk 2959/10240: fixtures/large_file.bin
2025/04/30 15:22:57 Sent ACK for chunk 2958
2025/04/30 15:22:57 Received ACK for chunk 2959/10240
Received chunk 2960/10240: fixtures/large_file.bin
2025/04/30 15:22:57 Sent ACK for chunk 2959
2025/04/30 15:22:57 Received ACK for chunk 2960/10240
Received chunk 2961/10240: fixtures/large_file.bin
2025/04/30 15:22:57 Sent ACK for chunk 2960
2025/04/30 15:22:57 Received ACK for chunk 2961/10240
Received chunk 2962/10240: fixtures/large_file.bin
2025/04/30 15:22:57 Sent ACK for chunk 2961
2025/04/30 15:22:57 Received ACK for chunk 2962/10240
Received chunk 2963/10240: fixtures/large_file.bin
2025/04/30 15:22:57 Sent ACK for chunk 2962
2025/04/30 15:22:57 Received ACK for chunk 2963/10240
Received chunk 2964/10240: fixtures/large_file.bin
2025/04/30 15:22:57 Sent ACK for chunk 2963
2025/04/30 15:22:57 Received ACK for chunk 2964/10240
Received chunk 2965/10240: fixtures/large_file.bin
2025/04/30 15:22:57 Sent ACK for chunk 2964
2025/04/30 15:22:57 Received ACK for chunk 2965/10240
Received chunk 2966/10240: fixtures/large_file.bin
2025/04/30 15:22:57 Sent ACK for chunk 2965
2025/04/30 15:22:57 Received ACK for chunk 2966/10240
Received chunk 2967/10240: fixtures/large_file.bin
2025/04/30 15:22:57 Sent ACK for chunk 2966
2025/04/30 15:22:57 Received ACK for chunk 2967/10240
Received chunk 2968/10240: fixtures/large_file.bin
2025/04/30 15:22:57 Sent ACK for chunk 2967
2025/04/30 15:22:57 Received ACK for chunk 2968/10240
Received chunk 2969/10240: fixtures/large_file.bin
2025/04/30 15:22:57 Sent ACK for chunk 2968
2025/04/30 15:22:57 Received ACK for chunk 2969/10240
Received chunk 2970/10240: fixtures/large_file.bin
2025/04/30 15:22:57 Sent ACK for chunk 2969
2025/04/30 15:22:57 Received ACK for chunk 2970/10240
Received chunk 2971/10240: fixtures/large_file.bin
2025/04/30 15:22:57 Sent ACK for chunk 2970
2025/04/30 15:22:57 Received ACK for chunk 2971/10240
Received chunk 2972/10240: fixtures/large_file.bin
2025/04/30 15:22:57 Sent ACK for chunk 2971
2025/04/30 15:22:57 Received ACK for chunk 2972/10240
Received chunk 2973/10240: fixtures/large_file.bin
2025/04/30 15:22:57 Sent ACK for chunk 2972
2025/04/30 15:22:57 Received ACK for chunk 2973/10240
Received chunk 2974/10240: fixtures/large_file.bin
2025/04/30 15:22:57 Sent ACK for chunk 2973
2025/04/30 15:22:57 Received ACK for chunk 2974/10240
Received chunk 2975/10240: fixtures/large_file.bin
2025/04/30 15:22:57 Sent ACK for chunk 2974
2025/04/30 15:22:57 Received ACK for chunk 2975/10240
Received chunk 2976/10240: fixtures/large_file.bin
2025/04/30 15:22:57 Sent ACK for chunk 2975
2025/04/30 15:22:57 Received ACK for chunk 2976/10240
Received chunk 2977/10240: fixtures/large_file.bin
2025/04/30 15:22:57 Sent ACK for chunk 2976
2025/04/30 15:22:57 Received ACK for chunk 2977/10240
Received chunk 2978/10240: fixtures/large_file.bin
2025/04/30 15:22:57 Sent ACK for chunk 2977
2025/04/30 15:22:57 Received ACK for chunk 2978/10240
Received chunk 2979/10240: fixtures/large_file.bin
2025/04/30 15:22:57 Sent ACK for chunk 2978
2025/04/30 15:22:57 Received ACK for chunk 2979/10240
Received chunk 2980/10240: fixtures/large_file.bin
2025/04/30 15:22:57 Sent ACK for chunk 2979
2025/04/30 15:22:57 Received ACK for chunk 2980/10240
Received chunk 2981/10240: fixtures/large_file.bin
2025/04/30 15:22:57 Sent ACK for chunk 2980
2025/04/30 15:22:57 Received ACK for chunk 2981/10240
Received chunk 2982/10240: fixtures/large_file.bin
2025/04/30 15:22:57 Sent ACK for chunk 2981
2025/04/30 15:22:57 Received ACK for chunk 2982/10240
Received chunk 2983/10240: fixtures/large_file.bin
2025/04/30 15:22:57 Sent ACK for chunk 2982
2025/04/30 15:22:57 Received ACK for chunk 2983/10240
Received chunk 2984/10240: fixtures/large_file.bin
2025/04/30 15:22:57 Sent ACK for chunk 2983
2025/04/30 15:22:57 Received ACK for chunk 2984/10240
Received chunk 2985/10240: fixtures/large_file.bin
2025/04/30 15:22:57 Sent ACK for chunk 2984
2025/04/30 15:22:57 Received ACK for chunk 2985/10240
Received chunk 2986/10240: fixtures/large_file.bin
2025/04/30 15:22:57 Sent ACK for chunk 2985
2025/04/30 15:22:57 Received ACK for chunk 2986/10240
Received chunk 2987/10240: fixtures/large_file.bin
2025/04/30 15:22:57 Sent ACK for chunk 2986
2025/04/30 15:22:57 Received ACK for chunk 2987/10240
Received chunk 2988/10240: fixtures/large_file.bin
2025/04/30 15:22:57 Sent ACK for chunk 2987
2025/04/30 15:22:57 Received ACK for chunk 2988/10240
Received chunk 2989/10240: fixtures/large_file.bin
2025/04/30 15:22:57 Sent ACK for chunk 2988
2025/04/30 15:22:57 Received ACK for chunk 2989/10240
Received chunk 2990/10240: fixtures/large_file.bin
2025/04/30 15:22:57 Sent ACK for chunk 2989
2025/04/30 15:22:57 Received ACK for chunk 2990/10240
Received chunk 2991/10240: fixtures/large_file.bin
2025/04/30 15:22:57 Sent ACK for chunk 2990
2025/04/30 15:22:57 Received ACK for chunk 2991/10240
Received chunk 2992/10240: fixtures/large_file.bin
2025/04/30 15:22:57 Sent ACK for chunk 2991
2025/04/30 15:22:57 Received ACK for chunk 2992/10240
Received chunk 2993/10240: fixtures/large_file.bin
2025/04/30 15:22:57 Sent ACK for chunk 2992
2025/04/30 15:22:57 Received ACK for chunk 2993/10240
Received chunk 2994/10240: fixtures/large_file.bin
2025/04/30 15:22:57 Sent ACK for chunk 2993
2025/04/30 15:22:57 Received ACK for chunk 2994/10240
Received chunk 2995/10240: fixtures/large_file.bin
2025/04/30 15:22:57 Sent ACK for chunk 2994
2025/04/30 15:22:57 Received ACK for chunk 2995/10240
Received chunk 2996/10240: fixtures/large_file.bin
2025/04/30 15:22:57 Sent ACK for chunk 2995
2025/04/30 15:22:57 Received ACK for chunk 2996/10240
Received chunk 2997/10240: fixtures/large_file.bin
2025/04/30 15:22:57 Sent ACK for chunk 2996
2025/04/30 15:22:57 Received ACK for chunk 2997/10240
Received chunk 2998/10240: fixtures/large_file.bin
2025/04/30 15:22:57 Sent ACK for chunk 2997
2025/04/30 15:22:57 Received ACK for chunk 2998/10240
Received chunk 2999/10240: fixtures/large_file.bin
2025/04/30 15:22:57 Sent ACK for chunk 2998
2025/04/30 15:22:57 Received ACK for chunk 2999/10240
Received chunk 3000/10240: fixtures/large_file.bin
2025/04/30 15:22:57 Sent ACK for chunk 2999
2025/04/30 15:22:57 Received ACK for chunk 3000/10240
Received chunk 3001/10240: fixtures/large_file.bin
2025/04/30 15:22:57 Sent ACK for chunk 3000
2025/04/30 15:22:57 Received ACK for chunk 3001/10240
Received chunk 3002/10240: fixtures/large_file.bin
2025/04/30 15:22:57 Sent ACK for chunk 3001
2025/04/30 15:22:57 Received ACK for chunk 3002/10240
Received chunk 3003/10240: fixtures/large_file.bin
2025/04/30 15:22:57 Sent ACK for chunk 3002
2025/04/30 15:22:57 Received ACK for chunk 3003/10240
Received chunk 3004/10240: fixtures/large_file.bin
2025/04/30 15:22:57 Sent ACK for chunk 3003
2025/04/30 15:22:57 Received ACK for chunk 3004/10240
Received chunk 3005/10240: fixtures/large_file.bin
2025/04/30 15:22:57 Sent ACK for chunk 3004
2025/04/30 15:22:57 Received ACK for chunk 3005/10240
Received chunk 3006/10240: fixtures/large_file.bin
2025/04/30 15:22:57 Sent ACK for chunk 3005
2025/04/30 15:22:57 Received ACK for chunk 3006/10240
Received chunk 3007/10240: fixtures/large_file.bin
2025/04/30 15:22:57 Sent ACK for chunk 3006
2025/04/30 15:22:57 Received ACK for chunk 3007/10240
Received chunk 3008/10240: fixtures/large_file.bin
2025/04/30 15:22:57 Sent ACK for chunk 3007
2025/04/30 15:22:57 Received ACK for chunk 3008/10240
Received chunk 3009/10240: fixtures/large_file.bin
2025/04/30 15:22:57 Sent ACK for chunk 3008
2025/04/30 15:22:57 Received ACK for chunk 3009/10240
Received chunk 3010/10240: fixtures/large_file.bin
2025/04/30 15:22:57 Sent ACK for chunk 3009
2025/04/30 15:22:57 Received ACK for chunk 3010/10240
Received chunk 3011/10240: fixtures/large_file.bin
2025/04/30 15:22:57 Sent ACK for chunk 3010
2025/04/30 15:22:57 Received ACK for chunk 3011/10240
Received chunk 3012/10240: fixtures/large_file.bin
2025/04/30 15:22:57 Sent ACK for chunk 3011
2025/04/30 15:22:57 Received ACK for chunk 3012/10240
Received chunk 3013/10240: fixtures/large_file.bin
2025/04/30 15:22:57 Sent ACK for chunk 3012
2025/04/30 15:22:57 Received ACK for chunk 3013/10240
Received chunk 3014/10240: fixtures/large_file.bin
2025/04/30 15:22:57 Sent ACK for chunk 3013
2025/04/30 15:22:57 Received ACK for chunk 3014/10240
Received chunk 3015/10240: fixtures/large_file.bin
2025/04/30 15:22:57 Sent ACK for chunk 3014
2025/04/30 15:22:57 Received ACK for chunk 3015/10240
Received chunk 3016/10240: fixtures/large_file.bin
2025/04/30 15:22:57 Sent ACK for chunk 3015
2025/04/30 15:22:57 Received ACK for chunk 3016/10240
Received chunk 3017/10240: fixtures/large_file.bin
2025/04/30 15:22:57 Sent ACK for chunk 3016
2025/04/30 15:22:57 Received ACK for chunk 3017/10240
Received chunk 3018/10240: fixtures/large_file.bin
2025/04/30 15:22:57 Sent ACK for chunk 3017
2025/04/30 15:22:57 Received ACK for chunk 3018/10240
Received chunk 3019/10240: fixtures/large_file.bin
2025/04/30 15:22:57 Sent ACK for chunk 3018
2025/04/30 15:22:57 Received ACK for chunk 3019/10240
Received chunk 3020/10240: fixtures/large_file.bin
2025/04/30 15:22:57 Sent ACK for chunk 3019
2025/04/30 15:22:57 Received ACK for chunk 3020/10240
Received chunk 3021/10240: fixtures/large_file.bin
2025/04/30 15:22:57 Sent ACK for chunk 3020
2025/04/30 15:22:57 Received ACK for chunk 3021/10240
Received chunk 3022/10240: fixtures/large_file.bin
2025/04/30 15:22:57 Sent ACK for chunk 3021
2025/04/30 15:22:57 Received ACK for chunk 3022/10240
Received chunk 3023/10240: fixtures/large_file.bin
2025/04/30 15:22:57 Sent ACK for chunk 3022
2025/04/30 15:22:57 Received ACK for chunk 3023/10240
Received chunk 3024/10240: fixtures/large_file.bin
2025/04/30 15:22:57 Sent ACK for chunk 3023
2025/04/30 15:22:57 Received ACK for chunk 3024/10240
Received chunk 3025/10240: fixtures/large_file.bin
2025/04/30 15:22:57 Sent ACK for chunk 3024
2025/04/30 15:22:57 Received ACK for chunk 3025/10240
Received chunk 3026/10240: fixtures/large_file.bin
2025/04/30 15:22:57 Sent ACK for chunk 3025
2025/04/30 15:22:57 Received ACK for chunk 3026/10240
Received chunk 3027/10240: fixtures/large_file.bin
2025/04/30 15:22:57 Sent ACK for chunk 3026
2025/04/30 15:22:57 Received ACK for chunk 3027/10240
Received chunk 3028/10240: fixtures/large_file.bin
2025/04/30 15:22:57 Sent ACK for chunk 3027
2025/04/30 15:22:57 Received ACK for chunk 3028/10240
Received chunk 3029/10240: fixtures/large_file.bin
2025/04/30 15:22:57 Sent ACK for chunk 3028
2025/04/30 15:22:57 Received ACK for chunk 3029/10240
Received chunk 3030/10240: fixtures/large_file.bin
2025/04/30 15:22:57 Sent ACK for chunk 3029
2025/04/30 15:22:57 Received ACK for chunk 3030/10240
Received chunk 3031/10240: fixtures/large_file.bin
2025/04/30 15:22:57 Sent ACK for chunk 3030
2025/04/30 15:22:57 Received ACK for chunk 3031/10240
Received chunk 3032/10240: fixtures/large_file.bin
2025/04/30 15:22:57 Sent ACK for chunk 3031
2025/04/30 15:22:57 Received ACK for chunk 3032/10240
Received chunk 3033/10240: fixtures/large_file.bin
2025/04/30 15:22:57 Sent ACK for chunk 3032
2025/04/30 15:22:57 Received ACK for chunk 3033/10240
Received chunk 3034/10240: fixtures/large_file.bin
2025/04/30 15:22:57 Sent ACK for chunk 3033
2025/04/30 15:22:57 Received ACK for chunk 3034/10240
Received chunk 3035/10240: fixtures/large_file.bin
2025/04/30 15:22:57 Sent ACK for chunk 3034
2025/04/30 15:22:57 Received ACK for chunk 3035/10240
Received chunk 3036/10240: fixtures/large_file.bin
2025/04/30 15:22:57 Sent ACK for chunk 3035
2025/04/30 15:22:57 Received ACK for chunk 3036/10240
Received chunk 3037/10240: fixtures/large_file.bin
2025/04/30 15:22:57 Sent ACK for chunk 3036
2025/04/30 15:22:57 Received ACK for chunk 3037/10240
Received chunk 3038/10240: fixtures/large_file.bin
2025/04/30 15:22:57 Sent ACK for chunk 3037
2025/04/30 15:22:57 Received ACK for chunk 3038/10240
Received chunk 3039/10240: fixtures/large_file.bin
2025/04/30 15:22:57 Sent ACK for chunk 3038
2025/04/30 15:22:57 Received ACK for chunk 3039/10240
Received chunk 3040/10240: fixtures/large_file.bin
2025/04/30 15:22:57 Sent ACK for chunk 3039
2025/04/30 15:22:57 Received ACK for chunk 3040/10240
Received chunk 3041/10240: fixtures/large_file.bin
2025/04/30 15:22:57 Sent ACK for chunk 3040
2025/04/30 15:22:57 Received ACK for chunk 3041/10240
Received chunk 3042/10240: fixtures/large_file.bin
2025/04/30 15:22:57 Sent ACK for chunk 3041
2025/04/30 15:22:57 Received ACK for chunk 3042/10240
Received chunk 3043/10240: fixtures/large_file.bin
2025/04/30 15:22:57 Sent ACK for chunk 3042
2025/04/30 15:22:57 Received ACK for chunk 3043/10240
Received chunk 3044/10240: fixtures/large_file.bin
2025/04/30 15:22:57 Sent ACK for chunk 3043
2025/04/30 15:22:57 Received ACK for chunk 3044/10240
Received chunk 3045/10240: fixtures/large_file.bin
2025/04/30 15:22:57 Sent ACK for chunk 3044
2025/04/30 15:22:57 Received ACK for chunk 3045/10240
Received chunk 3046/10240: fixtures/large_file.bin
2025/04/30 15:22:57 Sent ACK for chunk 3045
2025/04/30 15:22:57 Received ACK for chunk 3046/10240
Received chunk 3047/10240: fixtures/large_file.bin
2025/04/30 15:22:57 Sent ACK for chunk 3046
2025/04/30 15:22:57 Received ACK for chunk 3047/10240
Received chunk 3048/10240: fixtures/large_file.bin
2025/04/30 15:22:57 Sent ACK for chunk 3047
2025/04/30 15:22:57 Received ACK for chunk 3048/10240
Received chunk 3049/10240: fixtures/large_file.bin
2025/04/30 15:22:57 Sent ACK for chunk 3048
2025/04/30 15:22:57 Received ACK for chunk 3049/10240
Received chunk 3050/10240: fixtures/large_file.bin
2025/04/30 15:22:57 Sent ACK for chunk 3049
2025/04/30 15:22:57 Received ACK for chunk 3050/10240
Received chunk 3051/10240: fixtures/large_file.bin
2025/04/30 15:22:57 Sent ACK for chunk 3050
2025/04/30 15:22:57 Received ACK for chunk 3051/10240
Received chunk 3052/10240: fixtures/large_file.bin
2025/04/30 15:22:57 Sent ACK for chunk 3051
2025/04/30 15:22:57 Received ACK for chunk 3052/10240
Received chunk 3053/10240: fixtures/large_file.bin
2025/04/30 15:22:57 Sent ACK for chunk 3052
2025/04/30 15:22:57 Received ACK for chunk 3053/10240
Received chunk 3054/10240: fixtures/large_file.bin
2025/04/30 15:22:57 Sent ACK for chunk 3053
2025/04/30 15:22:57 Received ACK for chunk 3054/10240
Received chunk 3055/10240: fixtures/large_file.bin
2025/04/30 15:22:57 Sent ACK for chunk 3054
2025/04/30 15:22:57 Received ACK for chunk 3055/10240
Received chunk 3056/10240: fixtures/large_file.bin
2025/04/30 15:22:57 Sent ACK for chunk 3055
2025/04/30 15:22:57 Received ACK for chunk 3056/10240
Received chunk 3057/10240: fixtures/large_file.bin
2025/04/30 15:22:57 Sent ACK for chunk 3056
2025/04/30 15:22:57 Received ACK for chunk 3057/10240
Received chunk 3058/10240: fixtures/large_file.bin
2025/04/30 15:22:57 Sent ACK for chunk 3057
2025/04/30 15:22:57 Received ACK for chunk 3058/10240
Received chunk 3059/10240: fixtures/large_file.bin
2025/04/30 15:22:57 Sent ACK for chunk 3058
2025/04/30 15:22:57 Received ACK for chunk 3059/10240
Received chunk 3060/10240: fixtures/large_file.bin
2025/04/30 15:22:57 Sent ACK for chunk 3059
2025/04/30 15:22:57 Received ACK for chunk 3060/10240
Received chunk 3061/10240: fixtures/large_file.bin
2025/04/30 15:22:57 Sent ACK for chunk 3060
2025/04/30 15:22:57 Received ACK for chunk 3061/10240
Received chunk 3062/10240: fixtures/large_file.bin
2025/04/30 15:22:57 Sent ACK for chunk 3061
2025/04/30 15:22:57 Received ACK for chunk 3062/10240
Received chunk 3063/10240: fixtures/large_file.bin
2025/04/30 15:22:57 Sent ACK for chunk 3062
2025/04/30 15:22:57 Received ACK for chunk 3063/10240
Received chunk 3064/10240: fixtures/large_file.bin
2025/04/30 15:22:57 Sent ACK for chunk 3063
2025/04/30 15:22:57 Received ACK for chunk 3064/10240
Received chunk 3065/10240: fixtures/large_file.bin
2025/04/30 15:22:57 Sent ACK for chunk 3064
2025/04/30 15:22:57 Received ACK for chunk 3065/10240
Received chunk 3066/10240: fixtures/large_file.bin
2025/04/30 15:22:57 Sent ACK for chunk 3065
2025/04/30 15:22:57 Received ACK for chunk 3066/10240
Received chunk 3067/10240: fixtures/large_file.bin
2025/04/30 15:22:57 Sent ACK for chunk 3066
2025/04/30 15:22:57 Received ACK for chunk 3067/10240
Received chunk 3068/10240: fixtures/large_file.bin
2025/04/30 15:22:57 Sent ACK for chunk 3067
2025/04/30 15:22:57 Received ACK for chunk 3068/10240
Received chunk 3069/10240: fixtures/large_file.bin
2025/04/30 15:22:57 Sent ACK for chunk 3068
2025/04/30 15:22:57 Received ACK for chunk 3069/10240
Received chunk 3070/10240: fixtures/large_file.bin
2025/04/30 15:22:57 Sent ACK for chunk 3069
2025/04/30 15:22:57 Received ACK for chunk 3070/10240
Received chunk 3071/10240: fixtures/large_file.bin
2025/04/30 15:22:57 Sent ACK for chunk 3070
2025/04/30 15:22:57 Received ACK for chunk 3071/10240
Received chunk 3072/10240: fixtures/large_file.bin
2025/04/30 15:22:57 Sent ACK for chunk 3071
2025/04/30 15:22:57 Received ACK for chunk 3072/10240
Received chunk 3073/10240: fixtures/large_file.bin
2025/04/30 15:22:57 Sent ACK for chunk 3072
2025/04/30 15:22:57 Received ACK for chunk 3073/10240
Received chunk 3074/10240: fixtures/large_file.bin
2025/04/30 15:22:57 Sent ACK for chunk 3073
2025/04/30 15:22:57 Received ACK for chunk 3074/10240
Received chunk 3075/10240: fixtures/large_file.bin
2025/04/30 15:22:57 Sent ACK for chunk 3074
2025/04/30 15:22:57 Received ACK for chunk 3075/10240
Received chunk 3076/10240: fixtures/large_file.bin
2025/04/30 15:22:57 Sent ACK for chunk 3075
2025/04/30 15:22:57 Received ACK for chunk 3076/10240
Received chunk 3077/10240: fixtures/large_file.bin
2025/04/30 15:22:57 Sent ACK for chunk 3076
2025/04/30 15:22:57 Received ACK for chunk 3077/10240
Received chunk 3078/10240: fixtures/large_file.bin
2025/04/30 15:22:57 Sent ACK for chunk 3077
2025/04/30 15:22:57 Received ACK for chunk 3078/10240
Received chunk 3079/10240: fixtures/large_file.bin
2025/04/30 15:22:57 Sent ACK for chunk 3078
2025/04/30 15:22:57 Received ACK for chunk 3079/10240
Received chunk 3080/10240: fixtures/large_file.bin
2025/04/30 15:22:57 Sent ACK for chunk 3079
2025/04/30 15:22:57 Received ACK for chunk 3080/10240
Received chunk 3081/10240: fixtures/large_file.bin
2025/04/30 15:22:57 Sent ACK for chunk 3080
2025/04/30 15:22:57 Received ACK for chunk 3081/10240
Received chunk 3082/10240: fixtures/large_file.bin
2025/04/30 15:22:57 Sent ACK for chunk 3081
2025/04/30 15:22:57 Received ACK for chunk 3082/10240
Received chunk 3083/10240: fixtures/large_file.bin
2025/04/30 15:22:57 Sent ACK for chunk 3082
2025/04/30 15:22:57 Received ACK for chunk 3083/10240
Received chunk 3084/10240: fixtures/large_file.bin
2025/04/30 15:22:57 Sent ACK for chunk 3083
2025/04/30 15:22:57 Received ACK for chunk 3084/10240
Received chunk 3085/10240: fixtures/large_file.bin
2025/04/30 15:22:57 Sent ACK for chunk 3084
2025/04/30 15:22:57 Received ACK for chunk 3085/10240
Received chunk 3086/10240: fixtures/large_file.bin
2025/04/30 15:22:57 Sent ACK for chunk 3085
2025/04/30 15:22:57 Received ACK for chunk 3086/10240
Received chunk 3087/10240: fixtures/large_file.bin
2025/04/30 15:22:57 Sent ACK for chunk 3086
2025/04/30 15:22:57 Received ACK for chunk 3087/10240
Received chunk 3088/10240: fixtures/large_file.bin
2025/04/30 15:22:57 Sent ACK for chunk 3087
2025/04/30 15:22:57 Received ACK for chunk 3088/10240
Received chunk 3089/10240: fixtures/large_file.bin
2025/04/30 15:22:57 Sent ACK for chunk 3088
2025/04/30 15:22:57 Received ACK for chunk 3089/10240
Received chunk 3090/10240: fixtures/large_file.bin
2025/04/30 15:22:57 Sent ACK for chunk 3089
2025/04/30 15:22:57 Received ACK for chunk 3090/10240
Received chunk 3091/10240: fixtures/large_file.bin
2025/04/30 15:22:57 Sent ACK for chunk 3090
2025/04/30 15:22:57 Received ACK for chunk 3091/10240
Received chunk 3092/10240: fixtures/large_file.bin
2025/04/30 15:22:57 Sent ACK for chunk 3091
2025/04/30 15:22:57 Received ACK for chunk 3092/10240
Received chunk 3093/10240: fixtures/large_file.bin
2025/04/30 15:22:57 Sent ACK for chunk 3092
2025/04/30 15:22:57 Received ACK for chunk 3093/10240
Received chunk 3094/10240: fixtures/large_file.bin
2025/04/30 15:22:57 Sent ACK for chunk 3093
2025/04/30 15:22:57 Received ACK for chunk 3094/10240
Received chunk 3095/10240: fixtures/large_file.bin
2025/04/30 15:22:57 Sent ACK for chunk 3094
2025/04/30 15:22:57 Received ACK for chunk 3095/10240
Received chunk 3096/10240: fixtures/large_file.bin
2025/04/30 15:22:57 Sent ACK for chunk 3095
2025/04/30 15:22:57 Received ACK for chunk 3096/10240
Received chunk 3097/10240: fixtures/large_file.bin
2025/04/30 15:22:57 Sent ACK for chunk 3096
2025/04/30 15:22:57 Received ACK for chunk 3097/10240
Received chunk 3098/10240: fixtures/large_file.bin
2025/04/30 15:22:57 Sent ACK for chunk 3097
2025/04/30 15:22:57 Received ACK for chunk 3098/10240
Received chunk 3099/10240: fixtures/large_file.bin
2025/04/30 15:22:57 Sent ACK for chunk 3098
2025/04/30 15:22:57 Received ACK for chunk 3099/10240
Received chunk 3100/10240: fixtures/large_file.bin
2025/04/30 15:22:57 Sent ACK for chunk 3099
2025/04/30 15:22:57 Received ACK for chunk 3100/10240
Received chunk 3101/10240: fixtures/large_file.bin
2025/04/30 15:22:57 Sent ACK for chunk 3100
2025/04/30 15:22:57 Received ACK for chunk 3101/10240
Received chunk 3102/10240: fixtures/large_file.bin
2025/04/30 15:22:57 Sent ACK for chunk 3101
2025/04/30 15:22:57 Received ACK for chunk 3102/10240
Received chunk 3103/10240: fixtures/large_file.bin
2025/04/30 15:22:57 Sent ACK for chunk 3102
2025/04/30 15:22:57 Received ACK for chunk 3103/10240
Received chunk 3104/10240: fixtures/large_file.bin
2025/04/30 15:22:57 Sent ACK for chunk 3103
2025/04/30 15:22:57 Received ACK for chunk 3104/10240
Received chunk 3105/10240: fixtures/large_file.bin
2025/04/30 15:22:57 Sent ACK for chunk 3104
2025/04/30 15:22:57 Received ACK for chunk 3105/10240
Received chunk 3106/10240: fixtures/large_file.bin
2025/04/30 15:22:57 Sent ACK for chunk 3105
2025/04/30 15:22:57 Received ACK for chunk 3106/10240
Received chunk 3107/10240: fixtures/large_file.bin
2025/04/30 15:22:57 Sent ACK for chunk 3106
2025/04/30 15:22:57 Received ACK for chunk 3107/10240
Received chunk 3108/10240: fixtures/large_file.bin
2025/04/30 15:22:57 Sent ACK for chunk 3107
2025/04/30 15:22:57 Received ACK for chunk 3108/10240
Received chunk 3109/10240: fixtures/large_file.bin
2025/04/30 15:22:57 Sent ACK for chunk 3108
2025/04/30 15:22:57 Received ACK for chunk 3109/10240
Received chunk 3110/10240: fixtures/large_file.bin
2025/04/30 15:22:57 Sent ACK for chunk 3109
2025/04/30 15:22:57 Received ACK for chunk 3110/10240
Received chunk 3111/10240: fixtures/large_file.bin
2025/04/30 15:22:57 Sent ACK for chunk 3110
2025/04/30 15:22:57 Received ACK for chunk 3111/10240
Received chunk 3112/10240: fixtures/large_file.bin
2025/04/30 15:22:57 Sent ACK for chunk 3111
2025/04/30 15:22:57 Received ACK for chunk 3112/10240
Received chunk 3113/10240: fixtures/large_file.bin
2025/04/30 15:22:57 Sent ACK for chunk 3112
2025/04/30 15:22:57 Received ACK for chunk 3113/10240
Received chunk 3114/10240: fixtures/large_file.bin
2025/04/30 15:22:57 Sent ACK for chunk 3113
2025/04/30 15:22:57 Received ACK for chunk 3114/10240
Received chunk 3115/10240: fixtures/large_file.bin
2025/04/30 15:22:57 Sent ACK for chunk 3114
2025/04/30 15:22:57 Received ACK for chunk 3115/10240
Received chunk 3116/10240: fixtures/large_file.bin
2025/04/30 15:22:57 Sent ACK for chunk 3115
2025/04/30 15:22:57 Received ACK for chunk 3116/10240
Received chunk 3117/10240: fixtures/large_file.bin
2025/04/30 15:22:57 Sent ACK for chunk 3116
2025/04/30 15:22:57 Received ACK for chunk 3117/10240
Received chunk 3118/10240: fixtures/large_file.bin
2025/04/30 15:22:57 Sent ACK for chunk 3117
2025/04/30 15:22:57 Received ACK for chunk 3118/10240
Received chunk 3119/10240: fixtures/large_file.bin
2025/04/30 15:22:57 Sent ACK for chunk 3118
2025/04/30 15:22:57 Received ACK for chunk 3119/10240
Received chunk 3120/10240: fixtures/large_file.bin
2025/04/30 15:22:57 Sent ACK for chunk 3119
2025/04/30 15:22:57 Received ACK for chunk 3120/10240
Received chunk 3121/10240: fixtures/large_file.bin
2025/04/30 15:22:57 Sent ACK for chunk 3120
2025/04/30 15:22:57 Received ACK for chunk 3121/10240
Received chunk 3122/10240: fixtures/large_file.bin
2025/04/30 15:22:57 Sent ACK for chunk 3121
2025/04/30 15:22:57 Received ACK for chunk 3122/10240
Received chunk 3123/10240: fixtures/large_file.bin
2025/04/30 15:22:57 Sent ACK for chunk 3122
2025/04/30 15:22:57 Received ACK for chunk 3123/10240
Received chunk 3124/10240: fixtures/large_file.bin
2025/04/30 15:22:57 Sent ACK for chunk 3123
2025/04/30 15:22:57 Received ACK for chunk 3124/10240
Received chunk 3125/10240: fixtures/large_file.bin
2025/04/30 15:22:57 Sent ACK for chunk 3124
2025/04/30 15:22:57 Received ACK for chunk 3125/10240
Received chunk 3126/10240: fixtures/large_file.bin
2025/04/30 15:22:57 Sent ACK for chunk 3125
2025/04/30 15:22:57 Received ACK for chunk 3126/10240
Received chunk 3127/10240: fixtures/large_file.bin
2025/04/30 15:22:57 Sent ACK for chunk 3126
2025/04/30 15:22:57 Received ACK for chunk 3127/10240
Received chunk 3128/10240: fixtures/large_file.bin
2025/04/30 15:22:57 Sent ACK for chunk 3127
2025/04/30 15:22:57 Received ACK for chunk 3128/10240
Received chunk 3129/10240: fixtures/large_file.bin
2025/04/30 15:22:57 Sent ACK for chunk 3128
2025/04/30 15:22:57 Received ACK for chunk 3129/10240
Received chunk 3130/10240: fixtures/large_file.bin
2025/04/30 15:22:57 Sent ACK for chunk 3129
2025/04/30 15:22:57 Received ACK for chunk 3130/10240
Received chunk 3131/10240: fixtures/large_file.bin
2025/04/30 15:22:57 Sent ACK for chunk 3130
2025/04/30 15:22:57 Received ACK for chunk 3131/10240
Received chunk 3132/10240: fixtures/large_file.bin
2025/04/30 15:22:57 Sent ACK for chunk 3131
2025/04/30 15:22:57 Received ACK for chunk 3132/10240
Received chunk 3133/10240: fixtures/large_file.bin
2025/04/30 15:22:57 Sent ACK for chunk 3132
2025/04/30 15:22:57 Received ACK for chunk 3133/10240
Received chunk 3134/10240: fixtures/large_file.bin
2025/04/30 15:22:57 Sent ACK for chunk 3133
2025/04/30 15:22:57 Received ACK for chunk 3134/10240
Received chunk 3135/10240: fixtures/large_file.bin
2025/04/30 15:22:57 Sent ACK for chunk 3134
2025/04/30 15:22:57 Received ACK for chunk 3135/10240
Received chunk 3136/10240: fixtures/large_file.bin
2025/04/30 15:22:57 Sent ACK for chunk 3135
2025/04/30 15:22:57 Received ACK for chunk 3136/10240
Received chunk 3137/10240: fixtures/large_file.bin
2025/04/30 15:22:57 Sent ACK for chunk 3136
2025/04/30 15:22:57 Received ACK for chunk 3137/10240
Received chunk 3138/10240: fixtures/large_file.bin
2025/04/30 15:22:57 Sent ACK for chunk 3137
2025/04/30 15:22:57 Received ACK for chunk 3138/10240
Received chunk 3139/10240: fixtures/large_file.bin
2025/04/30 15:22:57 Sent ACK for chunk 3138
2025/04/30 15:22:57 Received ACK for chunk 3139/10240
Received chunk 3140/10240: fixtures/large_file.bin
2025/04/30 15:22:57 Sent ACK for chunk 3139
2025/04/30 15:22:57 Received ACK for chunk 3140/10240
Received chunk 3141/10240: fixtures/large_file.bin
2025/04/30 15:22:57 Sent ACK for chunk 3140
2025/04/30 15:22:57 Received ACK for chunk 3141/10240
Received chunk 3142/10240: fixtures/large_file.bin
2025/04/30 15:22:57 Sent ACK for chunk 3141
2025/04/30 15:22:57 Received ACK for chunk 3142/10240
Received chunk 3143/10240: fixtures/large_file.bin
2025/04/30 15:22:57 Sent ACK for chunk 3142
2025/04/30 15:22:57 Received ACK for chunk 3143/10240
Received chunk 3144/10240: fixtures/large_file.bin
2025/04/30 15:22:57 Sent ACK for chunk 3143
2025/04/30 15:22:57 Received ACK for chunk 3144/10240
Received chunk 3145/10240: fixtures/large_file.bin
2025/04/30 15:22:57 Sent ACK for chunk 3144
2025/04/30 15:22:57 Received ACK for chunk 3145/10240
Received chunk 3146/10240: fixtures/large_file.bin
2025/04/30 15:22:57 Sent ACK for chunk 3145
2025/04/30 15:22:57 Received ACK for chunk 3146/10240
Received chunk 3147/10240: fixtures/large_file.bin
2025/04/30 15:22:57 Sent ACK for chunk 3146
2025/04/30 15:22:57 Received ACK for chunk 3147/10240
Received chunk 3148/10240: fixtures/large_file.bin
2025/04/30 15:22:57 Sent ACK for chunk 3147
2025/04/30 15:22:57 Received ACK for chunk 3148/10240
Received chunk 3149/10240: fixtures/large_file.bin
2025/04/30 15:22:57 Sent ACK for chunk 3148
2025/04/30 15:22:57 Received ACK for chunk 3149/10240
Received chunk 3150/10240: fixtures/large_file.bin
2025/04/30 15:22:57 Sent ACK for chunk 3149
2025/04/30 15:22:57 Received ACK for chunk 3150/10240
Received chunk 3151/10240: fixtures/large_file.bin
2025/04/30 15:22:57 Sent ACK for chunk 3150
2025/04/30 15:22:57 Received ACK for chunk 3151/10240
Received chunk 3152/10240: fixtures/large_file.bin
2025/04/30 15:22:57 Sent ACK for chunk 3151
2025/04/30 15:22:57 Received ACK for chunk 3152/10240
Received chunk 3153/10240: fixtures/large_file.bin
2025/04/30 15:22:57 Sent ACK for chunk 3152
2025/04/30 15:22:57 Received ACK for chunk 3153/10240
Received chunk 3154/10240: fixtures/large_file.bin
2025/04/30 15:22:57 Sent ACK for chunk 3153
2025/04/30 15:22:57 Received ACK for chunk 3154/10240
Received chunk 3155/10240: fixtures/large_file.bin
2025/04/30 15:22:57 Sent ACK for chunk 3154
2025/04/30 15:22:57 Received ACK for chunk 3155/10240
Received chunk 3156/10240: fixtures/large_file.bin
2025/04/30 15:22:57 Sent ACK for chunk 3155
2025/04/30 15:22:57 Received ACK for chunk 3156/10240
Received chunk 3157/10240: fixtures/large_file.bin
2025/04/30 15:22:57 Sent ACK for chunk 3156
2025/04/30 15:22:57 Received ACK for chunk 3157/10240
Received chunk 3158/10240: fixtures/large_file.bin
2025/04/30 15:22:57 Sent ACK for chunk 3157
2025/04/30 15:22:57 Received ACK for chunk 3158/10240
Received chunk 3159/10240: fixtures/large_file.bin
2025/04/30 15:22:57 Sent ACK for chunk 3158
2025/04/30 15:22:57 Received ACK for chunk 3159/10240
Received chunk 3160/10240: fixtures/large_file.bin
2025/04/30 15:22:57 Sent ACK for chunk 3159
2025/04/30 15:22:57 Received ACK for chunk 3160/10240
Received chunk 3161/10240: fixtures/large_file.bin
2025/04/30 15:22:57 Sent ACK for chunk 3160
2025/04/30 15:22:57 Received ACK for chunk 3161/10240
Received chunk 3162/10240: fixtures/large_file.bin
2025/04/30 15:22:57 Sent ACK for chunk 3161
2025/04/30 15:22:57 Received ACK for chunk 3162/10240
Received chunk 3163/10240: fixtures/large_file.bin
2025/04/30 15:22:57 Sent ACK for chunk 3162
2025/04/30 15:22:57 Received ACK for chunk 3163/10240
Received chunk 3164/10240: fixtures/large_file.bin
2025/04/30 15:22:57 Sent ACK for chunk 3163
2025/04/30 15:22:57 Received ACK for chunk 3164/10240
Received chunk 3165/10240: fixtures/large_file.bin
2025/04/30 15:22:57 Sent ACK for chunk 3164
2025/04/30 15:22:57 Received ACK for chunk 3165/10240
Received chunk 3166/10240: fixtures/large_file.bin
2025/04/30 15:22:57 Sent ACK for chunk 3165
2025/04/30 15:22:57 Received ACK for chunk 3166/10240
Received chunk 3167/10240: fixtures/large_file.bin
2025/04/30 15:22:57 Sent ACK for chunk 3166
2025/04/30 15:22:57 Received ACK for chunk 3167/10240
Received chunk 3168/10240: fixtures/large_file.bin
2025/04/30 15:22:57 Sent ACK for chunk 3167
2025/04/30 15:22:57 Received ACK for chunk 3168/10240
Received chunk 3169/10240: fixtures/large_file.bin
2025/04/30 15:22:57 Sent ACK for chunk 3168
2025/04/30 15:22:57 Received ACK for chunk 3169/10240
Received chunk 3170/10240: fixtures/large_file.bin
2025/04/30 15:22:57 Sent ACK for chunk 3169
2025/04/30 15:22:57 Received ACK for chunk 3170/10240
Received chunk 3171/10240: fixtures/large_file.bin
2025/04/30 15:22:57 Sent ACK for chunk 3170
2025/04/30 15:22:57 Received ACK for chunk 3171/10240
Received chunk 3172/10240: fixtures/large_file.bin
2025/04/30 15:22:57 Sent ACK for chunk 3171
2025/04/30 15:22:57 Received ACK for chunk 3172/10240
Received chunk 3173/10240: fixtures/large_file.bin
2025/04/30 15:22:57 Sent ACK for chunk 3172
2025/04/30 15:22:57 Received ACK for chunk 3173/10240
Received chunk 3174/10240: fixtures/large_file.bin
2025/04/30 15:22:57 Sent ACK for chunk 3173
2025/04/30 15:22:57 Received ACK for chunk 3174/10240
Received chunk 3175/10240: fixtures/large_file.bin
2025/04/30 15:22:57 Sent ACK for chunk 3174
2025/04/30 15:22:57 Received ACK for chunk 3175/10240
Received chunk 3176/10240: fixtures/large_file.bin
2025/04/30 15:22:57 Sent ACK for chunk 3175
2025/04/30 15:22:57 Received ACK for chunk 3176/10240
Received chunk 3177/10240: fixtures/large_file.bin
2025/04/30 15:22:57 Sent ACK for chunk 3176
2025/04/30 15:22:57 Received ACK for chunk 3177/10240
Received chunk 3178/10240: fixtures/large_file.bin
2025/04/30 15:22:57 Sent ACK for chunk 3177
2025/04/30 15:22:57 Received ACK for chunk 3178/10240
Received chunk 3179/10240: fixtures/large_file.bin
2025/04/30 15:22:57 Sent ACK for chunk 3178
2025/04/30 15:22:57 Received ACK for chunk 3179/10240
Received chunk 3180/10240: fixtures/large_file.bin
2025/04/30 15:22:57 Sent ACK for chunk 3179
2025/04/30 15:22:57 Received ACK for chunk 3180/10240
Received chunk 3181/10240: fixtures/large_file.bin
2025/04/30 15:22:57 Sent ACK for chunk 3180
2025/04/30 15:22:57 Received ACK for chunk 3181/10240
Received chunk 3182/10240: fixtures/large_file.bin
2025/04/30 15:22:57 Sent ACK for chunk 3181
2025/04/30 15:22:57 Received ACK for chunk 3182/10240
Received chunk 3183/10240: fixtures/large_file.bin
2025/04/30 15:22:57 Sent ACK for chunk 3182
2025/04/30 15:22:57 Received ACK for chunk 3183/10240
Received chunk 3184/10240: fixtures/large_file.bin
2025/04/30 15:22:57 Sent ACK for chunk 3183
2025/04/30 15:22:57 Received ACK for chunk 3184/10240
Received chunk 3185/10240: fixtures/large_file.bin
2025/04/30 15:22:57 Sent ACK for chunk 3184
2025/04/30 15:22:57 Received ACK for chunk 3185/10240
Received chunk 3186/10240: fixtures/large_file.bin
2025/04/30 15:22:57 Sent ACK for chunk 3185
2025/04/30 15:22:57 Received ACK for chunk 3186/10240
Received chunk 3187/10240: fixtures/large_file.bin
2025/04/30 15:22:57 Sent ACK for chunk 3186
2025/04/30 15:22:57 Received ACK for chunk 3187/10240
Received chunk 3188/10240: fixtures/large_file.bin
2025/04/30 15:22:57 Sent ACK for chunk 3187
2025/04/30 15:22:57 Received ACK for chunk 3188/10240
Received chunk 3189/10240: fixtures/large_file.bin
2025/04/30 15:22:57 Sent ACK for chunk 3188
2025/04/30 15:22:57 Received ACK for chunk 3189/10240
Received chunk 3190/10240: fixtures/large_file.bin
2025/04/30 15:22:57 Sent ACK for chunk 3189
2025/04/30 15:22:57 Received ACK for chunk 3190/10240
Received chunk 3191/10240: fixtures/large_file.bin
2025/04/30 15:22:57 Sent ACK for chunk 3190
2025/04/30 15:22:57 Received ACK for chunk 3191/10240
Received chunk 3192/10240: fixtures/large_file.bin
2025/04/30 15:22:57 Sent ACK for chunk 3191
2025/04/30 15:22:57 Received ACK for chunk 3192/10240
Received chunk 3193/10240: fixtures/large_file.bin
2025/04/30 15:22:57 Sent ACK for chunk 3192
2025/04/30 15:22:57 Received ACK for chunk 3193/10240
Received chunk 3194/10240: fixtures/large_file.bin
2025/04/30 15:22:57 Sent ACK for chunk 3193
2025/04/30 15:22:57 Received ACK for chunk 3194/10240
Received chunk 3195/10240: fixtures/large_file.bin
2025/04/30 15:22:57 Sent ACK for chunk 3194
2025/04/30 15:22:57 Received ACK for chunk 3195/10240
Received chunk 3196/10240: fixtures/large_file.bin
2025/04/30 15:22:57 Sent ACK for chunk 3195
2025/04/30 15:22:57 Received ACK for chunk 3196/10240
Received chunk 3197/10240: fixtures/large_file.bin
2025/04/30 15:22:57 Sent ACK for chunk 3196
2025/04/30 15:22:57 Received ACK for chunk 3197/10240
Received chunk 3198/10240: fixtures/large_file.bin
2025/04/30 15:22:57 Sent ACK for chunk 3197
2025/04/30 15:22:57 Received ACK for chunk 3198/10240
Received chunk 3199/10240: fixtures/large_file.bin
2025/04/30 15:22:57 Sent ACK for chunk 3198
2025/04/30 15:22:57 Received ACK for chunk 3199/10240
Received chunk 3200/10240: fixtures/large_file.bin
2025/04/30 15:22:57 Sent ACK for chunk 3199
2025/04/30 15:22:57 Received ACK for chunk 3200/10240
Received chunk 3201/10240: fixtures/large_file.bin
2025/04/30 15:22:57 Sent ACK for chunk 3200
2025/04/30 15:22:57 Received ACK for chunk 3201/10240
Received chunk 3202/10240: fixtures/large_file.bin
2025/04/30 15:22:57 Sent ACK for chunk 3201
2025/04/30 15:22:57 Received ACK for chunk 3202/10240
Received chunk 3203/10240: fixtures/large_file.bin
2025/04/30 15:22:57 Sent ACK for chunk 3202
2025/04/30 15:22:57 Received ACK for chunk 3203/10240
Received chunk 3204/10240: fixtures/large_file.bin
2025/04/30 15:22:57 Sent ACK for chunk 3203
2025/04/30 15:22:57 Received ACK for chunk 3204/10240
Received chunk 3205/10240: fixtures/large_file.bin
2025/04/30 15:22:57 Sent ACK for chunk 3204
2025/04/30 15:22:57 Received ACK for chunk 3205/10240
Received chunk 3206/10240: fixtures/large_file.bin
2025/04/30 15:22:57 Sent ACK for chunk 3205
2025/04/30 15:22:57 Received ACK for chunk 3206/10240
Received chunk 3207/10240: fixtures/large_file.bin
2025/04/30 15:22:57 Sent ACK for chunk 3206
2025/04/30 15:22:57 Received ACK for chunk 3207/10240
Received chunk 3208/10240: fixtures/large_file.bin
2025/04/30 15:22:57 Sent ACK for chunk 3207
2025/04/30 15:22:57 Received ACK for chunk 3208/10240
Received chunk 3209/10240: fixtures/large_file.bin
2025/04/30 15:22:57 Sent ACK for chunk 3208
2025/04/30 15:22:57 Received ACK for chunk 3209/10240
Received chunk 3210/10240: fixtures/large_file.bin
2025/04/30 15:22:57 Sent ACK for chunk 3209
2025/04/30 15:22:57 Received ACK for chunk 3210/10240
Received chunk 3211/10240: fixtures/large_file.bin
2025/04/30 15:22:57 Sent ACK for chunk 3210
2025/04/30 15:22:57 Received ACK for chunk 3211/10240
Received chunk 3212/10240: fixtures/large_file.bin
2025/04/30 15:22:57 Sent ACK for chunk 3211
2025/04/30 15:22:57 Received ACK for chunk 3212/10240
Received chunk 3213/10240: fixtures/large_file.bin
2025/04/30 15:22:57 Sent ACK for chunk 3212
2025/04/30 15:22:57 Received ACK for chunk 3213/10240
Received chunk 3214/10240: fixtures/large_file.bin
2025/04/30 15:22:57 Sent ACK for chunk 3213
2025/04/30 15:22:57 Received ACK for chunk 3214/10240
Received chunk 3215/10240: fixtures/large_file.bin
2025/04/30 15:22:57 Sent ACK for chunk 3214
2025/04/30 15:22:57 Received ACK for chunk 3215/10240
Received chunk 3216/10240: fixtures/large_file.bin
2025/04/30 15:22:57 Sent ACK for chunk 3215
2025/04/30 15:22:57 Received ACK for chunk 3216/10240
Received chunk 3217/10240: fixtures/large_file.bin
2025/04/30 15:22:57 Sent ACK for chunk 3216
2025/04/30 15:22:57 Received ACK for chunk 3217/10240
Received chunk 3218/10240: fixtures/large_file.bin
2025/04/30 15:22:57 Sent ACK for chunk 3217
2025/04/30 15:22:57 Received ACK for chunk 3218/10240
Received chunk 3219/10240: fixtures/large_file.bin
2025/04/30 15:22:57 Sent ACK for chunk 3218
2025/04/30 15:22:57 Received ACK for chunk 3219/10240
Received chunk 3220/10240: fixtures/large_file.bin
2025/04/30 15:22:57 Sent ACK for chunk 3219
2025/04/30 15:22:57 Received ACK for chunk 3220/10240
Received chunk 3221/10240: fixtures/large_file.bin
2025/04/30 15:22:57 Sent ACK for chunk 3220
2025/04/30 15:22:57 Received ACK for chunk 3221/10240
Received chunk 3222/10240: fixtures/large_file.bin
2025/04/30 15:22:57 Sent ACK for chunk 3221
2025/04/30 15:22:57 Received ACK for chunk 3222/10240
Received chunk 3223/10240: fixtures/large_file.bin
2025/04/30 15:22:57 Sent ACK for chunk 3222
2025/04/30 15:22:57 Received ACK for chunk 3223/10240
Received chunk 3224/10240: fixtures/large_file.bin
2025/04/30 15:22:57 Sent ACK for chunk 3223
2025/04/30 15:22:57 Received ACK for chunk 3224/10240
Received chunk 3225/10240: fixtures/large_file.bin
2025/04/30 15:22:57 Sent ACK for chunk 3224
2025/04/30 15:22:57 Received ACK for chunk 3225/10240
Received chunk 3226/10240: fixtures/large_file.bin
2025/04/30 15:22:57 Sent ACK for chunk 3225
2025/04/30 15:22:57 Received ACK for chunk 3226/10240
Received chunk 3227/10240: fixtures/large_file.bin
2025/04/30 15:22:57 Sent ACK for chunk 3226
2025/04/30 15:22:57 Received ACK for chunk 3227/10240
Received chunk 3228/10240: fixtures/large_file.bin
2025/04/30 15:22:57 Sent ACK for chunk 3227
2025/04/30 15:22:57 Received ACK for chunk 3228/10240
Received chunk 3229/10240: fixtures/large_file.bin
2025/04/30 15:22:57 Sent ACK for chunk 3228
2025/04/30 15:22:57 Received ACK for chunk 3229/10240
Received chunk 3230/10240: fixtures/large_file.bin
2025/04/30 15:22:57 Sent ACK for chunk 3229
2025/04/30 15:22:57 Received ACK for chunk 3230/10240
Received chunk 3231/10240: fixtures/large_file.bin
2025/04/30 15:22:57 Sent ACK for chunk 3230
2025/04/30 15:22:57 Received ACK for chunk 3231/10240
Received chunk 3232/10240: fixtures/large_file.bin
2025/04/30 15:22:57 Sent ACK for chunk 3231
2025/04/30 15:22:57 Received ACK for chunk 3232/10240
Received chunk 3233/10240: fixtures/large_file.bin
2025/04/30 15:22:57 Sent ACK for chunk 3232
2025/04/30 15:22:57 Received ACK for chunk 3233/10240
Received chunk 3234/10240: fixtures/large_file.bin
2025/04/30 15:22:57 Sent ACK for chunk 3233
2025/04/30 15:22:57 Received ACK for chunk 3234/10240
Received chunk 3235/10240: fixtures/large_file.bin
2025/04/30 15:22:57 Sent ACK for chunk 3234
2025/04/30 15:22:57 Received ACK for chunk 3235/10240
Received chunk 3236/10240: fixtures/large_file.bin
2025/04/30 15:22:57 Sent ACK for chunk 3235
2025/04/30 15:22:57 Received ACK for chunk 3236/10240
Received chunk 3237/10240: fixtures/large_file.bin
2025/04/30 15:22:57 Sent ACK for chunk 3236
2025/04/30 15:22:57 Received ACK for chunk 3237/10240
Received chunk 3238/10240: fixtures/large_file.bin
2025/04/30 15:22:57 Sent ACK for chunk 3237
2025/04/30 15:22:57 Received ACK for chunk 3238/10240
Received chunk 3239/10240: fixtures/large_file.bin
2025/04/30 15:22:57 Sent ACK for chunk 3238
2025/04/30 15:22:57 Received ACK for chunk 3239/10240
Received chunk 3240/10240: fixtures/large_file.bin
2025/04/30 15:22:57 Sent ACK for chunk 3239
2025/04/30 15:22:57 Received ACK for chunk 3240/10240
Received chunk 3241/10240: fixtures/large_file.bin
2025/04/30 15:22:57 Sent ACK for chunk 3240
2025/04/30 15:22:57 Received ACK for chunk 3241/10240
Received chunk 3242/10240: fixtures/large_file.bin
2025/04/30 15:22:57 Sent ACK for chunk 3241
2025/04/30 15:22:57 Received ACK for chunk 3242/10240
Received chunk 3243/10240: fixtures/large_file.bin
2025/04/30 15:22:57 Sent ACK for chunk 3242
2025/04/30 15:22:57 Received ACK for chunk 3243/10240
Received chunk 3244/10240: fixtures/large_file.bin
2025/04/30 15:22:57 Sent ACK for chunk 3243
2025/04/30 15:22:57 Received ACK for chunk 3244/10240
Received chunk 3245/10240: fixtures/large_file.bin
2025/04/30 15:22:57 Sent ACK for chunk 3244
2025/04/30 15:22:57 Received ACK for chunk 3245/10240
Received chunk 3246/10240: fixtures/large_file.bin
2025/04/30 15:22:57 Sent ACK for chunk 3245
2025/04/30 15:22:57 Received ACK for chunk 3246/10240
Received chunk 3247/10240: fixtures/large_file.bin
2025/04/30 15:22:57 Sent ACK for chunk 3246
2025/04/30 15:22:57 Received ACK for chunk 3247/10240
Received chunk 3248/10240: fixtures/large_file.bin
2025/04/30 15:22:57 Sent ACK for chunk 3247
2025/04/30 15:22:57 Received ACK for chunk 3248/10240
Received chunk 3249/10240: fixtures/large_file.bin
2025/04/30 15:22:57 Sent ACK for chunk 3248
2025/04/30 15:22:57 Received ACK for chunk 3249/10240
Received chunk 3250/10240: fixtures/large_file.bin
2025/04/30 15:22:57 Sent ACK for chunk 3249
2025/04/30 15:22:57 Received ACK for chunk 3250/10240
Received chunk 3251/10240: fixtures/large_file.bin
2025/04/30 15:22:57 Sent ACK for chunk 3250
2025/04/30 15:22:57 Received ACK for chunk 3251/10240
Received chunk 3252/10240: fixtures/large_file.bin
2025/04/30 15:22:57 Sent ACK for chunk 3251
2025/04/30 15:22:57 Received ACK for chunk 3252/10240
Received chunk 3253/10240: fixtures/large_file.bin
2025/04/30 15:22:57 Sent ACK for chunk 3252
2025/04/30 15:22:57 Received ACK for chunk 3253/10240
Received chunk 3254/10240: fixtures/large_file.bin
2025/04/30 15:22:57 Sent ACK for chunk 3253
2025/04/30 15:22:57 Received ACK for chunk 3254/10240
Received chunk 3255/10240: fixtures/large_file.bin
2025/04/30 15:22:57 Sent ACK for chunk 3254
2025/04/30 15:22:57 Received ACK for chunk 3255/10240
Received chunk 3256/10240: fixtures/large_file.bin
2025/04/30 15:22:57 Sent ACK for chunk 3255
2025/04/30 15:22:57 Received ACK for chunk 3256/10240
Received chunk 3257/10240: fixtures/large_file.bin
2025/04/30 15:22:57 Sent ACK for chunk 3256
2025/04/30 15:22:57 Received ACK for chunk 3257/10240
Received chunk 3258/10240: fixtures/large_file.bin
2025/04/30 15:22:57 Sent ACK for chunk 3257
2025/04/30 15:22:57 Received ACK for chunk 3258/10240
Received chunk 3259/10240: fixtures/large_file.bin
2025/04/30 15:22:57 Sent ACK for chunk 3258
2025/04/30 15:22:57 Received ACK for chunk 3259/10240
Received chunk 3260/10240: fixtures/large_file.bin
2025/04/30 15:22:57 Sent ACK for chunk 3259
2025/04/30 15:22:57 Received ACK for chunk 3260/10240
Received chunk 3261/10240: fixtures/large_file.bin
2025/04/30 15:22:57 Sent ACK for chunk 3260
2025/04/30 15:22:57 Received ACK for chunk 3261/10240
Received chunk 3262/10240: fixtures/large_file.bin
2025/04/30 15:22:57 Sent ACK for chunk 3261
2025/04/30 15:22:57 Received ACK for chunk 3262/10240
Received chunk 3263/10240: fixtures/large_file.bin
2025/04/30 15:22:57 Sent ACK for chunk 3262
2025/04/30 15:22:57 Received ACK for chunk 3263/10240
Received chunk 3264/10240: fixtures/large_file.bin
2025/04/30 15:22:57 Sent ACK for chunk 3263
2025/04/30 15:22:57 Received ACK for chunk 3264/10240
Received chunk 3265/10240: fixtures/large_file.bin
2025/04/30 15:22:57 Sent ACK for chunk 3264
2025/04/30 15:22:57 Received ACK for chunk 3265/10240
Received chunk 3266/10240: fixtures/large_file.bin
2025/04/30 15:22:57 Sent ACK for chunk 3265
2025/04/30 15:22:57 Received ACK for chunk 3266/10240
Received chunk 3267/10240: fixtures/large_file.bin
2025/04/30 15:22:57 Sent ACK for chunk 3266
2025/04/30 15:22:57 Received ACK for chunk 3267/10240
Received chunk 3268/10240: fixtures/large_file.bin
2025/04/30 15:22:57 Sent ACK for chunk 3267
2025/04/30 15:22:57 Received ACK for chunk 3268/10240
Received chunk 3269/10240: fixtures/large_file.bin
2025/04/30 15:22:57 Sent ACK for chunk 3268
2025/04/30 15:22:57 Received ACK for chunk 3269/10240
Received chunk 3270/10240: fixtures/large_file.bin
2025/04/30 15:22:57 Sent ACK for chunk 3269
2025/04/30 15:22:57 Received ACK for chunk 3270/10240
Received chunk 3271/10240: fixtures/large_file.bin
2025/04/30 15:22:57 Sent ACK for chunk 3270
2025/04/30 15:22:57 Received ACK for chunk 3271/10240
Received chunk 3272/10240: fixtures/large_file.bin
2025/04/30 15:22:57 Sent ACK for chunk 3271
2025/04/30 15:22:57 Received ACK for chunk 3272/10240
Received chunk 3273/10240: fixtures/large_file.bin
2025/04/30 15:22:57 Sent ACK for chunk 3272
2025/04/30 15:22:57 Received ACK for chunk 3273/10240
Received chunk 3274/10240: fixtures/large_file.bin
2025/04/30 15:22:57 Sent ACK for chunk 3273
2025/04/30 15:22:57 Received ACK for chunk 3274/10240
Received chunk 3275/10240: fixtures/large_file.bin
2025/04/30 15:22:57 Sent ACK for chunk 3274
2025/04/30 15:22:57 Received ACK for chunk 3275/10240
Received chunk 3276/10240: fixtures/large_file.bin
2025/04/30 15:22:57 Sent ACK for chunk 3275
2025/04/30 15:22:57 Received ACK for chunk 3276/10240
Received chunk 3277/10240: fixtures/large_file.bin
2025/04/30 15:22:57 Sent ACK for chunk 3276
2025/04/30 15:22:57 Received ACK for chunk 3277/10240
Received chunk 3278/10240: fixtures/large_file.bin
2025/04/30 15:22:57 Sent ACK for chunk 3277
2025/04/30 15:22:57 Received ACK for chunk 3278/10240
Received chunk 3279/10240: fixtures/large_file.bin
2025/04/30 15:22:57 Sent ACK for chunk 3278
2025/04/30 15:22:57 Received ACK for chunk 3279/10240
Received chunk 3280/10240: fixtures/large_file.bin
2025/04/30 15:22:57 Sent ACK for chunk 3279
2025/04/30 15:22:57 Received ACK for chunk 3280/10240
Received chunk 3281/10240: fixtures/large_file.bin
2025/04/30 15:22:57 Sent ACK for chunk 3280
2025/04/30 15:22:57 Received ACK for chunk 3281/10240
Received chunk 3282/10240: fixtures/large_file.bin
2025/04/30 15:22:57 Sent ACK for chunk 3281
2025/04/30 15:22:57 Received ACK for chunk 3282/10240
Received chunk 3283/10240: fixtures/large_file.bin
2025/04/30 15:22:57 Sent ACK for chunk 3282
2025/04/30 15:22:57 Received ACK for chunk 3283/10240
Received chunk 3284/10240: fixtures/large_file.bin
2025/04/30 15:22:57 Sent ACK for chunk 3283
2025/04/30 15:22:57 Received ACK for chunk 3284/10240
Received chunk 3285/10240: fixtures/large_file.bin
2025/04/30 15:22:57 Sent ACK for chunk 3284
2025/04/30 15:22:57 Received ACK for chunk 3285/10240
Received chunk 3286/10240: fixtures/large_file.bin
2025/04/30 15:22:57 Sent ACK for chunk 3285
2025/04/30 15:22:57 Received ACK for chunk 3286/10240
Received chunk 3287/10240: fixtures/large_file.bin
2025/04/30 15:22:57 Sent ACK for chunk 3286
2025/04/30 15:22:57 Received ACK for chunk 3287/10240
Received chunk 3288/10240: fixtures/large_file.bin
2025/04/30 15:22:57 Sent ACK for chunk 3287
2025/04/30 15:22:57 Received ACK for chunk 3288/10240
Received chunk 3289/10240: fixtures/large_file.bin
2025/04/30 15:22:57 Sent ACK for chunk 3288
2025/04/30 15:22:57 Received ACK for chunk 3289/10240
Received chunk 3290/10240: fixtures/large_file.bin
2025/04/30 15:22:57 Sent ACK for chunk 3289
2025/04/30 15:22:57 Received ACK for chunk 3290/10240
Received chunk 3291/10240: fixtures/large_file.bin
2025/04/30 15:22:57 Sent ACK for chunk 3290
2025/04/30 15:22:57 Received ACK for chunk 3291/10240
Received chunk 3292/10240: fixtures/large_file.bin
2025/04/30 15:22:57 Sent ACK for chunk 3291
2025/04/30 15:22:57 Received ACK for chunk 3292/10240
Received chunk 3293/10240: fixtures/large_file.bin
2025/04/30 15:22:57 Sent ACK for chunk 3292
2025/04/30 15:22:57 Received ACK for chunk 3293/10240
Received chunk 3294/10240: fixtures/large_file.bin
2025/04/30 15:22:57 Sent ACK for chunk 3293
2025/04/30 15:22:57 Received ACK for chunk 3294/10240
Received chunk 3295/10240: fixtures/large_file.bin
2025/04/30 15:22:57 Sent ACK for chunk 3294
2025/04/30 15:22:57 Received ACK for chunk 3295/10240
Received chunk 3296/10240: fixtures/large_file.bin
2025/04/30 15:22:57 Sent ACK for chunk 3295
2025/04/30 15:22:57 Received ACK for chunk 3296/10240
Received chunk 3297/10240: fixtures/large_file.bin
2025/04/30 15:22:57 Sent ACK for chunk 3296
2025/04/30 15:22:57 Received ACK for chunk 3297/10240
Received chunk 3298/10240: fixtures/large_file.bin
2025/04/30 15:22:57 Sent ACK for chunk 3297
2025/04/30 15:22:57 Received ACK for chunk 3298/10240
Received chunk 3299/10240: fixtures/large_file.bin
2025/04/30 15:22:57 Sent ACK for chunk 3298
2025/04/30 15:22:57 Received ACK for chunk 3299/10240
Received chunk 3300/10240: fixtures/large_file.bin
2025/04/30 15:22:57 Sent ACK for chunk 3299
2025/04/30 15:22:57 Received ACK for chunk 3300/10240
Received chunk 3301/10240: fixtures/large_file.bin
2025/04/30 15:22:57 Sent ACK for chunk 3300
2025/04/30 15:22:57 Received ACK for chunk 3301/10240
Received chunk 3302/10240: fixtures/large_file.bin
2025/04/30 15:22:57 Sent ACK for chunk 3301
2025/04/30 15:22:57 Received ACK for chunk 3302/10240
Received chunk 3303/10240: fixtures/large_file.bin
2025/04/30 15:22:57 Sent ACK for chunk 3302
2025/04/30 15:22:57 Received ACK for chunk 3303/10240
Received chunk 3304/10240: fixtures/large_file.bin
2025/04/30 15:22:57 Sent ACK for chunk 3303
2025/04/30 15:22:57 Received ACK for chunk 3304/10240
Received chunk 3305/10240: fixtures/large_file.bin
2025/04/30 15:22:57 Sent ACK for chunk 3304
2025/04/30 15:22:57 Received ACK for chunk 3305/10240
Received chunk 3306/10240: fixtures/large_file.bin
2025/04/30 15:22:57 Sent ACK for chunk 3305
2025/04/30 15:22:57 Received ACK for chunk 3306/10240
Received chunk 3307/10240: fixtures/large_file.bin
2025/04/30 15:22:57 Sent ACK for chunk 3306
2025/04/30 15:22:57 Received ACK for chunk 3307/10240
Received chunk 3308/10240: fixtures/large_file.bin
2025/04/30 15:22:57 Sent ACK for chunk 3307
2025/04/30 15:22:57 Received ACK for chunk 3308/10240
Received chunk 3309/10240: fixtures/large_file.bin
2025/04/30 15:22:57 Sent ACK for chunk 3308
2025/04/30 15:22:57 Received ACK for chunk 3309/10240
Received chunk 3310/10240: fixtures/large_file.bin
2025/04/30 15:22:57 Sent ACK for chunk 3309
2025/04/30 15:22:57 Received ACK for chunk 3310/10240
Received chunk 3311/10240: fixtures/large_file.bin
2025/04/30 15:22:57 Sent ACK for chunk 3310
2025/04/30 15:22:57 Received ACK for chunk 3311/10240
Received chunk 3312/10240: fixtures/large_file.bin
2025/04/30 15:22:57 Sent ACK for chunk 3311
2025/04/30 15:22:57 Received ACK for chunk 3312/10240
Received chunk 3313/10240: fixtures/large_file.bin
2025/04/30 15:22:57 Sent ACK for chunk 3312
2025/04/30 15:22:57 Received ACK for chunk 3313/10240
Received chunk 3314/10240: fixtures/large_file.bin
2025/04/30 15:22:57 Sent ACK for chunk 3313
2025/04/30 15:22:57 Received ACK for chunk 3314/10240
Received chunk 3315/10240: fixtures/large_file.bin
2025/04/30 15:22:57 Sent ACK for chunk 3314
2025/04/30 15:22:57 Received ACK for chunk 3315/10240
Received chunk 3316/10240: fixtures/large_file.bin
2025/04/30 15:22:57 Sent ACK for chunk 3315
2025/04/30 15:22:57 Received ACK for chunk 3316/10240
Received chunk 3317/10240: fixtures/large_file.bin
2025/04/30 15:22:57 Sent ACK for chunk 3316
2025/04/30 15:22:57 Received ACK for chunk 3317/10240
Received chunk 3318/10240: fixtures/large_file.bin
2025/04/30 15:22:57 Sent ACK for chunk 3317
2025/04/30 15:22:57 Received ACK for chunk 3318/10240
Received chunk 3319/10240: fixtures/large_file.bin
2025/04/30 15:22:57 Sent ACK for chunk 3318
2025/04/30 15:22:57 Received ACK for chunk 3319/10240
Received chunk 3320/10240: fixtures/large_file.bin
2025/04/30 15:22:57 Sent ACK for chunk 3319
2025/04/30 15:22:57 Received ACK for chunk 3320/10240
Received chunk 3321/10240: fixtures/large_file.bin
2025/04/30 15:22:57 Sent ACK for chunk 3320
2025/04/30 15:22:57 Received ACK for chunk 3321/10240
Received chunk 3322/10240: fixtures/large_file.bin
2025/04/30 15:22:57 Sent ACK for chunk 3321
2025/04/30 15:22:57 Received ACK for chunk 3322/10240
Received chunk 3323/10240: fixtures/large_file.bin
2025/04/30 15:22:57 Sent ACK for chunk 3322
2025/04/30 15:22:57 Received ACK for chunk 3323/10240
Received chunk 3324/10240: fixtures/large_file.bin
2025/04/30 15:22:57 Sent ACK for chunk 3323
2025/04/30 15:22:57 Received ACK for chunk 3324/10240
Received chunk 3325/10240: fixtures/large_file.bin
2025/04/30 15:22:57 Sent ACK for chunk 3324
2025/04/30 15:22:57 Received ACK for chunk 3325/10240
Received chunk 3326/10240: fixtures/large_file.bin
2025/04/30 15:22:57 Sent ACK for chunk 3325
2025/04/30 15:22:57 Received ACK for chunk 3326/10240
Received chunk 3327/10240: fixtures/large_file.bin
2025/04/30 15:22:57 Sent ACK for chunk 3326
2025/04/30 15:22:57 Received ACK for chunk 3327/10240
Received chunk 3328/10240: fixtures/large_file.bin
2025/04/30 15:22:57 Sent ACK for chunk 3327
2025/04/30 15:22:57 Received ACK for chunk 3328/10240
Received chunk 3329/10240: fixtures/large_file.bin
2025/04/30 15:22:57 Sent ACK for chunk 3328
2025/04/30 15:22:57 Received ACK for chunk 3329/10240
Received chunk 3330/10240: fixtures/large_file.bin
2025/04/30 15:22:57 Sent ACK for chunk 3329
2025/04/30 15:22:57 Received ACK for chunk 3330/10240
Received chunk 3331/10240: fixtures/large_file.bin
2025/04/30 15:22:57 Sent ACK for chunk 3330
2025/04/30 15:22:57 Received ACK for chunk 3331/10240
Received chunk 3332/10240: fixtures/large_file.bin
2025/04/30 15:22:57 Sent ACK for chunk 3331
2025/04/30 15:22:57 Received ACK for chunk 3332/10240
Received chunk 3333/10240: fixtures/large_file.bin
2025/04/30 15:22:57 Sent ACK for chunk 3332
2025/04/30 15:22:57 Received ACK for chunk 3333/10240
Received chunk 3334/10240: fixtures/large_file.bin
2025/04/30 15:22:57 Sent ACK for chunk 3333
2025/04/30 15:22:57 Received ACK for chunk 3334/10240
Received chunk 3335/10240: fixtures/large_file.bin
2025/04/30 15:22:57 Sent ACK for chunk 3334
2025/04/30 15:22:57 Received ACK for chunk 3335/10240
Received chunk 3336/10240: fixtures/large_file.bin
2025/04/30 15:22:57 Sent ACK for chunk 3335
2025/04/30 15:22:57 Received ACK for chunk 3336/10240
Received chunk 3337/10240: fixtures/large_file.bin
2025/04/30 15:22:57 Sent ACK for chunk 3336
2025/04/30 15:22:57 Received ACK for chunk 3337/10240
Received chunk 3338/10240: fixtures/large_file.bin
2025/04/30 15:22:57 Sent ACK for chunk 3337
2025/04/30 15:22:57 Received ACK for chunk 3338/10240
Received chunk 3339/10240: fixtures/large_file.bin
2025/04/30 15:22:57 Sent ACK for chunk 3338
2025/04/30 15:22:57 Received ACK for chunk 3339/10240
Received chunk 3340/10240: fixtures/large_file.bin
2025/04/30 15:22:57 Sent ACK for chunk 3339
2025/04/30 15:22:57 Received ACK for chunk 3340/10240
Received chunk 3341/10240: fixtures/large_file.bin
2025/04/30 15:22:57 Sent ACK for chunk 3340
2025/04/30 15:22:57 Received ACK for chunk 3341/10240
Received chunk 3342/10240: fixtures/large_file.bin
2025/04/30 15:22:57 Sent ACK for chunk 3341
2025/04/30 15:22:57 Received ACK for chunk 3342/10240
Received chunk 3343/10240: fixtures/large_file.bin
2025/04/30 15:22:57 Sent ACK for chunk 3342
2025/04/30 15:22:57 Received ACK for chunk 3343/10240
Received chunk 3344/10240: fixtures/large_file.bin
2025/04/30 15:22:57 Sent ACK for chunk 3343
2025/04/30 15:22:57 Received ACK for chunk 3344/10240
Received chunk 3345/10240: fixtures/large_file.bin
2025/04/30 15:22:57 Sent ACK for chunk 3344
2025/04/30 15:22:57 Received ACK for chunk 3345/10240
Received chunk 3346/10240: fixtures/large_file.bin
2025/04/30 15:22:57 Sent ACK for chunk 3345
2025/04/30 15:22:57 Received ACK for chunk 3346/10240
Received chunk 3347/10240: fixtures/large_file.bin
2025/04/30 15:22:57 Sent ACK for chunk 3346
2025/04/30 15:22:57 Received ACK for chunk 3347/10240
Received chunk 3348/10240: fixtures/large_file.bin
2025/04/30 15:22:57 Sent ACK for chunk 3347
2025/04/30 15:22:57 Received ACK for chunk 3348/10240
Received chunk 3349/10240: fixtures/large_file.bin
2025/04/30 15:22:57 Sent ACK for chunk 3348
2025/04/30 15:22:57 Received ACK for chunk 3349/10240
Received chunk 3350/10240: fixtures/large_file.bin
2025/04/30 15:22:57 Sent ACK for chunk 3349
2025/04/30 15:22:57 Received ACK for chunk 3350/10240
Received chunk 3351/10240: fixtures/large_file.bin
2025/04/30 15:22:57 Sent ACK for chunk 3350
2025/04/30 15:22:57 Received ACK for chunk 3351/10240
Received chunk 3352/10240: fixtures/large_file.bin
2025/04/30 15:22:57 Sent ACK for chunk 3351
2025/04/30 15:22:57 Received ACK for chunk 3352/10240
Received chunk 3353/10240: fixtures/large_file.bin
2025/04/30 15:22:57 Sent ACK for chunk 3352
2025/04/30 15:22:57 Received ACK for chunk 3353/10240
Received chunk 3354/10240: fixtures/large_file.bin
2025/04/30 15:22:57 Sent ACK for chunk 3353
2025/04/30 15:22:57 Received ACK for chunk 3354/10240
Received chunk 3355/10240: fixtures/large_file.bin
2025/04/30 15:22:57 Sent ACK for chunk 3354
2025/04/30 15:22:57 Received ACK for chunk 3355/10240
Received chunk 3356/10240: fixtures/large_file.bin
2025/04/30 15:22:57 Sent ACK for chunk 3355
2025/04/30 15:22:57 Received ACK for chunk 3356/10240
Received chunk 3357/10240: fixtures/large_file.bin
2025/04/30 15:22:57 Sent ACK for chunk 3356
2025/04/30 15:22:57 Received ACK for chunk 3357/10240
Received chunk 3358/10240: fixtures/large_file.bin
2025/04/30 15:22:57 Sent ACK for chunk 3357
2025/04/30 15:22:57 Received ACK for chunk 3358/10240
Received chunk 3359/10240: fixtures/large_file.bin
2025/04/30 15:22:57 Sent ACK for chunk 3358
2025/04/30 15:22:57 Received ACK for chunk 3359/10240
Received chunk 3360/10240: fixtures/large_file.bin
2025/04/30 15:22:57 Sent ACK for chunk 3359
2025/04/30 15:22:57 Received ACK for chunk 3360/10240
Received chunk 3361/10240: fixtures/large_file.bin
2025/04/30 15:22:57 Sent ACK for chunk 3360
2025/04/30 15:22:57 Received ACK for chunk 3361/10240
Received chunk 3362/10240: fixtures/large_file.bin
2025/04/30 15:22:57 Sent ACK for chunk 3361
2025/04/30 15:22:57 Received ACK for chunk 3362/10240
Received chunk 3363/10240: fixtures/large_file.bin
2025/04/30 15:22:57 Sent ACK for chunk 3362
2025/04/30 15:22:57 Received ACK for chunk 3363/10240
Received chunk 3364/10240: fixtures/large_file.bin
2025/04/30 15:22:57 Sent ACK for chunk 3363
2025/04/30 15:22:57 Received ACK for chunk 3364/10240
Received chunk 3365/10240: fixtures/large_file.bin
2025/04/30 15:22:57 Sent ACK for chunk 3364
2025/04/30 15:22:57 Received ACK for chunk 3365/10240
Received chunk 3366/10240: fixtures/large_file.bin
2025/04/30 15:22:57 Sent ACK for chunk 3365
2025/04/30 15:22:57 Received ACK for chunk 3366/10240
Received chunk 3367/10240: fixtures/large_file.bin
2025/04/30 15:22:57 Sent ACK for chunk 3366
2025/04/30 15:22:57 Received ACK for chunk 3367/10240
Received chunk 3368/10240: fixtures/large_file.bin
2025/04/30 15:22:57 Sent ACK for chunk 3367
2025/04/30 15:22:57 Received ACK for chunk 3368/10240
Received chunk 3369/10240: fixtures/large_file.bin
2025/04/30 15:22:57 Sent ACK for chunk 3368
2025/04/30 15:22:57 Received ACK for chunk 3369/10240
Received chunk 3370/10240: fixtures/large_file.bin
2025/04/30 15:22:57 Sent ACK for chunk 3369
2025/04/30 15:22:57 Received ACK for chunk 3370/10240
Received chunk 3371/10240: fixtures/large_file.bin
2025/04/30 15:22:57 Sent ACK for chunk 3370
2025/04/30 15:22:57 Received ACK for chunk 3371/10240
Received chunk 3372/10240: fixtures/large_file.bin
2025/04/30 15:22:57 Sent ACK for chunk 3371
2025/04/30 15:22:57 Received ACK for chunk 3372/10240
Received chunk 3373/10240: fixtures/large_file.bin
2025/04/30 15:22:57 Sent ACK for chunk 3372
2025/04/30 15:22:57 Received ACK for chunk 3373/10240
Received chunk 3374/10240: fixtures/large_file.bin
2025/04/30 15:22:57 Sent ACK for chunk 3373
2025/04/30 15:22:57 Received ACK for chunk 3374/10240
Received chunk 3375/10240: fixtures/large_file.bin
2025/04/30 15:22:57 Sent ACK for chunk 3374
2025/04/30 15:22:57 Received ACK for chunk 3375/10240
Received chunk 3376/10240: fixtures/large_file.bin
2025/04/30 15:22:57 Sent ACK for chunk 3375
2025/04/30 15:22:57 Received ACK for chunk 3376/10240
Received chunk 3377/10240: fixtures/large_file.bin
2025/04/30 15:22:57 Sent ACK for chunk 3376
2025/04/30 15:22:57 Received ACK for chunk 3377/10240
Received chunk 3378/10240: fixtures/large_file.bin
2025/04/30 15:22:57 Sent ACK for chunk 3377
2025/04/30 15:22:57 Received ACK for chunk 3378/10240
Received chunk 3379/10240: fixtures/large_file.bin
2025/04/30 15:22:57 Sent ACK for chunk 3378
2025/04/30 15:22:57 Received ACK for chunk 3379/10240
Received chunk 3380/10240: fixtures/large_file.bin
2025/04/30 15:22:57 Sent ACK for chunk 3379
2025/04/30 15:22:57 Received ACK for chunk 3380/10240
Received chunk 3381/10240: fixtures/large_file.bin
2025/04/30 15:22:57 Sent ACK for chunk 3380
2025/04/30 15:22:57 Received ACK for chunk 3381/10240
Received chunk 3382/10240: fixtures/large_file.bin
2025/04/30 15:22:57 Sent ACK for chunk 3381
2025/04/30 15:22:57 Received ACK for chunk 3382/10240
Received chunk 3383/10240: fixtures/large_file.bin
2025/04/30 15:22:57 Sent ACK for chunk 3382
2025/04/30 15:22:57 Received ACK for chunk 3383/10240
Received chunk 3384/10240: fixtures/large_file.bin
2025/04/30 15:22:57 Sent ACK for chunk 3383
2025/04/30 15:22:57 Received ACK for chunk 3384/10240
Received chunk 3385/10240: fixtures/large_file.bin
2025/04/30 15:22:57 Sent ACK for chunk 3384
2025/04/30 15:22:57 Received ACK for chunk 3385/10240
Received chunk 3386/10240: fixtures/large_file.bin
2025/04/30 15:22:57 Sent ACK for chunk 3385
2025/04/30 15:22:57 Received ACK for chunk 3386/10240
Received chunk 3387/10240: fixtures/large_file.bin
2025/04/30 15:22:57 Sent ACK for chunk 3386
2025/04/30 15:22:57 Received ACK for chunk 3387/10240
Received chunk 3388/10240: fixtures/large_file.bin
2025/04/30 15:22:57 Sent ACK for chunk 3387
2025/04/30 15:22:57 Received ACK for chunk 3388/10240
Received chunk 3389/10240: fixtures/large_file.bin
2025/04/30 15:22:57 Sent ACK for chunk 3388
2025/04/30 15:22:57 Received ACK for chunk 3389/10240
Received chunk 3390/10240: fixtures/large_file.bin
2025/04/30 15:22:57 Sent ACK for chunk 3389
2025/04/30 15:22:57 Received ACK for chunk 3390/10240
Received chunk 3391/10240: fixtures/large_file.bin
2025/04/30 15:22:57 Sent ACK for chunk 3390
2025/04/30 15:22:57 Received ACK for chunk 3391/10240
Received chunk 3392/10240: fixtures/large_file.bin
2025/04/30 15:22:57 Sent ACK for chunk 3391
2025/04/30 15:22:57 Received ACK for chunk 3392/10240
Received chunk 3393/10240: fixtures/large_file.bin
2025/04/30 15:22:57 Sent ACK for chunk 3392
2025/04/30 15:22:57 Received ACK for chunk 3393/10240
Received chunk 3394/10240: fixtures/large_file.bin
2025/04/30 15:22:57 Sent ACK for chunk 3393
2025/04/30 15:22:57 Received ACK for chunk 3394/10240
Received chunk 3395/10240: fixtures/large_file.bin
2025/04/30 15:22:57 Sent ACK for chunk 3394
2025/04/30 15:22:57 Received ACK for chunk 3395/10240
Received chunk 3396/10240: fixtures/large_file.bin
2025/04/30 15:22:57 Sent ACK for chunk 3395
2025/04/30 15:22:57 Received ACK for chunk 3396/10240
Received chunk 3397/10240: fixtures/large_file.bin
2025/04/30 15:22:57 Sent ACK for chunk 3396
2025/04/30 15:22:57 Received ACK for chunk 3397/10240
Received chunk 3398/10240: fixtures/large_file.bin
2025/04/30 15:22:57 Sent ACK for chunk 3397
2025/04/30 15:22:57 Received ACK for chunk 3398/10240
Received chunk 3399/10240: fixtures/large_file.bin
2025/04/30 15:22:57 Sent ACK for chunk 3398
2025/04/30 15:22:57 Received ACK for chunk 3399/10240
Received chunk 3400/10240: fixtures/large_file.bin
2025/04/30 15:22:57 Sent ACK for chunk 3399
2025/04/30 15:22:57 Received ACK for chunk 3400/10240
Received chunk 3401/10240: fixtures/large_file.bin
2025/04/30 15:22:57 Sent ACK for chunk 3400
2025/04/30 15:22:57 Received ACK for chunk 3401/10240
Received chunk 3402/10240: fixtures/large_file.bin
2025/04/30 15:22:57 Sent ACK for chunk 3401
2025/04/30 15:22:57 Received ACK for chunk 3402/10240
Received chunk 3403/10240: fixtures/large_file.bin
2025/04/30 15:22:57 Sent ACK for chunk 3402
2025/04/30 15:22:57 Received ACK for chunk 3403/10240
Received chunk 3404/10240: fixtures/large_file.bin
2025/04/30 15:22:57 Sent ACK for chunk 3403
2025/04/30 15:22:57 Received ACK for chunk 3404/10240
Received chunk 3405/10240: fixtures/large_file.bin
2025/04/30 15:22:57 Sent ACK for chunk 3404
2025/04/30 15:22:57 Received ACK for chunk 3405/10240
Received chunk 3406/10240: fixtures/large_file.bin
2025/04/30 15:22:57 Sent ACK for chunk 3405
2025/04/30 15:22:57 Received ACK for chunk 3406/10240
Received chunk 3407/10240: fixtures/large_file.bin
2025/04/30 15:22:57 Sent ACK for chunk 3406
2025/04/30 15:22:57 Received ACK for chunk 3407/10240
Received chunk 3408/10240: fixtures/large_file.bin
2025/04/30 15:22:57 Sent ACK for chunk 3407
2025/04/30 15:22:57 Received ACK for chunk 3408/10240
Received chunk 3409/10240: fixtures/large_file.bin
2025/04/30 15:22:57 Sent ACK for chunk 3408
2025/04/30 15:22:57 Received ACK for chunk 3409/10240
Received chunk 3410/10240: fixtures/large_file.bin
2025/04/30 15:22:57 Sent ACK for chunk 3409
2025/04/30 15:22:57 Received ACK for chunk 3410/10240
Received chunk 3411/10240: fixtures/large_file.bin
2025/04/30 15:22:57 Sent ACK for chunk 3410
2025/04/30 15:22:57 Received ACK for chunk 3411/10240
Received chunk 3412/10240: fixtures/large_file.bin
2025/04/30 15:22:57 Sent ACK for chunk 3411
2025/04/30 15:22:57 Received ACK for chunk 3412/10240
Received chunk 3413/10240: fixtures/large_file.bin
2025/04/30 15:22:57 Sent ACK for chunk 3412
2025/04/30 15:22:57 Received ACK for chunk 3413/10240
Received chunk 3414/10240: fixtures/large_file.bin
2025/04/30 15:22:57 Sent ACK for chunk 3413
2025/04/30 15:22:57 Received ACK for chunk 3414/10240
Received chunk 3415/10240: fixtures/large_file.bin
2025/04/30 15:22:57 Sent ACK for chunk 3414
2025/04/30 15:22:57 Received ACK for chunk 3415/10240
Received chunk 3416/10240: fixtures/large_file.bin
2025/04/30 15:22:57 Sent ACK for chunk 3415
2025/04/30 15:22:57 Received ACK for chunk 3416/10240
Received chunk 3417/10240: fixtures/large_file.bin
2025/04/30 15:22:57 Sent ACK for chunk 3416
2025/04/30 15:22:57 Received ACK for chunk 3417/10240
Received chunk 3418/10240: fixtures/large_file.bin
2025/04/30 15:22:57 Sent ACK for chunk 3417
2025/04/30 15:22:57 Received ACK for chunk 3418/10240
Received chunk 3419/10240: fixtures/large_file.bin
2025/04/30 15:22:57 Sent ACK for chunk 3418
2025/04/30 15:22:57 Received ACK for chunk 3419/10240
Received chunk 3420/10240: fixtures/large_file.bin
2025/04/30 15:22:57 Sent ACK for chunk 3419
2025/04/30 15:22:57 Received ACK for chunk 3420/10240
Received chunk 3421/10240: fixtures/large_file.bin
2025/04/30 15:22:57 Sent ACK for chunk 3420
2025/04/30 15:22:57 Received ACK for chunk 3421/10240
Received chunk 3422/10240: fixtures/large_file.bin
2025/04/30 15:22:57 Sent ACK for chunk 3421
2025/04/30 15:22:57 Received ACK for chunk 3422/10240
Received chunk 3423/10240: fixtures/large_file.bin
2025/04/30 15:22:57 Sent ACK for chunk 3422
2025/04/30 15:22:57 Received ACK for chunk 3423/10240
Received chunk 3424/10240: fixtures/large_file.bin
2025/04/30 15:22:57 Sent ACK for chunk 3423
2025/04/30 15:22:57 Received ACK for chunk 3424/10240
Received chunk 3425/10240: fixtures/large_file.bin
2025/04/30 15:22:57 Sent ACK for chunk 3424
2025/04/30 15:22:57 Received ACK for chunk 3425/10240
Received chunk 3426/10240: fixtures/large_file.bin
2025/04/30 15:22:57 Sent ACK for chunk 3425
2025/04/30 15:22:57 Received ACK for chunk 3426/10240
Received chunk 3427/10240: fixtures/large_file.bin
2025/04/30 15:22:57 Sent ACK for chunk 3426
2025/04/30 15:22:57 Received ACK for chunk 3427/10240
Received chunk 3428/10240: fixtures/large_file.bin
2025/04/30 15:22:57 Sent ACK for chunk 3427
2025/04/30 15:22:57 Received ACK for chunk 3428/10240
Received chunk 3429/10240: fixtures/large_file.bin
2025/04/30 15:22:57 Sent ACK for chunk 3428
2025/04/30 15:22:57 Received ACK for chunk 3429/10240
Received chunk 3430/10240: fixtures/large_file.bin
2025/04/30 15:22:57 Sent ACK for chunk 3429
2025/04/30 15:22:57 Received ACK for chunk 3430/10240
Received chunk 3431/10240: fixtures/large_file.bin
2025/04/30 15:22:57 Sent ACK for chunk 3430
2025/04/30 15:22:57 Received ACK for chunk 3431/10240
Received chunk 3432/10240: fixtures/large_file.bin
2025/04/30 15:22:57 Sent ACK for chunk 3431
2025/04/30 15:22:57 Received ACK for chunk 3432/10240
Received chunk 3433/10240: fixtures/large_file.bin
2025/04/30 15:22:57 Sent ACK for chunk 3432
2025/04/30 15:22:57 Received ACK for chunk 3433/10240
Received chunk 3434/10240: fixtures/large_file.bin
2025/04/30 15:22:57 Sent ACK for chunk 3433
2025/04/30 15:22:57 Received ACK for chunk 3434/10240
Received chunk 3435/10240: fixtures/large_file.bin
2025/04/30 15:22:57 Sent ACK for chunk 3434
2025/04/30 15:22:57 Received ACK for chunk 3435/10240
Received chunk 3436/10240: fixtures/large_file.bin
2025/04/30 15:22:57 Sent ACK for chunk 3435
2025/04/30 15:22:57 Received ACK for chunk 3436/10240
Received chunk 3437/10240: fixtures/large_file.bin
2025/04/30 15:22:57 Sent ACK for chunk 3436
2025/04/30 15:22:57 Received ACK for chunk 3437/10240
Received chunk 3438/10240: fixtures/large_file.bin
2025/04/30 15:22:57 Sent ACK for chunk 3437
2025/04/30 15:22:57 Received ACK for chunk 3438/10240
Received chunk 3439/10240: fixtures/large_file.bin
2025/04/30 15:22:57 Sent ACK for chunk 3438
2025/04/30 15:22:57 Received ACK for chunk 3439/10240
Received chunk 3440/10240: fixtures/large_file.bin
2025/04/30 15:22:57 Sent ACK for chunk 3439
2025/04/30 15:22:57 Received ACK for chunk 3440/10240
Received chunk 3441/10240: fixtures/large_file.bin
2025/04/30 15:22:57 Sent ACK for chunk 3440
2025/04/30 15:22:57 Received ACK for chunk 3441/10240
Received chunk 3442/10240: fixtures/large_file.bin
2025/04/30 15:22:57 Sent ACK for chunk 3441
2025/04/30 15:22:57 Received ACK for chunk 3442/10240
Received chunk 3443/10240: fixtures/large_file.bin
2025/04/30 15:22:57 Sent ACK for chunk 3442
2025/04/30 15:22:57 Received ACK for chunk 3443/10240
Received chunk 3444/10240: fixtures/large_file.bin
2025/04/30 15:22:57 Sent ACK for chunk 3443
2025/04/30 15:22:57 Received ACK for chunk 3444/10240
Received chunk 3445/10240: fixtures/large_file.bin
2025/04/30 15:22:57 Sent ACK for chunk 3444
2025/04/30 15:22:57 Received ACK for chunk 3445/10240
Received chunk 3446/10240: fixtures/large_file.bin
2025/04/30 15:22:57 Sent ACK for chunk 3445
2025/04/30 15:22:57 Received ACK for chunk 3446/10240
Received chunk 3447/10240: fixtures/large_file.bin
2025/04/30 15:22:57 Sent ACK for chunk 3446
2025/04/30 15:22:57 Received ACK for chunk 3447/10240
Received chunk 3448/10240: fixtures/large_file.bin
2025/04/30 15:22:57 Sent ACK for chunk 3447
2025/04/30 15:22:57 Received ACK for chunk 3448/10240
Received chunk 3449/10240: fixtures/large_file.bin
2025/04/30 15:22:57 Sent ACK for chunk 3448
2025/04/30 15:22:57 Received ACK for chunk 3449/10240
Received chunk 3450/10240: fixtures/large_file.bin
2025/04/30 15:22:57 Sent ACK for chunk 3449
2025/04/30 15:22:57 Received ACK for chunk 3450/10240
Received chunk 3451/10240: fixtures/large_file.bin
2025/04/30 15:22:57 Sent ACK for chunk 3450
2025/04/30 15:22:57 Received ACK for chunk 3451/10240
Received chunk 3452/10240: fixtures/large_file.bin
2025/04/30 15:22:57 Sent ACK for chunk 3451
2025/04/30 15:22:57 Received ACK for chunk 3452/10240
Received chunk 3453/10240: fixtures/large_file.bin
2025/04/30 15:22:57 Sent ACK for chunk 3452
2025/04/30 15:22:57 Received ACK for chunk 3453/10240
Received chunk 3454/10240: fixtures/large_file.bin
2025/04/30 15:22:57 Sent ACK for chunk 3453
2025/04/30 15:22:57 Received ACK for chunk 3454/10240
Received chunk 3455/10240: fixtures/large_file.bin
2025/04/30 15:22:57 Sent ACK for chunk 3454
2025/04/30 15:22:57 Received ACK for chunk 3455/10240
Received chunk 3456/10240: fixtures/large_file.bin
2025/04/30 15:22:57 Sent ACK for chunk 3455
2025/04/30 15:22:57 Received ACK for chunk 3456/10240
Received chunk 3457/10240: fixtures/large_file.bin
2025/04/30 15:22:57 Sent ACK for chunk 3456
2025/04/30 15:22:57 Received ACK for chunk 3457/10240
Received chunk 3458/10240: fixtures/large_file.bin
2025/04/30 15:22:57 Sent ACK for chunk 3457
2025/04/30 15:22:57 Received ACK for chunk 3458/10240
Received chunk 3459/10240: fixtures/large_file.bin
2025/04/30 15:22:57 Sent ACK for chunk 3458
2025/04/30 15:22:57 Received ACK for chunk 3459/10240
Received chunk 3460/10240: fixtures/large_file.bin
2025/04/30 15:22:57 Sent ACK for chunk 3459
2025/04/30 15:22:57 Received ACK for chunk 3460/10240
Received chunk 3461/10240: fixtures/large_file.bin
2025/04/30 15:22:57 Sent ACK for chunk 3460
2025/04/30 15:22:57 Received ACK for chunk 3461/10240
Received chunk 3462/10240: fixtures/large_file.bin
2025/04/30 15:22:57 Sent ACK for chunk 3461
2025/04/30 15:22:57 Received ACK for chunk 3462/10240
Received chunk 3463/10240: fixtures/large_file.bin
2025/04/30 15:22:57 Sent ACK for chunk 3462
2025/04/30 15:22:57 Received ACK for chunk 3463/10240
Received chunk 3464/10240: fixtures/large_file.bin
2025/04/30 15:22:57 Sent ACK for chunk 3463
2025/04/30 15:22:57 Received ACK for chunk 3464/10240
Received chunk 3465/10240: fixtures/large_file.bin
2025/04/30 15:22:57 Sent ACK for chunk 3464
2025/04/30 15:22:57 Received ACK for chunk 3465/10240
Received chunk 3466/10240: fixtures/large_file.bin
2025/04/30 15:22:57 Sent ACK for chunk 3465
2025/04/30 15:22:57 Received ACK for chunk 3466/10240
Received chunk 3467/10240: fixtures/large_file.bin
2025/04/30 15:22:57 Sent ACK for chunk 3466
2025/04/30 15:22:57 Received ACK for chunk 3467/10240
Received chunk 3468/10240: fixtures/large_file.bin
2025/04/30 15:22:57 Sent ACK for chunk 3467
2025/04/30 15:22:57 Received ACK for chunk 3468/10240
Received chunk 3469/10240: fixtures/large_file.bin
2025/04/30 15:22:57 Sent ACK for chunk 3468
2025/04/30 15:22:57 Received ACK for chunk 3469/10240
Received chunk 3470/10240: fixtures/large_file.bin
2025/04/30 15:22:57 Sent ACK for chunk 3469
2025/04/30 15:22:57 Received ACK for chunk 3470/10240
Received chunk 3471/10240: fixtures/large_file.bin
2025/04/30 15:22:57 Sent ACK for chunk 3470
2025/04/30 15:22:57 Received ACK for chunk 3471/10240
Received chunk 3472/10240: fixtures/large_file.bin
2025/04/30 15:22:57 Sent ACK for chunk 3471
2025/04/30 15:22:57 Received ACK for chunk 3472/10240
Received chunk 3473/10240: fixtures/large_file.bin
2025/04/30 15:22:57 Sent ACK for chunk 3472
2025/04/30 15:22:57 Received ACK for chunk 3473/10240
Received chunk 3474/10240: fixtures/large_file.bin
2025/04/30 15:22:57 Sent ACK for chunk 3473
2025/04/30 15:22:57 Received ACK for chunk 3474/10240
Received chunk 3475/10240: fixtures/large_file.bin
2025/04/30 15:22:57 Sent ACK for chunk 3474
2025/04/30 15:22:57 Received ACK for chunk 3475/10240
Received chunk 3476/10240: fixtures/large_file.bin
2025/04/30 15:22:57 Sent ACK for chunk 3475
2025/04/30 15:22:57 Received ACK for chunk 3476/10240
Received chunk 3477/10240: fixtures/large_file.bin
2025/04/30 15:22:57 Sent ACK for chunk 3476
2025/04/30 15:22:57 Received ACK for chunk 3477/10240
Received chunk 3478/10240: fixtures/large_file.bin
2025/04/30 15:22:57 Sent ACK for chunk 3477
2025/04/30 15:22:57 Received ACK for chunk 3478/10240
Received chunk 3479/10240: fixtures/large_file.bin
2025/04/30 15:22:57 Sent ACK for chunk 3478
2025/04/30 15:22:57 Received ACK for chunk 3479/10240
Received chunk 3480/10240: fixtures/large_file.bin
2025/04/30 15:22:57 Sent ACK for chunk 3479
2025/04/30 15:22:57 Received ACK for chunk 3480/10240
Received chunk 3481/10240: fixtures/large_file.bin
2025/04/30 15:22:57 Sent ACK for chunk 3480
2025/04/30 15:22:57 Received ACK for chunk 3481/10240
Received chunk 3482/10240: fixtures/large_file.bin
2025/04/30 15:22:57 Sent ACK for chunk 3481
2025/04/30 15:22:57 Received ACK for chunk 3482/10240
Received chunk 3483/10240: fixtures/large_file.bin
2025/04/30 15:22:57 Sent ACK for chunk 3482
2025/04/30 15:22:57 Received ACK for chunk 3483/10240
Received chunk 3484/10240: fixtures/large_file.bin
2025/04/30 15:22:57 Sent ACK for chunk 3483
2025/04/30 15:22:57 Received ACK for chunk 3484/10240
Received chunk 3485/10240: fixtures/large_file.bin
2025/04/30 15:22:57 Sent ACK for chunk 3484
2025/04/30 15:22:57 Received ACK for chunk 3485/10240
Received chunk 3486/10240: fixtures/large_file.bin
2025/04/30 15:22:57 Sent ACK for chunk 3485
2025/04/30 15:22:57 Received ACK for chunk 3486/10240
Received chunk 3487/10240: fixtures/large_file.bin
2025/04/30 15:22:57 Sent ACK for chunk 3486
2025/04/30 15:22:57 Received ACK for chunk 3487/10240
Received chunk 3488/10240: fixtures/large_file.bin
2025/04/30 15:22:57 Sent ACK for chunk 3487
2025/04/30 15:22:57 Received ACK for chunk 3488/10240
Received chunk 3489/10240: fixtures/large_file.bin
2025/04/30 15:22:57 Sent ACK for chunk 3488
2025/04/30 15:22:57 Received ACK for chunk 3489/10240
Received chunk 3490/10240: fixtures/large_file.bin
2025/04/30 15:22:57 Sent ACK for chunk 3489
2025/04/30 15:22:57 Received ACK for chunk 3490/10240
Received chunk 3491/10240: fixtures/large_file.bin
2025/04/30 15:22:57 Sent ACK for chunk 3490
2025/04/30 15:22:57 Received ACK for chunk 3491/10240
Received chunk 3492/10240: fixtures/large_file.bin
2025/04/30 15:22:57 Sent ACK for chunk 3491
2025/04/30 15:22:57 Received ACK for chunk 3492/10240
Received chunk 3493/10240: fixtures/large_file.bin
2025/04/30 15:22:57 Sent ACK for chunk 3492
2025/04/30 15:22:57 Received ACK for chunk 3493/10240
Received chunk 3494/10240: fixtures/large_file.bin
2025/04/30 15:22:57 Sent ACK for chunk 3493
2025/04/30 15:22:57 Received ACK for chunk 3494/10240
Received chunk 3495/10240: fixtures/large_file.bin
2025/04/30 15:22:57 Sent ACK for chunk 3494
2025/04/30 15:22:57 Received ACK for chunk 3495/10240
Received chunk 3496/10240: fixtures/large_file.bin
2025/04/30 15:22:57 Sent ACK for chunk 3495
2025/04/30 15:22:57 Received ACK for chunk 3496/10240
Received chunk 3497/10240: fixtures/large_file.bin
2025/04/30 15:22:57 Sent ACK for chunk 3496
2025/04/30 15:22:57 Received ACK for chunk 3497/10240
Received chunk 3498/10240: fixtures/large_file.bin
2025/04/30 15:22:57 Sent ACK for chunk 3497
2025/04/30 15:22:57 Received ACK for chunk 3498/10240
Received chunk 3499/10240: fixtures/large_file.bin
2025/04/30 15:22:57 Sent ACK for chunk 3498
2025/04/30 15:22:57 Received ACK for chunk 3499/10240
Received chunk 3500/10240: fixtures/large_file.bin
2025/04/30 15:22:57 Sent ACK for chunk 3499
2025/04/30 15:22:57 Received ACK for chunk 3500/10240
Received chunk 3501/10240: fixtures/large_file.bin
2025/04/30 15:22:57 Sent ACK for chunk 3500
2025/04/30 15:22:57 Received ACK for chunk 3501/10240
Received chunk 3502/10240: fixtures/large_file.bin
2025/04/30 15:22:57 Sent ACK for chunk 3501
2025/04/30 15:22:57 Received ACK for chunk 3502/10240
Received chunk 3503/10240: fixtures/large_file.bin
2025/04/30 15:22:57 Sent ACK for chunk 3502
2025/04/30 15:22:57 Received ACK for chunk 3503/10240
Received chunk 3504/10240: fixtures/large_file.bin
2025/04/30 15:22:57 Sent ACK for chunk 3503
2025/04/30 15:22:57 Received ACK for chunk 3504/10240
Received chunk 3505/10240: fixtures/large_file.bin
2025/04/30 15:22:57 Sent ACK for chunk 3504
2025/04/30 15:22:57 Received ACK for chunk 3505/10240
Received chunk 3506/10240: fixtures/large_file.bin
2025/04/30 15:22:57 Sent ACK for chunk 3505
2025/04/30 15:22:57 Received ACK for chunk 3506/10240
Received chunk 3507/10240: fixtures/large_file.bin
2025/04/30 15:22:57 Sent ACK for chunk 3506
2025/04/30 15:22:57 Received ACK for chunk 3507/10240
Received chunk 3508/10240: fixtures/large_file.bin
2025/04/30 15:22:57 Sent ACK for chunk 3507
2025/04/30 15:22:57 Received ACK for chunk 3508/10240
Received chunk 3509/10240: fixtures/large_file.bin
2025/04/30 15:22:57 Sent ACK for chunk 3508
2025/04/30 15:22:57 Received ACK for chunk 3509/10240
Received chunk 3510/10240: fixtures/large_file.bin
2025/04/30 15:22:57 Sent ACK for chunk 3509
2025/04/30 15:22:57 Received ACK for chunk 3510/10240
Received chunk 3511/10240: fixtures/large_file.bin
2025/04/30 15:22:57 Sent ACK for chunk 3510
2025/04/30 15:22:57 Received ACK for chunk 3511/10240
Received chunk 3512/10240: fixtures/large_file.bin
2025/04/30 15:22:57 Sent ACK for chunk 3511
2025/04/30 15:22:57 Received ACK for chunk 3512/10240
Received chunk 3513/10240: fixtures/large_file.bin
2025/04/30 15:22:57 Sent ACK for chunk 3512
2025/04/30 15:22:57 Received ACK for chunk 3513/10240
Received chunk 3514/10240: fixtures/large_file.bin
2025/04/30 15:22:57 Sent ACK for chunk 3513
2025/04/30 15:22:57 Received ACK for chunk 3514/10240
Received chunk 3515/10240: fixtures/large_file.bin
2025/04/30 15:22:57 Sent ACK for chunk 3514
2025/04/30 15:22:57 Received ACK for chunk 3515/10240
Received chunk 3516/10240: fixtures/large_file.bin
2025/04/30 15:22:57 Sent ACK for chunk 3515
2025/04/30 15:22:57 Received ACK for chunk 3516/10240
Received chunk 3517/10240: fixtures/large_file.bin
2025/04/30 15:22:57 Sent ACK for chunk 3516
2025/04/30 15:22:57 Received ACK for chunk 3517/10240
Received chunk 3518/10240: fixtures/large_file.bin
2025/04/30 15:22:57 Sent ACK for chunk 3517
2025/04/30 15:22:57 Received ACK for chunk 3518/10240
Received chunk 3519/10240: fixtures/large_file.bin
2025/04/30 15:22:57 Sent ACK for chunk 3518
2025/04/30 15:22:57 Received ACK for chunk 3519/10240
Received chunk 3520/10240: fixtures/large_file.bin
2025/04/30 15:22:57 Sent ACK for chunk 3519
2025/04/30 15:22:57 Received ACK for chunk 3520/10240
Received chunk 3521/10240: fixtures/large_file.bin
2025/04/30 15:22:57 Sent ACK for chunk 3520
2025/04/30 15:22:57 Received ACK for chunk 3521/10240
Received chunk 3522/10240: fixtures/large_file.bin
2025/04/30 15:22:57 Sent ACK for chunk 3521
2025/04/30 15:22:57 Received ACK for chunk 3522/10240
Received chunk 3523/10240: fixtures/large_file.bin
2025/04/30 15:22:57 Sent ACK for chunk 3522
2025/04/30 15:22:57 Received ACK for chunk 3523/10240
Received chunk 3524/10240: fixtures/large_file.bin
2025/04/30 15:22:57 Sent ACK for chunk 3523
2025/04/30 15:22:57 Received ACK for chunk 3524/10240
Received chunk 3525/10240: fixtures/large_file.bin
2025/04/30 15:22:57 Sent ACK for chunk 3524
2025/04/30 15:22:57 Received ACK for chunk 3525/10240
Received chunk 3526/10240: fixtures/large_file.bin
2025/04/30 15:22:57 Sent ACK for chunk 3525
2025/04/30 15:22:57 Received ACK for chunk 3526/10240
Received chunk 3527/10240: fixtures/large_file.bin
2025/04/30 15:22:57 Sent ACK for chunk 3526
2025/04/30 15:22:57 Received ACK for chunk 3527/10240
Received chunk 3528/10240: fixtures/large_file.bin
2025/04/30 15:22:57 Sent ACK for chunk 3527
2025/04/30 15:22:57 Received ACK for chunk 3528/10240
Received chunk 3529/10240: fixtures/large_file.bin
2025/04/30 15:22:57 Sent ACK for chunk 3528
2025/04/30 15:22:57 Received ACK for chunk 3529/10240
Received chunk 3530/10240: fixtures/large_file.bin
2025/04/30 15:22:57 Sent ACK for chunk 3529
2025/04/30 15:22:57 Received ACK for chunk 3530/10240
Received chunk 3531/10240: fixtures/large_file.bin
2025/04/30 15:22:57 Sent ACK for chunk 3530
2025/04/30 15:22:57 Received ACK for chunk 3531/10240
Received chunk 3532/10240: fixtures/large_file.bin
2025/04/30 15:22:57 Sent ACK for chunk 3531
2025/04/30 15:22:57 Received ACK for chunk 3532/10240
Received chunk 3533/10240: fixtures/large_file.bin
2025/04/30 15:22:57 Sent ACK for chunk 3532
2025/04/30 15:22:57 Received ACK for chunk 3533/10240
Received chunk 3534/10240: fixtures/large_file.bin
2025/04/30 15:22:57 Sent ACK for chunk 3533
2025/04/30 15:22:57 Received ACK for chunk 3534/10240
Received chunk 3535/10240: fixtures/large_file.bin
2025/04/30 15:22:57 Sent ACK for chunk 3534
2025/04/30 15:22:57 Received ACK for chunk 3535/10240
Received chunk 3536/10240: fixtures/large_file.bin
2025/04/30 15:22:57 Sent ACK for chunk 3535
2025/04/30 15:22:57 Received ACK for chunk 3536/10240
Received chunk 3537/10240: fixtures/large_file.bin
2025/04/30 15:22:57 Sent ACK for chunk 3536
2025/04/30 15:22:57 Received ACK for chunk 3537/10240
Received chunk 3538/10240: fixtures/large_file.bin
2025/04/30 15:22:57 Sent ACK for chunk 3537
2025/04/30 15:22:57 Received ACK for chunk 3538/10240
Received chunk 3539/10240: fixtures/large_file.bin
2025/04/30 15:22:57 Sent ACK for chunk 3538
2025/04/30 15:22:57 Received ACK for chunk 3539/10240
Received chunk 3540/10240: fixtures/large_file.bin
2025/04/30 15:22:57 Sent ACK for chunk 3539
2025/04/30 15:22:57 Received ACK for chunk 3540/10240
Received chunk 3541/10240: fixtures/large_file.bin
2025/04/30 15:22:57 Sent ACK for chunk 3540
2025/04/30 15:22:57 Received ACK for chunk 3541/10240
Received chunk 3542/10240: fixtures/large_file.bin
2025/04/30 15:22:57 Sent ACK for chunk 3541
2025/04/30 15:22:57 Received ACK for chunk 3542/10240
Received chunk 3543/10240: fixtures/large_file.bin
2025/04/30 15:22:57 Sent ACK for chunk 3542
2025/04/30 15:22:57 Received ACK for chunk 3543/10240
Received chunk 3544/10240: fixtures/large_file.bin
2025/04/30 15:22:57 Sent ACK for chunk 3543
2025/04/30 15:22:57 Received ACK for chunk 3544/10240
Received chunk 3545/10240: fixtures/large_file.bin
2025/04/30 15:22:57 Sent ACK for chunk 3544
2025/04/30 15:22:57 Received ACK for chunk 3545/10240
Received chunk 3546/10240: fixtures/large_file.bin
2025/04/30 15:22:57 Sent ACK for chunk 3545
2025/04/30 15:22:57 Received ACK for chunk 3546/10240
Received chunk 3547/10240: fixtures/large_file.bin
2025/04/30 15:22:57 Sent ACK for chunk 3546
2025/04/30 15:22:57 Received ACK for chunk 3547/10240
Received chunk 3548/10240: fixtures/large_file.bin
2025/04/30 15:22:57 Sent ACK for chunk 3547
2025/04/30 15:22:57 Received ACK for chunk 3548/10240
Received chunk 3549/10240: fixtures/large_file.bin
2025/04/30 15:22:57 Sent ACK for chunk 3548
2025/04/30 15:22:57 Received ACK for chunk 3549/10240
Received chunk 3550/10240: fixtures/large_file.bin
2025/04/30 15:22:57 Sent ACK for chunk 3549
2025/04/30 15:22:57 Received ACK for chunk 3550/10240
Received chunk 3551/10240: fixtures/large_file.bin
2025/04/30 15:22:57 Sent ACK for chunk 3550
2025/04/30 15:22:57 Received ACK for chunk 3551/10240
Received chunk 3552/10240: fixtures/large_file.bin
2025/04/30 15:22:57 Sent ACK for chunk 3551
2025/04/30 15:22:57 Received ACK for chunk 3552/10240
Received chunk 3553/10240: fixtures/large_file.bin
2025/04/30 15:22:57 Sent ACK for chunk 3552
2025/04/30 15:22:57 Received ACK for chunk 3553/10240
Received chunk 3554/10240: fixtures/large_file.bin
2025/04/30 15:22:57 Sent ACK for chunk 3553
2025/04/30 15:22:57 Received ACK for chunk 3554/10240
Received chunk 3555/10240: fixtures/large_file.bin
2025/04/30 15:22:57 Sent ACK for chunk 3554
2025/04/30 15:22:57 Received ACK for chunk 3555/10240
Received chunk 3556/10240: fixtures/large_file.bin
2025/04/30 15:22:57 Sent ACK for chunk 3555
2025/04/30 15:22:57 Received ACK for chunk 3556/10240
Received chunk 3557/10240: fixtures/large_file.bin
2025/04/30 15:22:57 Sent ACK for chunk 3556
2025/04/30 15:22:57 Received ACK for chunk 3557/10240
Received chunk 3558/10240: fixtures/large_file.bin
2025/04/30 15:22:57 Sent ACK for chunk 3557
2025/04/30 15:22:57 Received ACK for chunk 3558/10240
Received chunk 3559/10240: fixtures/large_file.bin
2025/04/30 15:22:57 Sent ACK for chunk 3558
2025/04/30 15:22:57 Received ACK for chunk 3559/10240
Received chunk 3560/10240: fixtures/large_file.bin
2025/04/30 15:22:57 Sent ACK for chunk 3559
2025/04/30 15:22:57 Received ACK for chunk 3560/10240
Received chunk 3561/10240: fixtures/large_file.bin
2025/04/30 15:22:57 Sent ACK for chunk 3560
2025/04/30 15:22:57 Received ACK for chunk 3561/10240
Received chunk 3562/10240: fixtures/large_file.bin
2025/04/30 15:22:57 Sent ACK for chunk 3561
2025/04/30 15:22:57 Received ACK for chunk 3562/10240
Received chunk 3563/10240: fixtures/large_file.bin
2025/04/30 15:22:57 Sent ACK for chunk 3562
2025/04/30 15:22:57 Received ACK for chunk 3563/10240
Received chunk 3564/10240: fixtures/large_file.bin
2025/04/30 15:22:57 Sent ACK for chunk 3563
2025/04/30 15:22:57 Received ACK for chunk 3564/10240
Received chunk 3565/10240: fixtures/large_file.bin
2025/04/30 15:22:57 Sent ACK for chunk 3564
2025/04/30 15:22:57 Received ACK for chunk 3565/10240
Received chunk 3566/10240: fixtures/large_file.bin
2025/04/30 15:22:57 Sent ACK for chunk 3565
2025/04/30 15:22:57 Received ACK for chunk 3566/10240
Received chunk 3567/10240: fixtures/large_file.bin
2025/04/30 15:22:57 Sent ACK for chunk 3566
2025/04/30 15:22:57 Received ACK for chunk 3567/10240
Received chunk 3568/10240: fixtures/large_file.bin
2025/04/30 15:22:57 Sent ACK for chunk 3567
2025/04/30 15:22:57 Received ACK for chunk 3568/10240
Received chunk 3569/10240: fixtures/large_file.bin
2025/04/30 15:22:57 Sent ACK for chunk 3568
2025/04/30 15:22:57 Received ACK for chunk 3569/10240
Received chunk 3570/10240: fixtures/large_file.bin
2025/04/30 15:22:57 Sent ACK for chunk 3569
2025/04/30 15:22:57 Received ACK for chunk 3570/10240
Received chunk 3571/10240: fixtures/large_file.bin
2025/04/30 15:22:57 Sent ACK for chunk 3570
2025/04/30 15:22:57 Received ACK for chunk 3571/10240
Received chunk 3572/10240: fixtures/large_file.bin
2025/04/30 15:22:57 Sent ACK for chunk 3571
2025/04/30 15:22:57 Received ACK for chunk 3572/10240
Received chunk 3573/10240: fixtures/large_file.bin
2025/04/30 15:22:57 Sent ACK for chunk 3572
2025/04/30 15:22:57 Received ACK for chunk 3573/10240
Received chunk 3574/10240: fixtures/large_file.bin
2025/04/30 15:22:57 Sent ACK for chunk 3573
2025/04/30 15:22:57 Received ACK for chunk 3574/10240
Received chunk 3575/10240: fixtures/large_file.bin
2025/04/30 15:22:57 Sent ACK for chunk 3574
2025/04/30 15:22:57 Received ACK for chunk 3575/10240
Received chunk 3576/10240: fixtures/large_file.bin
2025/04/30 15:22:57 Sent ACK for chunk 3575
2025/04/30 15:22:57 Received ACK for chunk 3576/10240
Received chunk 3577/10240: fixtures/large_file.bin
2025/04/30 15:22:57 Sent ACK for chunk 3576
2025/04/30 15:22:57 Received ACK for chunk 3577/10240
Received chunk 3578/10240: fixtures/large_file.bin
2025/04/30 15:22:57 Sent ACK for chunk 3577
2025/04/30 15:22:57 Received ACK for chunk 3578/10240
Received chunk 3579/10240: fixtures/large_file.bin
2025/04/30 15:22:57 Sent ACK for chunk 3578
2025/04/30 15:22:57 Received ACK for chunk 3579/10240
Received chunk 3580/10240: fixtures/large_file.bin
2025/04/30 15:22:57 Sent ACK for chunk 3579
2025/04/30 15:22:57 Received ACK for chunk 3580/10240
Received chunk 3581/10240: fixtures/large_file.bin
2025/04/30 15:22:57 Sent ACK for chunk 3580
2025/04/30 15:22:57 Received ACK for chunk 3581/10240
Received chunk 3582/10240: fixtures/large_file.bin
2025/04/30 15:22:57 Sent ACK for chunk 3581
2025/04/30 15:22:57 Received ACK for chunk 3582/10240
Received chunk 3583/10240: fixtures/large_file.bin
2025/04/30 15:22:57 Sent ACK for chunk 3582
2025/04/30 15:22:57 Received ACK for chunk 3583/10240
Received chunk 3584/10240: fixtures/large_file.bin
2025/04/30 15:22:57 Sent ACK for chunk 3583
2025/04/30 15:22:57 Received ACK for chunk 3584/10240
Received chunk 3585/10240: fixtures/large_file.bin
2025/04/30 15:22:57 Sent ACK for chunk 3584
2025/04/30 15:22:57 Received ACK for chunk 3585/10240
Received chunk 3586/10240: fixtures/large_file.bin
2025/04/30 15:22:57 Sent ACK for chunk 3585
2025/04/30 15:22:57 Received ACK for chunk 3586/10240
Received chunk 3587/10240: fixtures/large_file.bin
2025/04/30 15:22:57 Sent ACK for chunk 3586
2025/04/30 15:22:57 Received ACK for chunk 3587/10240
Received chunk 3588/10240: fixtures/large_file.bin
2025/04/30 15:22:57 Sent ACK for chunk 3587
2025/04/30 15:22:57 Received ACK for chunk 3588/10240
Received chunk 3589/10240: fixtures/large_file.bin
2025/04/30 15:22:57 Sent ACK for chunk 3588
2025/04/30 15:22:57 Received ACK for chunk 3589/10240
Received chunk 3590/10240: fixtures/large_file.bin
2025/04/30 15:22:57 Sent ACK for chunk 3589
2025/04/30 15:22:57 Received ACK for chunk 3590/10240
Received chunk 3591/10240: fixtures/large_file.bin
2025/04/30 15:22:57 Sent ACK for chunk 3590
2025/04/30 15:22:57 Received ACK for chunk 3591/10240
Received chunk 3592/10240: fixtures/large_file.bin
2025/04/30 15:22:57 Sent ACK for chunk 3591
2025/04/30 15:22:57 Received ACK for chunk 3592/10240
Received chunk 3593/10240: fixtures/large_file.bin
2025/04/30 15:22:57 Sent ACK for chunk 3592
2025/04/30 15:22:57 Received ACK for chunk 3593/10240
Received chunk 3594/10240: fixtures/large_file.bin
2025/04/30 15:22:57 Sent ACK for chunk 3593
2025/04/30 15:22:57 Received ACK for chunk 3594/10240
Received chunk 3595/10240: fixtures/large_file.bin
2025/04/30 15:22:57 Sent ACK for chunk 3594
2025/04/30 15:22:57 Received ACK for chunk 3595/10240
Received chunk 3596/10240: fixtures/large_file.bin
2025/04/30 15:22:57 Sent ACK for chunk 3595
2025/04/30 15:22:57 Received ACK for chunk 3596/10240
Received chunk 3597/10240: fixtures/large_file.bin
2025/04/30 15:22:57 Sent ACK for chunk 3596
2025/04/30 15:22:57 Received ACK for chunk 3597/10240
Received chunk 3598/10240: fixtures/large_file.bin
2025/04/30 15:22:57 Sent ACK for chunk 3597
2025/04/30 15:22:57 Received ACK for chunk 3598/10240
Received chunk 3599/10240: fixtures/large_file.bin
2025/04/30 15:22:57 Sent ACK for chunk 3598
2025/04/30 15:22:57 Received ACK for chunk 3599/10240
Received chunk 3600/10240: fixtures/large_file.bin
2025/04/30 15:22:57 Sent ACK for chunk 3599
2025/04/30 15:22:57 Received ACK for chunk 3600/10240
Received chunk 3601/10240: fixtures/large_file.bin
2025/04/30 15:22:57 Sent ACK for chunk 3600
2025/04/30 15:22:57 Received ACK for chunk 3601/10240
Received chunk 3602/10240: fixtures/large_file.bin
2025/04/30 15:22:57 Sent ACK for chunk 3601
2025/04/30 15:22:57 Received ACK for chunk 3602/10240
Received chunk 3603/10240: fixtures/large_file.bin
2025/04/30 15:22:57 Sent ACK for chunk 3602
2025/04/30 15:22:57 Received ACK for chunk 3603/10240
Received chunk 3604/10240: fixtures/large_file.bin
2025/04/30 15:22:57 Sent ACK for chunk 3603
2025/04/30 15:22:57 Received ACK for chunk 3604/10240
Received chunk 3605/10240: fixtures/large_file.bin
2025/04/30 15:22:57 Sent ACK for chunk 3604
2025/04/30 15:22:57 Received ACK for chunk 3605/10240
Received chunk 3606/10240: fixtures/large_file.bin
2025/04/30 15:22:57 Sent ACK for chunk 3605
2025/04/30 15:22:57 Received ACK for chunk 3606/10240
Received chunk 3607/10240: fixtures/large_file.bin
2025/04/30 15:22:57 Sent ACK for chunk 3606
2025/04/30 15:22:57 Received ACK for chunk 3607/10240
Received chunk 3608/10240: fixtures/large_file.bin
2025/04/30 15:22:57 Sent ACK for chunk 3607
2025/04/30 15:22:57 Received ACK for chunk 3608/10240
Received chunk 3609/10240: fixtures/large_file.bin
2025/04/30 15:22:57 Sent ACK for chunk 3608
2025/04/30 15:22:57 Received ACK for chunk 3609/10240
Received chunk 3610/10240: fixtures/large_file.bin
2025/04/30 15:22:57 Sent ACK for chunk 3609
2025/04/30 15:22:57 Received ACK for chunk 3610/10240
Received chunk 3611/10240: fixtures/large_file.bin
2025/04/30 15:22:57 Sent ACK for chunk 3610
2025/04/30 15:22:57 Received ACK for chunk 3611/10240
Received chunk 3612/10240: fixtures/large_file.bin
2025/04/30 15:22:57 Sent ACK for chunk 3611
2025/04/30 15:22:57 Received ACK for chunk 3612/10240
Received chunk 3613/10240: fixtures/large_file.bin
2025/04/30 15:22:57 Sent ACK for chunk 3612
2025/04/30 15:22:57 Received ACK for chunk 3613/10240
Received chunk 3614/10240: fixtures/large_file.bin
2025/04/30 15:22:57 Sent ACK for chunk 3613
2025/04/30 15:22:57 Received ACK for chunk 3614/10240
Received chunk 3615/10240: fixtures/large_file.bin
2025/04/30 15:22:57 Sent ACK for chunk 3614
2025/04/30 15:22:57 Received ACK for chunk 3615/10240
Received chunk 3616/10240: fixtures/large_file.bin
2025/04/30 15:22:57 Sent ACK for chunk 3615
2025/04/30 15:22:57 Received ACK for chunk 3616/10240
Received chunk 3617/10240: fixtures/large_file.bin
2025/04/30 15:22:57 Sent ACK for chunk 3616
2025/04/30 15:22:57 Received ACK for chunk 3617/10240
Received chunk 3618/10240: fixtures/large_file.bin
2025/04/30 15:22:57 Sent ACK for chunk 3617
2025/04/30 15:22:57 Received ACK for chunk 3618/10240
Received chunk 3619/10240: fixtures/large_file.bin
2025/04/30 15:22:57 Sent ACK for chunk 3618
2025/04/30 15:22:57 Received ACK for chunk 3619/10240
Received chunk 3620/10240: fixtures/large_file.bin
2025/04/30 15:22:57 Sent ACK for chunk 3619
2025/04/30 15:22:57 Received ACK for chunk 3620/10240
Received chunk 3621/10240: fixtures/large_file.bin
2025/04/30 15:22:57 Sent ACK for chunk 3620
2025/04/30 15:22:57 Received ACK for chunk 3621/10240
Received chunk 3622/10240: fixtures/large_file.bin
2025/04/30 15:22:57 Sent ACK for chunk 3621
2025/04/30 15:22:57 Received ACK for chunk 3622/10240
Received chunk 3623/10240: fixtures/large_file.bin
2025/04/30 15:22:57 Sent ACK for chunk 3622
2025/04/30 15:22:57 Received ACK for chunk 3623/10240
Received chunk 3624/10240: fixtures/large_file.bin
2025/04/30 15:22:57 Sent ACK for chunk 3623
2025/04/30 15:22:57 Received ACK for chunk 3624/10240
Received chunk 3625/10240: fixtures/large_file.bin
2025/04/30 15:22:57 Sent ACK for chunk 3624
2025/04/30 15:22:57 Received ACK for chunk 3625/10240
Received chunk 3626/10240: fixtures/large_file.bin
2025/04/30 15:22:57 Sent ACK for chunk 3625
2025/04/30 15:22:57 Received ACK for chunk 3626/10240
Received chunk 3627/10240: fixtures/large_file.bin
2025/04/30 15:22:57 Sent ACK for chunk 3626
2025/04/30 15:22:57 Received ACK for chunk 3627/10240
Received chunk 3628/10240: fixtures/large_file.bin
2025/04/30 15:22:57 Sent ACK for chunk 3627
2025/04/30 15:22:57 Received ACK for chunk 3628/10240
Received chunk 3629/10240: fixtures/large_file.bin
2025/04/30 15:22:57 Sent ACK for chunk 3628
2025/04/30 15:22:57 Received ACK for chunk 3629/10240
Received chunk 3630/10240: fixtures/large_file.bin
2025/04/30 15:22:57 Sent ACK for chunk 3629
2025/04/30 15:22:57 Received ACK for chunk 3630/10240
Received chunk 3631/10240: fixtures/large_file.bin
2025/04/30 15:22:57 Sent ACK for chunk 3630
2025/04/30 15:22:57 Received ACK for chunk 3631/10240
Received chunk 3632/10240: fixtures/large_file.bin
2025/04/30 15:22:57 Sent ACK for chunk 3631
2025/04/30 15:22:57 Received ACK for chunk 3632/10240
Received chunk 3633/10240: fixtures/large_file.bin
2025/04/30 15:22:57 Sent ACK for chunk 3632
2025/04/30 15:22:57 Received ACK for chunk 3633/10240
Received chunk 3634/10240: fixtures/large_file.bin
2025/04/30 15:22:57 Sent ACK for chunk 3633
2025/04/30 15:22:57 Received ACK for chunk 3634/10240
Received chunk 3635/10240: fixtures/large_file.bin
2025/04/30 15:22:57 Sent ACK for chunk 3634
2025/04/30 15:22:57 Received ACK for chunk 3635/10240
Received chunk 3636/10240: fixtures/large_file.bin
2025/04/30 15:22:57 Sent ACK for chunk 3635
2025/04/30 15:22:57 Received ACK for chunk 3636/10240
Received chunk 3637/10240: fixtures/large_file.bin
2025/04/30 15:22:57 Sent ACK for chunk 3636
2025/04/30 15:22:57 Received ACK for chunk 3637/10240
Received chunk 3638/10240: fixtures/large_file.bin
2025/04/30 15:22:57 Sent ACK for chunk 3637
2025/04/30 15:22:57 Received ACK for chunk 3638/10240
Received chunk 3639/10240: fixtures/large_file.bin
2025/04/30 15:22:57 Sent ACK for chunk 3638
2025/04/30 15:22:57 Received ACK for chunk 3639/10240
Received chunk 3640/10240: fixtures/large_file.bin
2025/04/30 15:22:57 Sent ACK for chunk 3639
2025/04/30 15:22:57 Received ACK for chunk 3640/10240
Received chunk 3641/10240: fixtures/large_file.bin
2025/04/30 15:22:57 Sent ACK for chunk 3640
2025/04/30 15:22:57 Received ACK for chunk 3641/10240
Received chunk 3642/10240: fixtures/large_file.bin
2025/04/30 15:22:57 Sent ACK for chunk 3641
2025/04/30 15:22:57 Received ACK for chunk 3642/10240
Received chunk 3643/10240: fixtures/large_file.bin
2025/04/30 15:22:57 Sent ACK for chunk 3642
2025/04/30 15:22:57 Received ACK for chunk 3643/10240
Received chunk 3644/10240: fixtures/large_file.bin
2025/04/30 15:22:57 Sent ACK for chunk 3643
2025/04/30 15:22:57 Received ACK for chunk 3644/10240
Received chunk 3645/10240: fixtures/large_file.bin
2025/04/30 15:22:57 Sent ACK for chunk 3644
2025/04/30 15:22:57 Received ACK for chunk 3645/10240
Received chunk 3646/10240: fixtures/large_file.bin
2025/04/30 15:22:57 Sent ACK for chunk 3645
2025/04/30 15:22:57 Received ACK for chunk 3646/10240
Received chunk 3647/10240: fixtures/large_file.bin
2025/04/30 15:22:57 Sent ACK for chunk 3646
2025/04/30 15:22:57 Received ACK for chunk 3647/10240
Received chunk 3648/10240: fixtures/large_file.bin
2025/04/30 15:22:57 Sent ACK for chunk 3647
2025/04/30 15:22:57 Received ACK for chunk 3648/10240
Received chunk 3649/10240: fixtures/large_file.bin
2025/04/30 15:22:57 Sent ACK for chunk 3648
2025/04/30 15:22:57 Received ACK for chunk 3649/10240
Received chunk 3650/10240: fixtures/large_file.bin
2025/04/30 15:22:57 Sent ACK for chunk 3649
2025/04/30 15:22:57 Received ACK for chunk 3650/10240
Received chunk 3651/10240: fixtures/large_file.bin
2025/04/30 15:22:57 Sent ACK for chunk 3650
2025/04/30 15:22:57 Received ACK for chunk 3651/10240
Received chunk 3652/10240: fixtures/large_file.bin
2025/04/30 15:22:57 Sent ACK for chunk 3651
2025/04/30 15:22:57 Received ACK for chunk 3652/10240
Received chunk 3653/10240: fixtures/large_file.bin
2025/04/30 15:22:57 Sent ACK for chunk 3652
2025/04/30 15:22:57 Received ACK for chunk 3653/10240
Received chunk 3654/10240: fixtures/large_file.bin
2025/04/30 15:22:57 Sent ACK for chunk 3653
2025/04/30 15:22:57 Received ACK for chunk 3654/10240
Received chunk 3655/10240: fixtures/large_file.bin
2025/04/30 15:22:57 Sent ACK for chunk 3654
2025/04/30 15:22:57 Received ACK for chunk 3655/10240
Received chunk 3656/10240: fixtures/large_file.bin
2025/04/30 15:22:57 Sent ACK for chunk 3655
2025/04/30 15:22:57 Received ACK for chunk 3656/10240
Received chunk 3657/10240: fixtures/large_file.bin
2025/04/30 15:22:57 Sent ACK for chunk 3656
2025/04/30 15:22:57 Received ACK for chunk 3657/10240
Received chunk 3658/10240: fixtures/large_file.bin
2025/04/30 15:22:57 Sent ACK for chunk 3657
2025/04/30 15:22:57 Received ACK for chunk 3658/10240
Received chunk 3659/10240: fixtures/large_file.bin
2025/04/30 15:22:57 Sent ACK for chunk 3658
2025/04/30 15:22:57 Received ACK for chunk 3659/10240
Received chunk 3660/10240: fixtures/large_file.bin
2025/04/30 15:22:57 Sent ACK for chunk 3659
2025/04/30 15:22:57 Received ACK for chunk 3660/10240
Received chunk 3661/10240: fixtures/large_file.bin
2025/04/30 15:22:57 Sent ACK for chunk 3660
2025/04/30 15:22:57 Received ACK for chunk 3661/10240
Received chunk 3662/10240: fixtures/large_file.bin
2025/04/30 15:22:57 Sent ACK for chunk 3661
2025/04/30 15:22:57 Received ACK for chunk 3662/10240
Received chunk 3663/10240: fixtures/large_file.bin
2025/04/30 15:22:57 Sent ACK for chunk 3662
2025/04/30 15:22:57 Received ACK for chunk 3663/10240
Received chunk 3664/10240: fixtures/large_file.bin
2025/04/30 15:22:57 Sent ACK for chunk 3663
2025/04/30 15:22:57 Received ACK for chunk 3664/10240
Received chunk 3665/10240: fixtures/large_file.bin
2025/04/30 15:22:57 Sent ACK for chunk 3664
2025/04/30 15:22:57 Received ACK for chunk 3665/10240
Received chunk 3666/10240: fixtures/large_file.bin
2025/04/30 15:22:57 Sent ACK for chunk 3665
2025/04/30 15:22:57 Received ACK for chunk 3666/10240
Received chunk 3667/10240: fixtures/large_file.bin
2025/04/30 15:22:57 Sent ACK for chunk 3666
2025/04/30 15:22:57 Received ACK for chunk 3667/10240
Received chunk 3668/10240: fixtures/large_file.bin
2025/04/30 15:22:57 Sent ACK for chunk 3667
2025/04/30 15:22:57 Received ACK for chunk 3668/10240
Received chunk 3669/10240: fixtures/large_file.bin
2025/04/30 15:22:57 Sent ACK for chunk 3668
2025/04/30 15:22:57 Received ACK for chunk 3669/10240
Received chunk 3670/10240: fixtures/large_file.bin
2025/04/30 15:22:57 Sent ACK for chunk 3669
2025/04/30 15:22:57 Received ACK for chunk 3670/10240
Received chunk 3671/10240: fixtures/large_file.bin
2025/04/30 15:22:57 Sent ACK for chunk 3670
2025/04/30 15:22:57 Received ACK for chunk 3671/10240
Received chunk 3672/10240: fixtures/large_file.bin
2025/04/30 15:22:57 Sent ACK for chunk 3671
2025/04/30 15:22:57 Received ACK for chunk 3672/10240
Received chunk 3673/10240: fixtures/large_file.bin
2025/04/30 15:22:57 Sent ACK for chunk 3672
2025/04/30 15:22:57 Received ACK for chunk 3673/10240
Received chunk 3674/10240: fixtures/large_file.bin
2025/04/30 15:22:57 Sent ACK for chunk 3673
2025/04/30 15:22:57 Received ACK for chunk 3674/10240
Received chunk 3675/10240: fixtures/large_file.bin
2025/04/30 15:22:57 Sent ACK for chunk 3674
2025/04/30 15:22:57 Received ACK for chunk 3675/10240
Received chunk 3676/10240: fixtures/large_file.bin
2025/04/30 15:22:57 Sent ACK for chunk 3675
2025/04/30 15:22:57 Received ACK for chunk 3676/10240
Received chunk 3677/10240: fixtures/large_file.bin
2025/04/30 15:22:57 Sent ACK for chunk 3676
2025/04/30 15:22:57 Received ACK for chunk 3677/10240
Received chunk 3678/10240: fixtures/large_file.bin
2025/04/30 15:22:57 Sent ACK for chunk 3677
2025/04/30 15:22:57 Received ACK for chunk 3678/10240
Received chunk 3679/10240: fixtures/large_file.bin
2025/04/30 15:22:57 Sent ACK for chunk 3678
2025/04/30 15:22:57 Received ACK for chunk 3679/10240
Received chunk 3680/10240: fixtures/large_file.bin
2025/04/30 15:22:57 Sent ACK for chunk 3679
2025/04/30 15:22:57 Received ACK for chunk 3680/10240
Received chunk 3681/10240: fixtures/large_file.bin
2025/04/30 15:22:57 Sent ACK for chunk 3680
2025/04/30 15:22:57 Received ACK for chunk 3681/10240
Received chunk 3682/10240: fixtures/large_file.bin
2025/04/30 15:22:57 Sent ACK for chunk 3681
2025/04/30 15:22:57 Received ACK for chunk 3682/10240
Received chunk 3683/10240: fixtures/large_file.bin
2025/04/30 15:22:57 Sent ACK for chunk 3682
2025/04/30 15:22:57 Received ACK for chunk 3683/10240
Received chunk 3684/10240: fixtures/large_file.bin
2025/04/30 15:22:57 Sent ACK for chunk 3683
2025/04/30 15:22:57 Received ACK for chunk 3684/10240
Received chunk 3685/10240: fixtures/large_file.bin
2025/04/30 15:22:57 Sent ACK for chunk 3684
2025/04/30 15:22:57 Received ACK for chunk 3685/10240
Received chunk 3686/10240: fixtures/large_file.bin
2025/04/30 15:22:57 Sent ACK for chunk 3685
2025/04/30 15:22:57 Received ACK for chunk 3686/10240
Received chunk 3687/10240: fixtures/large_file.bin
2025/04/30 15:22:57 Sent ACK for chunk 3686
2025/04/30 15:22:57 Received ACK for chunk 3687/10240
Received chunk 3688/10240: fixtures/large_file.bin
2025/04/30 15:22:57 Sent ACK for chunk 3687
2025/04/30 15:22:57 Received ACK for chunk 3688/10240
Received chunk 3689/10240: fixtures/large_file.bin
2025/04/30 15:22:57 Sent ACK for chunk 3688
2025/04/30 15:22:57 Received ACK for chunk 3689/10240
Received chunk 3690/10240: fixtures/large_file.bin
2025/04/30 15:22:57 Sent ACK for chunk 3689
2025/04/30 15:22:57 Received ACK for chunk 3690/10240
Received chunk 3691/10240: fixtures/large_file.bin
2025/04/30 15:22:57 Sent ACK for chunk 3690
2025/04/30 15:22:57 Received ACK for chunk 3691/10240
Received chunk 3692/10240: fixtures/large_file.bin
2025/04/30 15:22:57 Sent ACK for chunk 3691
2025/04/30 15:22:57 Received ACK for chunk 3692/10240
Received chunk 3693/10240: fixtures/large_file.bin
2025/04/30 15:22:57 Sent ACK for chunk 3692
2025/04/30 15:22:57 Received ACK for chunk 3693/10240
Received chunk 3694/10240: fixtures/large_file.bin
2025/04/30 15:22:57 Sent ACK for chunk 3693
2025/04/30 15:22:57 Received ACK for chunk 3694/10240
Received chunk 3695/10240: fixtures/large_file.bin
2025/04/30 15:22:57 Sent ACK for chunk 3694
2025/04/30 15:22:57 Received ACK for chunk 3695/10240
Received chunk 3696/10240: fixtures/large_file.bin
2025/04/30 15:22:57 Sent ACK for chunk 3695
2025/04/30 15:22:57 Received ACK for chunk 3696/10240
Received chunk 3697/10240: fixtures/large_file.bin
2025/04/30 15:22:57 Sent ACK for chunk 3696
2025/04/30 15:22:57 Received ACK for chunk 3697/10240
Received chunk 3698/10240: fixtures/large_file.bin
2025/04/30 15:22:57 Sent ACK for chunk 3697
2025/04/30 15:22:57 Received ACK for chunk 3698/10240
Received chunk 3699/10240: fixtures/large_file.bin
2025/04/30 15:22:57 Sent ACK for chunk 3698
2025/04/30 15:22:57 Received ACK for chunk 3699/10240
Received chunk 3700/10240: fixtures/large_file.bin
2025/04/30 15:22:57 Sent ACK for chunk 3699
2025/04/30 15:22:57 Received ACK for chunk 3700/10240
Received chunk 3701/10240: fixtures/large_file.bin
2025/04/30 15:22:57 Sent ACK for chunk 3700
2025/04/30 15:22:57 Received ACK for chunk 3701/10240
Received chunk 3702/10240: fixtures/large_file.bin
2025/04/30 15:22:57 Sent ACK for chunk 3701
2025/04/30 15:22:57 Received ACK for chunk 3702/10240
Received chunk 3703/10240: fixtures/large_file.bin
2025/04/30 15:22:57 Sent ACK for chunk 3702
2025/04/30 15:22:57 Received ACK for chunk 3703/10240
Received chunk 3704/10240: fixtures/large_file.bin
2025/04/30 15:22:57 Sent ACK for chunk 3703
2025/04/30 15:22:57 Received ACK for chunk 3704/10240
Received chunk 3705/10240: fixtures/large_file.bin
2025/04/30 15:22:57 Sent ACK for chunk 3704
2025/04/30 15:22:57 Received ACK for chunk 3705/10240
Received chunk 3706/10240: fixtures/large_file.bin
2025/04/30 15:22:57 Sent ACK for chunk 3705
2025/04/30 15:22:57 Received ACK for chunk 3706/10240
Received chunk 3707/10240: fixtures/large_file.bin
2025/04/30 15:22:57 Sent ACK for chunk 3706
2025/04/30 15:22:57 Received ACK for chunk 3707/10240
Received chunk 3708/10240: fixtures/large_file.bin
2025/04/30 15:22:57 Sent ACK for chunk 3707
2025/04/30 15:22:57 Received ACK for chunk 3708/10240
Received chunk 3709/10240: fixtures/large_file.bin
2025/04/30 15:22:57 Sent ACK for chunk 3708
2025/04/30 15:22:57 Received ACK for chunk 3709/10240
Received chunk 3710/10240: fixtures/large_file.bin
2025/04/30 15:22:57 Sent ACK for chunk 3709
2025/04/30 15:22:57 Received ACK for chunk 3710/10240
Received chunk 3711/10240: fixtures/large_file.bin
2025/04/30 15:22:57 Sent ACK for chunk 3710
2025/04/30 15:22:57 Received ACK for chunk 3711/10240
Received chunk 3712/10240: fixtures/large_file.bin
2025/04/30 15:22:57 Sent ACK for chunk 3711
2025/04/30 15:22:57 Received ACK for chunk 3712/10240
Received chunk 3713/10240: fixtures/large_file.bin
2025/04/30 15:22:57 Sent ACK for chunk 3712
2025/04/30 15:22:57 Received ACK for chunk 3713/10240
Received chunk 3714/10240: fixtures/large_file.bin
2025/04/30 15:22:57 Sent ACK for chunk 3713
2025/04/30 15:22:57 Received ACK for chunk 3714/10240
Received chunk 3715/10240: fixtures/large_file.bin
2025/04/30 15:22:57 Sent ACK for chunk 3714
2025/04/30 15:22:57 Received ACK for chunk 3715/10240
Received chunk 3716/10240: fixtures/large_file.bin
2025/04/30 15:22:57 Sent ACK for chunk 3715
2025/04/30 15:22:57 Received ACK for chunk 3716/10240
Received chunk 3717/10240: fixtures/large_file.bin
2025/04/30 15:22:57 Sent ACK for chunk 3716
2025/04/30 15:22:57 Received ACK for chunk 3717/10240
Received chunk 3718/10240: fixtures/large_file.bin
2025/04/30 15:22:57 Sent ACK for chunk 3717
2025/04/30 15:22:57 Received ACK for chunk 3718/10240
Received chunk 3719/10240: fixtures/large_file.bin
2025/04/30 15:22:57 Sent ACK for chunk 3718
2025/04/30 15:22:57 Received ACK for chunk 3719/10240
Received chunk 3720/10240: fixtures/large_file.bin
2025/04/30 15:22:57 Sent ACK for chunk 3719
2025/04/30 15:22:57 Received ACK for chunk 3720/10240
Received chunk 3721/10240: fixtures/large_file.bin
2025/04/30 15:22:57 Sent ACK for chunk 3720
2025/04/30 15:22:57 Received ACK for chunk 3721/10240
Received chunk 3722/10240: fixtures/large_file.bin
2025/04/30 15:22:57 Sent ACK for chunk 3721
2025/04/30 15:22:57 Received ACK for chunk 3722/10240
Received chunk 3723/10240: fixtures/large_file.bin
2025/04/30 15:22:57 Sent ACK for chunk 3722
2025/04/30 15:22:57 Received ACK for chunk 3723/10240
Received chunk 3724/10240: fixtures/large_file.bin
2025/04/30 15:22:57 Sent ACK for chunk 3723
2025/04/30 15:22:57 Received ACK for chunk 3724/10240
Received chunk 3725/10240: fixtures/large_file.bin
2025/04/30 15:22:57 Sent ACK for chunk 3724
2025/04/30 15:22:57 Received ACK for chunk 3725/10240
Received chunk 3726/10240: fixtures/large_file.bin
2025/04/30 15:22:57 Sent ACK for chunk 3725
2025/04/30 15:22:57 Received ACK for chunk 3726/10240
Received chunk 3727/10240: fixtures/large_file.bin
2025/04/30 15:22:57 Sent ACK for chunk 3726
2025/04/30 15:22:57 Received ACK for chunk 3727/10240
Received chunk 3728/10240: fixtures/large_file.bin
2025/04/30 15:22:57 Sent ACK for chunk 3727
2025/04/30 15:22:57 Received ACK for chunk 3728/10240
Received chunk 3729/10240: fixtures/large_file.bin
2025/04/30 15:22:57 Sent ACK for chunk 3728
2025/04/30 15:22:57 Received ACK for chunk 3729/10240
Received chunk 3730/10240: fixtures/large_file.bin
2025/04/30 15:22:57 Sent ACK for chunk 3729
2025/04/30 15:22:57 Received ACK for chunk 3730/10240
Received chunk 3731/10240: fixtures/large_file.bin
2025/04/30 15:22:57 Sent ACK for chunk 3730
2025/04/30 15:22:57 Received ACK for chunk 3731/10240
Received chunk 3732/10240: fixtures/large_file.bin
2025/04/30 15:22:57 Sent ACK for chunk 3731
2025/04/30 15:22:57 Received ACK for chunk 3732/10240
Received chunk 3733/10240: fixtures/large_file.bin
2025/04/30 15:22:57 Sent ACK for chunk 3732
2025/04/30 15:22:57 Received ACK for chunk 3733/10240
Received chunk 3734/10240: fixtures/large_file.bin
2025/04/30 15:22:57 Sent ACK for chunk 3733
2025/04/30 15:22:57 Received ACK for chunk 3734/10240
Received chunk 3735/10240: fixtures/large_file.bin
2025/04/30 15:22:57 Sent ACK for chunk 3734
2025/04/30 15:22:57 Received ACK for chunk 3735/10240
Received chunk 3736/10240: fixtures/large_file.bin
2025/04/30 15:22:57 Sent ACK for chunk 3735
2025/04/30 15:22:57 Received ACK for chunk 3736/10240
Received chunk 3737/10240: fixtures/large_file.bin
2025/04/30 15:22:57 Sent ACK for chunk 3736
2025/04/30 15:22:57 Received ACK for chunk 3737/10240
Received chunk 3738/10240: fixtures/large_file.bin
2025/04/30 15:22:57 Sent ACK for chunk 3737
2025/04/30 15:22:57 Received ACK for chunk 3738/10240
Received chunk 3739/10240: fixtures/large_file.bin
2025/04/30 15:22:57 Sent ACK for chunk 3738
2025/04/30 15:22:57 Received ACK for chunk 3739/10240
Received chunk 3740/10240: fixtures/large_file.bin
2025/04/30 15:22:57 Sent ACK for chunk 3739
2025/04/30 15:22:57 Received ACK for chunk 3740/10240
Received chunk 3741/10240: fixtures/large_file.bin
2025/04/30 15:22:57 Sent ACK for chunk 3740
2025/04/30 15:22:57 Received ACK for chunk 3741/10240
Received chunk 3742/10240: fixtures/large_file.bin
2025/04/30 15:22:57 Sent ACK for chunk 3741
2025/04/30 15:22:57 Received ACK for chunk 3742/10240
Received chunk 3743/10240: fixtures/large_file.bin
2025/04/30 15:22:57 Sent ACK for chunk 3742
2025/04/30 15:22:57 Received ACK for chunk 3743/10240
Received chunk 3744/10240: fixtures/large_file.bin
2025/04/30 15:22:57 Sent ACK for chunk 3743
2025/04/30 15:22:57 Received ACK for chunk 3744/10240
Received chunk 3745/10240: fixtures/large_file.bin
2025/04/30 15:22:57 Sent ACK for chunk 3744
2025/04/30 15:22:57 Received ACK for chunk 3745/10240
Received chunk 3746/10240: fixtures/large_file.bin
2025/04/30 15:22:57 Sent ACK for chunk 3745
2025/04/30 15:22:57 Received ACK for chunk 3746/10240
Received chunk 3747/10240: fixtures/large_file.bin
2025/04/30 15:22:57 Sent ACK for chunk 3746
2025/04/30 15:22:57 Received ACK for chunk 3747/10240
Received chunk 3748/10240: fixtures/large_file.bin
2025/04/30 15:22:57 Sent ACK for chunk 3747
2025/04/30 15:22:57 Received ACK for chunk 3748/10240
Received chunk 3749/10240: fixtures/large_file.bin
2025/04/30 15:22:57 Sent ACK for chunk 3748
2025/04/30 15:22:57 Received ACK for chunk 3749/10240
Received chunk 3750/10240: fixtures/large_file.bin
2025/04/30 15:22:57 Sent ACK for chunk 3749
2025/04/30 15:22:57 Received ACK for chunk 3750/10240
Received chunk 3751/10240: fixtures/large_file.bin
2025/04/30 15:22:57 Sent ACK for chunk 3750
2025/04/30 15:22:57 Received ACK for chunk 3751/10240
Received chunk 3752/10240: fixtures/large_file.bin
2025/04/30 15:22:57 Sent ACK for chunk 3751
2025/04/30 15:22:57 Received ACK for chunk 3752/10240
Received chunk 3753/10240: fixtures/large_file.bin
2025/04/30 15:22:57 Sent ACK for chunk 3752
2025/04/30 15:22:57 Received ACK for chunk 3753/10240
Received chunk 3754/10240: fixtures/large_file.bin
2025/04/30 15:22:57 Sent ACK for chunk 3753
2025/04/30 15:22:57 Received ACK for chunk 3754/10240
Received chunk 3755/10240: fixtures/large_file.bin
2025/04/30 15:22:57 Sent ACK for chunk 3754
2025/04/30 15:22:57 Received ACK for chunk 3755/10240
Received chunk 3756/10240: fixtures/large_file.bin
2025/04/30 15:22:57 Sent ACK for chunk 3755
2025/04/30 15:22:57 Received ACK for chunk 3756/10240
Received chunk 3757/10240: fixtures/large_file.bin
2025/04/30 15:22:57 Sent ACK for chunk 3756
2025/04/30 15:22:57 Received ACK for chunk 3757/10240
Received chunk 3758/10240: fixtures/large_file.bin
2025/04/30 15:22:57 Sent ACK for chunk 3757
2025/04/30 15:22:57 Received ACK for chunk 3758/10240
Received chunk 3759/10240: fixtures/large_file.bin
2025/04/30 15:22:57 Sent ACK for chunk 3758
2025/04/30 15:22:57 Received ACK for chunk 3759/10240
Received chunk 3760/10240: fixtures/large_file.bin
2025/04/30 15:22:57 Sent ACK for chunk 3759
2025/04/30 15:22:57 Received ACK for chunk 3760/10240
Received chunk 3761/10240: fixtures/large_file.bin
2025/04/30 15:22:57 Sent ACK for chunk 3760
2025/04/30 15:22:57 Received ACK for chunk 3761/10240
Received chunk 3762/10240: fixtures/large_file.bin
2025/04/30 15:22:57 Sent ACK for chunk 3761
2025/04/30 15:22:57 Received ACK for chunk 3762/10240
Received chunk 3763/10240: fixtures/large_file.bin
2025/04/30 15:22:57 Sent ACK for chunk 3762
2025/04/30 15:22:57 Received ACK for chunk 3763/10240
Received chunk 3764/10240: fixtures/large_file.bin
2025/04/30 15:22:57 Sent ACK for chunk 3763
2025/04/30 15:22:57 Received ACK for chunk 3764/10240
Received chunk 3765/10240: fixtures/large_file.bin
2025/04/30 15:22:57 Sent ACK for chunk 3764
2025/04/30 15:22:57 Received ACK for chunk 3765/10240
Received chunk 3766/10240: fixtures/large_file.bin
2025/04/30 15:22:57 Sent ACK for chunk 3765
2025/04/30 15:22:57 Received ACK for chunk 3766/10240
Received chunk 3767/10240: fixtures/large_file.bin
2025/04/30 15:22:57 Sent ACK for chunk 3766
2025/04/30 15:22:57 Received ACK for chunk 3767/10240
Received chunk 3768/10240: fixtures/large_file.bin
2025/04/30 15:22:57 Sent ACK for chunk 3767
2025/04/30 15:22:57 Received ACK for chunk 3768/10240
Received chunk 3769/10240: fixtures/large_file.bin
2025/04/30 15:22:57 Sent ACK for chunk 3768
2025/04/30 15:22:57 Received ACK for chunk 3769/10240
Received chunk 3770/10240: fixtures/large_file.bin
2025/04/30 15:22:57 Sent ACK for chunk 3769
2025/04/30 15:22:57 Received ACK for chunk 3770/10240
Received chunk 3771/10240: fixtures/large_file.bin
2025/04/30 15:22:57 Sent ACK for chunk 3770
2025/04/30 15:22:57 Received ACK for chunk 3771/10240
Received chunk 3772/10240: fixtures/large_file.bin
2025/04/30 15:22:57 Sent ACK for chunk 3771
2025/04/30 15:22:57 Received ACK for chunk 3772/10240
Received chunk 3773/10240: fixtures/large_file.bin
2025/04/30 15:22:57 Sent ACK for chunk 3772
2025/04/30 15:22:57 Received ACK for chunk 3773/10240
Received chunk 3774/10240: fixtures/large_file.bin
2025/04/30 15:22:57 Sent ACK for chunk 3773
2025/04/30 15:22:57 Received ACK for chunk 3774/10240
Received chunk 3775/10240: fixtures/large_file.bin
2025/04/30 15:22:57 Sent ACK for chunk 3774
2025/04/30 15:22:57 Received ACK for chunk 3775/10240
Received chunk 3776/10240: fixtures/large_file.bin
2025/04/30 15:22:57 Sent ACK for chunk 3775
2025/04/30 15:22:57 Received ACK for chunk 3776/10240
Received chunk 3777/10240: fixtures/large_file.bin
2025/04/30 15:22:57 Sent ACK for chunk 3776
2025/04/30 15:22:57 Received ACK for chunk 3777/10240
Received chunk 3778/10240: fixtures/large_file.bin
2025/04/30 15:22:57 Sent ACK for chunk 3777
2025/04/30 15:22:57 Received ACK for chunk 3778/10240
Received chunk 3779/10240: fixtures/large_file.bin
2025/04/30 15:22:57 Sent ACK for chunk 3778
2025/04/30 15:22:57 Received ACK for chunk 3779/10240
Received chunk 3780/10240: fixtures/large_file.bin
2025/04/30 15:22:57 Sent ACK for chunk 3779
2025/04/30 15:22:57 Received ACK for chunk 3780/10240
Received chunk 3781/10240: fixtures/large_file.bin
2025/04/30 15:22:57 Sent ACK for chunk 3780
2025/04/30 15:22:57 Received ACK for chunk 3781/10240
Received chunk 3782/10240: fixtures/large_file.bin
2025/04/30 15:22:57 Sent ACK for chunk 3781
2025/04/30 15:22:57 Received ACK for chunk 3782/10240
Received chunk 3783/10240: fixtures/large_file.bin
2025/04/30 15:22:57 Sent ACK for chunk 3782
2025/04/30 15:22:57 Received ACK for chunk 3783/10240
Received chunk 3784/10240: fixtures/large_file.bin
2025/04/30 15:22:57 Sent ACK for chunk 3783
2025/04/30 15:22:57 Received ACK for chunk 3784/10240
Received chunk 3785/10240: fixtures/large_file.bin
2025/04/30 15:22:57 Sent ACK for chunk 3784
2025/04/30 15:22:57 Received ACK for chunk 3785/10240
Received chunk 3786/10240: fixtures/large_file.bin
2025/04/30 15:22:57 Sent ACK for chunk 3785
2025/04/30 15:22:57 Received ACK for chunk 3786/10240
Received chunk 3787/10240: fixtures/large_file.bin
2025/04/30 15:22:57 Sent ACK for chunk 3786
2025/04/30 15:22:57 Received ACK for chunk 3787/10240
Received chunk 3788/10240: fixtures/large_file.bin
2025/04/30 15:22:57 Sent ACK for chunk 3787
2025/04/30 15:22:57 Received ACK for chunk 3788/10240
Received chunk 3789/10240: fixtures/large_file.bin
2025/04/30 15:22:57 Sent ACK for chunk 3788
2025/04/30 15:22:57 Received ACK for chunk 3789/10240
Received chunk 3790/10240: fixtures/large_file.bin
2025/04/30 15:22:57 Sent ACK for chunk 3789
2025/04/30 15:22:57 Received ACK for chunk 3790/10240
Received chunk 3791/10240: fixtures/large_file.bin
2025/04/30 15:22:57 Sent ACK for chunk 3790
2025/04/30 15:22:57 Received ACK for chunk 3791/10240
Received chunk 3792/10240: fixtures/large_file.bin
2025/04/30 15:22:57 Sent ACK for chunk 3791
2025/04/30 15:22:57 Received ACK for chunk 3792/10240
Received chunk 3793/10240: fixtures/large_file.bin
2025/04/30 15:22:57 Sent ACK for chunk 3792
2025/04/30 15:22:57 Received ACK for chunk 3793/10240
Received chunk 3794/10240: fixtures/large_file.bin
2025/04/30 15:22:57 Sent ACK for chunk 3793
2025/04/30 15:22:57 Received ACK for chunk 3794/10240
Received chunk 3795/10240: fixtures/large_file.bin
2025/04/30 15:22:57 Sent ACK for chunk 3794
2025/04/30 15:22:57 Received ACK for chunk 3795/10240
Received chunk 3796/10240: fixtures/large_file.bin
2025/04/30 15:22:57 Sent ACK for chunk 3795
2025/04/30 15:22:57 Received ACK for chunk 3796/10240
Received chunk 3797/10240: fixtures/large_file.bin
2025/04/30 15:22:57 Sent ACK for chunk 3796
2025/04/30 15:22:57 Received ACK for chunk 3797/10240
Received chunk 3798/10240: fixtures/large_file.bin
2025/04/30 15:22:57 Sent ACK for chunk 3797
2025/04/30 15:22:57 Received ACK for chunk 3798/10240
Received chunk 3799/10240: fixtures/large_file.bin
2025/04/30 15:22:57 Sent ACK for chunk 3798
2025/04/30 15:22:57 Received ACK for chunk 3799/10240
Received chunk 3800/10240: fixtures/large_file.bin
2025/04/30 15:22:57 Sent ACK for chunk 3799
2025/04/30 15:22:57 Received ACK for chunk 3800/10240
Received chunk 3801/10240: fixtures/large_file.bin
2025/04/30 15:22:57 Sent ACK for chunk 3800
2025/04/30 15:22:57 Received ACK for chunk 3801/10240
Received chunk 3802/10240: fixtures/large_file.bin
2025/04/30 15:22:57 Sent ACK for chunk 3801
2025/04/30 15:22:57 Received ACK for chunk 3802/10240
Received chunk 3803/10240: fixtures/large_file.bin
2025/04/30 15:22:57 Sent ACK for chunk 3802
2025/04/30 15:22:57 Received ACK for chunk 3803/10240
Received chunk 3804/10240: fixtures/large_file.bin
2025/04/30 15:22:57 Sent ACK for chunk 3803
2025/04/30 15:22:57 Received ACK for chunk 3804/10240
Received chunk 3805/10240: fixtures/large_file.bin
2025/04/30 15:22:57 Sent ACK for chunk 3804
2025/04/30 15:22:57 Received ACK for chunk 3805/10240
Received chunk 3806/10240: fixtures/large_file.bin
2025/04/30 15:22:57 Sent ACK for chunk 3805
2025/04/30 15:22:57 Received ACK for chunk 3806/10240
Received chunk 3807/10240: fixtures/large_file.bin
2025/04/30 15:22:57 Sent ACK for chunk 3806
2025/04/30 15:22:57 Received ACK for chunk 3807/10240
Received chunk 3808/10240: fixtures/large_file.bin
2025/04/30 15:22:57 Sent ACK for chunk 3807
2025/04/30 15:22:57 Received ACK for chunk 3808/10240
Received chunk 3809/10240: fixtures/large_file.bin
2025/04/30 15:22:57 Sent ACK for chunk 3808
2025/04/30 15:22:57 Received ACK for chunk 3809/10240
Received chunk 3810/10240: fixtures/large_file.bin
2025/04/30 15:22:57 Sent ACK for chunk 3809
2025/04/30 15:22:57 Received ACK for chunk 3810/10240
Received chunk 3811/10240: fixtures/large_file.bin
2025/04/30 15:22:57 Sent ACK for chunk 3810
2025/04/30 15:22:57 Received ACK for chunk 3811/10240
Received chunk 3812/10240: fixtures/large_file.bin
2025/04/30 15:22:57 Sent ACK for chunk 3811
2025/04/30 15:22:57 Received ACK for chunk 3812/10240
Received chunk 3813/10240: fixtures/large_file.bin
2025/04/30 15:22:57 Sent ACK for chunk 3812
2025/04/30 15:22:57 Received ACK for chunk 3813/10240
Received chunk 3814/10240: fixtures/large_file.bin
2025/04/30 15:22:57 Sent ACK for chunk 3813
2025/04/30 15:22:57 Received ACK for chunk 3814/10240
Received chunk 3815/10240: fixtures/large_file.bin
2025/04/30 15:22:57 Sent ACK for chunk 3814
2025/04/30 15:22:57 Received ACK for chunk 3815/10240
Received chunk 3816/10240: fixtures/large_file.bin
2025/04/30 15:22:57 Sent ACK for chunk 3815
2025/04/30 15:22:57 Received ACK for chunk 3816/10240
Received chunk 3817/10240: fixtures/large_file.bin
2025/04/30 15:22:57 Sent ACK for chunk 3816
2025/04/30 15:22:57 Received ACK for chunk 3817/10240
Received chunk 3818/10240: fixtures/large_file.bin
2025/04/30 15:22:57 Sent ACK for chunk 3817
2025/04/30 15:22:57 Received ACK for chunk 3818/10240
Received chunk 3819/10240: fixtures/large_file.bin
2025/04/30 15:22:57 Sent ACK for chunk 3818
2025/04/30 15:22:57 Received ACK for chunk 3819/10240
Received chunk 3820/10240: fixtures/large_file.bin
2025/04/30 15:22:57 Sent ACK for chunk 3819
2025/04/30 15:22:57 Received ACK for chunk 3820/10240
Received chunk 3821/10240: fixtures/large_file.bin
2025/04/30 15:22:57 Sent ACK for chunk 3820
2025/04/30 15:22:57 Received ACK for chunk 3821/10240
Received chunk 3822/10240: fixtures/large_file.bin
2025/04/30 15:22:57 Sent ACK for chunk 3821
2025/04/30 15:22:57 Received ACK for chunk 3822/10240
Received chunk 3823/10240: fixtures/large_file.bin
2025/04/30 15:22:57 Sent ACK for chunk 3822
2025/04/30 15:22:57 Received ACK for chunk 3823/10240
Received chunk 3824/10240: fixtures/large_file.bin
2025/04/30 15:22:57 Sent ACK for chunk 3823
2025/04/30 15:22:57 Received ACK for chunk 3824/10240
Received chunk 3825/10240: fixtures/large_file.bin
2025/04/30 15:22:57 Sent ACK for chunk 3824
2025/04/30 15:22:57 Received ACK for chunk 3825/10240
Received chunk 3826/10240: fixtures/large_file.bin
2025/04/30 15:22:57 Sent ACK for chunk 3825
2025/04/30 15:22:57 Received ACK for chunk 3826/10240
Received chunk 3827/10240: fixtures/large_file.bin
2025/04/30 15:22:57 Sent ACK for chunk 3826
2025/04/30 15:22:57 Received ACK for chunk 3827/10240
Received chunk 3828/10240: fixtures/large_file.bin
2025/04/30 15:22:57 Sent ACK for chunk 3827
2025/04/30 15:22:57 Received ACK for chunk 3828/10240
Received chunk 3829/10240: fixtures/large_file.bin
2025/04/30 15:22:57 Sent ACK for chunk 3828
2025/04/30 15:22:57 Received ACK for chunk 3829/10240
Received chunk 3830/10240: fixtures/large_file.bin
2025/04/30 15:22:57 Sent ACK for chunk 3829
2025/04/30 15:22:57 Received ACK for chunk 3830/10240
Received chunk 3831/10240: fixtures/large_file.bin
2025/04/30 15:22:57 Sent ACK for chunk 3830
2025/04/30 15:22:57 Received ACK for chunk 3831/10240
Received chunk 3832/10240: fixtures/large_file.bin
2025/04/30 15:22:57 Sent ACK for chunk 3831
2025/04/30 15:22:57 Received ACK for chunk 3832/10240
Received chunk 3833/10240: fixtures/large_file.bin
2025/04/30 15:22:57 Sent ACK for chunk 3832
2025/04/30 15:22:57 Received ACK for chunk 3833/10240
Received chunk 3834/10240: fixtures/large_file.bin
2025/04/30 15:22:57 Sent ACK for chunk 3833
2025/04/30 15:22:57 Received ACK for chunk 3834/10240
Received chunk 3835/10240: fixtures/large_file.bin
2025/04/30 15:22:57 Sent ACK for chunk 3834
2025/04/30 15:22:57 Received ACK for chunk 3835/10240
Received chunk 3836/10240: fixtures/large_file.bin
2025/04/30 15:22:57 Sent ACK for chunk 3835
2025/04/30 15:22:57 Received ACK for chunk 3836/10240
Received chunk 3837/10240: fixtures/large_file.bin
2025/04/30 15:22:57 Sent ACK for chunk 3836
2025/04/30 15:22:57 Received ACK for chunk 3837/10240
Received chunk 3838/10240: fixtures/large_file.bin
2025/04/30 15:22:57 Sent ACK for chunk 3837
2025/04/30 15:22:57 Received ACK for chunk 3838/10240
Received chunk 3839/10240: fixtures/large_file.bin
2025/04/30 15:22:57 Sent ACK for chunk 3838
2025/04/30 15:22:57 Received ACK for chunk 3839/10240
Received chunk 3840/10240: fixtures/large_file.bin
2025/04/30 15:22:57 Sent ACK for chunk 3839
2025/04/30 15:22:57 Received ACK for chunk 3840/10240
Received chunk 3841/10240: fixtures/large_file.bin
2025/04/30 15:22:57 Sent ACK for chunk 3840
2025/04/30 15:22:57 Received ACK for chunk 3841/10240
Received chunk 3842/10240: fixtures/large_file.bin
2025/04/30 15:22:57 Sent ACK for chunk 3841
2025/04/30 15:22:57 Received ACK for chunk 3842/10240
Received chunk 3843/10240: fixtures/large_file.bin
2025/04/30 15:22:57 Sent ACK for chunk 3842
2025/04/30 15:22:57 Received ACK for chunk 3843/10240
Received chunk 3844/10240: fixtures/large_file.bin
2025/04/30 15:22:57 Sent ACK for chunk 3843
2025/04/30 15:22:57 Received ACK for chunk 3844/10240
Received chunk 3845/10240: fixtures/large_file.bin
2025/04/30 15:22:57 Sent ACK for chunk 3844
2025/04/30 15:22:57 Received ACK for chunk 3845/10240
Received chunk 3846/10240: fixtures/large_file.bin
2025/04/30 15:22:57 Sent ACK for chunk 3845
2025/04/30 15:22:57 Received ACK for chunk 3846/10240
Received chunk 3847/10240: fixtures/large_file.bin
2025/04/30 15:22:57 Sent ACK for chunk 3846
2025/04/30 15:22:57 Received ACK for chunk 3847/10240
Received chunk 3848/10240: fixtures/large_file.bin
2025/04/30 15:22:57 Sent ACK for chunk 3847
2025/04/30 15:22:57 Received ACK for chunk 3848/10240
Received chunk 3849/10240: fixtures/large_file.bin
2025/04/30 15:22:57 Sent ACK for chunk 3848
2025/04/30 15:22:57 Received ACK for chunk 3849/10240
Received chunk 3850/10240: fixtures/large_file.bin
2025/04/30 15:22:57 Sent ACK for chunk 3849
2025/04/30 15:22:57 Received ACK for chunk 3850/10240
Received chunk 3851/10240: fixtures/large_file.bin
2025/04/30 15:22:57 Sent ACK for chunk 3850
2025/04/30 15:22:57 Received ACK for chunk 3851/10240
Received chunk 3852/10240: fixtures/large_file.bin
2025/04/30 15:22:57 Sent ACK for chunk 3851
2025/04/30 15:22:57 Received ACK for chunk 3852/10240
Received chunk 3853/10240: fixtures/large_file.bin
2025/04/30 15:22:57 Sent ACK for chunk 3852
2025/04/30 15:22:57 Received ACK for chunk 3853/10240
Received chunk 3854/10240: fixtures/large_file.bin
2025/04/30 15:22:57 Sent ACK for chunk 3853
2025/04/30 15:22:57 Received ACK for chunk 3854/10240
Received chunk 3855/10240: fixtures/large_file.bin
2025/04/30 15:22:57 Sent ACK for chunk 3854
2025/04/30 15:22:57 Received ACK for chunk 3855/10240
Received chunk 3856/10240: fixtures/large_file.bin
2025/04/30 15:22:57 Sent ACK for chunk 3855
2025/04/30 15:22:57 Received ACK for chunk 3856/10240
Received chunk 3857/10240: fixtures/large_file.bin
2025/04/30 15:22:57 Sent ACK for chunk 3856
2025/04/30 15:22:57 Received ACK for chunk 3857/10240
Received chunk 3858/10240: fixtures/large_file.bin
2025/04/30 15:22:57 Sent ACK for chunk 3857
2025/04/30 15:22:57 Received ACK for chunk 3858/10240
Received chunk 3859/10240: fixtures/large_file.bin
2025/04/30 15:22:57 Sent ACK for chunk 3858
2025/04/30 15:22:57 Received ACK for chunk 3859/10240
Received chunk 3860/10240: fixtures/large_file.bin
2025/04/30 15:22:57 Sent ACK for chunk 3859
2025/04/30 15:22:57 Received ACK for chunk 3860/10240
Received chunk 3861/10240: fixtures/large_file.bin
2025/04/30 15:22:57 Sent ACK for chunk 3860
2025/04/30 15:22:57 Received ACK for chunk 3861/10240
Received chunk 3862/10240: fixtures/large_file.bin
2025/04/30 15:22:57 Sent ACK for chunk 3861
2025/04/30 15:22:57 Received ACK for chunk 3862/10240
Received chunk 3863/10240: fixtures/large_file.bin
2025/04/30 15:22:57 Sent ACK for chunk 3862
2025/04/30 15:22:57 Received ACK for chunk 3863/10240
Received chunk 3864/10240: fixtures/large_file.bin
2025/04/30 15:22:57 Sent ACK for chunk 3863
2025/04/30 15:22:57 Received ACK for chunk 3864/10240
Received chunk 3865/10240: fixtures/large_file.bin
2025/04/30 15:22:57 Sent ACK for chunk 3864
2025/04/30 15:22:57 Received ACK for chunk 3865/10240
Received chunk 3866/10240: fixtures/large_file.bin
2025/04/30 15:22:57 Sent ACK for chunk 3865
2025/04/30 15:22:57 Received ACK for chunk 3866/10240
Received chunk 3867/10240: fixtures/large_file.bin
2025/04/30 15:22:57 Sent ACK for chunk 3866
2025/04/30 15:22:57 Received ACK for chunk 3867/10240
Received chunk 3868/10240: fixtures/large_file.bin
2025/04/30 15:22:57 Sent ACK for chunk 3867
2025/04/30 15:22:57 Received ACK for chunk 3868/10240
Received chunk 3869/10240: fixtures/large_file.bin
2025/04/30 15:22:57 Sent ACK for chunk 3868
2025/04/30 15:22:57 Received ACK for chunk 3869/10240
Received chunk 3870/10240: fixtures/large_file.bin
2025/04/30 15:22:57 Sent ACK for chunk 3869
2025/04/30 15:22:57 Received ACK for chunk 3870/10240
Received chunk 3871/10240: fixtures/large_file.bin
2025/04/30 15:22:57 Sent ACK for chunk 3870
2025/04/30 15:22:57 Received ACK for chunk 3871/10240
Received chunk 3872/10240: fixtures/large_file.bin
2025/04/30 15:22:57 Sent ACK for chunk 3871
2025/04/30 15:22:57 Received ACK for chunk 3872/10240
Received chunk 3873/10240: fixtures/large_file.bin
2025/04/30 15:22:57 Sent ACK for chunk 3872
2025/04/30 15:22:57 Received ACK for chunk 3873/10240
Received chunk 3874/10240: fixtures/large_file.bin
2025/04/30 15:22:57 Sent ACK for chunk 3873
2025/04/30 15:22:57 Received ACK for chunk 3874/10240
Received chunk 3875/10240: fixtures/large_file.bin
2025/04/30 15:22:57 Sent ACK for chunk 3874
2025/04/30 15:22:57 Received ACK for chunk 3875/10240
Received chunk 3876/10240: fixtures/large_file.bin
2025/04/30 15:22:57 Sent ACK for chunk 3875
2025/04/30 15:22:57 Received ACK for chunk 3876/10240
Received chunk 3877/10240: fixtures/large_file.bin
2025/04/30 15:22:57 Sent ACK for chunk 3876
2025/04/30 15:22:57 Received ACK for chunk 3877/10240
Received chunk 3878/10240: fixtures/large_file.bin
2025/04/30 15:22:57 Sent ACK for chunk 3877
2025/04/30 15:22:57 Received ACK for chunk 3878/10240
Received chunk 3879/10240: fixtures/large_file.bin
2025/04/30 15:22:57 Sent ACK for chunk 3878
2025/04/30 15:22:57 Received ACK for chunk 3879/10240
Received chunk 3880/10240: fixtures/large_file.bin
2025/04/30 15:22:57 Sent ACK for chunk 3879
2025/04/30 15:22:57 Received ACK for chunk 3880/10240
Received chunk 3881/10240: fixtures/large_file.bin
2025/04/30 15:22:57 Sent ACK for chunk 3880
2025/04/30 15:22:57 Received ACK for chunk 3881/10240
Received chunk 3882/10240: fixtures/large_file.bin
2025/04/30 15:22:57 Sent ACK for chunk 3881
2025/04/30 15:22:57 Received ACK for chunk 3882/10240
Received chunk 3883/10240: fixtures/large_file.bin
2025/04/30 15:22:57 Sent ACK for chunk 3882
2025/04/30 15:22:57 Received ACK for chunk 3883/10240
Received chunk 3884/10240: fixtures/large_file.bin
2025/04/30 15:22:57 Sent ACK for chunk 3883
2025/04/30 15:22:57 Received ACK for chunk 3884/10240
Received chunk 3885/10240: fixtures/large_file.bin
2025/04/30 15:22:57 Sent ACK for chunk 3884
2025/04/30 15:22:57 Received ACK for chunk 3885/10240
Received chunk 3886/10240: fixtures/large_file.bin
2025/04/30 15:22:57 Sent ACK for chunk 3885
2025/04/30 15:22:57 Received ACK for chunk 3886/10240
Received chunk 3887/10240: fixtures/large_file.bin
2025/04/30 15:22:57 Sent ACK for chunk 3886
2025/04/30 15:22:57 Received ACK for chunk 3887/10240
Received chunk 3888/10240: fixtures/large_file.bin
2025/04/30 15:22:57 Sent ACK for chunk 3887
2025/04/30 15:22:57 Received ACK for chunk 3888/10240
Received chunk 3889/10240: fixtures/large_file.bin
2025/04/30 15:22:57 Sent ACK for chunk 3888
2025/04/30 15:22:57 Received ACK for chunk 3889/10240
Received chunk 3890/10240: fixtures/large_file.bin
2025/04/30 15:22:57 Sent ACK for chunk 3889
2025/04/30 15:22:57 Received ACK for chunk 3890/10240
Received chunk 3891/10240: fixtures/large_file.bin
2025/04/30 15:22:57 Sent ACK for chunk 3890
2025/04/30 15:22:57 Received ACK for chunk 3891/10240
Received chunk 3892/10240: fixtures/large_file.bin
2025/04/30 15:22:57 Sent ACK for chunk 3891
2025/04/30 15:22:57 Received ACK for chunk 3892/10240
Received chunk 3893/10240: fixtures/large_file.bin
2025/04/30 15:22:57 Sent ACK for chunk 3892
2025/04/30 15:22:57 Received ACK for chunk 3893/10240
Received chunk 3894/10240: fixtures/large_file.bin
2025/04/30 15:22:57 Sent ACK for chunk 3893
2025/04/30 15:22:57 Received ACK for chunk 3894/10240
Received chunk 3895/10240: fixtures/large_file.bin
2025/04/30 15:22:57 Sent ACK for chunk 3894
2025/04/30 15:22:57 Received ACK for chunk 3895/10240
Received chunk 3896/10240: fixtures/large_file.bin
2025/04/30 15:22:57 Sent ACK for chunk 3895
2025/04/30 15:22:57 Received ACK for chunk 3896/10240
Received chunk 3897/10240: fixtures/large_file.bin
2025/04/30 15:22:57 Sent ACK for chunk 3896
2025/04/30 15:22:57 Received ACK for chunk 3897/10240
Received chunk 3898/10240: fixtures/large_file.bin
2025/04/30 15:22:57 Sent ACK for chunk 3897
2025/04/30 15:22:57 Received ACK for chunk 3898/10240
Received chunk 3899/10240: fixtures/large_file.bin
2025/04/30 15:22:57 Sent ACK for chunk 3898
2025/04/30 15:22:57 Received ACK for chunk 3899/10240
Received chunk 3900/10240: fixtures/large_file.bin
2025/04/30 15:22:57 Sent ACK for chunk 3899
2025/04/30 15:22:57 Received ACK for chunk 3900/10240
Received chunk 3901/10240: fixtures/large_file.bin
2025/04/30 15:22:57 Sent ACK for chunk 3900
2025/04/30 15:22:57 Received ACK for chunk 3901/10240
Received chunk 3902/10240: fixtures/large_file.bin
2025/04/30 15:22:57 Sent ACK for chunk 3901
2025/04/30 15:22:57 Received ACK for chunk 3902/10240
Received chunk 3903/10240: fixtures/large_file.bin
2025/04/30 15:22:57 Sent ACK for chunk 3902
2025/04/30 15:22:57 Received ACK for chunk 3903/10240
Received chunk 3904/10240: fixtures/large_file.bin
2025/04/30 15:22:57 Sent ACK for chunk 3903
2025/04/30 15:22:57 Received ACK for chunk 3904/10240
Received chunk 3905/10240: fixtures/large_file.bin
2025/04/30 15:22:57 Sent ACK for chunk 3904
2025/04/30 15:22:57 Received ACK for chunk 3905/10240
Received chunk 3906/10240: fixtures/large_file.bin
2025/04/30 15:22:57 Sent ACK for chunk 3905
2025/04/30 15:22:57 Received ACK for chunk 3906/10240
Received chunk 3907/10240: fixtures/large_file.bin
2025/04/30 15:22:57 Sent ACK for chunk 3906
2025/04/30 15:22:57 Received ACK for chunk 3907/10240
Received chunk 3908/10240: fixtures/large_file.bin
2025/04/30 15:22:57 Sent ACK for chunk 3907
2025/04/30 15:22:57 Received ACK for chunk 3908/10240
Received chunk 3909/10240: fixtures/large_file.bin
2025/04/30 15:22:57 Sent ACK for chunk 3908
2025/04/30 15:22:57 Received ACK for chunk 3909/10240
Received chunk 3910/10240: fixtures/large_file.bin
2025/04/30 15:22:57 Sent ACK for chunk 3909
2025/04/30 15:22:57 Received ACK for chunk 3910/10240
Received chunk 3911/10240: fixtures/large_file.bin
2025/04/30 15:22:57 Sent ACK for chunk 3910
2025/04/30 15:22:57 Received ACK for chunk 3911/10240
Received chunk 3912/10240: fixtures/large_file.bin
2025/04/30 15:22:57 Sent ACK for chunk 3911
2025/04/30 15:22:57 Received ACK for chunk 3912/10240
Received chunk 3913/10240: fixtures/large_file.bin
2025/04/30 15:22:57 Sent ACK for chunk 3912
2025/04/30 15:22:57 Received ACK for chunk 3913/10240
Received chunk 3914/10240: fixtures/large_file.bin
2025/04/30 15:22:57 Sent ACK for chunk 3913
2025/04/30 15:22:57 Received ACK for chunk 3914/10240
Received chunk 3915/10240: fixtures/large_file.bin
2025/04/30 15:22:57 Sent ACK for chunk 3914
2025/04/30 15:22:57 Received ACK for chunk 3915/10240
Received chunk 3916/10240: fixtures/large_file.bin
2025/04/30 15:22:57 Sent ACK for chunk 3915
2025/04/30 15:22:57 Received ACK for chunk 3916/10240
Received chunk 3917/10240: fixtures/large_file.bin
2025/04/30 15:22:57 Sent ACK for chunk 3916
2025/04/30 15:22:57 Received ACK for chunk 3917/10240
Received chunk 3918/10240: fixtures/large_file.bin
2025/04/30 15:22:57 Sent ACK for chunk 3917
2025/04/30 15:22:57 Received ACK for chunk 3918/10240
Received chunk 3919/10240: fixtures/large_file.bin
2025/04/30 15:22:57 Sent ACK for chunk 3918
2025/04/30 15:22:57 Received ACK for chunk 3919/10240
Received chunk 3920/10240: fixtures/large_file.bin
2025/04/30 15:22:57 Sent ACK for chunk 3919
2025/04/30 15:22:57 Received ACK for chunk 3920/10240
Received chunk 3921/10240: fixtures/large_file.bin
2025/04/30 15:22:57 Sent ACK for chunk 3920
2025/04/30 15:22:57 Received ACK for chunk 3921/10240
Received chunk 3922/10240: fixtures/large_file.bin
2025/04/30 15:22:57 Sent ACK for chunk 3921
2025/04/30 15:22:57 Received ACK for chunk 3922/10240
Received chunk 3923/10240: fixtures/large_file.bin
2025/04/30 15:22:57 Sent ACK for chunk 3922
2025/04/30 15:22:57 Received ACK for chunk 3923/10240
Received chunk 3924/10240: fixtures/large_file.bin
2025/04/30 15:22:57 Sent ACK for chunk 3923
2025/04/30 15:22:57 Received ACK for chunk 3924/10240
Received chunk 3925/10240: fixtures/large_file.bin
2025/04/30 15:22:57 Sent ACK for chunk 3924
2025/04/30 15:22:57 Received ACK for chunk 3925/10240
Received chunk 3926/10240: fixtures/large_file.bin
2025/04/30 15:22:57 Sent ACK for chunk 3925
2025/04/30 15:22:57 Received ACK for chunk 3926/10240
Received chunk 3927/10240: fixtures/large_file.bin
2025/04/30 15:22:57 Sent ACK for chunk 3926
2025/04/30 15:22:57 Received ACK for chunk 3927/10240
Received chunk 3928/10240: fixtures/large_file.bin
2025/04/30 15:22:57 Sent ACK for chunk 3927
2025/04/30 15:22:57 Received ACK for chunk 3928/10240
Received chunk 3929/10240: fixtures/large_file.bin
2025/04/30 15:22:57 Sent ACK for chunk 3928
2025/04/30 15:22:57 Received ACK for chunk 3929/10240
Received chunk 3930/10240: fixtures/large_file.bin
2025/04/30 15:22:57 Sent ACK for chunk 3929
2025/04/30 15:22:57 Received ACK for chunk 3930/10240
Received chunk 3931/10240: fixtures/large_file.bin
2025/04/30 15:22:57 Sent ACK for chunk 3930
2025/04/30 15:22:57 Received ACK for chunk 3931/10240
Received chunk 3932/10240: fixtures/large_file.bin
2025/04/30 15:22:57 Sent ACK for chunk 3931
2025/04/30 15:22:57 Received ACK for chunk 3932/10240
Received chunk 3933/10240: fixtures/large_file.bin
2025/04/30 15:22:57 Sent ACK for chunk 3932
2025/04/30 15:22:57 Received ACK for chunk 3933/10240
Received chunk 3934/10240: fixtures/large_file.bin
2025/04/30 15:22:57 Sent ACK for chunk 3933
2025/04/30 15:22:57 Received ACK for chunk 3934/10240
Received chunk 3935/10240: fixtures/large_file.bin
2025/04/30 15:22:57 Sent ACK for chunk 3934
2025/04/30 15:22:57 Received ACK for chunk 3935/10240
Received chunk 3936/10240: fixtures/large_file.bin
2025/04/30 15:22:57 Sent ACK for chunk 3935
2025/04/30 15:22:57 Received ACK for chunk 3936/10240
Received chunk 3937/10240: fixtures/large_file.bin
2025/04/30 15:22:57 Sent ACK for chunk 3936
2025/04/30 15:22:57 Received ACK for chunk 3937/10240
Received chunk 3938/10240: fixtures/large_file.bin
2025/04/30 15:22:57 Sent ACK for chunk 3937
2025/04/30 15:22:57 Received ACK for chunk 3938/10240
Received chunk 3939/10240: fixtures/large_file.bin
2025/04/30 15:22:57 Sent ACK for chunk 3938
2025/04/30 15:22:57 Received ACK for chunk 3939/10240
Received chunk 3940/10240: fixtures/large_file.bin
2025/04/30 15:22:57 Sent ACK for chunk 3939
2025/04/30 15:22:57 Received ACK for chunk 3940/10240
Received chunk 3941/10240: fixtures/large_file.bin
2025/04/30 15:22:57 Sent ACK for chunk 3940
2025/04/30 15:22:57 Received ACK for chunk 3941/10240
Received chunk 3942/10240: fixtures/large_file.bin
2025/04/30 15:22:57 Sent ACK for chunk 3941
2025/04/30 15:22:57 Received ACK for chunk 3942/10240
Received chunk 3943/10240: fixtures/large_file.bin
2025/04/30 15:22:57 Sent ACK for chunk 3942
2025/04/30 15:22:57 Received ACK for chunk 3943/10240
Received chunk 3944/10240: fixtures/large_file.bin
2025/04/30 15:22:57 Sent ACK for chunk 3943
2025/04/30 15:22:57 Received ACK for chunk 3944/10240
Received chunk 3945/10240: fixtures/large_file.bin
2025/04/30 15:22:57 Sent ACK for chunk 3944
2025/04/30 15:22:57 Received ACK for chunk 3945/10240
Received chunk 3946/10240: fixtures/large_file.bin
2025/04/30 15:22:57 Sent ACK for chunk 3945
2025/04/30 15:22:57 Received ACK for chunk 3946/10240
Received chunk 3947/10240: fixtures/large_file.bin
2025/04/30 15:22:57 Sent ACK for chunk 3946
2025/04/30 15:22:57 Received ACK for chunk 3947/10240
Received chunk 3948/10240: fixtures/large_file.bin
2025/04/30 15:22:57 Sent ACK for chunk 3947
2025/04/30 15:22:57 Received ACK for chunk 3948/10240
Received chunk 3949/10240: fixtures/large_file.bin
2025/04/30 15:22:57 Sent ACK for chunk 3948
2025/04/30 15:22:57 Received ACK for chunk 3949/10240
Received chunk 3950/10240: fixtures/large_file.bin
2025/04/30 15:22:57 Sent ACK for chunk 3949
2025/04/30 15:22:57 Received ACK for chunk 3950/10240
Received chunk 3951/10240: fixtures/large_file.bin
2025/04/30 15:22:57 Sent ACK for chunk 3950
2025/04/30 15:22:57 Received ACK for chunk 3951/10240
Received chunk 3952/10240: fixtures/large_file.bin
2025/04/30 15:22:57 Sent ACK for chunk 3951
2025/04/30 15:22:57 Received ACK for chunk 3952/10240
Received chunk 3953/10240: fixtures/large_file.bin
2025/04/30 15:22:57 Sent ACK for chunk 3952
2025/04/30 15:22:57 Received ACK for chunk 3953/10240
Received chunk 3954/10240: fixtures/large_file.bin
2025/04/30 15:22:57 Sent ACK for chunk 3953
2025/04/30 15:22:57 Received ACK for chunk 3954/10240
Received chunk 3955/10240: fixtures/large_file.bin
2025/04/30 15:22:57 Sent ACK for chunk 3954
2025/04/30 15:22:57 Received ACK for chunk 3955/10240
Received chunk 3956/10240: fixtures/large_file.bin
2025/04/30 15:22:57 Sent ACK for chunk 3955
2025/04/30 15:22:57 Received ACK for chunk 3956/10240
Received chunk 3957/10240: fixtures/large_file.bin
2025/04/30 15:22:57 Sent ACK for chunk 3956
2025/04/30 15:22:57 Received ACK for chunk 3957/10240
Received chunk 3958/10240: fixtures/large_file.bin
2025/04/30 15:22:57 Sent ACK for chunk 3957
2025/04/30 15:22:57 Received ACK for chunk 3958/10240
Received chunk 3959/10240: fixtures/large_file.bin
2025/04/30 15:22:57 Sent ACK for chunk 3958
2025/04/30 15:22:57 Received ACK for chunk 3959/10240
Received chunk 3960/10240: fixtures/large_file.bin
2025/04/30 15:22:57 Sent ACK for chunk 3959
2025/04/30 15:22:57 Received ACK for chunk 3960/10240
Received chunk 3961/10240: fixtures/large_file.bin
2025/04/30 15:22:57 Sent ACK for chunk 3960
2025/04/30 15:22:57 Received ACK for chunk 3961/10240
Received chunk 3962/10240: fixtures/large_file.bin
2025/04/30 15:22:57 Sent ACK for chunk 3961
2025/04/30 15:22:57 Received ACK for chunk 3962/10240
Received chunk 3963/10240: fixtures/large_file.bin
2025/04/30 15:22:57 Sent ACK for chunk 3962
2025/04/30 15:22:57 Received ACK for chunk 3963/10240
Received chunk 3964/10240: fixtures/large_file.bin
2025/04/30 15:22:57 Sent ACK for chunk 3963
2025/04/30 15:22:57 Received ACK for chunk 3964/10240
Received chunk 3965/10240: fixtures/large_file.bin
2025/04/30 15:22:57 Sent ACK for chunk 3964
2025/04/30 15:22:57 Received ACK for chunk 3965/10240
Received chunk 3966/10240: fixtures/large_file.bin
2025/04/30 15:22:57 Sent ACK for chunk 3965
2025/04/30 15:22:57 Received ACK for chunk 3966/10240
Received chunk 3967/10240: fixtures/large_file.bin
2025/04/30 15:22:57 Sent ACK for chunk 3966
2025/04/30 15:22:57 Received ACK for chunk 3967/10240
Received chunk 3968/10240: fixtures/large_file.bin
2025/04/30 15:22:57 Sent ACK for chunk 3967
2025/04/30 15:22:57 Received ACK for chunk 3968/10240
Received chunk 3969/10240: fixtures/large_file.bin
2025/04/30 15:22:57 Sent ACK for chunk 3968
2025/04/30 15:22:57 Received ACK for chunk 3969/10240
Received chunk 3970/10240: fixtures/large_file.bin
2025/04/30 15:22:57 Sent ACK for chunk 3969
2025/04/30 15:22:57 Received ACK for chunk 3970/10240
Received chunk 3971/10240: fixtures/large_file.bin
2025/04/30 15:22:57 Sent ACK for chunk 3970
2025/04/30 15:22:57 Received ACK for chunk 3971/10240
Received chunk 3972/10240: fixtures/large_file.bin
2025/04/30 15:22:57 Sent ACK for chunk 3971
2025/04/30 15:22:57 Received ACK for chunk 3972/10240
Received chunk 3973/10240: fixtures/large_file.bin
2025/04/30 15:22:57 Sent ACK for chunk 3972
2025/04/30 15:22:57 Received ACK for chunk 3973/10240
Received chunk 3974/10240: fixtures/large_file.bin
2025/04/30 15:22:57 Sent ACK for chunk 3973
2025/04/30 15:22:57 Received ACK for chunk 3974/10240
Received chunk 3975/10240: fixtures/large_file.bin
2025/04/30 15:22:57 Sent ACK for chunk 3974
2025/04/30 15:22:57 Received ACK for chunk 3975/10240
Received chunk 3976/10240: fixtures/large_file.bin
2025/04/30 15:22:57 Sent ACK for chunk 3975
2025/04/30 15:22:57 Received ACK for chunk 3976/10240
Received chunk 3977/10240: fixtures/large_file.bin
2025/04/30 15:22:57 Sent ACK for chunk 3976
2025/04/30 15:22:57 Received ACK for chunk 3977/10240
Received chunk 3978/10240: fixtures/large_file.bin
2025/04/30 15:22:57 Sent ACK for chunk 3977
2025/04/30 15:22:57 Received ACK for chunk 3978/10240
Received chunk 3979/10240: fixtures/large_file.bin
2025/04/30 15:22:57 Sent ACK for chunk 3978
2025/04/30 15:22:57 Received ACK for chunk 3979/10240
Received chunk 3980/10240: fixtures/large_file.bin
2025/04/30 15:22:57 Sent ACK for chunk 3979
2025/04/30 15:22:57 Received ACK for chunk 3980/10240
Received chunk 3981/10240: fixtures/large_file.bin
2025/04/30 15:22:57 Sent ACK for chunk 3980
2025/04/30 15:22:57 Received ACK for chunk 3981/10240
Received chunk 3982/10240: fixtures/large_file.bin
2025/04/30 15:22:57 Sent ACK for chunk 3981
2025/04/30 15:22:57 Received ACK for chunk 3982/10240
Received chunk 3983/10240: fixtures/large_file.bin
2025/04/30 15:22:57 Sent ACK for chunk 3982
2025/04/30 15:22:57 Received ACK for chunk 3983/10240
Received chunk 3984/10240: fixtures/large_file.bin
2025/04/30 15:22:57 Sent ACK for chunk 3983
2025/04/30 15:22:57 Received ACK for chunk 3984/10240
Received chunk 3985/10240: fixtures/large_file.bin
2025/04/30 15:22:57 Sent ACK for chunk 3984
2025/04/30 15:22:57 Received ACK for chunk 3985/10240
Received chunk 3986/10240: fixtures/large_file.bin
2025/04/30 15:22:57 Sent ACK for chunk 3985
2025/04/30 15:22:57 Received ACK for chunk 3986/10240
Received chunk 3987/10240: fixtures/large_file.bin
2025/04/30 15:22:57 Sent ACK for chunk 3986
2025/04/30 15:22:57 Received ACK for chunk 3987/10240
Received chunk 3988/10240: fixtures/large_file.bin
2025/04/30 15:22:57 Sent ACK for chunk 3987
2025/04/30 15:22:57 Received ACK for chunk 3988/10240
Received chunk 3989/10240: fixtures/large_file.bin
2025/04/30 15:22:57 Sent ACK for chunk 3988
2025/04/30 15:22:57 Received ACK for chunk 3989/10240
Received chunk 3990/10240: fixtures/large_file.bin
2025/04/30 15:22:57 Sent ACK for chunk 3989
2025/04/30 15:22:57 Received ACK for chunk 3990/10240
Received chunk 3991/10240: fixtures/large_file.bin
2025/04/30 15:22:57 Sent ACK for chunk 3990
2025/04/30 15:22:57 Received ACK for chunk 3991/10240
Received chunk 3992/10240: fixtures/large_file.bin
2025/04/30 15:22:57 Sent ACK for chunk 3991
2025/04/30 15:22:57 Received ACK for chunk 3992/10240
Received chunk 3993/10240: fixtures/large_file.bin
2025/04/30 15:22:57 Sent ACK for chunk 3992
2025/04/30 15:22:57 Received ACK for chunk 3993/10240
Received chunk 3994/10240: fixtures/large_file.bin
2025/04/30 15:22:57 Sent ACK for chunk 3993
2025/04/30 15:22:57 Received ACK for chunk 3994/10240
Received chunk 3995/10240: fixtures/large_file.bin
2025/04/30 15:22:57 Sent ACK for chunk 3994
2025/04/30 15:22:57 Received ACK for chunk 3995/10240
Received chunk 3996/10240: fixtures/large_file.bin
2025/04/30 15:22:57 Sent ACK for chunk 3995
2025/04/30 15:22:57 Received ACK for chunk 3996/10240
Received chunk 3997/10240: fixtures/large_file.bin
2025/04/30 15:22:57 Sent ACK for chunk 3996
2025/04/30 15:22:57 Received ACK for chunk 3997/10240
Received chunk 3998/10240: fixtures/large_file.bin
2025/04/30 15:22:57 Sent ACK for chunk 3997
2025/04/30 15:22:57 Received ACK for chunk 3998/10240
Received chunk 3999/10240: fixtures/large_file.bin
2025/04/30 15:22:57 Sent ACK for chunk 3998
2025/04/30 15:22:57 Received ACK for chunk 3999/10240
Received chunk 4000/10240: fixtures/large_file.bin
2025/04/30 15:22:57 Sent ACK for chunk 3999
2025/04/30 15:22:57 Received ACK for chunk 4000/10240
Received chunk 4001/10240: fixtures/large_file.bin
2025/04/30 15:22:57 Sent ACK for chunk 4000
2025/04/30 15:22:57 Received ACK for chunk 4001/10240
Received chunk 4002/10240: fixtures/large_file.bin
2025/04/30 15:22:57 Sent ACK for chunk 4001
2025/04/30 15:22:57 Received ACK for chunk 4002/10240
Received chunk 4003/10240: fixtures/large_file.bin
2025/04/30 15:22:57 Sent ACK for chunk 4002
2025/04/30 15:22:57 Received ACK for chunk 4003/10240
Received chunk 4004/10240: fixtures/large_file.bin
2025/04/30 15:22:57 Sent ACK for chunk 4003
2025/04/30 15:22:57 Received ACK for chunk 4004/10240
Received chunk 4005/10240: fixtures/large_file.bin
2025/04/30 15:22:57 Sent ACK for chunk 4004
2025/04/30 15:22:57 Received ACK for chunk 4005/10240
Received chunk 4006/10240: fixtures/large_file.bin
2025/04/30 15:22:57 Sent ACK for chunk 4005
2025/04/30 15:22:57 Received ACK for chunk 4006/10240
Received chunk 4007/10240: fixtures/large_file.bin
2025/04/30 15:22:57 Sent ACK for chunk 4006
2025/04/30 15:22:57 Received ACK for chunk 4007/10240
Received chunk 4008/10240: fixtures/large_file.bin
2025/04/30 15:22:57 Sent ACK for chunk 4007
2025/04/30 15:22:57 Received ACK for chunk 4008/10240
Received chunk 4009/10240: fixtures/large_file.bin
2025/04/30 15:22:57 Sent ACK for chunk 4008
2025/04/30 15:22:57 Received ACK for chunk 4009/10240
Received chunk 4010/10240: fixtures/large_file.bin
2025/04/30 15:22:57 Sent ACK for chunk 4009
2025/04/30 15:22:57 Received ACK for chunk 4010/10240
Received chunk 4011/10240: fixtures/large_file.bin
2025/04/30 15:22:57 Sent ACK for chunk 4010
2025/04/30 15:22:57 Received ACK for chunk 4011/10240
Received chunk 4012/10240: fixtures/large_file.bin
2025/04/30 15:22:57 Sent ACK for chunk 4011
2025/04/30 15:22:57 Received ACK for chunk 4012/10240
Received chunk 4013/10240: fixtures/large_file.bin
2025/04/30 15:22:57 Sent ACK for chunk 4012
2025/04/30 15:22:57 Received ACK for chunk 4013/10240
Received chunk 4014/10240: fixtures/large_file.bin
2025/04/30 15:22:57 Sent ACK for chunk 4013
2025/04/30 15:22:57 Received ACK for chunk 4014/10240
Received chunk 4015/10240: fixtures/large_file.bin
2025/04/30 15:22:57 Sent ACK for chunk 4014
2025/04/30 15:22:57 Received ACK for chunk 4015/10240
Received chunk 4016/10240: fixtures/large_file.bin
2025/04/30 15:22:57 Sent ACK for chunk 4015
2025/04/30 15:22:57 Received ACK for chunk 4016/10240
Received chunk 4017/10240: fixtures/large_file.bin
2025/04/30 15:22:57 Sent ACK for chunk 4016
2025/04/30 15:22:57 Received ACK for chunk 4017/10240
Received chunk 4018/10240: fixtures/large_file.bin
2025/04/30 15:22:57 Sent ACK for chunk 4017
2025/04/30 15:22:57 Received ACK for chunk 4018/10240
Received chunk 4019/10240: fixtures/large_file.bin
2025/04/30 15:22:57 Sent ACK for chunk 4018
2025/04/30 15:22:57 Received ACK for chunk 4019/10240
Received chunk 4020/10240: fixtures/large_file.bin
2025/04/30 15:22:57 Sent ACK for chunk 4019
2025/04/30 15:22:57 Received ACK for chunk 4020/10240
Received chunk 4021/10240: fixtures/large_file.bin
2025/04/30 15:22:57 Sent ACK for chunk 4020
2025/04/30 15:22:57 Received ACK for chunk 4021/10240
Received chunk 4022/10240: fixtures/large_file.bin
2025/04/30 15:22:57 Sent ACK for chunk 4021
2025/04/30 15:22:57 Received ACK for chunk 4022/10240
Received chunk 4023/10240: fixtures/large_file.bin
2025/04/30 15:22:57 Sent ACK for chunk 4022
2025/04/30 15:22:57 Received ACK for chunk 4023/10240
Received chunk 4024/10240: fixtures/large_file.bin
2025/04/30 15:22:57 Sent ACK for chunk 4023
2025/04/30 15:22:57 Received ACK for chunk 4024/10240
Received chunk 4025/10240: fixtures/large_file.bin
2025/04/30 15:22:57 Sent ACK for chunk 4024
2025/04/30 15:22:57 Received ACK for chunk 4025/10240
Received chunk 4026/10240: fixtures/large_file.bin
2025/04/30 15:22:57 Sent ACK for chunk 4025
2025/04/30 15:22:57 Received ACK for chunk 4026/10240
Received chunk 4027/10240: fixtures/large_file.bin
2025/04/30 15:22:57 Sent ACK for chunk 4026
2025/04/30 15:22:57 Received ACK for chunk 4027/10240
Received chunk 4028/10240: fixtures/large_file.bin
2025/04/30 15:22:57 Sent ACK for chunk 4027
2025/04/30 15:22:57 Received ACK for chunk 4028/10240
Received chunk 4029/10240: fixtures/large_file.bin
2025/04/30 15:22:57 Sent ACK for chunk 4028
2025/04/30 15:22:57 Received ACK for chunk 4029/10240
Received chunk 4030/10240: fixtures/large_file.bin
2025/04/30 15:22:57 Sent ACK for chunk 4029
2025/04/30 15:22:57 Received ACK for chunk 4030/10240
Received chunk 4031/10240: fixtures/large_file.bin
2025/04/30 15:22:57 Sent ACK for chunk 4030
2025/04/30 15:22:57 Received ACK for chunk 4031/10240
Received chunk 4032/10240: fixtures/large_file.bin
2025/04/30 15:22:57 Sent ACK for chunk 4031
2025/04/30 15:22:57 Received ACK for chunk 4032/10240
Received chunk 4033/10240: fixtures/large_file.bin
2025/04/30 15:22:57 Sent ACK for chunk 4032
2025/04/30 15:22:57 Received ACK for chunk 4033/10240
Received chunk 4034/10240: fixtures/large_file.bin
2025/04/30 15:22:57 Sent ACK for chunk 4033
2025/04/30 15:22:57 Received ACK for chunk 4034/10240
Received chunk 4035/10240: fixtures/large_file.bin
2025/04/30 15:22:57 Sent ACK for chunk 4034
2025/04/30 15:22:57 Received ACK for chunk 4035/10240
Received chunk 4036/10240: fixtures/large_file.bin
2025/04/30 15:22:57 Sent ACK for chunk 4035
2025/04/30 15:22:57 Received ACK for chunk 4036/10240
Received chunk 4037/10240: fixtures/large_file.bin
2025/04/30 15:22:57 Sent ACK for chunk 4036
2025/04/30 15:22:57 Received ACK for chunk 4037/10240
Received chunk 4038/10240: fixtures/large_file.bin
2025/04/30 15:22:57 Sent ACK for chunk 4037
2025/04/30 15:22:57 Received ACK for chunk 4038/10240
Received chunk 4039/10240: fixtures/large_file.bin
2025/04/30 15:22:57 Sent ACK for chunk 4038
2025/04/30 15:22:57 Received ACK for chunk 4039/10240
Received chunk 4040/10240: fixtures/large_file.bin
2025/04/30 15:22:57 Sent ACK for chunk 4039
2025/04/30 15:22:57 Received ACK for chunk 4040/10240
Received chunk 4041/10240: fixtures/large_file.bin
2025/04/30 15:22:57 Sent ACK for chunk 4040
2025/04/30 15:22:57 Received ACK for chunk 4041/10240
Received chunk 4042/10240: fixtures/large_file.bin
2025/04/30 15:22:57 Sent ACK for chunk 4041
2025/04/30 15:22:57 Received ACK for chunk 4042/10240
Received chunk 4043/10240: fixtures/large_file.bin
2025/04/30 15:22:57 Sent ACK for chunk 4042
2025/04/30 15:22:57 Received ACK for chunk 4043/10240
Received chunk 4044/10240: fixtures/large_file.bin
2025/04/30 15:22:57 Sent ACK for chunk 4043
2025/04/30 15:22:57 Received ACK for chunk 4044/10240
Received chunk 4045/10240: fixtures/large_file.bin
2025/04/30 15:22:57 Sent ACK for chunk 4044
2025/04/30 15:22:57 Received ACK for chunk 4045/10240
Received chunk 4046/10240: fixtures/large_file.bin
2025/04/30 15:22:57 Sent ACK for chunk 4045
2025/04/30 15:22:57 Received ACK for chunk 4046/10240
Received chunk 4047/10240: fixtures/large_file.bin
2025/04/30 15:22:57 Sent ACK for chunk 4046
2025/04/30 15:22:57 Received ACK for chunk 4047/10240
Received chunk 4048/10240: fixtures/large_file.bin
2025/04/30 15:22:57 Sent ACK for chunk 4047
2025/04/30 15:22:57 Received ACK for chunk 4048/10240
Received chunk 4049/10240: fixtures/large_file.bin
2025/04/30 15:22:57 Sent ACK for chunk 4048
2025/04/30 15:22:57 Received ACK for chunk 4049/10240
Received chunk 4050/10240: fixtures/large_file.bin
2025/04/30 15:22:57 Sent ACK for chunk 4049
2025/04/30 15:22:57 Received ACK for chunk 4050/10240
Received chunk 4051/10240: fixtures/large_file.bin
2025/04/30 15:22:57 Sent ACK for chunk 4050
2025/04/30 15:22:57 Received ACK for chunk 4051/10240
Received chunk 4052/10240: fixtures/large_file.bin
2025/04/30 15:22:57 Sent ACK for chunk 4051
2025/04/30 15:22:57 Received ACK for chunk 4052/10240
Received chunk 4053/10240: fixtures/large_file.bin
2025/04/30 15:22:57 Sent ACK for chunk 4052
2025/04/30 15:22:57 Received ACK for chunk 4053/10240
Received chunk 4054/10240: fixtures/large_file.bin
2025/04/30 15:22:57 Sent ACK for chunk 4053
2025/04/30 15:22:57 Received ACK for chunk 4054/10240
Received chunk 4055/10240: fixtures/large_file.bin
2025/04/30 15:22:57 Sent ACK for chunk 4054
2025/04/30 15:22:57 Received ACK for chunk 4055/10240
Received chunk 4056/10240: fixtures/large_file.bin
2025/04/30 15:22:57 Sent ACK for chunk 4055
2025/04/30 15:22:57 Received ACK for chunk 4056/10240
Received chunk 4057/10240: fixtures/large_file.bin
2025/04/30 15:22:57 Sent ACK for chunk 4056
2025/04/30 15:22:57 Received ACK for chunk 4057/10240
Received chunk 4058/10240: fixtures/large_file.bin
2025/04/30 15:22:57 Sent ACK for chunk 4057
2025/04/30 15:22:57 Received ACK for chunk 4058/10240
Received chunk 4059/10240: fixtures/large_file.bin
2025/04/30 15:22:57 Sent ACK for chunk 4058
2025/04/30 15:22:57 Received ACK for chunk 4059/10240
Received chunk 4060/10240: fixtures/large_file.bin
2025/04/30 15:22:57 Sent ACK for chunk 4059
2025/04/30 15:22:57 Received ACK for chunk 4060/10240
Received chunk 4061/10240: fixtures/large_file.bin
2025/04/30 15:22:57 Sent ACK for chunk 4060
2025/04/30 15:22:57 Received ACK for chunk 4061/10240
Received chunk 4062/10240: fixtures/large_file.bin
2025/04/30 15:22:57 Sent ACK for chunk 4061
2025/04/30 15:22:57 Received ACK for chunk 4062/10240
Received chunk 4063/10240: fixtures/large_file.bin
2025/04/30 15:22:57 Sent ACK for chunk 4062
2025/04/30 15:22:57 Received ACK for chunk 4063/10240
Received chunk 4064/10240: fixtures/large_file.bin
2025/04/30 15:22:57 Sent ACK for chunk 4063
2025/04/30 15:22:57 Received ACK for chunk 4064/10240
Received chunk 4065/10240: fixtures/large_file.bin
2025/04/30 15:22:57 Sent ACK for chunk 4064
2025/04/30 15:22:57 Received ACK for chunk 4065/10240
Received chunk 4066/10240: fixtures/large_file.bin
2025/04/30 15:22:57 Sent ACK for chunk 4065
2025/04/30 15:22:57 Received ACK for chunk 4066/10240
Received chunk 4067/10240: fixtures/large_file.bin
2025/04/30 15:22:57 Sent ACK for chunk 4066
2025/04/30 15:22:57 Received ACK for chunk 4067/10240
Received chunk 4068/10240: fixtures/large_file.bin
2025/04/30 15:22:57 Sent ACK for chunk 4067
2025/04/30 15:22:57 Received ACK for chunk 4068/10240
Received chunk 4069/10240: fixtures/large_file.bin
2025/04/30 15:22:57 Sent ACK for chunk 4068
2025/04/30 15:22:57 Received ACK for chunk 4069/10240
Received chunk 4070/10240: fixtures/large_file.bin
2025/04/30 15:22:57 Sent ACK for chunk 4069
2025/04/30 15:22:57 Received ACK for chunk 4070/10240
Received chunk 4071/10240: fixtures/large_file.bin
2025/04/30 15:22:57 Sent ACK for chunk 4070
2025/04/30 15:22:57 Received ACK for chunk 4071/10240
Received chunk 4072/10240: fixtures/large_file.bin
2025/04/30 15:22:57 Sent ACK for chunk 4071
2025/04/30 15:22:57 Received ACK for chunk 4072/10240
Received chunk 4073/10240: fixtures/large_file.bin
2025/04/30 15:22:57 Sent ACK for chunk 4072
2025/04/30 15:22:57 Received ACK for chunk 4073/10240
Received chunk 4074/10240: fixtures/large_file.bin
2025/04/30 15:22:57 Sent ACK for chunk 4073
2025/04/30 15:22:57 Received ACK for chunk 4074/10240
Received chunk 4075/10240: fixtures/large_file.bin
2025/04/30 15:22:57 Sent ACK for chunk 4074
2025/04/30 15:22:57 Received ACK for chunk 4075/10240
Received chunk 4076/10240: fixtures/large_file.bin
2025/04/30 15:22:57 Sent ACK for chunk 4075
2025/04/30 15:22:57 Received ACK for chunk 4076/10240
Received chunk 4077/10240: fixtures/large_file.bin
2025/04/30 15:22:57 Sent ACK for chunk 4076
2025/04/30 15:22:57 Received ACK for chunk 4077/10240
Received chunk 4078/10240: fixtures/large_file.bin
2025/04/30 15:22:57 Sent ACK for chunk 4077
2025/04/30 15:22:57 Received ACK for chunk 4078/10240
Received chunk 4079/10240: fixtures/large_file.bin
2025/04/30 15:22:57 Sent ACK for chunk 4078
2025/04/30 15:22:57 Received ACK for chunk 4079/10240
Received chunk 4080/10240: fixtures/large_file.bin
2025/04/30 15:22:57 Sent ACK for chunk 4079
2025/04/30 15:22:57 Received ACK for chunk 4080/10240
Received chunk 4081/10240: fixtures/large_file.bin
2025/04/30 15:22:57 Sent ACK for chunk 4080
2025/04/30 15:22:57 Received ACK for chunk 4081/10240
Received chunk 4082/10240: fixtures/large_file.bin
2025/04/30 15:22:57 Sent ACK for chunk 4081
2025/04/30 15:22:57 Received ACK for chunk 4082/10240
Received chunk 4083/10240: fixtures/large_file.bin
2025/04/30 15:22:57 Sent ACK for chunk 4082
2025/04/30 15:22:57 Received ACK for chunk 4083/10240
Received chunk 4084/10240: fixtures/large_file.bin
2025/04/30 15:22:57 Sent ACK for chunk 4083
2025/04/30 15:22:57 Received ACK for chunk 4084/10240
Received chunk 4085/10240: fixtures/large_file.bin
2025/04/30 15:22:57 Sent ACK for chunk 4084
2025/04/30 15:22:57 Received ACK for chunk 4085/10240
Received chunk 4086/10240: fixtures/large_file.bin
2025/04/30 15:22:57 Sent ACK for chunk 4085
2025/04/30 15:22:57 Received ACK for chunk 4086/10240
Received chunk 4087/10240: fixtures/large_file.bin
2025/04/30 15:22:57 Sent ACK for chunk 4086
2025/04/30 15:22:57 Received ACK for chunk 4087/10240
Received chunk 4088/10240: fixtures/large_file.bin
2025/04/30 15:22:57 Sent ACK for chunk 4087
2025/04/30 15:22:57 Received ACK for chunk 4088/10240
Received chunk 4089/10240: fixtures/large_file.bin
2025/04/30 15:22:57 Sent ACK for chunk 4088
2025/04/30 15:22:57 Received ACK for chunk 4089/10240
Received chunk 4090/10240: fixtures/large_file.bin
2025/04/30 15:22:57 Sent ACK for chunk 4089
2025/04/30 15:22:57 Received ACK for chunk 4090/10240
Received chunk 4091/10240: fixtures/large_file.bin
2025/04/30 15:22:57 Sent ACK for chunk 4090
2025/04/30 15:22:57 Received ACK for chunk 4091/10240
Received chunk 4092/10240: fixtures/large_file.bin
2025/04/30 15:22:57 Sent ACK for chunk 4091
2025/04/30 15:22:57 Received ACK for chunk 4092/10240
Received chunk 4093/10240: fixtures/large_file.bin
2025/04/30 15:22:57 Sent ACK for chunk 4092
2025/04/30 15:22:57 Received ACK for chunk 4093/10240
Received chunk 4094/10240: fixtures/large_file.bin
2025/04/30 15:22:57 Sent ACK for chunk 4093
2025/04/30 15:22:57 Received ACK for chunk 4094/10240
Received chunk 4095/10240: fixtures/large_file.bin
2025/04/30 15:22:57 Sent ACK for chunk 4094
2025/04/30 15:22:57 Received ACK for chunk 4095/10240
Received chunk 4096/10240: fixtures/large_file.bin
2025/04/30 15:22:57 Sent ACK for chunk 4095
2025/04/30 15:22:57 Received ACK for chunk 4096/10240
Received chunk 4097/10240: fixtures/large_file.bin
2025/04/30 15:22:57 Sent ACK for chunk 4096
2025/04/30 15:22:57 Received ACK for chunk 4097/10240
Received chunk 4098/10240: fixtures/large_file.bin
2025/04/30 15:22:57 Sent ACK for chunk 4097
2025/04/30 15:22:57 Received ACK for chunk 4098/10240
Received chunk 4099/10240: fixtures/large_file.bin
2025/04/30 15:22:57 Sent ACK for chunk 4098
2025/04/30 15:22:57 Received ACK for chunk 4099/10240
Received chunk 4100/10240: fixtures/large_file.bin
2025/04/30 15:22:57 Sent ACK for chunk 4099
2025/04/30 15:22:57 Received ACK for chunk 4100/10240
Received chunk 4101/10240: fixtures/large_file.bin
2025/04/30 15:22:57 Sent ACK for chunk 4100
2025/04/30 15:22:57 Received ACK for chunk 4101/10240
Received chunk 4102/10240: fixtures/large_file.bin
2025/04/30 15:22:57 Sent ACK for chunk 4101
2025/04/30 15:22:57 Received ACK for chunk 4102/10240
Received chunk 4103/10240: fixtures/large_file.bin
2025/04/30 15:22:57 Sent ACK for chunk 4102
2025/04/30 15:22:57 Received ACK for chunk 4103/10240
Received chunk 4104/10240: fixtures/large_file.bin
2025/04/30 15:22:57 Sent ACK for chunk 4103
2025/04/30 15:22:57 Received ACK for chunk 4104/10240
Received chunk 4105/10240: fixtures/large_file.bin
2025/04/30 15:22:57 Sent ACK for chunk 4104
2025/04/30 15:22:57 Received ACK for chunk 4105/10240
Received chunk 4106/10240: fixtures/large_file.bin
2025/04/30 15:22:57 Sent ACK for chunk 4105
2025/04/30 15:22:57 Received ACK for chunk 4106/10240
Received chunk 4107/10240: fixtures/large_file.bin
2025/04/30 15:22:57 Sent ACK for chunk 4106
2025/04/30 15:22:57 Received ACK for chunk 4107/10240
Received chunk 4108/10240: fixtures/large_file.bin
2025/04/30 15:22:57 Sent ACK for chunk 4107
2025/04/30 15:22:57 Received ACK for chunk 4108/10240
Received chunk 4109/10240: fixtures/large_file.bin
2025/04/30 15:22:57 Sent ACK for chunk 4108
2025/04/30 15:22:57 Received ACK for chunk 4109/10240
Received chunk 4110/10240: fixtures/large_file.bin
2025/04/30 15:22:57 Sent ACK for chunk 4109
2025/04/30 15:22:57 Received ACK for chunk 4110/10240
Received chunk 4111/10240: fixtures/large_file.bin
2025/04/30 15:22:57 Sent ACK for chunk 4110
2025/04/30 15:22:57 Received ACK for chunk 4111/10240
Received chunk 4112/10240: fixtures/large_file.bin
2025/04/30 15:22:57 Sent ACK for chunk 4111
2025/04/30 15:22:57 Received ACK for chunk 4112/10240
Received chunk 4113/10240: fixtures/large_file.bin
2025/04/30 15:22:57 Sent ACK for chunk 4112
2025/04/30 15:22:57 Received ACK for chunk 4113/10240
Received chunk 4114/10240: fixtures/large_file.bin
2025/04/30 15:22:57 Sent ACK for chunk 4113
2025/04/30 15:22:57 Received ACK for chunk 4114/10240
Received chunk 4115/10240: fixtures/large_file.bin
2025/04/30 15:22:57 Sent ACK for chunk 4114
2025/04/30 15:22:57 Received ACK for chunk 4115/10240
Received chunk 4116/10240: fixtures/large_file.bin
2025/04/30 15:22:57 Sent ACK for chunk 4115
2025/04/30 15:22:57 Received ACK for chunk 4116/10240
Received chunk 4117/10240: fixtures/large_file.bin
2025/04/30 15:22:57 Sent ACK for chunk 4116
2025/04/30 15:22:57 Received ACK for chunk 4117/10240
Received chunk 4118/10240: fixtures/large_file.bin
2025/04/30 15:22:57 Sent ACK for chunk 4117
2025/04/30 15:22:57 Received ACK for chunk 4118/10240
Received chunk 4119/10240: fixtures/large_file.bin
2025/04/30 15:22:57 Sent ACK for chunk 4118
2025/04/30 15:22:57 Received ACK for chunk 4119/10240
Received chunk 4120/10240: fixtures/large_file.bin
2025/04/30 15:22:57 Sent ACK for chunk 4119
2025/04/30 15:22:57 Received ACK for chunk 4120/10240
Received chunk 4121/10240: fixtures/large_file.bin
2025/04/30 15:22:57 Sent ACK for chunk 4120
2025/04/30 15:22:57 Received ACK for chunk 4121/10240
Received chunk 4122/10240: fixtures/large_file.bin
2025/04/30 15:22:57 Sent ACK for chunk 4121
2025/04/30 15:22:57 Received ACK for chunk 4122/10240
Received chunk 4123/10240: fixtures/large_file.bin
2025/04/30 15:22:57 Sent ACK for chunk 4122
2025/04/30 15:22:57 Received ACK for chunk 4123/10240
Received chunk 4124/10240: fixtures/large_file.bin
2025/04/30 15:22:57 Sent ACK for chunk 4123
2025/04/30 15:22:57 Received ACK for chunk 4124/10240
Received chunk 4125/10240: fixtures/large_file.bin
2025/04/30 15:22:57 Sent ACK for chunk 4124
2025/04/30 15:22:57 Received ACK for chunk 4125/10240
Received chunk 4126/10240: fixtures/large_file.bin
2025/04/30 15:22:57 Sent ACK for chunk 4125
2025/04/30 15:22:57 Received ACK for chunk 4126/10240
Received chunk 4127/10240: fixtures/large_file.bin
2025/04/30 15:22:57 Sent ACK for chunk 4126
2025/04/30 15:22:57 Received ACK for chunk 4127/10240
Received chunk 4128/10240: fixtures/large_file.bin
2025/04/30 15:22:57 Sent ACK for chunk 4127
2025/04/30 15:22:57 Received ACK for chunk 4128/10240
Received chunk 4129/10240: fixtures/large_file.bin
2025/04/30 15:22:57 Sent ACK for chunk 4128
2025/04/30 15:22:57 Received ACK for chunk 4129/10240
Received chunk 4130/10240: fixtures/large_file.bin
2025/04/30 15:22:57 Sent ACK for chunk 4129
2025/04/30 15:22:57 Received ACK for chunk 4130/10240
Received chunk 4131/10240: fixtures/large_file.bin
2025/04/30 15:22:57 Sent ACK for chunk 4130
2025/04/30 15:22:57 Received ACK for chunk 4131/10240
Received chunk 4132/10240: fixtures/large_file.bin
2025/04/30 15:22:57 Sent ACK for chunk 4131
2025/04/30 15:22:57 Received ACK for chunk 4132/10240
Received chunk 4133/10240: fixtures/large_file.bin
2025/04/30 15:22:57 Sent ACK for chunk 4132
2025/04/30 15:22:57 Received ACK for chunk 4133/10240
Received chunk 4134/10240: fixtures/large_file.bin
2025/04/30 15:22:57 Sent ACK for chunk 4133
2025/04/30 15:22:57 Received ACK for chunk 4134/10240
Received chunk 4135/10240: fixtures/large_file.bin
2025/04/30 15:22:57 Sent ACK for chunk 4134
2025/04/30 15:22:57 Received ACK for chunk 4135/10240
Received chunk 4136/10240: fixtures/large_file.bin
2025/04/30 15:22:57 Sent ACK for chunk 4135
2025/04/30 15:22:57 Received ACK for chunk 4136/10240
Received chunk 4137/10240: fixtures/large_file.bin
2025/04/30 15:22:57 Sent ACK for chunk 4136
2025/04/30 15:22:57 Received ACK for chunk 4137/10240
Received chunk 4138/10240: fixtures/large_file.bin
2025/04/30 15:22:57 Sent ACK for chunk 4137
2025/04/30 15:22:57 Received ACK for chunk 4138/10240
Received chunk 4139/10240: fixtures/large_file.bin
2025/04/30 15:22:57 Sent ACK for chunk 4138
2025/04/30 15:22:57 Received ACK for chunk 4139/10240
Received chunk 4140/10240: fixtures/large_file.bin
2025/04/30 15:22:57 Sent ACK for chunk 4139
2025/04/30 15:22:57 Received ACK for chunk 4140/10240
Received chunk 4141/10240: fixtures/large_file.bin
2025/04/30 15:22:57 Sent ACK for chunk 4140
2025/04/30 15:22:57 Received ACK for chunk 4141/10240
Received chunk 4142/10240: fixtures/large_file.bin
2025/04/30 15:22:57 Sent ACK for chunk 4141
2025/04/30 15:22:57 Received ACK for chunk 4142/10240
Received chunk 4143/10240: fixtures/large_file.bin
2025/04/30 15:22:57 Sent ACK for chunk 4142
2025/04/30 15:22:57 Received ACK for chunk 4143/10240
Received chunk 4144/10240: fixtures/large_file.bin
2025/04/30 15:22:57 Sent ACK for chunk 4143
2025/04/30 15:22:57 Received ACK for chunk 4144/10240
Received chunk 4145/10240: fixtures/large_file.bin
2025/04/30 15:22:57 Sent ACK for chunk 4144
2025/04/30 15:22:57 Received ACK for chunk 4145/10240
Received chunk 4146/10240: fixtures/large_file.bin
2025/04/30 15:22:57 Sent ACK for chunk 4145
2025/04/30 15:22:57 Received ACK for chunk 4146/10240
Received chunk 4147/10240: fixtures/large_file.bin
2025/04/30 15:22:57 Sent ACK for chunk 4146
2025/04/30 15:22:57 Received ACK for chunk 4147/10240
Received chunk 4148/10240: fixtures/large_file.bin
2025/04/30 15:22:57 Sent ACK for chunk 4147
2025/04/30 15:22:57 Received ACK for chunk 4148/10240
Received chunk 4149/10240: fixtures/large_file.bin
2025/04/30 15:22:57 Sent ACK for chunk 4148
2025/04/30 15:22:57 Received ACK for chunk 4149/10240
Received chunk 4150/10240: fixtures/large_file.bin
2025/04/30 15:22:57 Sent ACK for chunk 4149
2025/04/30 15:22:57 Received ACK for chunk 4150/10240
Received chunk 4151/10240: fixtures/large_file.bin
2025/04/30 15:22:57 Sent ACK for chunk 4150
2025/04/30 15:22:57 Received ACK for chunk 4151/10240
Received chunk 4152/10240: fixtures/large_file.bin
2025/04/30 15:22:57 Sent ACK for chunk 4151
2025/04/30 15:22:57 Received ACK for chunk 4152/10240
Received chunk 4153/10240: fixtures/large_file.bin
2025/04/30 15:22:57 Sent ACK for chunk 4152
2025/04/30 15:22:57 Received ACK for chunk 4153/10240
Received chunk 4154/10240: fixtures/large_file.bin
2025/04/30 15:22:57 Sent ACK for chunk 4153
2025/04/30 15:22:57 Received ACK for chunk 4154/10240
Received chunk 4155/10240: fixtures/large_file.bin
2025/04/30 15:22:57 Sent ACK for chunk 4154
2025/04/30 15:22:57 Received ACK for chunk 4155/10240
Received chunk 4156/10240: fixtures/large_file.bin
2025/04/30 15:22:57 Sent ACK for chunk 4155
2025/04/30 15:22:57 Received ACK for chunk 4156/10240
Received chunk 4157/10240: fixtures/large_file.bin
2025/04/30 15:22:57 Sent ACK for chunk 4156
2025/04/30 15:22:57 Received ACK for chunk 4157/10240
Received chunk 4158/10240: fixtures/large_file.bin
2025/04/30 15:22:57 Sent ACK for chunk 4157
2025/04/30 15:22:57 Received ACK for chunk 4158/10240
Received chunk 4159/10240: fixtures/large_file.bin
2025/04/30 15:22:57 Sent ACK for chunk 4158
2025/04/30 15:22:57 Received ACK for chunk 4159/10240
Received chunk 4160/10240: fixtures/large_file.bin
2025/04/30 15:22:57 Sent ACK for chunk 4159
2025/04/30 15:22:57 Received ACK for chunk 4160/10240
Received chunk 4161/10240: fixtures/large_file.bin
2025/04/30 15:22:57 Sent ACK for chunk 4160
2025/04/30 15:22:57 Received ACK for chunk 4161/10240
Received chunk 4162/10240: fixtures/large_file.bin
2025/04/30 15:22:57 Sent ACK for chunk 4161
2025/04/30 15:22:57 Received ACK for chunk 4162/10240
Received chunk 4163/10240: fixtures/large_file.bin
2025/04/30 15:22:57 Sent ACK for chunk 4162
2025/04/30 15:22:57 Received ACK for chunk 4163/10240
Received chunk 4164/10240: fixtures/large_file.bin
2025/04/30 15:22:57 Sent ACK for chunk 4163
2025/04/30 15:22:57 Received ACK for chunk 4164/10240
Received chunk 4165/10240: fixtures/large_file.bin
2025/04/30 15:22:57 Sent ACK for chunk 4164
2025/04/30 15:22:57 Received ACK for chunk 4165/10240
Received chunk 4166/10240: fixtures/large_file.bin
2025/04/30 15:22:57 Sent ACK for chunk 4165
2025/04/30 15:22:57 Received ACK for chunk 4166/10240
Received chunk 4167/10240: fixtures/large_file.bin
2025/04/30 15:22:57 Sent ACK for chunk 4166
2025/04/30 15:22:57 Received ACK for chunk 4167/10240
Received chunk 4168/10240: fixtures/large_file.bin
2025/04/30 15:22:57 Sent ACK for chunk 4167
2025/04/30 15:22:57 Received ACK for chunk 4168/10240
Received chunk 4169/10240: fixtures/large_file.bin
2025/04/30 15:22:57 Sent ACK for chunk 4168
2025/04/30 15:22:57 Received ACK for chunk 4169/10240
Received chunk 4170/10240: fixtures/large_file.bin
2025/04/30 15:22:57 Sent ACK for chunk 4169
2025/04/30 15:22:57 Received ACK for chunk 4170/10240
Received chunk 4171/10240: fixtures/large_file.bin
2025/04/30 15:22:57 Sent ACK for chunk 4170
2025/04/30 15:22:57 Received ACK for chunk 4171/10240
Received chunk 4172/10240: fixtures/large_file.bin
2025/04/30 15:22:57 Sent ACK for chunk 4171
2025/04/30 15:22:57 Received ACK for chunk 4172/10240
Received chunk 4173/10240: fixtures/large_file.bin
2025/04/30 15:22:57 Sent ACK for chunk 4172
2025/04/30 15:22:57 Received ACK for chunk 4173/10240
Received chunk 4174/10240: fixtures/large_file.bin
2025/04/30 15:22:57 Sent ACK for chunk 4173
2025/04/30 15:22:57 Received ACK for chunk 4174/10240
Received chunk 4175/10240: fixtures/large_file.bin
2025/04/30 15:22:57 Sent ACK for chunk 4174
2025/04/30 15:22:57 Received ACK for chunk 4175/10240
Received chunk 4176/10240: fixtures/large_file.bin
2025/04/30 15:22:57 Sent ACK for chunk 4175
2025/04/30 15:22:57 Received ACK for chunk 4176/10240
Received chunk 4177/10240: fixtures/large_file.bin
2025/04/30 15:22:57 Sent ACK for chunk 4176
2025/04/30 15:22:57 Received ACK for chunk 4177/10240
Received chunk 4178/10240: fixtures/large_file.bin
2025/04/30 15:22:57 Sent ACK for chunk 4177
2025/04/30 15:22:57 Received ACK for chunk 4178/10240
Received chunk 4179/10240: fixtures/large_file.bin
2025/04/30 15:22:57 Sent ACK for chunk 4178
2025/04/30 15:22:57 Received ACK for chunk 4179/10240
Received chunk 4180/10240: fixtures/large_file.bin
2025/04/30 15:22:57 Sent ACK for chunk 4179
2025/04/30 15:22:57 Received ACK for chunk 4180/10240
Received chunk 4181/10240: fixtures/large_file.bin
2025/04/30 15:22:57 Sent ACK for chunk 4180
2025/04/30 15:22:57 Received ACK for chunk 4181/10240
Received chunk 4182/10240: fixtures/large_file.bin
2025/04/30 15:22:57 Sent ACK for chunk 4181
2025/04/30 15:22:57 Received ACK for chunk 4182/10240
Received chunk 4183/10240: fixtures/large_file.bin
2025/04/30 15:22:57 Sent ACK for chunk 4182
2025/04/30 15:22:57 Received ACK for chunk 4183/10240
Received chunk 4184/10240: fixtures/large_file.bin
2025/04/30 15:22:57 Sent ACK for chunk 4183
2025/04/30 15:22:57 Received ACK for chunk 4184/10240
Received chunk 4185/10240: fixtures/large_file.bin
2025/04/30 15:22:57 Sent ACK for chunk 4184
2025/04/30 15:22:57 Received ACK for chunk 4185/10240
Received chunk 4186/10240: fixtures/large_file.bin
2025/04/30 15:22:57 Sent ACK for chunk 4185
2025/04/30 15:22:57 Received ACK for chunk 4186/10240
Received chunk 4187/10240: fixtures/large_file.bin
2025/04/30 15:22:57 Sent ACK for chunk 4186
2025/04/30 15:22:57 Received ACK for chunk 4187/10240
Received chunk 4188/10240: fixtures/large_file.bin
2025/04/30 15:22:57 Sent ACK for chunk 4187
2025/04/30 15:22:57 Received ACK for chunk 4188/10240
Received chunk 4189/10240: fixtures/large_file.bin
2025/04/30 15:22:57 Sent ACK for chunk 4188
2025/04/30 15:22:57 Received ACK for chunk 4189/10240
Received chunk 4190/10240: fixtures/large_file.bin
2025/04/30 15:22:57 Sent ACK for chunk 4189
2025/04/30 15:22:57 Received ACK for chunk 4190/10240
Received chunk 4191/10240: fixtures/large_file.bin
2025/04/30 15:22:57 Sent ACK for chunk 4190
2025/04/30 15:22:57 Received ACK for chunk 4191/10240
Received chunk 4192/10240: fixtures/large_file.bin
2025/04/30 15:22:57 Sent ACK for chunk 4191
2025/04/30 15:22:57 Received ACK for chunk 4192/10240
Received chunk 4193/10240: fixtures/large_file.bin
2025/04/30 15:22:57 Sent ACK for chunk 4192
2025/04/30 15:22:57 Received ACK for chunk 4193/10240
Received chunk 4194/10240: fixtures/large_file.bin
2025/04/30 15:22:57 Sent ACK for chunk 4193
2025/04/30 15:22:57 Received ACK for chunk 4194/10240
Received chunk 4195/10240: fixtures/large_file.bin
2025/04/30 15:22:57 Sent ACK for chunk 4194
2025/04/30 15:22:57 Received ACK for chunk 4195/10240
Received chunk 4196/10240: fixtures/large_file.bin
2025/04/30 15:22:57 Sent ACK for chunk 4195
2025/04/30 15:22:57 Received ACK for chunk 4196/10240
Received chunk 4197/10240: fixtures/large_file.bin
2025/04/30 15:22:57 Sent ACK for chunk 4196
2025/04/30 15:22:57 Received ACK for chunk 4197/10240
Received chunk 4198/10240: fixtures/large_file.bin
2025/04/30 15:22:57 Sent ACK for chunk 4197
2025/04/30 15:22:57 Received ACK for chunk 4198/10240
Received chunk 4199/10240: fixtures/large_file.bin
2025/04/30 15:22:57 Sent ACK for chunk 4198
2025/04/30 15:22:57 Received ACK for chunk 4199/10240
Received chunk 4200/10240: fixtures/large_file.bin
2025/04/30 15:22:57 Sent ACK for chunk 4199
2025/04/30 15:22:57 Received ACK for chunk 4200/10240
Received chunk 4201/10240: fixtures/large_file.bin
2025/04/30 15:22:57 Sent ACK for chunk 4200
2025/04/30 15:22:57 Received ACK for chunk 4201/10240
Received chunk 4202/10240: fixtures/large_file.bin
2025/04/30 15:22:57 Sent ACK for chunk 4201
2025/04/30 15:22:57 Received ACK for chunk 4202/10240
Received chunk 4203/10240: fixtures/large_file.bin
2025/04/30 15:22:57 Sent ACK for chunk 4202
2025/04/30 15:22:57 Received ACK for chunk 4203/10240
Received chunk 4204/10240: fixtures/large_file.bin
2025/04/30 15:22:57 Sent ACK for chunk 4203
2025/04/30 15:22:57 Received ACK for chunk 4204/10240
Received chunk 4205/10240: fixtures/large_file.bin
2025/04/30 15:22:57 Sent ACK for chunk 4204
2025/04/30 15:22:57 Received ACK for chunk 4205/10240
Received chunk 4206/10240: fixtures/large_file.bin
2025/04/30 15:22:57 Sent ACK for chunk 4205
2025/04/30 15:22:57 Received ACK for chunk 4206/10240
Received chunk 4207/10240: fixtures/large_file.bin
2025/04/30 15:22:57 Sent ACK for chunk 4206
2025/04/30 15:22:57 Received ACK for chunk 4207/10240
Received chunk 4208/10240: fixtures/large_file.bin
2025/04/30 15:22:57 Sent ACK for chunk 4207
2025/04/30 15:22:57 Received ACK for chunk 4208/10240
Received chunk 4209/10240: fixtures/large_file.bin
2025/04/30 15:22:57 Sent ACK for chunk 4208
2025/04/30 15:22:57 Received ACK for chunk 4209/10240
Received chunk 4210/10240: fixtures/large_file.bin
2025/04/30 15:22:57 Sent ACK for chunk 4209
2025/04/30 15:22:57 Received ACK for chunk 4210/10240
Received chunk 4211/10240: fixtures/large_file.bin
2025/04/30 15:22:57 Sent ACK for chunk 4210
2025/04/30 15:22:57 Received ACK for chunk 4211/10240
Received chunk 4212/10240: fixtures/large_file.bin
2025/04/30 15:22:57 Sent ACK for chunk 4211
2025/04/30 15:22:57 Received ACK for chunk 4212/10240
Received chunk 4213/10240: fixtures/large_file.bin
2025/04/30 15:22:57 Sent ACK for chunk 4212
2025/04/30 15:22:57 Received ACK for chunk 4213/10240
Received chunk 4214/10240: fixtures/large_file.bin
2025/04/30 15:22:57 Sent ACK for chunk 4213
2025/04/30 15:22:57 Received ACK for chunk 4214/10240
Received chunk 4215/10240: fixtures/large_file.bin
2025/04/30 15:22:57 Sent ACK for chunk 4214
2025/04/30 15:22:57 Received ACK for chunk 4215/10240
Received chunk 4216/10240: fixtures/large_file.bin
2025/04/30 15:22:57 Sent ACK for chunk 4215
2025/04/30 15:22:57 Received ACK for chunk 4216/10240
Received chunk 4217/10240: fixtures/large_file.bin
2025/04/30 15:22:57 Sent ACK for chunk 4216
2025/04/30 15:22:57 Received ACK for chunk 4217/10240
Received chunk 4218/10240: fixtures/large_file.bin
2025/04/30 15:22:57 Sent ACK for chunk 4217
2025/04/30 15:22:57 Received ACK for chunk 4218/10240
Received chunk 4219/10240: fixtures/large_file.bin
2025/04/30 15:22:57 Sent ACK for chunk 4218
2025/04/30 15:22:57 Received ACK for chunk 4219/10240
Received chunk 4220/10240: fixtures/large_file.bin
2025/04/30 15:22:57 Sent ACK for chunk 4219
2025/04/30 15:22:57 Received ACK for chunk 4220/10240
Received chunk 4221/10240: fixtures/large_file.bin
2025/04/30 15:22:57 Sent ACK for chunk 4220
2025/04/30 15:22:57 Received ACK for chunk 4221/10240
Received chunk 4222/10240: fixtures/large_file.bin
2025/04/30 15:22:57 Sent ACK for chunk 4221
2025/04/30 15:22:57 Received ACK for chunk 4222/10240
Received chunk 4223/10240: fixtures/large_file.bin
2025/04/30 15:22:57 Sent ACK for chunk 4222
2025/04/30 15:22:57 Received ACK for chunk 4223/10240
Received chunk 4224/10240: fixtures/large_file.bin
2025/04/30 15:22:57 Sent ACK for chunk 4223
2025/04/30 15:22:57 Received ACK for chunk 4224/10240
Received chunk 4225/10240: fixtures/large_file.bin
2025/04/30 15:22:57 Sent ACK for chunk 4224
2025/04/30 15:22:57 Received ACK for chunk 4225/10240
Received chunk 4226/10240: fixtures/large_file.bin
2025/04/30 15:22:57 Sent ACK for chunk 4225
2025/04/30 15:22:57 Received ACK for chunk 4226/10240
Received chunk 4227/10240: fixtures/large_file.bin
2025/04/30 15:22:57 Sent ACK for chunk 4226
2025/04/30 15:22:57 Received ACK for chunk 4227/10240
Received chunk 4228/10240: fixtures/large_file.bin
2025/04/30 15:22:57 Sent ACK for chunk 4227
2025/04/30 15:22:57 Received ACK for chunk 4228/10240
Received chunk 4229/10240: fixtures/large_file.bin
2025/04/30 15:22:57 Sent ACK for chunk 4228
2025/04/30 15:22:57 Received ACK for chunk 4229/10240
Received chunk 4230/10240: fixtures/large_file.bin
2025/04/30 15:22:57 Sent ACK for chunk 4229
2025/04/30 15:22:57 Received ACK for chunk 4230/10240
Received chunk 4231/10240: fixtures/large_file.bin
2025/04/30 15:22:57 Sent ACK for chunk 4230
2025/04/30 15:22:57 Received ACK for chunk 4231/10240
Received chunk 4232/10240: fixtures/large_file.bin
2025/04/30 15:22:57 Sent ACK for chunk 4231
2025/04/30 15:22:57 Received ACK for chunk 4232/10240
Received chunk 4233/10240: fixtures/large_file.bin
2025/04/30 15:22:57 Sent ACK for chunk 4232
2025/04/30 15:22:57 Received ACK for chunk 4233/10240
Received chunk 4234/10240: fixtures/large_file.bin
2025/04/30 15:22:57 Sent ACK for chunk 4233
2025/04/30 15:22:57 Received ACK for chunk 4234/10240
Received chunk 4235/10240: fixtures/large_file.bin
2025/04/30 15:22:57 Sent ACK for chunk 4234
2025/04/30 15:22:57 Received ACK for chunk 4235/10240
Received chunk 4236/10240: fixtures/large_file.bin
2025/04/30 15:22:57 Sent ACK for chunk 4235
2025/04/30 15:22:57 Received ACK for chunk 4236/10240
Received chunk 4237/10240: fixtures/large_file.bin
2025/04/30 15:22:57 Sent ACK for chunk 4236
2025/04/30 15:22:57 Received ACK for chunk 4237/10240
Received chunk 4238/10240: fixtures/large_file.bin
2025/04/30 15:22:57 Sent ACK for chunk 4237
2025/04/30 15:22:57 Received ACK for chunk 4238/10240
Received chunk 4239/10240: fixtures/large_file.bin
2025/04/30 15:22:57 Sent ACK for chunk 4238
2025/04/30 15:22:57 Received ACK for chunk 4239/10240
Received chunk 4240/10240: fixtures/large_file.bin
2025/04/30 15:22:57 Sent ACK for chunk 4239
2025/04/30 15:22:57 Received ACK for chunk 4240/10240
Received chunk 4241/10240: fixtures/large_file.bin
2025/04/30 15:22:57 Sent ACK for chunk 4240
2025/04/30 15:22:57 Received ACK for chunk 4241/10240
Received chunk 4242/10240: fixtures/large_file.bin
2025/04/30 15:22:57 Sent ACK for chunk 4241
2025/04/30 15:22:57 Received ACK for chunk 4242/10240
Received chunk 4243/10240: fixtures/large_file.bin
2025/04/30 15:22:57 Sent ACK for chunk 4242
2025/04/30 15:22:57 Received ACK for chunk 4243/10240
Received chunk 4244/10240: fixtures/large_file.bin
2025/04/30 15:22:57 Sent ACK for chunk 4243
2025/04/30 15:22:57 Received ACK for chunk 4244/10240
Received chunk 4245/10240: fixtures/large_file.bin
2025/04/30 15:22:57 Sent ACK for chunk 4244
2025/04/30 15:22:57 Received ACK for chunk 4245/10240
Received chunk 4246/10240: fixtures/large_file.bin
2025/04/30 15:22:57 Sent ACK for chunk 4245
2025/04/30 15:22:57 Received ACK for chunk 4246/10240
Received chunk 4247/10240: fixtures/large_file.bin
2025/04/30 15:22:57 Sent ACK for chunk 4246
2025/04/30 15:22:57 Received ACK for chunk 4247/10240
Received chunk 4248/10240: fixtures/large_file.bin
2025/04/30 15:22:57 Sent ACK for chunk 4247
2025/04/30 15:22:57 Received ACK for chunk 4248/10240
Received chunk 4249/10240: fixtures/large_file.bin
2025/04/30 15:22:57 Sent ACK for chunk 4248
2025/04/30 15:22:57 Received ACK for chunk 4249/10240
Received chunk 4250/10240: fixtures/large_file.bin
2025/04/30 15:22:57 Sent ACK for chunk 4249
2025/04/30 15:22:57 Received ACK for chunk 4250/10240
Received chunk 4251/10240: fixtures/large_file.bin
2025/04/30 15:22:57 Sent ACK for chunk 4250
2025/04/30 15:22:57 Received ACK for chunk 4251/10240
Received chunk 4252/10240: fixtures/large_file.bin
2025/04/30 15:22:57 Sent ACK for chunk 4251
2025/04/30 15:22:57 Received ACK for chunk 4252/10240
Received chunk 4253/10240: fixtures/large_file.bin
2025/04/30 15:22:57 Sent ACK for chunk 4252
2025/04/30 15:22:57 Received ACK for chunk 4253/10240
Received chunk 4254/10240: fixtures/large_file.bin
2025/04/30 15:22:57 Sent ACK for chunk 4253
2025/04/30 15:22:57 Received ACK for chunk 4254/10240
Received chunk 4255/10240: fixtures/large_file.bin
2025/04/30 15:22:57 Sent ACK for chunk 4254
2025/04/30 15:22:57 Received ACK for chunk 4255/10240
Received chunk 4256/10240: fixtures/large_file.bin
2025/04/30 15:22:57 Sent ACK for chunk 4255
2025/04/30 15:22:57 Received ACK for chunk 4256/10240
Received chunk 4257/10240: fixtures/large_file.bin
2025/04/30 15:22:57 Sent ACK for chunk 4256
2025/04/30 15:22:57 Received ACK for chunk 4257/10240
Received chunk 4258/10240: fixtures/large_file.bin
2025/04/30 15:22:57 Sent ACK for chunk 4257
2025/04/30 15:22:57 Received ACK for chunk 4258/10240
Received chunk 4259/10240: fixtures/large_file.bin
2025/04/30 15:22:57 Sent ACK for chunk 4258
2025/04/30 15:22:57 Received ACK for chunk 4259/10240
Received chunk 4260/10240: fixtures/large_file.bin
2025/04/30 15:22:57 Sent ACK for chunk 4259
2025/04/30 15:22:57 Received ACK for chunk 4260/10240
Received chunk 4261/10240: fixtures/large_file.bin
2025/04/30 15:22:57 Sent ACK for chunk 4260
2025/04/30 15:22:57 Received ACK for chunk 4261/10240
Received chunk 4262/10240: fixtures/large_file.bin
2025/04/30 15:22:57 Sent ACK for chunk 4261
2025/04/30 15:22:57 Received ACK for chunk 4262/10240
Received chunk 4263/10240: fixtures/large_file.bin
2025/04/30 15:22:57 Sent ACK for chunk 4262
2025/04/30 15:22:57 Received ACK for chunk 4263/10240
Received chunk 4264/10240: fixtures/large_file.bin
2025/04/30 15:22:57 Sent ACK for chunk 4263
2025/04/30 15:22:57 Received ACK for chunk 4264/10240
Received chunk 4265/10240: fixtures/large_file.bin
2025/04/30 15:22:57 Sent ACK for chunk 4264
2025/04/30 15:22:57 Received ACK for chunk 4265/10240
Received chunk 4266/10240: fixtures/large_file.bin
2025/04/30 15:22:57 Sent ACK for chunk 4265
2025/04/30 15:22:57 Received ACK for chunk 4266/10240
Received chunk 4267/10240: fixtures/large_file.bin
2025/04/30 15:22:57 Sent ACK for chunk 4266
2025/04/30 15:22:57 Received ACK for chunk 4267/10240
Received chunk 4268/10240: fixtures/large_file.bin
2025/04/30 15:22:57 Sent ACK for chunk 4267
2025/04/30 15:22:57 Received ACK for chunk 4268/10240
Received chunk 4269/10240: fixtures/large_file.bin
2025/04/30 15:22:57 Sent ACK for chunk 4268
2025/04/30 15:22:57 Received ACK for chunk 4269/10240
Received chunk 4270/10240: fixtures/large_file.bin
2025/04/30 15:22:57 Sent ACK for chunk 4269
2025/04/30 15:22:57 Received ACK for chunk 4270/10240
Received chunk 4271/10240: fixtures/large_file.bin
2025/04/30 15:22:57 Sent ACK for chunk 4270
2025/04/30 15:22:57 Received ACK for chunk 4271/10240
Received chunk 4272/10240: fixtures/large_file.bin
2025/04/30 15:22:57 Sent ACK for chunk 4271
2025/04/30 15:22:57 Received ACK for chunk 4272/10240
Received chunk 4273/10240: fixtures/large_file.bin
2025/04/30 15:22:57 Sent ACK for chunk 4272
2025/04/30 15:22:57 Received ACK for chunk 4273/10240
Received chunk 4274/10240: fixtures/large_file.bin
2025/04/30 15:22:57 Sent ACK for chunk 4273
2025/04/30 15:22:57 Received ACK for chunk 4274/10240
Received chunk 4275/10240: fixtures/large_file.bin
2025/04/30 15:22:57 Sent ACK for chunk 4274
2025/04/30 15:22:57 Received ACK for chunk 4275/10240
Received chunk 4276/10240: fixtures/large_file.bin
2025/04/30 15:22:57 Sent ACK for chunk 4275
2025/04/30 15:22:57 Received ACK for chunk 4276/10240
Received chunk 4277/10240: fixtures/large_file.bin
2025/04/30 15:22:57 Sent ACK for chunk 4276
2025/04/30 15:22:57 Received ACK for chunk 4277/10240
Received chunk 4278/10240: fixtures/large_file.bin
2025/04/30 15:22:57 Sent ACK for chunk 4277
2025/04/30 15:22:57 Received ACK for chunk 4278/10240
Received chunk 4279/10240: fixtures/large_file.bin
2025/04/30 15:22:57 Sent ACK for chunk 4278
2025/04/30 15:22:57 Received ACK for chunk 4279/10240
Received chunk 4280/10240: fixtures/large_file.bin
2025/04/30 15:22:57 Sent ACK for chunk 4279
2025/04/30 15:22:57 Received ACK for chunk 4280/10240
Received chunk 4281/10240: fixtures/large_file.bin
2025/04/30 15:22:57 Sent ACK for chunk 4280
2025/04/30 15:22:57 Received ACK for chunk 4281/10240
Received chunk 4282/10240: fixtures/large_file.bin
2025/04/30 15:22:57 Sent ACK for chunk 4281
2025/04/30 15:22:57 Received ACK for chunk 4282/10240
Received chunk 4283/10240: fixtures/large_file.bin
2025/04/30 15:22:57 Sent ACK for chunk 4282
2025/04/30 15:22:57 Received ACK for chunk 4283/10240
Received chunk 4284/10240: fixtures/large_file.bin
2025/04/30 15:22:57 Sent ACK for chunk 4283
2025/04/30 15:22:57 Received ACK for chunk 4284/10240
Received chunk 4285/10240: fixtures/large_file.bin
2025/04/30 15:22:57 Sent ACK for chunk 4284
2025/04/30 15:22:57 Received ACK for chunk 4285/10240
Received chunk 4286/10240: fixtures/large_file.bin
2025/04/30 15:22:57 Sent ACK for chunk 4285
2025/04/30 15:22:57 Received ACK for chunk 4286/10240
Received chunk 4287/10240: fixtures/large_file.bin
2025/04/30 15:22:57 Sent ACK for chunk 4286
2025/04/30 15:22:57 Received ACK for chunk 4287/10240
Received chunk 4288/10240: fixtures/large_file.bin
2025/04/30 15:22:57 Sent ACK for chunk 4287
2025/04/30 15:22:57 Received ACK for chunk 4288/10240
Received chunk 4289/10240: fixtures/large_file.bin
2025/04/30 15:22:57 Sent ACK for chunk 4288
2025/04/30 15:22:57 Received ACK for chunk 4289/10240
Received chunk 4290/10240: fixtures/large_file.bin
2025/04/30 15:22:57 Sent ACK for chunk 4289
2025/04/30 15:22:57 Received ACK for chunk 4290/10240
Received chunk 4291/10240: fixtures/large_file.bin
2025/04/30 15:22:57 Sent ACK for chunk 4290
2025/04/30 15:22:57 Received ACK for chunk 4291/10240
Received chunk 4292/10240: fixtures/large_file.bin
2025/04/30 15:22:57 Sent ACK for chunk 4291
2025/04/30 15:22:57 Received ACK for chunk 4292/10240
Received chunk 4293/10240: fixtures/large_file.bin
2025/04/30 15:22:57 Sent ACK for chunk 4292
2025/04/30 15:22:57 Received ACK for chunk 4293/10240
Received chunk 4294/10240: fixtures/large_file.bin
2025/04/30 15:22:57 Sent ACK for chunk 4293
2025/04/30 15:22:57 Received ACK for chunk 4294/10240
Received chunk 4295/10240: fixtures/large_file.bin
2025/04/30 15:22:57 Sent ACK for chunk 4294
2025/04/30 15:22:57 Received ACK for chunk 4295/10240
Received chunk 4296/10240: fixtures/large_file.bin
2025/04/30 15:22:57 Sent ACK for chunk 4295
2025/04/30 15:22:57 Received ACK for chunk 4296/10240
Received chunk 4297/10240: fixtures/large_file.bin
2025/04/30 15:22:57 Sent ACK for chunk 4296
2025/04/30 15:22:57 Received ACK for chunk 4297/10240
Received chunk 4298/10240: fixtures/large_file.bin
2025/04/30 15:22:57 Sent ACK for chunk 4297
2025/04/30 15:22:57 Received ACK for chunk 4298/10240
Received chunk 4299/10240: fixtures/large_file.bin
2025/04/30 15:22:57 Sent ACK for chunk 4298
2025/04/30 15:22:57 Received ACK for chunk 4299/10240
Received chunk 4300/10240: fixtures/large_file.bin
2025/04/30 15:22:57 Sent ACK for chunk 4299
2025/04/30 15:22:57 Received ACK for chunk 4300/10240
Received chunk 4301/10240: fixtures/large_file.bin
2025/04/30 15:22:57 Sent ACK for chunk 4300
2025/04/30 15:22:57 Received ACK for chunk 4301/10240
Received chunk 4302/10240: fixtures/large_file.bin
2025/04/30 15:22:57 Sent ACK for chunk 4301
2025/04/30 15:22:57 Received ACK for chunk 4302/10240
Received chunk 4303/10240: fixtures/large_file.bin
2025/04/30 15:22:57 Sent ACK for chunk 4302
2025/04/30 15:22:57 Received ACK for chunk 4303/10240
Received chunk 4304/10240: fixtures/large_file.bin
2025/04/30 15:22:57 Sent ACK for chunk 4303
2025/04/30 15:22:57 Received ACK for chunk 4304/10240
Received chunk 4305/10240: fixtures/large_file.bin
2025/04/30 15:22:57 Sent ACK for chunk 4304
2025/04/30 15:22:57 Received ACK for chunk 4305/10240
Received chunk 4306/10240: fixtures/large_file.bin
2025/04/30 15:22:57 Sent ACK for chunk 4305
2025/04/30 15:22:57 Received ACK for chunk 4306/10240
Received chunk 4307/10240: fixtures/large_file.bin
2025/04/30 15:22:57 Sent ACK for chunk 4306
2025/04/30 15:22:57 Received ACK for chunk 4307/10240
Received chunk 4308/10240: fixtures/large_file.bin
2025/04/30 15:22:57 Sent ACK for chunk 4307
2025/04/30 15:22:57 Received ACK for chunk 4308/10240
Received chunk 4309/10240: fixtures/large_file.bin
2025/04/30 15:22:57 Sent ACK for chunk 4308
2025/04/30 15:22:57 Received ACK for chunk 4309/10240
Received chunk 4310/10240: fixtures/large_file.bin
2025/04/30 15:22:57 Sent ACK for chunk 4309
2025/04/30 15:22:57 Received ACK for chunk 4310/10240
Received chunk 4311/10240: fixtures/large_file.bin
2025/04/30 15:22:57 Sent ACK for chunk 4310
2025/04/30 15:22:57 Received ACK for chunk 4311/10240
Received chunk 4312/10240: fixtures/large_file.bin
2025/04/30 15:22:57 Sent ACK for chunk 4311
2025/04/30 15:22:57 Received ACK for chunk 4312/10240
Received chunk 4313/10240: fixtures/large_file.bin
2025/04/30 15:22:57 Sent ACK for chunk 4312
2025/04/30 15:22:57 Received ACK for chunk 4313/10240
Received chunk 4314/10240: fixtures/large_file.bin
2025/04/30 15:22:57 Sent ACK for chunk 4313
2025/04/30 15:22:57 Received ACK for chunk 4314/10240
Received chunk 4315/10240: fixtures/large_file.bin
2025/04/30 15:22:57 Sent ACK for chunk 4314
2025/04/30 15:22:57 Received ACK for chunk 4315/10240
Received chunk 4316/10240: fixtures/large_file.bin
2025/04/30 15:22:57 Sent ACK for chunk 4315
2025/04/30 15:22:57 Received ACK for chunk 4316/10240
Received chunk 4317/10240: fixtures/large_file.bin
2025/04/30 15:22:57 Sent ACK for chunk 4316
2025/04/30 15:22:57 Received ACK for chunk 4317/10240
Received chunk 4318/10240: fixtures/large_file.bin
2025/04/30 15:22:57 Sent ACK for chunk 4317
2025/04/30 15:22:57 Received ACK for chunk 4318/10240
Received chunk 4319/10240: fixtures/large_file.bin
2025/04/30 15:22:57 Sent ACK for chunk 4318
2025/04/30 15:22:57 Received ACK for chunk 4319/10240
Received chunk 4320/10240: fixtures/large_file.bin
2025/04/30 15:22:57 Sent ACK for chunk 4319
2025/04/30 15:22:57 Received ACK for chunk 4320/10240
Received chunk 4321/10240: fixtures/large_file.bin
2025/04/30 15:22:57 Sent ACK for chunk 4320
2025/04/30 15:22:57 Received ACK for chunk 4321/10240
Received chunk 4322/10240: fixtures/large_file.bin
2025/04/30 15:22:57 Sent ACK for chunk 4321
2025/04/30 15:22:57 Received ACK for chunk 4322/10240
Received chunk 4323/10240: fixtures/large_file.bin
2025/04/30 15:22:57 Sent ACK for chunk 4322
2025/04/30 15:22:57 Received ACK for chunk 4323/10240
Received chunk 4324/10240: fixtures/large_file.bin
2025/04/30 15:22:57 Sent ACK for chunk 4323
2025/04/30 15:22:57 Received ACK for chunk 4324/10240
Received chunk 4325/10240: fixtures/large_file.bin
2025/04/30 15:22:57 Sent ACK for chunk 4324
2025/04/30 15:22:57 Received ACK for chunk 4325/10240
Received chunk 4326/10240: fixtures/large_file.bin
2025/04/30 15:22:57 Sent ACK for chunk 4325
2025/04/30 15:22:57 Received ACK for chunk 4326/10240
Received chunk 4327/10240: fixtures/large_file.bin
2025/04/30 15:22:57 Sent ACK for chunk 4326
2025/04/30 15:22:57 Received ACK for chunk 4327/10240
Received chunk 4328/10240: fixtures/large_file.bin
2025/04/30 15:22:57 Sent ACK for chunk 4327
2025/04/30 15:22:57 Received ACK for chunk 4328/10240
Received chunk 4329/10240: fixtures/large_file.bin
2025/04/30 15:22:57 Sent ACK for chunk 4328
2025/04/30 15:22:57 Received ACK for chunk 4329/10240
Received chunk 4330/10240: fixtures/large_file.bin
2025/04/30 15:22:57 Sent ACK for chunk 4329
2025/04/30 15:22:57 Received ACK for chunk 4330/10240
Received chunk 4331/10240: fixtures/large_file.bin
2025/04/30 15:22:57 Sent ACK for chunk 4330
2025/04/30 15:22:57 Received ACK for chunk 4331/10240
Received chunk 4332/10240: fixtures/large_file.bin
2025/04/30 15:22:57 Sent ACK for chunk 4331
2025/04/30 15:22:57 Received ACK for chunk 4332/10240
Received chunk 4333/10240: fixtures/large_file.bin
2025/04/30 15:22:57 Sent ACK for chunk 4332
2025/04/30 15:22:57 Received ACK for chunk 4333/10240
Received chunk 4334/10240: fixtures/large_file.bin
2025/04/30 15:22:57 Sent ACK for chunk 4333
2025/04/30 15:22:57 Received ACK for chunk 4334/10240
Received chunk 4335/10240: fixtures/large_file.bin
2025/04/30 15:22:57 Sent ACK for chunk 4334
2025/04/30 15:22:57 Received ACK for chunk 4335/10240
Received chunk 4336/10240: fixtures/large_file.bin
2025/04/30 15:22:57 Sent ACK for chunk 4335
2025/04/30 15:22:57 Received ACK for chunk 4336/10240
Received chunk 4337/10240: fixtures/large_file.bin
2025/04/30 15:22:57 Sent ACK for chunk 4336
2025/04/30 15:22:57 Received ACK for chunk 4337/10240
Received chunk 4338/10240: fixtures/large_file.bin
2025/04/30 15:22:57 Sent ACK for chunk 4337
2025/04/30 15:22:57 Received ACK for chunk 4338/10240
Received chunk 4339/10240: fixtures/large_file.bin
2025/04/30 15:22:57 Sent ACK for chunk 4338
2025/04/30 15:22:57 Received ACK for chunk 4339/10240
Received chunk 4340/10240: fixtures/large_file.bin
2025/04/30 15:22:57 Sent ACK for chunk 4339
2025/04/30 15:22:57 Received ACK for chunk 4340/10240
Received chunk 4341/10240: fixtures/large_file.bin
2025/04/30 15:22:57 Sent ACK for chunk 4340
2025/04/30 15:22:57 Received ACK for chunk 4341/10240
Received chunk 4342/10240: fixtures/large_file.bin
2025/04/30 15:22:57 Sent ACK for chunk 4341
2025/04/30 15:22:57 Received ACK for chunk 4342/10240
Received chunk 4343/10240: fixtures/large_file.bin
2025/04/30 15:22:57 Sent ACK for chunk 4342
2025/04/30 15:22:57 Received ACK for chunk 4343/10240
Received chunk 4344/10240: fixtures/large_file.bin
2025/04/30 15:22:57 Sent ACK for chunk 4343
2025/04/30 15:22:57 Received ACK for chunk 4344/10240
Received chunk 4345/10240: fixtures/large_file.bin
2025/04/30 15:22:57 Sent ACK for chunk 4344
2025/04/30 15:22:57 Received ACK for chunk 4345/10240
Received chunk 4346/10240: fixtures/large_file.bin
2025/04/30 15:22:57 Sent ACK for chunk 4345
2025/04/30 15:22:57 Received ACK for chunk 4346/10240
Received chunk 4347/10240: fixtures/large_file.bin
2025/04/30 15:22:57 Sent ACK for chunk 4346
2025/04/30 15:22:57 Received ACK for chunk 4347/10240
Received chunk 4348/10240: fixtures/large_file.bin
2025/04/30 15:22:57 Sent ACK for chunk 4347
2025/04/30 15:22:57 Received ACK for chunk 4348/10240
Received chunk 4349/10240: fixtures/large_file.bin
2025/04/30 15:22:57 Sent ACK for chunk 4348
2025/04/30 15:22:57 Received ACK for chunk 4349/10240
Received chunk 4350/10240: fixtures/large_file.bin
2025/04/30 15:22:57 Sent ACK for chunk 4349
2025/04/30 15:22:57 Received ACK for chunk 4350/10240
Received chunk 4351/10240: fixtures/large_file.bin
2025/04/30 15:22:57 Sent ACK for chunk 4350
2025/04/30 15:22:57 Received ACK for chunk 4351/10240
Received chunk 4352/10240: fixtures/large_file.bin
2025/04/30 15:22:57 Sent ACK for chunk 4351
2025/04/30 15:22:57 Received ACK for chunk 4352/10240
Received chunk 4353/10240: fixtures/large_file.bin
2025/04/30 15:22:57 Sent ACK for chunk 4352
2025/04/30 15:22:57 Received ACK for chunk 4353/10240
Received chunk 4354/10240: fixtures/large_file.bin
2025/04/30 15:22:57 Sent ACK for chunk 4353
2025/04/30 15:22:57 Received ACK for chunk 4354/10240
Received chunk 4355/10240: fixtures/large_file.bin
2025/04/30 15:22:57 Sent ACK for chunk 4354
2025/04/30 15:22:57 Received ACK for chunk 4355/10240
Received chunk 4356/10240: fixtures/large_file.bin
2025/04/30 15:22:57 Sent ACK for chunk 4355
2025/04/30 15:22:57 Received ACK for chunk 4356/10240
Received chunk 4357/10240: fixtures/large_file.bin
2025/04/30 15:22:57 Sent ACK for chunk 4356
2025/04/30 15:22:57 Received ACK for chunk 4357/10240
Received chunk 4358/10240: fixtures/large_file.bin
2025/04/30 15:22:57 Sent ACK for chunk 4357
2025/04/30 15:22:57 Received ACK for chunk 4358/10240
Received chunk 4359/10240: fixtures/large_file.bin
2025/04/30 15:22:57 Sent ACK for chunk 4358
2025/04/30 15:22:57 Received ACK for chunk 4359/10240
Received chunk 4360/10240: fixtures/large_file.bin
2025/04/30 15:22:57 Sent ACK for chunk 4359
2025/04/30 15:22:57 Received ACK for chunk 4360/10240
Received chunk 4361/10240: fixtures/large_file.bin
2025/04/30 15:22:57 Sent ACK for chunk 4360
2025/04/30 15:22:57 Received ACK for chunk 4361/10240
Received chunk 4362/10240: fixtures/large_file.bin
2025/04/30 15:22:57 Sent ACK for chunk 4361
2025/04/30 15:22:57 Received ACK for chunk 4362/10240
Received chunk 4363/10240: fixtures/large_file.bin
2025/04/30 15:22:57 Sent ACK for chunk 4362
2025/04/30 15:22:57 Received ACK for chunk 4363/10240
Received chunk 4364/10240: fixtures/large_file.bin
2025/04/30 15:22:57 Sent ACK for chunk 4363
2025/04/30 15:22:57 Received ACK for chunk 4364/10240
Received chunk 4365/10240: fixtures/large_file.bin
2025/04/30 15:22:57 Sent ACK for chunk 4364
2025/04/30 15:22:57 Received ACK for chunk 4365/10240
Received chunk 4366/10240: fixtures/large_file.bin
2025/04/30 15:22:57 Sent ACK for chunk 4365
2025/04/30 15:22:57 Received ACK for chunk 4366/10240
Received chunk 4367/10240: fixtures/large_file.bin
2025/04/30 15:22:57 Sent ACK for chunk 4366
2025/04/30 15:22:57 Received ACK for chunk 4367/10240
Received chunk 4368/10240: fixtures/large_file.bin
2025/04/30 15:22:57 Sent ACK for chunk 4367
2025/04/30 15:22:57 Received ACK for chunk 4368/10240
Received chunk 4369/10240: fixtures/large_file.bin
2025/04/30 15:22:57 Sent ACK for chunk 4368
2025/04/30 15:22:57 Received ACK for chunk 4369/10240
Received chunk 4370/10240: fixtures/large_file.bin
2025/04/30 15:22:57 Sent ACK for chunk 4369
2025/04/30 15:22:57 Received ACK for chunk 4370/10240
Received chunk 4371/10240: fixtures/large_file.bin
2025/04/30 15:22:57 Sent ACK for chunk 4370
2025/04/30 15:22:57 Received ACK for chunk 4371/10240
Received chunk 4372/10240: fixtures/large_file.bin
2025/04/30 15:22:57 Sent ACK for chunk 4371
2025/04/30 15:22:57 Received ACK for chunk 4372/10240
Received chunk 4373/10240: fixtures/large_file.bin
2025/04/30 15:22:57 Sent ACK for chunk 4372
2025/04/30 15:22:57 Received ACK for chunk 4373/10240
Received chunk 4374/10240: fixtures/large_file.bin
2025/04/30 15:22:57 Sent ACK for chunk 4373
2025/04/30 15:22:57 Received ACK for chunk 4374/10240
Received chunk 4375/10240: fixtures/large_file.bin
2025/04/30 15:22:57 Sent ACK for chunk 4374
2025/04/30 15:22:57 Received ACK for chunk 4375/10240
Received chunk 4376/10240: fixtures/large_file.bin
2025/04/30 15:22:57 Sent ACK for chunk 4375
2025/04/30 15:22:57 Received ACK for chunk 4376/10240
Received chunk 4377/10240: fixtures/large_file.bin
2025/04/30 15:22:57 Sent ACK for chunk 4376
2025/04/30 15:22:57 Received ACK for chunk 4377/10240
Received chunk 4378/10240: fixtures/large_file.bin
2025/04/30 15:22:57 Sent ACK for chunk 4377
2025/04/30 15:22:57 Received ACK for chunk 4378/10240
Received chunk 4379/10240: fixtures/large_file.bin
2025/04/30 15:22:57 Sent ACK for chunk 4378
2025/04/30 15:22:57 Received ACK for chunk 4379/10240
Received chunk 4380/10240: fixtures/large_file.bin
2025/04/30 15:22:57 Sent ACK for chunk 4379
2025/04/30 15:22:57 Received ACK for chunk 4380/10240
Received chunk 4381/10240: fixtures/large_file.bin
2025/04/30 15:22:57 Sent ACK for chunk 4380
2025/04/30 15:22:57 Received ACK for chunk 4381/10240
Received chunk 4382/10240: fixtures/large_file.bin
2025/04/30 15:22:57 Sent ACK for chunk 4381
2025/04/30 15:22:57 Received ACK for chunk 4382/10240
Received chunk 4383/10240: fixtures/large_file.bin
2025/04/30 15:22:57 Sent ACK for chunk 4382
2025/04/30 15:22:57 Received ACK for chunk 4383/10240
Received chunk 4384/10240: fixtures/large_file.bin
2025/04/30 15:22:57 Sent ACK for chunk 4383
2025/04/30 15:22:57 Received ACK for chunk 4384/10240
Received chunk 4385/10240: fixtures/large_file.bin
2025/04/30 15:22:57 Sent ACK for chunk 4384
2025/04/30 15:22:57 Received ACK for chunk 4385/10240
Received chunk 4386/10240: fixtures/large_file.bin
2025/04/30 15:22:57 Sent ACK for chunk 4385
2025/04/30 15:22:57 Received ACK for chunk 4386/10240
Received chunk 4387/10240: fixtures/large_file.bin
2025/04/30 15:22:57 Sent ACK for chunk 4386
2025/04/30 15:22:57 Received ACK for chunk 4387/10240
Received chunk 4388/10240: fixtures/large_file.bin
2025/04/30 15:22:57 Sent ACK for chunk 4387
2025/04/30 15:22:57 Received ACK for chunk 4388/10240
Received chunk 4389/10240: fixtures/large_file.bin
2025/04/30 15:22:57 Sent ACK for chunk 4388
2025/04/30 15:22:57 Received ACK for chunk 4389/10240
Received chunk 4390/10240: fixtures/large_file.bin
2025/04/30 15:22:57 Sent ACK for chunk 4389
2025/04/30 15:22:57 Received ACK for chunk 4390/10240
Received chunk 4391/10240: fixtures/large_file.bin
2025/04/30 15:22:57 Sent ACK for chunk 4390
2025/04/30 15:22:57 Received ACK for chunk 4391/10240
Received chunk 4392/10240: fixtures/large_file.bin
2025/04/30 15:22:57 Sent ACK for chunk 4391
2025/04/30 15:22:57 Received ACK for chunk 4392/10240
Received chunk 4393/10240: fixtures/large_file.bin
2025/04/30 15:22:57 Sent ACK for chunk 4392
2025/04/30 15:22:57 Received ACK for chunk 4393/10240
Received chunk 4394/10240: fixtures/large_file.bin
2025/04/30 15:22:57 Sent ACK for chunk 4393
2025/04/30 15:22:57 Received ACK for chunk 4394/10240
Received chunk 4395/10240: fixtures/large_file.bin
2025/04/30 15:22:57 Sent ACK for chunk 4394
2025/04/30 15:22:57 Received ACK for chunk 4395/10240
Received chunk 4396/10240: fixtures/large_file.bin
2025/04/30 15:22:57 Sent ACK for chunk 4395
2025/04/30 15:22:57 Received ACK for chunk 4396/10240
Received chunk 4397/10240: fixtures/large_file.bin
2025/04/30 15:22:57 Sent ACK for chunk 4396
2025/04/30 15:22:57 Received ACK for chunk 4397/10240
Received chunk 4398/10240: fixtures/large_file.bin
2025/04/30 15:22:57 Sent ACK for chunk 4397
2025/04/30 15:22:57 Received ACK for chunk 4398/10240
Received chunk 4399/10240: fixtures/large_file.bin
2025/04/30 15:22:57 Sent ACK for chunk 4398
2025/04/30 15:22:57 Received ACK for chunk 4399/10240
Received chunk 4400/10240: fixtures/large_file.bin
2025/04/30 15:22:57 Sent ACK for chunk 4399
2025/04/30 15:22:57 Received ACK for chunk 4400/10240
Received chunk 4401/10240: fixtures/large_file.bin
2025/04/30 15:22:57 Sent ACK for chunk 4400
2025/04/30 15:22:57 Received ACK for chunk 4401/10240
Received chunk 4402/10240: fixtures/large_file.bin
2025/04/30 15:22:57 Sent ACK for chunk 4401
2025/04/30 15:22:57 Received ACK for chunk 4402/10240
Received chunk 4403/10240: fixtures/large_file.bin
2025/04/30 15:22:57 Sent ACK for chunk 4402
2025/04/30 15:22:57 Received ACK for chunk 4403/10240
Received chunk 4404/10240: fixtures/large_file.bin
2025/04/30 15:22:57 Sent ACK for chunk 4403
2025/04/30 15:22:57 Received ACK for chunk 4404/10240
Received chunk 4405/10240: fixtures/large_file.bin
2025/04/30 15:22:57 Sent ACK for chunk 4404
2025/04/30 15:22:57 Received ACK for chunk 4405/10240
Received chunk 4406/10240: fixtures/large_file.bin
2025/04/30 15:22:57 Sent ACK for chunk 4405
2025/04/30 15:22:57 Received ACK for chunk 4406/10240
Received chunk 4407/10240: fixtures/large_file.bin
2025/04/30 15:22:57 Sent ACK for chunk 4406
2025/04/30 15:22:57 Received ACK for chunk 4407/10240
Received chunk 4408/10240: fixtures/large_file.bin
2025/04/30 15:22:57 Sent ACK for chunk 4407
2025/04/30 15:22:57 Received ACK for chunk 4408/10240
Received chunk 4409/10240: fixtures/large_file.bin
2025/04/30 15:22:57 Sent ACK for chunk 4408
2025/04/30 15:22:57 Received ACK for chunk 4409/10240
Received chunk 4410/10240: fixtures/large_file.bin
2025/04/30 15:22:57 Sent ACK for chunk 4409
2025/04/30 15:22:57 Received ACK for chunk 4410/10240
Received chunk 4411/10240: fixtures/large_file.bin
2025/04/30 15:22:57 Sent ACK for chunk 4410
2025/04/30 15:22:57 Received ACK for chunk 4411/10240
Received chunk 4412/10240: fixtures/large_file.bin
2025/04/30 15:22:57 Sent ACK for chunk 4411
2025/04/30 15:22:57 Received ACK for chunk 4412/10240
Received chunk 4413/10240: fixtures/large_file.bin
2025/04/30 15:22:57 Sent ACK for chunk 4412
2025/04/30 15:22:57 Received ACK for chunk 4413/10240
Received chunk 4414/10240: fixtures/large_file.bin
2025/04/30 15:22:57 Sent ACK for chunk 4413
2025/04/30 15:22:57 Received ACK for chunk 4414/10240
Received chunk 4415/10240: fixtures/large_file.bin
2025/04/30 15:22:57 Sent ACK for chunk 4414
2025/04/30 15:22:57 Received ACK for chunk 4415/10240
Received chunk 4416/10240: fixtures/large_file.bin
2025/04/30 15:22:57 Sent ACK for chunk 4415
2025/04/30 15:22:57 Received ACK for chunk 4416/10240
Received chunk 4417/10240: fixtures/large_file.bin
2025/04/30 15:22:57 Sent ACK for chunk 4416
2025/04/30 15:22:57 Received ACK for chunk 4417/10240
Received chunk 4418/10240: fixtures/large_file.bin
2025/04/30 15:22:57 Sent ACK for chunk 4417
2025/04/30 15:22:57 Received ACK for chunk 4418/10240
Received chunk 4419/10240: fixtures/large_file.bin
2025/04/30 15:22:57 Sent ACK for chunk 4418
2025/04/30 15:22:57 Received ACK for chunk 4419/10240
Received chunk 4420/10240: fixtures/large_file.bin
2025/04/30 15:22:57 Sent ACK for chunk 4419
2025/04/30 15:22:57 Received ACK for chunk 4420/10240
Received chunk 4421/10240: fixtures/large_file.bin
2025/04/30 15:22:57 Sent ACK for chunk 4420
2025/04/30 15:22:57 Received ACK for chunk 4421/10240
Received chunk 4422/10240: fixtures/large_file.bin
2025/04/30 15:22:57 Sent ACK for chunk 4421
2025/04/30 15:22:57 Received ACK for chunk 4422/10240
Received chunk 4423/10240: fixtures/large_file.bin
2025/04/30 15:22:57 Sent ACK for chunk 4422
2025/04/30 15:22:57 Received ACK for chunk 4423/10240
Received chunk 4424/10240: fixtures/large_file.bin
2025/04/30 15:22:57 Sent ACK for chunk 4423
2025/04/30 15:22:57 Received ACK for chunk 4424/10240
Received chunk 4425/10240: fixtures/large_file.bin
2025/04/30 15:22:57 Sent ACK for chunk 4424
2025/04/30 15:22:57 Received ACK for chunk 4425/10240
Received chunk 4426/10240: fixtures/large_file.bin
2025/04/30 15:22:57 Sent ACK for chunk 4425
2025/04/30 15:22:57 Received ACK for chunk 4426/10240
Received chunk 4427/10240: fixtures/large_file.bin
2025/04/30 15:22:57 Sent ACK for chunk 4426
2025/04/30 15:22:57 Received ACK for chunk 4427/10240
Received chunk 4428/10240: fixtures/large_file.bin
2025/04/30 15:22:57 Sent ACK for chunk 4427
2025/04/30 15:22:57 Received ACK for chunk 4428/10240
Received chunk 4429/10240: fixtures/large_file.bin
2025/04/30 15:22:57 Sent ACK for chunk 4428
2025/04/30 15:22:57 Received ACK for chunk 4429/10240
Received chunk 4430/10240: fixtures/large_file.bin
2025/04/30 15:22:57 Sent ACK for chunk 4429
2025/04/30 15:22:57 Received ACK for chunk 4430/10240
Received chunk 4431/10240: fixtures/large_file.bin
2025/04/30 15:22:57 Sent ACK for chunk 4430
2025/04/30 15:22:57 Received ACK for chunk 4431/10240
Received chunk 4432/10240: fixtures/large_file.bin
2025/04/30 15:22:57 Sent ACK for chunk 4431
2025/04/30 15:22:57 Received ACK for chunk 4432/10240
Received chunk 4433/10240: fixtures/large_file.bin
2025/04/30 15:22:57 Sent ACK for chunk 4432
2025/04/30 15:22:57 Received ACK for chunk 4433/10240
Received chunk 4434/10240: fixtures/large_file.bin
2025/04/30 15:22:57 Sent ACK for chunk 4433
2025/04/30 15:22:57 Received ACK for chunk 4434/10240
Received chunk 4435/10240: fixtures/large_file.bin
2025/04/30 15:22:57 Sent ACK for chunk 4434
2025/04/30 15:22:57 Received ACK for chunk 4435/10240
Received chunk 4436/10240: fixtures/large_file.bin
2025/04/30 15:22:57 Sent ACK for chunk 4435
2025/04/30 15:22:57 Received ACK for chunk 4436/10240
Received chunk 4437/10240: fixtures/large_file.bin
2025/04/30 15:22:57 Sent ACK for chunk 4436
2025/04/30 15:22:57 Received ACK for chunk 4437/10240
Received chunk 4438/10240: fixtures/large_file.bin
2025/04/30 15:22:57 Sent ACK for chunk 4437
2025/04/30 15:22:57 Received ACK for chunk 4438/10240
Received chunk 4439/10240: fixtures/large_file.bin
2025/04/30 15:22:57 Sent ACK for chunk 4438
2025/04/30 15:22:57 Received ACK for chunk 4439/10240
Received chunk 4440/10240: fixtures/large_file.bin
2025/04/30 15:22:57 Sent ACK for chunk 4439
2025/04/30 15:22:57 Received ACK for chunk 4440/10240
Received chunk 4441/10240: fixtures/large_file.bin
2025/04/30 15:22:57 Sent ACK for chunk 4440
2025/04/30 15:22:57 Received ACK for chunk 4441/10240
Received chunk 4442/10240: fixtures/large_file.bin
2025/04/30 15:22:57 Sent ACK for chunk 4441
2025/04/30 15:22:57 Received ACK for chunk 4442/10240
Received chunk 4443/10240: fixtures/large_file.bin
2025/04/30 15:22:57 Sent ACK for chunk 4442
2025/04/30 15:22:57 Received ACK for chunk 4443/10240
Received chunk 4444/10240: fixtures/large_file.bin
2025/04/30 15:22:57 Sent ACK for chunk 4443
2025/04/30 15:22:57 Received ACK for chunk 4444/10240
Received chunk 4445/10240: fixtures/large_file.bin
2025/04/30 15:22:57 Sent ACK for chunk 4444
2025/04/30 15:22:57 Received ACK for chunk 4445/10240
Received chunk 4446/10240: fixtures/large_file.bin
2025/04/30 15:22:57 Sent ACK for chunk 4445
2025/04/30 15:22:57 Received ACK for chunk 4446/10240
Received chunk 4447/10240: fixtures/large_file.bin
2025/04/30 15:22:57 Sent ACK for chunk 4446
2025/04/30 15:22:57 Received ACK for chunk 4447/10240
Received chunk 4448/10240: fixtures/large_file.bin
2025/04/30 15:22:57 Sent ACK for chunk 4447
2025/04/30 15:22:57 Received ACK for chunk 4448/10240
Received chunk 4449/10240: fixtures/large_file.bin
2025/04/30 15:22:57 Sent ACK for chunk 4448
2025/04/30 15:22:57 Received ACK for chunk 4449/10240
Received chunk 4450/10240: fixtures/large_file.bin
2025/04/30 15:22:57 Sent ACK for chunk 4449
2025/04/30 15:22:57 Received ACK for chunk 4450/10240
Received chunk 4451/10240: fixtures/large_file.bin
2025/04/30 15:22:57 Sent ACK for chunk 4450
2025/04/30 15:22:57 Received ACK for chunk 4451/10240
Received chunk 4452/10240: fixtures/large_file.bin
2025/04/30 15:22:57 Sent ACK for chunk 4451
2025/04/30 15:22:57 Received ACK for chunk 4452/10240
Received chunk 4453/10240: fixtures/large_file.bin
2025/04/30 15:22:57 Sent ACK for chunk 4452
2025/04/30 15:22:57 Received ACK for chunk 4453/10240
Received chunk 4454/10240: fixtures/large_file.bin
2025/04/30 15:22:57 Sent ACK for chunk 4453
2025/04/30 15:22:57 Received ACK for chunk 4454/10240
Received chunk 4455/10240: fixtures/large_file.bin
2025/04/30 15:22:57 Sent ACK for chunk 4454
2025/04/30 15:22:57 Received ACK for chunk 4455/10240
Received chunk 4456/10240: fixtures/large_file.bin
2025/04/30 15:22:57 Sent ACK for chunk 4455
2025/04/30 15:22:57 Received ACK for chunk 4456/10240
Received chunk 4457/10240: fixtures/large_file.bin
2025/04/30 15:22:57 Sent ACK for chunk 4456
2025/04/30 15:22:57 Received ACK for chunk 4457/10240
Received chunk 4458/10240: fixtures/large_file.bin
2025/04/30 15:22:57 Sent ACK for chunk 4457
2025/04/30 15:22:57 Received ACK for chunk 4458/10240
Received chunk 4459/10240: fixtures/large_file.bin
2025/04/30 15:22:57 Sent ACK for chunk 4458
2025/04/30 15:22:57 Received ACK for chunk 4459/10240
Received chunk 4460/10240: fixtures/large_file.bin
2025/04/30 15:22:57 Sent ACK for chunk 4459
2025/04/30 15:22:57 Received ACK for chunk 4460/10240
Received chunk 4461/10240: fixtures/large_file.bin
2025/04/30 15:22:57 Sent ACK for chunk 4460
2025/04/30 15:22:57 Received ACK for chunk 4461/10240
Received chunk 4462/10240: fixtures/large_file.bin
2025/04/30 15:22:57 Sent ACK for chunk 4461
2025/04/30 15:22:57 Received ACK for chunk 4462/10240
Received chunk 4463/10240: fixtures/large_file.bin
2025/04/30 15:22:57 Sent ACK for chunk 4462
2025/04/30 15:22:57 Received ACK for chunk 4463/10240
Received chunk 4464/10240: fixtures/large_file.bin
2025/04/30 15:22:57 Sent ACK for chunk 4463
2025/04/30 15:22:57 Received ACK for chunk 4464/10240
Received chunk 4465/10240: fixtures/large_file.bin
2025/04/30 15:22:57 Sent ACK for chunk 4464
2025/04/30 15:22:57 Received ACK for chunk 4465/10240
Received chunk 4466/10240: fixtures/large_file.bin
2025/04/30 15:22:57 Sent ACK for chunk 4465
2025/04/30 15:22:57 Received ACK for chunk 4466/10240
Received chunk 4467/10240: fixtures/large_file.bin
2025/04/30 15:22:57 Sent ACK for chunk 4466
2025/04/30 15:22:57 Received ACK for chunk 4467/10240
Received chunk 4468/10240: fixtures/large_file.bin
2025/04/30 15:22:57 Sent ACK for chunk 4467
2025/04/30 15:22:57 Received ACK for chunk 4468/10240
Received chunk 4469/10240: fixtures/large_file.bin
2025/04/30 15:22:57 Sent ACK for chunk 4468
2025/04/30 15:22:57 Received ACK for chunk 4469/10240
Received chunk 4470/10240: fixtures/large_file.bin
2025/04/30 15:22:57 Sent ACK for chunk 4469
2025/04/30 15:22:57 Received ACK for chunk 4470/10240
Received chunk 4471/10240: fixtures/large_file.bin
2025/04/30 15:22:57 Sent ACK for chunk 4470
2025/04/30 15:22:57 Received ACK for chunk 4471/10240
Received chunk 4472/10240: fixtures/large_file.bin
2025/04/30 15:22:57 Sent ACK for chunk 4471
2025/04/30 15:22:57 Received ACK for chunk 4472/10240
Received chunk 4473/10240: fixtures/large_file.bin
2025/04/30 15:22:57 Sent ACK for chunk 4472
2025/04/30 15:22:57 Received ACK for chunk 4473/10240
Received chunk 4474/10240: fixtures/large_file.bin
2025/04/30 15:22:57 Sent ACK for chunk 4473
2025/04/30 15:22:57 Received ACK for chunk 4474/10240
Received chunk 4475/10240: fixtures/large_file.bin
2025/04/30 15:22:57 Sent ACK for chunk 4474
2025/04/30 15:22:57 Received ACK for chunk 4475/10240
Received chunk 4476/10240: fixtures/large_file.bin
2025/04/30 15:22:57 Sent ACK for chunk 4475
2025/04/30 15:22:57 Received ACK for chunk 4476/10240
Received chunk 4477/10240: fixtures/large_file.bin
2025/04/30 15:22:57 Sent ACK for chunk 4476
2025/04/30 15:22:57 Received ACK for chunk 4477/10240
Received chunk 4478/10240: fixtures/large_file.bin
2025/04/30 15:22:57 Sent ACK for chunk 4477
2025/04/30 15:22:57 Received ACK for chunk 4478/10240
Received chunk 4479/10240: fixtures/large_file.bin
2025/04/30 15:22:57 Sent ACK for chunk 4478
2025/04/30 15:22:57 Received ACK for chunk 4479/10240
Received chunk 4480/10240: fixtures/large_file.bin
2025/04/30 15:22:57 Sent ACK for chunk 4479
2025/04/30 15:22:57 Received ACK for chunk 4480/10240
Received chunk 4481/10240: fixtures/large_file.bin
2025/04/30 15:22:57 Sent ACK for chunk 4480
2025/04/30 15:22:57 Received ACK for chunk 4481/10240
Received chunk 4482/10240: fixtures/large_file.bin
2025/04/30 15:22:57 Sent ACK for chunk 4481
2025/04/30 15:22:57 Received ACK for chunk 4482/10240
Received chunk 4483/10240: fixtures/large_file.bin
2025/04/30 15:22:57 Sent ACK for chunk 4482
2025/04/30 15:22:57 Received ACK for chunk 4483/10240
Received chunk 4484/10240: fixtures/large_file.bin
2025/04/30 15:22:57 Sent ACK for chunk 4483
2025/04/30 15:22:57 Received ACK for chunk 4484/10240
Received chunk 4485/10240: fixtures/large_file.bin
2025/04/30 15:22:57 Sent ACK for chunk 4484
2025/04/30 15:22:57 Received ACK for chunk 4485/10240
Received chunk 4486/10240: fixtures/large_file.bin
2025/04/30 15:22:57 Sent ACK for chunk 4485
2025/04/30 15:22:57 Received ACK for chunk 4486/10240
Received chunk 4487/10240: fixtures/large_file.bin
2025/04/30 15:22:57 Sent ACK for chunk 4486
2025/04/30 15:22:57 Received ACK for chunk 4487/10240
Received chunk 4488/10240: fixtures/large_file.bin
2025/04/30 15:22:57 Sent ACK for chunk 4487
2025/04/30 15:22:57 Received ACK for chunk 4488/10240
Received chunk 4489/10240: fixtures/large_file.bin
2025/04/30 15:22:57 Sent ACK for chunk 4488
2025/04/30 15:22:57 Received ACK for chunk 4489/10240
Received chunk 4490/10240: fixtures/large_file.bin
2025/04/30 15:22:57 Sent ACK for chunk 4489
2025/04/30 15:22:57 Received ACK for chunk 4490/10240
Received chunk 4491/10240: fixtures/large_file.bin
2025/04/30 15:22:57 Sent ACK for chunk 4490
2025/04/30 15:22:57 Received ACK for chunk 4491/10240
Received chunk 4492/10240: fixtures/large_file.bin
2025/04/30 15:22:57 Sent ACK for chunk 4491
2025/04/30 15:22:57 Received ACK for chunk 4492/10240
Received chunk 4493/10240: fixtures/large_file.bin
2025/04/30 15:22:57 Sent ACK for chunk 4492
2025/04/30 15:22:57 Received ACK for chunk 4493/10240
Received chunk 4494/10240: fixtures/large_file.bin
2025/04/30 15:22:57 Sent ACK for chunk 4493
2025/04/30 15:22:57 Received ACK for chunk 4494/10240
Received chunk 4495/10240: fixtures/large_file.bin
2025/04/30 15:22:57 Sent ACK for chunk 4494
2025/04/30 15:22:57 Received ACK for chunk 4495/10240
Received chunk 4496/10240: fixtures/large_file.bin
2025/04/30 15:22:57 Sent ACK for chunk 4495
2025/04/30 15:22:57 Received ACK for chunk 4496/10240
Received chunk 4497/10240: fixtures/large_file.bin
2025/04/30 15:22:57 Sent ACK for chunk 4496
2025/04/30 15:22:57 Received ACK for chunk 4497/10240
Received chunk 4498/10240: fixtures/large_file.bin
2025/04/30 15:22:57 Sent ACK for chunk 4497
2025/04/30 15:22:57 Received ACK for chunk 4498/10240
Received chunk 4499/10240: fixtures/large_file.bin
2025/04/30 15:22:57 Sent ACK for chunk 4498
2025/04/30 15:22:57 Received ACK for chunk 4499/10240
Received chunk 4500/10240: fixtures/large_file.bin
2025/04/30 15:22:57 Sent ACK for chunk 4499
2025/04/30 15:22:57 Received ACK for chunk 4500/10240
Received chunk 4501/10240: fixtures/large_file.bin
2025/04/30 15:22:57 Sent ACK for chunk 4500
2025/04/30 15:22:57 Received ACK for chunk 4501/10240
Received chunk 4502/10240: fixtures/large_file.bin
2025/04/30 15:22:57 Sent ACK for chunk 4501
2025/04/30 15:22:57 Received ACK for chunk 4502/10240
Received chunk 4503/10240: fixtures/large_file.bin
2025/04/30 15:22:57 Sent ACK for chunk 4502
2025/04/30 15:22:57 Received ACK for chunk 4503/10240
Received chunk 4504/10240: fixtures/large_file.bin
2025/04/30 15:22:57 Sent ACK for chunk 4503
2025/04/30 15:22:57 Received ACK for chunk 4504/10240
Received chunk 4505/10240: fixtures/large_file.bin
2025/04/30 15:22:57 Sent ACK for chunk 4504
2025/04/30 15:22:57 Received ACK for chunk 4505/10240
Received chunk 4506/10240: fixtures/large_file.bin
2025/04/30 15:22:57 Sent ACK for chunk 4505
2025/04/30 15:22:57 Received ACK for chunk 4506/10240
Received chunk 4507/10240: fixtures/large_file.bin
2025/04/30 15:22:57 Sent ACK for chunk 4506
2025/04/30 15:22:57 Received ACK for chunk 4507/10240
Received chunk 4508/10240: fixtures/large_file.bin
2025/04/30 15:22:57 Sent ACK for chunk 4507
2025/04/30 15:22:57 Received ACK for chunk 4508/10240
Received chunk 4509/10240: fixtures/large_file.bin
2025/04/30 15:22:57 Sent ACK for chunk 4508
2025/04/30 15:22:57 Received ACK for chunk 4509/10240
Received chunk 4510/10240: fixtures/large_file.bin
2025/04/30 15:22:57 Sent ACK for chunk 4509
2025/04/30 15:22:57 Received ACK for chunk 4510/10240
Received chunk 4511/10240: fixtures/large_file.bin
2025/04/30 15:22:57 Sent ACK for chunk 4510
2025/04/30 15:22:57 Received ACK for chunk 4511/10240
Received chunk 4512/10240: fixtures/large_file.bin
2025/04/30 15:22:57 Sent ACK for chunk 4511
2025/04/30 15:22:57 Received ACK for chunk 4512/10240
Received chunk 4513/10240: fixtures/large_file.bin
2025/04/30 15:22:57 Sent ACK for chunk 4512
2025/04/30 15:22:57 Received ACK for chunk 4513/10240
Received chunk 4514/10240: fixtures/large_file.bin
2025/04/30 15:22:57 Sent ACK for chunk 4513
2025/04/30 15:22:57 Received ACK for chunk 4514/10240
Received chunk 4515/10240: fixtures/large_file.bin
2025/04/30 15:22:57 Sent ACK for chunk 4514
2025/04/30 15:22:57 Received ACK for chunk 4515/10240
Received chunk 4516/10240: fixtures/large_file.bin
2025/04/30 15:22:57 Sent ACK for chunk 4515
2025/04/30 15:22:57 Received ACK for chunk 4516/10240
Received chunk 4517/10240: fixtures/large_file.bin
2025/04/30 15:22:57 Sent ACK for chunk 4516
2025/04/30 15:22:57 Received ACK for chunk 4517/10240
Received chunk 4518/10240: fixtures/large_file.bin
2025/04/30 15:22:57 Sent ACK for chunk 4517
2025/04/30 15:22:57 Received ACK for chunk 4518/10240
Received chunk 4519/10240: fixtures/large_file.bin
2025/04/30 15:22:57 Sent ACK for chunk 4518
2025/04/30 15:22:57 Received ACK for chunk 4519/10240
Received chunk 4520/10240: fixtures/large_file.bin
2025/04/30 15:22:57 Sent ACK for chunk 4519
2025/04/30 15:22:57 Received ACK for chunk 4520/10240
Received chunk 4521/10240: fixtures/large_file.bin
2025/04/30 15:22:57 Sent ACK for chunk 4520
2025/04/30 15:22:57 Received ACK for chunk 4521/10240
Received chunk 4522/10240: fixtures/large_file.bin
2025/04/30 15:22:57 Sent ACK for chunk 4521
2025/04/30 15:22:57 Received ACK for chunk 4522/10240
Received chunk 4523/10240: fixtures/large_file.bin
2025/04/30 15:22:57 Sent ACK for chunk 4522
2025/04/30 15:22:57 Received ACK for chunk 4523/10240
Received chunk 4524/10240: fixtures/large_file.bin
2025/04/30 15:22:57 Sent ACK for chunk 4523
2025/04/30 15:22:57 Received ACK for chunk 4524/10240
Received chunk 4525/10240: fixtures/large_file.bin
2025/04/30 15:22:57 Sent ACK for chunk 4524
2025/04/30 15:22:57 Received ACK for chunk 4525/10240
Received chunk 4526/10240: fixtures/large_file.bin
2025/04/30 15:22:57 Sent ACK for chunk 4525
2025/04/30 15:22:57 Received ACK for chunk 4526/10240
Received chunk 4527/10240: fixtures/large_file.bin
2025/04/30 15:22:57 Sent ACK for chunk 4526
2025/04/30 15:22:57 Received ACK for chunk 4527/10240
Received chunk 4528/10240: fixtures/large_file.bin
2025/04/30 15:22:57 Sent ACK for chunk 4527
2025/04/30 15:22:57 Received ACK for chunk 4528/10240
Received chunk 4529/10240: fixtures/large_file.bin
2025/04/30 15:22:57 Sent ACK for chunk 4528
2025/04/30 15:22:57 Received ACK for chunk 4529/10240
Received chunk 4530/10240: fixtures/large_file.bin
2025/04/30 15:22:57 Sent ACK for chunk 4529
2025/04/30 15:22:57 Received ACK for chunk 4530/10240
Received chunk 4531/10240: fixtures/large_file.bin
2025/04/30 15:22:57 Sent ACK for chunk 4530
2025/04/30 15:22:57 Received ACK for chunk 4531/10240
Received chunk 4532/10240: fixtures/large_file.bin
2025/04/30 15:22:57 Sent ACK for chunk 4531
2025/04/30 15:22:57 Received ACK for chunk 4532/10240
Received chunk 4533/10240: fixtures/large_file.bin
2025/04/30 15:22:57 Sent ACK for chunk 4532
2025/04/30 15:22:57 Received ACK for chunk 4533/10240
Received chunk 4534/10240: fixtures/large_file.bin
2025/04/30 15:22:57 Sent ACK for chunk 4533
2025/04/30 15:22:57 Received ACK for chunk 4534/10240
Received chunk 4535/10240: fixtures/large_file.bin
2025/04/30 15:22:57 Sent ACK for chunk 4534
2025/04/30 15:22:57 Received ACK for chunk 4535/10240
Received chunk 4536/10240: fixtures/large_file.bin
2025/04/30 15:22:57 Sent ACK for chunk 4535
2025/04/30 15:22:57 Received ACK for chunk 4536/10240
Received chunk 4537/10240: fixtures/large_file.bin
2025/04/30 15:22:57 Sent ACK for chunk 4536
2025/04/30 15:22:57 Received ACK for chunk 4537/10240
Received chunk 4538/10240: fixtures/large_file.bin
2025/04/30 15:22:57 Sent ACK for chunk 4537
2025/04/30 15:22:57 Received ACK for chunk 4538/10240
Received chunk 4539/10240: fixtures/large_file.bin
2025/04/30 15:22:57 Sent ACK for chunk 4538
2025/04/30 15:22:57 Received ACK for chunk 4539/10240
Received chunk 4540/10240: fixtures/large_file.bin
2025/04/30 15:22:57 Sent ACK for chunk 4539
2025/04/30 15:22:57 Received ACK for chunk 4540/10240
Received chunk 4541/10240: fixtures/large_file.bin
2025/04/30 15:22:57 Sent ACK for chunk 4540
2025/04/30 15:22:57 Received ACK for chunk 4541/10240
Received chunk 4542/10240: fixtures/large_file.bin
2025/04/30 15:22:57 Sent ACK for chunk 4541
2025/04/30 15:22:57 Received ACK for chunk 4542/10240
Received chunk 4543/10240: fixtures/large_file.bin
2025/04/30 15:22:57 Sent ACK for chunk 4542
2025/04/30 15:22:57 Received ACK for chunk 4543/10240
Received chunk 4544/10240: fixtures/large_file.bin
2025/04/30 15:22:57 Sent ACK for chunk 4543
2025/04/30 15:22:57 Received ACK for chunk 4544/10240
Received chunk 4545/10240: fixtures/large_file.bin
2025/04/30 15:22:57 Sent ACK for chunk 4544
2025/04/30 15:22:57 Received ACK for chunk 4545/10240
Received chunk 4546/10240: fixtures/large_file.bin
2025/04/30 15:22:57 Sent ACK for chunk 4545
2025/04/30 15:22:57 Received ACK for chunk 4546/10240
Received chunk 4547/10240: fixtures/large_file.bin
2025/04/30 15:22:57 Sent ACK for chunk 4546
2025/04/30 15:22:57 Received ACK for chunk 4547/10240
Received chunk 4548/10240: fixtures/large_file.bin
2025/04/30 15:22:57 Sent ACK for chunk 4547
2025/04/30 15:22:57 Received ACK for chunk 4548/10240
Received chunk 4549/10240: fixtures/large_file.bin
2025/04/30 15:22:57 Sent ACK for chunk 4548
2025/04/30 15:22:57 Received ACK for chunk 4549/10240
Received chunk 4550/10240: fixtures/large_file.bin
2025/04/30 15:22:57 Sent ACK for chunk 4549
2025/04/30 15:22:57 Received ACK for chunk 4550/10240
Received chunk 4551/10240: fixtures/large_file.bin
2025/04/30 15:22:57 Sent ACK for chunk 4550
2025/04/30 15:22:57 Received ACK for chunk 4551/10240
Received chunk 4552/10240: fixtures/large_file.bin
2025/04/30 15:22:57 Sent ACK for chunk 4551
2025/04/30 15:22:57 Received ACK for chunk 4552/10240
Received chunk 4553/10240: fixtures/large_file.bin
2025/04/30 15:22:57 Sent ACK for chunk 4552
2025/04/30 15:22:57 Received ACK for chunk 4553/10240
Received chunk 4554/10240: fixtures/large_file.bin
2025/04/30 15:22:57 Sent ACK for chunk 4553
2025/04/30 15:22:57 Received ACK for chunk 4554/10240
Received chunk 4555/10240: fixtures/large_file.bin
2025/04/30 15:22:57 Sent ACK for chunk 4554
2025/04/30 15:22:57 Received ACK for chunk 4555/10240
Received chunk 4556/10240: fixtures/large_file.bin
2025/04/30 15:22:57 Sent ACK for chunk 4555
2025/04/30 15:22:57 Received ACK for chunk 4556/10240
Received chunk 4557/10240: fixtures/large_file.bin
2025/04/30 15:22:57 Sent ACK for chunk 4556
2025/04/30 15:22:57 Received ACK for chunk 4557/10240
Received chunk 4558/10240: fixtures/large_file.bin
2025/04/30 15:22:57 Sent ACK for chunk 4557
2025/04/30 15:22:57 Received ACK for chunk 4558/10240
Received chunk 4559/10240: fixtures/large_file.bin
2025/04/30 15:22:57 Sent ACK for chunk 4558
2025/04/30 15:22:57 Received ACK for chunk 4559/10240
Received chunk 4560/10240: fixtures/large_file.bin
2025/04/30 15:22:57 Sent ACK for chunk 4559
2025/04/30 15:22:57 Received ACK for chunk 4560/10240
Received chunk 4561/10240: fixtures/large_file.bin
2025/04/30 15:22:57 Sent ACK for chunk 4560
2025/04/30 15:22:57 Received ACK for chunk 4561/10240
Received chunk 4562/10240: fixtures/large_file.bin
2025/04/30 15:22:57 Sent ACK for chunk 4561
2025/04/30 15:22:57 Received ACK for chunk 4562/10240
Received chunk 4563/10240: fixtures/large_file.bin
2025/04/30 15:22:57 Sent ACK for chunk 4562
2025/04/30 15:22:57 Received ACK for chunk 4563/10240
Received chunk 4564/10240: fixtures/large_file.bin
2025/04/30 15:22:57 Sent ACK for chunk 4563
2025/04/30 15:22:57 Received ACK for chunk 4564/10240
Received chunk 4565/10240: fixtures/large_file.bin
2025/04/30 15:22:57 Sent ACK for chunk 4564
2025/04/30 15:22:57 Received ACK for chunk 4565/10240
Received chunk 4566/10240: fixtures/large_file.bin
2025/04/30 15:22:57 Sent ACK for chunk 4565
2025/04/30 15:22:57 Received ACK for chunk 4566/10240
Received chunk 4567/10240: fixtures/large_file.bin
2025/04/30 15:22:57 Sent ACK for chunk 4566
2025/04/30 15:22:57 Received ACK for chunk 4567/10240
Received chunk 4568/10240: fixtures/large_file.bin
2025/04/30 15:22:57 Sent ACK for chunk 4567
2025/04/30 15:22:57 Received ACK for chunk 4568/10240
Received chunk 4569/10240: fixtures/large_file.bin
2025/04/30 15:22:57 Sent ACK for chunk 4568
2025/04/30 15:22:57 Received ACK for chunk 4569/10240
Received chunk 4570/10240: fixtures/large_file.bin
2025/04/30 15:22:57 Sent ACK for chunk 4569
2025/04/30 15:22:57 Received ACK for chunk 4570/10240
Received chunk 4571/10240: fixtures/large_file.bin
2025/04/30 15:22:57 Sent ACK for chunk 4570
2025/04/30 15:22:57 Received ACK for chunk 4571/10240
Received chunk 4572/10240: fixtures/large_file.bin
2025/04/30 15:22:57 Sent ACK for chunk 4571
2025/04/30 15:22:57 Received ACK for chunk 4572/10240
Received chunk 4573/10240: fixtures/large_file.bin
2025/04/30 15:22:57 Sent ACK for chunk 4572
2025/04/30 15:22:57 Received ACK for chunk 4573/10240
Received chunk 4574/10240: fixtures/large_file.bin
2025/04/30 15:22:57 Sent ACK for chunk 4573
2025/04/30 15:22:57 Received ACK for chunk 4574/10240
Received chunk 4575/10240: fixtures/large_file.bin
2025/04/30 15:22:57 Sent ACK for chunk 4574
2025/04/30 15:22:57 Received ACK for chunk 4575/10240
Received chunk 4576/10240: fixtures/large_file.bin
2025/04/30 15:22:57 Sent ACK for chunk 4575
2025/04/30 15:22:57 Received ACK for chunk 4576/10240
Received chunk 4577/10240: fixtures/large_file.bin
2025/04/30 15:22:57 Sent ACK for chunk 4576
2025/04/30 15:22:57 Received ACK for chunk 4577/10240
Received chunk 4578/10240: fixtures/large_file.bin
2025/04/30 15:22:57 Sent ACK for chunk 4577
2025/04/30 15:22:57 Received ACK for chunk 4578/10240
Received chunk 4579/10240: fixtures/large_file.bin
2025/04/30 15:22:57 Sent ACK for chunk 4578
2025/04/30 15:22:57 Received ACK for chunk 4579/10240
Received chunk 4580/10240: fixtures/large_file.bin
2025/04/30 15:22:57 Sent ACK for chunk 4579
2025/04/30 15:22:57 Received ACK for chunk 4580/10240
Received chunk 4581/10240: fixtures/large_file.bin
2025/04/30 15:22:57 Sent ACK for chunk 4580
2025/04/30 15:22:57 Received ACK for chunk 4581/10240
Received chunk 4582/10240: fixtures/large_file.bin
2025/04/30 15:22:57 Sent ACK for chunk 4581
2025/04/30 15:22:57 Received ACK for chunk 4582/10240
Received chunk 4583/10240: fixtures/large_file.bin
2025/04/30 15:22:57 Sent ACK for chunk 4582
2025/04/30 15:22:57 Received ACK for chunk 4583/10240
Received chunk 4584/10240: fixtures/large_file.bin
2025/04/30 15:22:57 Sent ACK for chunk 4583
2025/04/30 15:22:57 Received ACK for chunk 4584/10240
Received chunk 4585/10240: fixtures/large_file.bin
2025/04/30 15:22:57 Sent ACK for chunk 4584
2025/04/30 15:22:57 Received ACK for chunk 4585/10240
Received chunk 4586/10240: fixtures/large_file.bin
2025/04/30 15:22:57 Sent ACK for chunk 4585
2025/04/30 15:22:57 Received ACK for chunk 4586/10240
Received chunk 4587/10240: fixtures/large_file.bin
2025/04/30 15:22:57 Sent ACK for chunk 4586
2025/04/30 15:22:57 Received ACK for chunk 4587/10240
Received chunk 4588/10240: fixtures/large_file.bin
2025/04/30 15:22:57 Sent ACK for chunk 4587
2025/04/30 15:22:57 Received ACK for chunk 4588/10240
Received chunk 4589/10240: fixtures/large_file.bin
2025/04/30 15:22:57 Sent ACK for chunk 4588
2025/04/30 15:22:57 Received ACK for chunk 4589/10240
Received chunk 4590/10240: fixtures/large_file.bin
2025/04/30 15:22:57 Sent ACK for chunk 4589
2025/04/30 15:22:57 Received ACK for chunk 4590/10240
Received chunk 4591/10240: fixtures/large_file.bin
2025/04/30 15:22:57 Sent ACK for chunk 4590
2025/04/30 15:22:57 Received ACK for chunk 4591/10240
Received chunk 4592/10240: fixtures/large_file.bin
2025/04/30 15:22:57 Sent ACK for chunk 4591
2025/04/30 15:22:57 Received ACK for chunk 4592/10240
Received chunk 4593/10240: fixtures/large_file.bin
2025/04/30 15:22:57 Sent ACK for chunk 4592
2025/04/30 15:22:57 Received ACK for chunk 4593/10240
Received chunk 4594/10240: fixtures/large_file.bin
2025/04/30 15:22:57 Sent ACK for chunk 4593
2025/04/30 15:22:57 Received ACK for chunk 4594/10240
Received chunk 4595/10240: fixtures/large_file.bin
2025/04/30 15:22:57 Sent ACK for chunk 4594
2025/04/30 15:22:57 Received ACK for chunk 4595/10240
Received chunk 4596/10240: fixtures/large_file.bin
2025/04/30 15:22:57 Sent ACK for chunk 4595
2025/04/30 15:22:57 Received ACK for chunk 4596/10240
Received chunk 4597/10240: fixtures/large_file.bin
2025/04/30 15:22:57 Sent ACK for chunk 4596
2025/04/30 15:22:57 Received ACK for chunk 4597/10240
Received chunk 4598/10240: fixtures/large_file.bin
2025/04/30 15:22:57 Sent ACK for chunk 4597
2025/04/30 15:22:57 Received ACK for chunk 4598/10240
Received chunk 4599/10240: fixtures/large_file.bin
2025/04/30 15:22:57 Sent ACK for chunk 4598
2025/04/30 15:22:57 Received ACK for chunk 4599/10240
Received chunk 4600/10240: fixtures/large_file.bin
2025/04/30 15:22:57 Sent ACK for chunk 4599
2025/04/30 15:22:57 Received ACK for chunk 4600/10240
Received chunk 4601/10240: fixtures/large_file.bin
2025/04/30 15:22:57 Sent ACK for chunk 4600
2025/04/30 15:22:57 Received ACK for chunk 4601/10240
Received chunk 4602/10240: fixtures/large_file.bin
2025/04/30 15:22:57 Sent ACK for chunk 4601
2025/04/30 15:22:57 Received ACK for chunk 4602/10240
Received chunk 4603/10240: fixtures/large_file.bin
2025/04/30 15:22:57 Sent ACK for chunk 4602
2025/04/30 15:22:57 Received ACK for chunk 4603/10240
Received chunk 4604/10240: fixtures/large_file.bin
2025/04/30 15:22:57 Sent ACK for chunk 4603
2025/04/30 15:22:57 Received ACK for chunk 4604/10240
Received chunk 4605/10240: fixtures/large_file.bin
2025/04/30 15:22:57 Sent ACK for chunk 4604
2025/04/30 15:22:57 Received ACK for chunk 4605/10240
Received chunk 4606/10240: fixtures/large_file.bin
2025/04/30 15:22:57 Sent ACK for chunk 4605
2025/04/30 15:22:57 Received ACK for chunk 4606/10240
Received chunk 4607/10240: fixtures/large_file.bin
2025/04/30 15:22:57 Sent ACK for chunk 4606
2025/04/30 15:22:57 Received ACK for chunk 4607/10240
Received chunk 4608/10240: fixtures/large_file.bin
2025/04/30 15:22:57 Sent ACK for chunk 4607
2025/04/30 15:22:57 Received ACK for chunk 4608/10240
Received chunk 4609/10240: fixtures/large_file.bin
2025/04/30 15:22:57 Sent ACK for chunk 4608
2025/04/30 15:22:57 Received ACK for chunk 4609/10240
Received chunk 4610/10240: fixtures/large_file.bin
2025/04/30 15:22:57 Sent ACK for chunk 4609
2025/04/30 15:22:57 Received ACK for chunk 4610/10240
Received chunk 4611/10240: fixtures/large_file.bin
2025/04/30 15:22:57 Sent ACK for chunk 4610
2025/04/30 15:22:57 Received ACK for chunk 4611/10240
Received chunk 4612/10240: fixtures/large_file.bin
2025/04/30 15:22:57 Sent ACK for chunk 4611
2025/04/30 15:22:57 Received ACK for chunk 4612/10240
Received chunk 4613/10240: fixtures/large_file.bin
2025/04/30 15:22:57 Sent ACK for chunk 4612
2025/04/30 15:22:57 Received ACK for chunk 4613/10240
Received chunk 4614/10240: fixtures/large_file.bin
2025/04/30 15:22:57 Sent ACK for chunk 4613
2025/04/30 15:22:57 Received ACK for chunk 4614/10240
Received chunk 4615/10240: fixtures/large_file.bin
2025/04/30 15:22:57 Sent ACK for chunk 4614
2025/04/30 15:22:57 Received ACK for chunk 4615/10240
Received chunk 4616/10240: fixtures/large_file.bin
2025/04/30 15:22:57 Sent ACK for chunk 4615
2025/04/30 15:22:57 Received ACK for chunk 4616/10240
Received chunk 4617/10240: fixtures/large_file.bin
2025/04/30 15:22:57 Sent ACK for chunk 4616
2025/04/30 15:22:57 Received ACK for chunk 4617/10240
Received chunk 4618/10240: fixtures/large_file.bin
2025/04/30 15:22:57 Sent ACK for chunk 4617
2025/04/30 15:22:57 Received ACK for chunk 4618/10240
Received chunk 4619/10240: fixtures/large_file.bin
2025/04/30 15:22:57 Sent ACK for chunk 4618
2025/04/30 15:22:57 Received ACK for chunk 4619/10240
Received chunk 4620/10240: fixtures/large_file.bin
2025/04/30 15:22:57 Sent ACK for chunk 4619
2025/04/30 15:22:57 Received ACK for chunk 4620/10240
Received chunk 4621/10240: fixtures/large_file.bin
2025/04/30 15:22:57 Sent ACK for chunk 4620
2025/04/30 15:22:57 Received ACK for chunk 4621/10240
Received chunk 4622/10240: fixtures/large_file.bin
2025/04/30 15:22:57 Sent ACK for chunk 4621
2025/04/30 15:22:57 Received ACK for chunk 4622/10240
Received chunk 4623/10240: fixtures/large_file.bin
2025/04/30 15:22:57 Sent ACK for chunk 4622
2025/04/30 15:22:57 Received ACK for chunk 4623/10240
Received chunk 4624/10240: fixtures/large_file.bin
2025/04/30 15:22:57 Sent ACK for chunk 4623
2025/04/30 15:22:57 Received ACK for chunk 4624/10240
Received chunk 4625/10240: fixtures/large_file.bin
2025/04/30 15:22:57 Sent ACK for chunk 4624
2025/04/30 15:22:57 Received ACK for chunk 4625/10240
Received chunk 4626/10240: fixtures/large_file.bin
2025/04/30 15:22:57 Sent ACK for chunk 4625
2025/04/30 15:22:57 Received ACK for chunk 4626/10240
Received chunk 4627/10240: fixtures/large_file.bin
2025/04/30 15:22:57 Sent ACK for chunk 4626
2025/04/30 15:22:57 Received ACK for chunk 4627/10240
Received chunk 4628/10240: fixtures/large_file.bin
2025/04/30 15:22:57 Sent ACK for chunk 4627
2025/04/30 15:22:57 Received ACK for chunk 4628/10240
Received chunk 4629/10240: fixtures/large_file.bin
2025/04/30 15:22:57 Sent ACK for chunk 4628
2025/04/30 15:22:57 Received ACK for chunk 4629/10240
Received chunk 4630/10240: fixtures/large_file.bin
2025/04/30 15:22:57 Sent ACK for chunk 4629
2025/04/30 15:22:57 Received ACK for chunk 4630/10240
Received chunk 4631/10240: fixtures/large_file.bin
2025/04/30 15:22:57 Sent ACK for chunk 4630
2025/04/30 15:22:57 Received ACK for chunk 4631/10240
Received chunk 4632/10240: fixtures/large_file.bin
2025/04/30 15:22:57 Sent ACK for chunk 4631
2025/04/30 15:22:57 Received ACK for chunk 4632/10240
Received chunk 4633/10240: fixtures/large_file.bin
2025/04/30 15:22:57 Sent ACK for chunk 4632
2025/04/30 15:22:57 Received ACK for chunk 4633/10240
Received chunk 4634/10240: fixtures/large_file.bin
2025/04/30 15:22:57 Sent ACK for chunk 4633
2025/04/30 15:22:57 Received ACK for chunk 4634/10240
Received chunk 4635/10240: fixtures/large_file.bin
2025/04/30 15:22:57 Sent ACK for chunk 4634
2025/04/30 15:22:57 Received ACK for chunk 4635/10240
Received chunk 4636/10240: fixtures/large_file.bin
2025/04/30 15:22:57 Sent ACK for chunk 4635
2025/04/30 15:22:57 Received ACK for chunk 4636/10240
Received chunk 4637/10240: fixtures/large_file.bin
2025/04/30 15:22:57 Sent ACK for chunk 4636
2025/04/30 15:22:57 Received ACK for chunk 4637/10240
Received chunk 4638/10240: fixtures/large_file.bin
2025/04/30 15:22:57 Sent ACK for chunk 4637
2025/04/30 15:22:57 Received ACK for chunk 4638/10240
Received chunk 4639/10240: fixtures/large_file.bin
2025/04/30 15:22:57 Sent ACK for chunk 4638
2025/04/30 15:22:57 Received ACK for chunk 4639/10240
Received chunk 4640/10240: fixtures/large_file.bin
2025/04/30 15:22:57 Sent ACK for chunk 4639
2025/04/30 15:22:57 Received ACK for chunk 4640/10240
Received chunk 4641/10240: fixtures/large_file.bin
2025/04/30 15:22:57 Sent ACK for chunk 4640
2025/04/30 15:22:57 Received ACK for chunk 4641/10240
Received chunk 4642/10240: fixtures/large_file.bin
2025/04/30 15:22:57 Sent ACK for chunk 4641
2025/04/30 15:22:57 Received ACK for chunk 4642/10240
Received chunk 4643/10240: fixtures/large_file.bin
2025/04/30 15:22:57 Sent ACK for chunk 4642
2025/04/30 15:22:57 Received ACK for chunk 4643/10240
Received chunk 4644/10240: fixtures/large_file.bin
2025/04/30 15:22:57 Sent ACK for chunk 4643
2025/04/30 15:22:57 Received ACK for chunk 4644/10240
Received chunk 4645/10240: fixtures/large_file.bin
2025/04/30 15:22:57 Sent ACK for chunk 4644
2025/04/30 15:22:57 Received ACK for chunk 4645/10240
Received chunk 4646/10240: fixtures/large_file.bin
2025/04/30 15:22:57 Sent ACK for chunk 4645
2025/04/30 15:22:57 Received ACK for chunk 4646/10240
Received chunk 4647/10240: fixtures/large_file.bin
2025/04/30 15:22:57 Sent ACK for chunk 4646
2025/04/30 15:22:57 Received ACK for chunk 4647/10240
Received chunk 4648/10240: fixtures/large_file.bin
2025/04/30 15:22:57 Sent ACK for chunk 4647
2025/04/30 15:22:57 Received ACK for chunk 4648/10240
Received chunk 4649/10240: fixtures/large_file.bin
2025/04/30 15:22:57 Sent ACK for chunk 4648
2025/04/30 15:22:57 Received ACK for chunk 4649/10240
Received chunk 4650/10240: fixtures/large_file.bin
2025/04/30 15:22:57 Sent ACK for chunk 4649
2025/04/30 15:22:57 Received ACK for chunk 4650/10240
Received chunk 4651/10240: fixtures/large_file.bin
2025/04/30 15:22:57 Sent ACK for chunk 4650
2025/04/30 15:22:57 Received ACK for chunk 4651/10240
Received chunk 4652/10240: fixtures/large_file.bin
2025/04/30 15:22:57 Sent ACK for chunk 4651
2025/04/30 15:22:57 Received ACK for chunk 4652/10240
Received chunk 4653/10240: fixtures/large_file.bin
2025/04/30 15:22:57 Sent ACK for chunk 4652
2025/04/30 15:22:57 Received ACK for chunk 4653/10240
Received chunk 4654/10240: fixtures/large_file.bin
2025/04/30 15:22:57 Sent ACK for chunk 4653
2025/04/30 15:22:57 Received ACK for chunk 4654/10240
Received chunk 4655/10240: fixtures/large_file.bin
2025/04/30 15:22:57 Sent ACK for chunk 4654
2025/04/30 15:22:57 Received ACK for chunk 4655/10240
Received chunk 4656/10240: fixtures/large_file.bin
2025/04/30 15:22:57 Sent ACK for chunk 4655
2025/04/30 15:22:57 Received ACK for chunk 4656/10240
Received chunk 4657/10240: fixtures/large_file.bin
2025/04/30 15:22:57 Sent ACK for chunk 4656
2025/04/30 15:22:57 Received ACK for chunk 4657/10240
Received chunk 4658/10240: fixtures/large_file.bin
2025/04/30 15:22:57 Sent ACK for chunk 4657
2025/04/30 15:22:57 Received ACK for chunk 4658/10240
Received chunk 4659/10240: fixtures/large_file.bin
2025/04/30 15:22:57 Sent ACK for chunk 4658
2025/04/30 15:22:57 Received ACK for chunk 4659/10240
Received chunk 4660/10240: fixtures/large_file.bin
2025/04/30 15:22:57 Sent ACK for chunk 4659
2025/04/30 15:22:57 Received ACK for chunk 4660/10240
Received chunk 4661/10240: fixtures/large_file.bin
2025/04/30 15:22:57 Sent ACK for chunk 4660
2025/04/30 15:22:57 Received ACK for chunk 4661/10240
Received chunk 4662/10240: fixtures/large_file.bin
2025/04/30 15:22:57 Sent ACK for chunk 4661
2025/04/30 15:22:57 Received ACK for chunk 4662/10240
Received chunk 4663/10240: fixtures/large_file.bin
2025/04/30 15:22:57 Sent ACK for chunk 4662
2025/04/30 15:22:57 Received ACK for chunk 4663/10240
Received chunk 4664/10240: fixtures/large_file.bin
2025/04/30 15:22:57 Sent ACK for chunk 4663
2025/04/30 15:22:57 Received ACK for chunk 4664/10240
Received chunk 4665/10240: fixtures/large_file.bin
2025/04/30 15:22:57 Sent ACK for chunk 4664
2025/04/30 15:22:57 Received ACK for chunk 4665/10240
Received chunk 4666/10240: fixtures/large_file.bin
2025/04/30 15:22:57 Sent ACK for chunk 4665
2025/04/30 15:22:57 Received ACK for chunk 4666/10240
Received chunk 4667/10240: fixtures/large_file.bin
2025/04/30 15:22:57 Sent ACK for chunk 4666
2025/04/30 15:22:57 Received ACK for chunk 4667/10240
Received chunk 4668/10240: fixtures/large_file.bin
2025/04/30 15:22:57 Sent ACK for chunk 4667
2025/04/30 15:22:57 Received ACK for chunk 4668/10240
Received chunk 4669/10240: fixtures/large_file.bin
2025/04/30 15:22:57 Sent ACK for chunk 4668
2025/04/30 15:22:57 Received ACK for chunk 4669/10240
Received chunk 4670/10240: fixtures/large_file.bin
2025/04/30 15:22:57 Sent ACK for chunk 4669
2025/04/30 15:22:57 Received ACK for chunk 4670/10240
Received chunk 4671/10240: fixtures/large_file.bin
2025/04/30 15:22:57 Sent ACK for chunk 4670
2025/04/30 15:22:57 Received ACK for chunk 4671/10240
Received chunk 4672/10240: fixtures/large_file.bin
2025/04/30 15:22:57 Sent ACK for chunk 4671
2025/04/30 15:22:57 Received ACK for chunk 4672/10240
Received chunk 4673/10240: fixtures/large_file.bin
2025/04/30 15:22:57 Sent ACK for chunk 4672
2025/04/30 15:22:57 Received ACK for chunk 4673/10240
Received chunk 4674/10240: fixtures/large_file.bin
2025/04/30 15:22:57 Sent ACK for chunk 4673
2025/04/30 15:22:57 Received ACK for chunk 4674/10240
Received chunk 4675/10240: fixtures/large_file.bin
2025/04/30 15:22:57 Sent ACK for chunk 4674
2025/04/30 15:22:57 Received ACK for chunk 4675/10240
Received chunk 4676/10240: fixtures/large_file.bin
2025/04/30 15:22:57 Sent ACK for chunk 4675
2025/04/30 15:22:57 Received ACK for chunk 4676/10240
Received chunk 4677/10240: fixtures/large_file.bin
2025/04/30 15:22:57 Sent ACK for chunk 4676
2025/04/30 15:22:57 Received ACK for chunk 4677/10240
Received chunk 4678/10240: fixtures/large_file.bin
2025/04/30 15:22:57 Sent ACK for chunk 4677
2025/04/30 15:22:57 Received ACK for chunk 4678/10240
Received chunk 4679/10240: fixtures/large_file.bin
2025/04/30 15:22:57 Sent ACK for chunk 4678
2025/04/30 15:22:57 Received ACK for chunk 4679/10240
Received chunk 4680/10240: fixtures/large_file.bin
2025/04/30 15:22:57 Sent ACK for chunk 4679
2025/04/30 15:22:57 Received ACK for chunk 4680/10240
Received chunk 4681/10240: fixtures/large_file.bin
2025/04/30 15:22:57 Sent ACK for chunk 4680
2025/04/30 15:22:57 Received ACK for chunk 4681/10240
Received chunk 4682/10240: fixtures/large_file.bin
2025/04/30 15:22:57 Sent ACK for chunk 4681
2025/04/30 15:22:57 Received ACK for chunk 4682/10240
Received chunk 4683/10240: fixtures/large_file.bin
2025/04/30 15:22:57 Sent ACK for chunk 4682
2025/04/30 15:22:57 Received ACK for chunk 4683/10240
Received chunk 4684/10240: fixtures/large_file.bin
2025/04/30 15:22:57 Sent ACK for chunk 4683
2025/04/30 15:22:57 Received ACK for chunk 4684/10240
Received chunk 4685/10240: fixtures/large_file.bin
2025/04/30 15:22:57 Sent ACK for chunk 4684
2025/04/30 15:22:57 Received ACK for chunk 4685/10240
Received chunk 4686/10240: fixtures/large_file.bin
2025/04/30 15:22:57 Sent ACK for chunk 4685
2025/04/30 15:22:57 Received ACK for chunk 4686/10240
Received chunk 4687/10240: fixtures/large_file.bin
2025/04/30 15:22:57 Sent ACK for chunk 4686
2025/04/30 15:22:57 Received ACK for chunk 4687/10240
Received chunk 4688/10240: fixtures/large_file.bin
2025/04/30 15:22:57 Sent ACK for chunk 4687
2025/04/30 15:22:57 Received ACK for chunk 4688/10240
Received chunk 4689/10240: fixtures/large_file.bin
2025/04/30 15:22:57 Sent ACK for chunk 4688
2025/04/30 15:22:57 Received ACK for chunk 4689/10240
Received chunk 4690/10240: fixtures/large_file.bin
2025/04/30 15:22:57 Sent ACK for chunk 4689
2025/04/30 15:22:57 Received ACK for chunk 4690/10240
Received chunk 4691/10240: fixtures/large_file.bin
2025/04/30 15:22:57 Sent ACK for chunk 4690
2025/04/30 15:22:57 Received ACK for chunk 4691/10240
Received chunk 4692/10240: fixtures/large_file.bin
2025/04/30 15:22:57 Sent ACK for chunk 4691
2025/04/30 15:22:57 Received ACK for chunk 4692/10240
Received chunk 4693/10240: fixtures/large_file.bin
2025/04/30 15:22:57 Sent ACK for chunk 4692
2025/04/30 15:22:57 Received ACK for chunk 4693/10240
Received chunk 4694/10240: fixtures/large_file.bin
2025/04/30 15:22:57 Sent ACK for chunk 4693
2025/04/30 15:22:57 Received ACK for chunk 4694/10240
Received chunk 4695/10240: fixtures/large_file.bin
2025/04/30 15:22:57 Sent ACK for chunk 4694
2025/04/30 15:22:57 Received ACK for chunk 4695/10240
Received chunk 4696/10240: fixtures/large_file.bin
2025/04/30 15:22:57 Sent ACK for chunk 4695
2025/04/30 15:22:57 Received ACK for chunk 4696/10240
Received chunk 4697/10240: fixtures/large_file.bin
2025/04/30 15:22:57 Sent ACK for chunk 4696
2025/04/30 15:22:57 Received ACK for chunk 4697/10240
Received chunk 4698/10240: fixtures/large_file.bin
2025/04/30 15:22:57 Sent ACK for chunk 4697
2025/04/30 15:22:57 Received ACK for chunk 4698/10240
Received chunk 4699/10240: fixtures/large_file.bin
2025/04/30 15:22:57 Sent ACK for chunk 4698
2025/04/30 15:22:57 Received ACK for chunk 4699/10240
Received chunk 4700/10240: fixtures/large_file.bin
2025/04/30 15:22:57 Sent ACK for chunk 4699
2025/04/30 15:22:57 Received ACK for chunk 4700/10240
Received chunk 4701/10240: fixtures/large_file.bin
2025/04/30 15:22:57 Sent ACK for chunk 4700
2025/04/30 15:22:57 Received ACK for chunk 4701/10240
Received chunk 4702/10240: fixtures/large_file.bin
2025/04/30 15:22:57 Sent ACK for chunk 4701
2025/04/30 15:22:57 Received ACK for chunk 4702/10240
Received chunk 4703/10240: fixtures/large_file.bin
2025/04/30 15:22:57 Sent ACK for chunk 4702
2025/04/30 15:22:57 Received ACK for chunk 4703/10240
Received chunk 4704/10240: fixtures/large_file.bin
2025/04/30 15:22:57 Sent ACK for chunk 4703
2025/04/30 15:22:57 Received ACK for chunk 4704/10240
Received chunk 4705/10240: fixtures/large_file.bin
2025/04/30 15:22:57 Sent ACK for chunk 4704
2025/04/30 15:22:57 Received ACK for chunk 4705/10240
Received chunk 4706/10240: fixtures/large_file.bin
2025/04/30 15:22:57 Sent ACK for chunk 4705
2025/04/30 15:22:57 Received ACK for chunk 4706/10240
Received chunk 4707/10240: fixtures/large_file.bin
2025/04/30 15:22:57 Sent ACK for chunk 4706
2025/04/30 15:22:57 Received ACK for chunk 4707/10240
Received chunk 4708/10240: fixtures/large_file.bin
2025/04/30 15:22:57 Sent ACK for chunk 4707
2025/04/30 15:22:57 Received ACK for chunk 4708/10240
Received chunk 4709/10240: fixtures/large_file.bin
2025/04/30 15:22:57 Sent ACK for chunk 4708
2025/04/30 15:22:57 Received ACK for chunk 4709/10240
Received chunk 4710/10240: fixtures/large_file.bin
2025/04/30 15:22:57 Sent ACK for chunk 4709
2025/04/30 15:22:57 Received ACK for chunk 4710/10240
Received chunk 4711/10240: fixtures/large_file.bin
2025/04/30 15:22:57 Sent ACK for chunk 4710
2025/04/30 15:22:57 Received ACK for chunk 4711/10240
Received chunk 4712/10240: fixtures/large_file.bin
2025/04/30 15:22:57 Sent ACK for chunk 4711
2025/04/30 15:22:57 Received ACK for chunk 4712/10240
Received chunk 4713/10240: fixtures/large_file.bin
2025/04/30 15:22:57 Sent ACK for chunk 4712
2025/04/30 15:22:57 Received ACK for chunk 4713/10240
Received chunk 4714/10240: fixtures/large_file.bin
2025/04/30 15:22:57 Sent ACK for chunk 4713
2025/04/30 15:22:57 Received ACK for chunk 4714/10240
Received chunk 4715/10240: fixtures/large_file.bin
2025/04/30 15:22:57 Sent ACK for chunk 4714
2025/04/30 15:22:57 Received ACK for chunk 4715/10240
Received chunk 4716/10240: fixtures/large_file.bin
2025/04/30 15:22:57 Sent ACK for chunk 4715
2025/04/30 15:22:57 Received ACK for chunk 4716/10240
Received chunk 4717/10240: fixtures/large_file.bin
2025/04/30 15:22:57 Sent ACK for chunk 4716
2025/04/30 15:22:57 Received ACK for chunk 4717/10240
Received chunk 4718/10240: fixtures/large_file.bin
2025/04/30 15:22:57 Sent ACK for chunk 4717
2025/04/30 15:22:57 Received ACK for chunk 4718/10240
Received chunk 4719/10240: fixtures/large_file.bin
2025/04/30 15:22:57 Sent ACK for chunk 4718
2025/04/30 15:22:57 Received ACK for chunk 4719/10240
Received chunk 4720/10240: fixtures/large_file.bin
2025/04/30 15:22:57 Sent ACK for chunk 4719
2025/04/30 15:22:57 Received ACK for chunk 4720/10240
Received chunk 4721/10240: fixtures/large_file.bin
2025/04/30 15:22:57 Sent ACK for chunk 4720
2025/04/30 15:22:57 Received ACK for chunk 4721/10240
Received chunk 4722/10240: fixtures/large_file.bin
2025/04/30 15:22:57 Sent ACK for chunk 4721
2025/04/30 15:22:57 Received ACK for chunk 4722/10240
Received chunk 4723/10240: fixtures/large_file.bin
2025/04/30 15:22:57 Sent ACK for chunk 4722
2025/04/30 15:22:57 Received ACK for chunk 4723/10240
Received chunk 4724/10240: fixtures/large_file.bin
2025/04/30 15:22:57 Sent ACK for chunk 4723
2025/04/30 15:22:57 Received ACK for chunk 4724/10240
Received chunk 4725/10240: fixtures/large_file.bin
2025/04/30 15:22:57 Sent ACK for chunk 4724
2025/04/30 15:22:57 Received ACK for chunk 4725/10240
Received chunk 4726/10240: fixtures/large_file.bin
2025/04/30 15:22:57 Sent ACK for chunk 4725
2025/04/30 15:22:57 Received ACK for chunk 4726/10240
Received chunk 4727/10240: fixtures/large_file.bin
2025/04/30 15:22:57 Sent ACK for chunk 4726
2025/04/30 15:22:57 Received ACK for chunk 4727/10240
Received chunk 4728/10240: fixtures/large_file.bin
2025/04/30 15:22:57 Sent ACK for chunk 4727
2025/04/30 15:22:57 Received ACK for chunk 4728/10240
Received chunk 4729/10240: fixtures/large_file.bin
2025/04/30 15:22:57 Sent ACK for chunk 4728
2025/04/30 15:22:57 Received ACK for chunk 4729/10240
Received chunk 4730/10240: fixtures/large_file.bin
2025/04/30 15:22:57 Sent ACK for chunk 4729
2025/04/30 15:22:57 Received ACK for chunk 4730/10240
Received chunk 4731/10240: fixtures/large_file.bin
2025/04/30 15:22:57 Sent ACK for chunk 4730
2025/04/30 15:22:57 Received ACK for chunk 4731/10240
Received chunk 4732/10240: fixtures/large_file.bin
2025/04/30 15:22:57 Sent ACK for chunk 4731
2025/04/30 15:22:57 Received ACK for chunk 4732/10240
Received chunk 4733/10240: fixtures/large_file.bin
2025/04/30 15:22:57 Sent ACK for chunk 4732
2025/04/30 15:22:57 Received ACK for chunk 4733/10240
Received chunk 4734/10240: fixtures/large_file.bin
2025/04/30 15:22:57 Sent ACK for chunk 4733
2025/04/30 15:22:57 Received ACK for chunk 4734/10240
Received chunk 4735/10240: fixtures/large_file.bin
2025/04/30 15:22:57 Sent ACK for chunk 4734
2025/04/30 15:22:57 Received ACK for chunk 4735/10240
Received chunk 4736/10240: fixtures/large_file.bin
2025/04/30 15:22:57 Sent ACK for chunk 4735
2025/04/30 15:22:57 Received ACK for chunk 4736/10240
Received chunk 4737/10240: fixtures/large_file.bin
2025/04/30 15:22:57 Sent ACK for chunk 4736
2025/04/30 15:22:57 Received ACK for chunk 4737/10240
Received chunk 4738/10240: fixtures/large_file.bin
2025/04/30 15:22:57 Sent ACK for chunk 4737
2025/04/30 15:22:57 Received ACK for chunk 4738/10240
Received chunk 4739/10240: fixtures/large_file.bin
2025/04/30 15:22:57 Sent ACK for chunk 4738
2025/04/30 15:22:57 Received ACK for chunk 4739/10240
Received chunk 4740/10240: fixtures/large_file.bin
2025/04/30 15:22:57 Sent ACK for chunk 4739
2025/04/30 15:22:57 Received ACK for chunk 4740/10240
Received chunk 4741/10240: fixtures/large_file.bin
2025/04/30 15:22:57 Sent ACK for chunk 4740
2025/04/30 15:22:57 Received ACK for chunk 4741/10240
Received chunk 4742/10240: fixtures/large_file.bin
2025/04/30 15:22:57 Sent ACK for chunk 4741
2025/04/30 15:22:57 Received ACK for chunk 4742/10240
Received chunk 4743/10240: fixtures/large_file.bin
2025/04/30 15:22:57 Sent ACK for chunk 4742
2025/04/30 15:22:57 Received ACK for chunk 4743/10240
Received chunk 4744/10240: fixtures/large_file.bin
2025/04/30 15:22:57 Sent ACK for chunk 4743
2025/04/30 15:22:57 Received ACK for chunk 4744/10240
Received chunk 4745/10240: fixtures/large_file.bin
2025/04/30 15:22:57 Sent ACK for chunk 4744
2025/04/30 15:22:57 Received ACK for chunk 4745/10240
Received chunk 4746/10240: fixtures/large_file.bin
2025/04/30 15:22:57 Sent ACK for chunk 4745
2025/04/30 15:22:57 Received ACK for chunk 4746/10240
Received chunk 4747/10240: fixtures/large_file.bin
2025/04/30 15:22:57 Sent ACK for chunk 4746
2025/04/30 15:22:57 Received ACK for chunk 4747/10240
Received chunk 4748/10240: fixtures/large_file.bin
2025/04/30 15:22:57 Sent ACK for chunk 4747
2025/04/30 15:22:57 Received ACK for chunk 4748/10240
Received chunk 4749/10240: fixtures/large_file.bin
2025/04/30 15:22:57 Sent ACK for chunk 4748
2025/04/30 15:22:57 Received ACK for chunk 4749/10240
Received chunk 4750/10240: fixtures/large_file.bin
2025/04/30 15:22:57 Sent ACK for chunk 4749
2025/04/30 15:22:57 Received ACK for chunk 4750/10240
Received chunk 4751/10240: fixtures/large_file.bin
2025/04/30 15:22:57 Sent ACK for chunk 4750
2025/04/30 15:22:57 Received ACK for chunk 4751/10240
Received chunk 4752/10240: fixtures/large_file.bin
2025/04/30 15:22:57 Sent ACK for chunk 4751
2025/04/30 15:22:57 Received ACK for chunk 4752/10240
Received chunk 4753/10240: fixtures/large_file.bin
2025/04/30 15:22:57 Sent ACK for chunk 4752
2025/04/30 15:22:57 Received ACK for chunk 4753/10240
Received chunk 4754/10240: fixtures/large_file.bin
2025/04/30 15:22:57 Sent ACK for chunk 4753
2025/04/30 15:22:57 Received ACK for chunk 4754/10240
Received chunk 4755/10240: fixtures/large_file.bin
2025/04/30 15:22:57 Sent ACK for chunk 4754
2025/04/30 15:22:57 Received ACK for chunk 4755/10240
Received chunk 4756/10240: fixtures/large_file.bin
2025/04/30 15:22:57 Sent ACK for chunk 4755
2025/04/30 15:22:57 Received ACK for chunk 4756/10240
Received chunk 4757/10240: fixtures/large_file.bin
2025/04/30 15:22:57 Sent ACK for chunk 4756
2025/04/30 15:22:57 Received ACK for chunk 4757/10240
Received chunk 4758/10240: fixtures/large_file.bin
2025/04/30 15:22:57 Sent ACK for chunk 4757
2025/04/30 15:22:57 Received ACK for chunk 4758/10240
Received chunk 4759/10240: fixtures/large_file.bin
2025/04/30 15:22:57 Sent ACK for chunk 4758
2025/04/30 15:22:57 Received ACK for chunk 4759/10240
Received chunk 4760/10240: fixtures/large_file.bin
2025/04/30 15:22:57 Sent ACK for chunk 4759
2025/04/30 15:22:57 Received ACK for chunk 4760/10240
Received chunk 4761/10240: fixtures/large_file.bin
2025/04/30 15:22:57 Sent ACK for chunk 4760
2025/04/30 15:22:57 Received ACK for chunk 4761/10240
Received chunk 4762/10240: fixtures/large_file.bin
2025/04/30 15:22:57 Sent ACK for chunk 4761
2025/04/30 15:22:57 Received ACK for chunk 4762/10240
Received chunk 4763/10240: fixtures/large_file.bin
2025/04/30 15:22:57 Sent ACK for chunk 4762
2025/04/30 15:22:57 Received ACK for chunk 4763/10240
Received chunk 4764/10240: fixtures/large_file.bin
2025/04/30 15:22:57 Sent ACK for chunk 4763
2025/04/30 15:22:57 Received ACK for chunk 4764/10240
Received chunk 4765/10240: fixtures/large_file.bin
2025/04/30 15:22:57 Sent ACK for chunk 4764
2025/04/30 15:22:57 Received ACK for chunk 4765/10240
Received chunk 4766/10240: fixtures/large_file.bin
2025/04/30 15:22:57 Sent ACK for chunk 4765
2025/04/30 15:22:57 Received ACK for chunk 4766/10240
Received chunk 4767/10240: fixtures/large_file.bin
2025/04/30 15:22:57 Sent ACK for chunk 4766
2025/04/30 15:22:57 Received ACK for chunk 4767/10240
Received chunk 4768/10240: fixtures/large_file.bin
2025/04/30 15:22:57 Sent ACK for chunk 4767
2025/04/30 15:22:57 Received ACK for chunk 4768/10240
Received chunk 4769/10240: fixtures/large_file.bin
2025/04/30 15:22:57 Sent ACK for chunk 4768
2025/04/30 15:22:57 Received ACK for chunk 4769/10240
Received chunk 4770/10240: fixtures/large_file.bin
2025/04/30 15:22:57 Sent ACK for chunk 4769
2025/04/30 15:22:57 Received ACK for chunk 4770/10240
Received chunk 4771/10240: fixtures/large_file.bin
2025/04/30 15:22:57 Sent ACK for chunk 4770
2025/04/30 15:22:57 Received ACK for chunk 4771/10240
Received chunk 4772/10240: fixtures/large_file.bin
2025/04/30 15:22:57 Sent ACK for chunk 4771
2025/04/30 15:22:57 Received ACK for chunk 4772/10240
Received chunk 4773/10240: fixtures/large_file.bin
2025/04/30 15:22:57 Sent ACK for chunk 4772
2025/04/30 15:22:57 Received ACK for chunk 4773/10240
Received chunk 4774/10240: fixtures/large_file.bin
2025/04/30 15:22:57 Sent ACK for chunk 4773
2025/04/30 15:22:57 Received ACK for chunk 4774/10240
Received chunk 4775/10240: fixtures/large_file.bin
2025/04/30 15:22:57 Sent ACK for chunk 4774
2025/04/30 15:22:57 Received ACK for chunk 4775/10240
Received chunk 4776/10240: fixtures/large_file.bin
2025/04/30 15:22:57 Sent ACK for chunk 4775
2025/04/30 15:22:57 Received ACK for chunk 4776/10240
Received chunk 4777/10240: fixtures/large_file.bin
2025/04/30 15:22:57 Sent ACK for chunk 4776
2025/04/30 15:22:57 Received ACK for chunk 4777/10240
Received chunk 4778/10240: fixtures/large_file.bin
2025/04/30 15:22:57 Sent ACK for chunk 4777
2025/04/30 15:22:57 Received ACK for chunk 4778/10240
Received chunk 4779/10240: fixtures/large_file.bin
2025/04/30 15:22:57 Sent ACK for chunk 4778
2025/04/30 15:22:57 Received ACK for chunk 4779/10240
Received chunk 4780/10240: fixtures/large_file.bin
2025/04/30 15:22:57 Sent ACK for chunk 4779
2025/04/30 15:22:57 Received ACK for chunk 4780/10240
Received chunk 4781/10240: fixtures/large_file.bin
2025/04/30 15:22:57 Sent ACK for chunk 4780
2025/04/30 15:22:57 Received ACK for chunk 4781/10240
Received chunk 4782/10240: fixtures/large_file.bin
2025/04/30 15:22:57 Sent ACK for chunk 4781
2025/04/30 15:22:57 Received ACK for chunk 4782/10240
Received chunk 4783/10240: fixtures/large_file.bin
2025/04/30 15:22:57 Sent ACK for chunk 4782
2025/04/30 15:22:57 Received ACK for chunk 4783/10240
Received chunk 4784/10240: fixtures/large_file.bin
2025/04/30 15:22:57 Sent ACK for chunk 4783
2025/04/30 15:22:57 Received ACK for chunk 4784/10240
Received chunk 4785/10240: fixtures/large_file.bin
2025/04/30 15:22:57 Sent ACK for chunk 4784
2025/04/30 15:22:57 Received ACK for chunk 4785/10240
Received chunk 4786/10240: fixtures/large_file.bin
2025/04/30 15:22:57 Sent ACK for chunk 4785
2025/04/30 15:22:57 Received ACK for chunk 4786/10240
Received chunk 4787/10240: fixtures/large_file.bin
2025/04/30 15:22:57 Sent ACK for chunk 4786
2025/04/30 15:22:57 Received ACK for chunk 4787/10240
Received chunk 4788/10240: fixtures/large_file.bin
2025/04/30 15:22:57 Sent ACK for chunk 4787
2025/04/30 15:22:57 Received ACK for chunk 4788/10240
Received chunk 4789/10240: fixtures/large_file.bin
2025/04/30 15:22:57 Sent ACK for chunk 4788
2025/04/30 15:22:57 Received ACK for chunk 4789/10240
Received chunk 4790/10240: fixtures/large_file.bin
2025/04/30 15:22:57 Sent ACK for chunk 4789
2025/04/30 15:22:57 Received ACK for chunk 4790/10240
Received chunk 4791/10240: fixtures/large_file.bin
2025/04/30 15:22:57 Sent ACK for chunk 4790
2025/04/30 15:22:57 Received ACK for chunk 4791/10240
Received chunk 4792/10240: fixtures/large_file.bin
2025/04/30 15:22:57 Sent ACK for chunk 4791
2025/04/30 15:22:57 Received ACK for chunk 4792/10240
Received chunk 4793/10240: fixtures/large_file.bin
2025/04/30 15:22:57 Sent ACK for chunk 4792
2025/04/30 15:22:57 Received ACK for chunk 4793/10240
Received chunk 4794/10240: fixtures/large_file.bin
2025/04/30 15:22:57 Sent ACK for chunk 4793
2025/04/30 15:22:57 Received ACK for chunk 4794/10240
Received chunk 4795/10240: fixtures/large_file.bin
2025/04/30 15:22:57 Sent ACK for chunk 4794
2025/04/30 15:22:57 Received ACK for chunk 4795/10240
Received chunk 4796/10240: fixtures/large_file.bin
2025/04/30 15:22:57 Sent ACK for chunk 4795
2025/04/30 15:22:57 Received ACK for chunk 4796/10240
Received chunk 4797/10240: fixtures/large_file.bin
2025/04/30 15:22:57 Sent ACK for chunk 4796
2025/04/30 15:22:57 Received ACK for chunk 4797/10240
Received chunk 4798/10240: fixtures/large_file.bin
2025/04/30 15:22:57 Sent ACK for chunk 4797
2025/04/30 15:22:57 Received ACK for chunk 4798/10240
Received chunk 4799/10240: fixtures/large_file.bin
2025/04/30 15:22:57 Sent ACK for chunk 4798
2025/04/30 15:22:57 Received ACK for chunk 4799/10240
Received chunk 4800/10240: fixtures/large_file.bin
2025/04/30 15:22:57 Sent ACK for chunk 4799
2025/04/30 15:22:57 Received ACK for chunk 4800/10240
Received chunk 4801/10240: fixtures/large_file.bin
2025/04/30 15:22:57 Sent ACK for chunk 4800
2025/04/30 15:22:57 Received ACK for chunk 4801/10240
Received chunk 4802/10240: fixtures/large_file.bin
2025/04/30 15:22:57 Sent ACK for chunk 4801
2025/04/30 15:22:57 Received ACK for chunk 4802/10240
Received chunk 4803/10240: fixtures/large_file.bin
2025/04/30 15:22:57 Sent ACK for chunk 4802
2025/04/30 15:22:57 Received ACK for chunk 4803/10240
Received chunk 4804/10240: fixtures/large_file.bin
2025/04/30 15:22:57 Sent ACK for chunk 4803
2025/04/30 15:22:57 Received ACK for chunk 4804/10240
Received chunk 4805/10240: fixtures/large_file.bin
2025/04/30 15:22:57 Sent ACK for chunk 4804
2025/04/30 15:22:57 Received ACK for chunk 4805/10240
Received chunk 4806/10240: fixtures/large_file.bin
2025/04/30 15:22:57 Sent ACK for chunk 4805
2025/04/30 15:22:57 Received ACK for chunk 4806/10240
Received chunk 4807/10240: fixtures/large_file.bin
2025/04/30 15:22:57 Sent ACK for chunk 4806
2025/04/30 15:22:57 Received ACK for chunk 4807/10240
Received chunk 4808/10240: fixtures/large_file.bin
2025/04/30 15:22:57 Sent ACK for chunk 4807
2025/04/30 15:22:57 Received ACK for chunk 4808/10240
Received chunk 4809/10240: fixtures/large_file.bin
2025/04/30 15:22:57 Sent ACK for chunk 4808
2025/04/30 15:22:57 Received ACK for chunk 4809/10240
Received chunk 4810/10240: fixtures/large_file.bin
2025/04/30 15:22:57 Sent ACK for chunk 4809
2025/04/30 15:22:57 Received ACK for chunk 4810/10240
Received chunk 4811/10240: fixtures/large_file.bin
2025/04/30 15:22:57 Sent ACK for chunk 4810
2025/04/30 15:22:57 Received ACK for chunk 4811/10240
Received chunk 4812/10240: fixtures/large_file.bin
2025/04/30 15:22:57 Sent ACK for chunk 4811
2025/04/30 15:22:57 Received ACK for chunk 4812/10240
Received chunk 4813/10240: fixtures/large_file.bin
2025/04/30 15:22:57 Sent ACK for chunk 4812
2025/04/30 15:22:57 Received ACK for chunk 4813/10240
Received chunk 4814/10240: fixtures/large_file.bin
2025/04/30 15:22:57 Sent ACK for chunk 4813
2025/04/30 15:22:57 Received ACK for chunk 4814/10240
Received chunk 4815/10240: fixtures/large_file.bin
2025/04/30 15:22:57 Sent ACK for chunk 4814
2025/04/30 15:22:57 Received ACK for chunk 4815/10240
Received chunk 4816/10240: fixtures/large_file.bin
2025/04/30 15:22:57 Sent ACK for chunk 4815
2025/04/30 15:22:57 Received ACK for chunk 4816/10240
Received chunk 4817/10240: fixtures/large_file.bin
2025/04/30 15:22:57 Sent ACK for chunk 4816
2025/04/30 15:22:57 Received ACK for chunk 4817/10240
Received chunk 4818/10240: fixtures/large_file.bin
2025/04/30 15:22:57 Sent ACK for chunk 4817
2025/04/30 15:22:57 Received ACK for chunk 4818/10240
Received chunk 4819/10240: fixtures/large_file.bin
2025/04/30 15:22:57 Sent ACK for chunk 4818
2025/04/30 15:22:57 Received ACK for chunk 4819/10240
Received chunk 4820/10240: fixtures/large_file.bin
2025/04/30 15:22:57 Sent ACK for chunk 4819
2025/04/30 15:22:57 Received ACK for chunk 4820/10240
Received chunk 4821/10240: fixtures/large_file.bin
2025/04/30 15:22:57 Sent ACK for chunk 4820
2025/04/30 15:22:57 Received ACK for chunk 4821/10240
Received chunk 4822/10240: fixtures/large_file.bin
2025/04/30 15:22:57 Sent ACK for chunk 4821
2025/04/30 15:22:57 Received ACK for chunk 4822/10240
Received chunk 4823/10240: fixtures/large_file.bin
2025/04/30 15:22:57 Sent ACK for chunk 4822
2025/04/30 15:22:57 Received ACK for chunk 4823/10240
Received chunk 4824/10240: fixtures/large_file.bin
2025/04/30 15:22:57 Sent ACK for chunk 4823
2025/04/30 15:22:57 Received ACK for chunk 4824/10240
Received chunk 4825/10240: fixtures/large_file.bin
2025/04/30 15:22:57 Sent ACK for chunk 4824
2025/04/30 15:22:57 Received ACK for chunk 4825/10240
Received chunk 4826/10240: fixtures/large_file.bin
2025/04/30 15:22:57 Sent ACK for chunk 4825
2025/04/30 15:22:57 Received ACK for chunk 4826/10240
Received chunk 4827/10240: fixtures/large_file.bin
2025/04/30 15:22:57 Sent ACK for chunk 4826
2025/04/30 15:22:57 Received ACK for chunk 4827/10240
Received chunk 4828/10240: fixtures/large_file.bin
2025/04/30 15:22:57 Sent ACK for chunk 4827
2025/04/30 15:22:57 Received ACK for chunk 4828/10240
Received chunk 4829/10240: fixtures/large_file.bin
2025/04/30 15:22:57 Sent ACK for chunk 4828
2025/04/30 15:22:57 Received ACK for chunk 4829/10240
Received chunk 4830/10240: fixtures/large_file.bin
2025/04/30 15:22:57 Sent ACK for chunk 4829
2025/04/30 15:22:57 Received ACK for chunk 4830/10240
Received chunk 4831/10240: fixtures/large_file.bin
2025/04/30 15:22:57 Sent ACK for chunk 4830
2025/04/30 15:22:57 Received ACK for chunk 4831/10240
Received chunk 4832/10240: fixtures/large_file.bin
2025/04/30 15:22:57 Sent ACK for chunk 4831
2025/04/30 15:22:57 Received ACK for chunk 4832/10240
Received chunk 4833/10240: fixtures/large_file.bin
2025/04/30 15:22:57 Sent ACK for chunk 4832
2025/04/30 15:22:57 Received ACK for chunk 4833/10240
Received chunk 4834/10240: fixtures/large_file.bin
2025/04/30 15:22:57 Sent ACK for chunk 4833
2025/04/30 15:22:57 Received ACK for chunk 4834/10240
Received chunk 4835/10240: fixtures/large_file.bin
2025/04/30 15:22:57 Sent ACK for chunk 4834
2025/04/30 15:22:57 Received ACK for chunk 4835/10240
Received chunk 4836/10240: fixtures/large_file.bin
2025/04/30 15:22:57 Sent ACK for chunk 4835
2025/04/30 15:22:57 Received ACK for chunk 4836/10240
Received chunk 4837/10240: fixtures/large_file.bin
2025/04/30 15:22:57 Sent ACK for chunk 4836
2025/04/30 15:22:57 Received ACK for chunk 4837/10240
Received chunk 4838/10240: fixtures/large_file.bin
2025/04/30 15:22:57 Sent ACK for chunk 4837
2025/04/30 15:22:57 Received ACK for chunk 4838/10240
Received chunk 4839/10240: fixtures/large_file.bin
2025/04/30 15:22:57 Sent ACK for chunk 4838
2025/04/30 15:22:57 Received ACK for chunk 4839/10240
Received chunk 4840/10240: fixtures/large_file.bin
2025/04/30 15:22:57 Sent ACK for chunk 4839
2025/04/30 15:22:57 Received ACK for chunk 4840/10240
Received chunk 4841/10240: fixtures/large_file.bin
2025/04/30 15:22:57 Sent ACK for chunk 4840
2025/04/30 15:22:57 Received ACK for chunk 4841/10240
Received chunk 4842/10240: fixtures/large_file.bin
2025/04/30 15:22:57 Sent ACK for chunk 4841
2025/04/30 15:22:57 Received ACK for chunk 4842/10240
Received chunk 4843/10240: fixtures/large_file.bin
2025/04/30 15:22:57 Sent ACK for chunk 4842
2025/04/30 15:22:57 Received ACK for chunk 4843/10240
Received chunk 4844/10240: fixtures/large_file.bin
2025/04/30 15:22:57 Sent ACK for chunk 4843
2025/04/30 15:22:57 Received ACK for chunk 4844/10240
Received chunk 4845/10240: fixtures/large_file.bin
2025/04/30 15:22:57 Sent ACK for chunk 4844
2025/04/30 15:22:57 Received ACK for chunk 4845/10240
Received chunk 4846/10240: fixtures/large_file.bin
2025/04/30 15:22:57 Sent ACK for chunk 4845
2025/04/30 15:22:57 Received ACK for chunk 4846/10240
Received chunk 4847/10240: fixtures/large_file.bin
2025/04/30 15:22:57 Sent ACK for chunk 4846
2025/04/30 15:22:57 Received ACK for chunk 4847/10240
Received chunk 4848/10240: fixtures/large_file.bin
2025/04/30 15:22:57 Sent ACK for chunk 4847
2025/04/30 15:22:57 Received ACK for chunk 4848/10240
Received chunk 4849/10240: fixtures/large_file.bin
2025/04/30 15:22:57 Sent ACK for chunk 4848
2025/04/30 15:22:57 Received ACK for chunk 4849/10240
Received chunk 4850/10240: fixtures/large_file.bin
2025/04/30 15:22:57 Sent ACK for chunk 4849
2025/04/30 15:22:57 Received ACK for chunk 4850/10240
Received chunk 4851/10240: fixtures/large_file.bin
2025/04/30 15:22:57 Sent ACK for chunk 4850
2025/04/30 15:22:57 Received ACK for chunk 4851/10240
Received chunk 4852/10240: fixtures/large_file.bin
2025/04/30 15:22:57 Sent ACK for chunk 4851
2025/04/30 15:22:57 Received ACK for chunk 4852/10240
Received chunk 4853/10240: fixtures/large_file.bin
2025/04/30 15:22:57 Sent ACK for chunk 4852
2025/04/30 15:22:57 Received ACK for chunk 4853/10240
Received chunk 4854/10240: fixtures/large_file.bin
2025/04/30 15:22:57 Sent ACK for chunk 4853
2025/04/30 15:22:57 Received ACK for chunk 4854/10240
Received chunk 4855/10240: fixtures/large_file.bin
2025/04/30 15:22:57 Sent ACK for chunk 4854
2025/04/30 15:22:57 Received ACK for chunk 4855/10240
Received chunk 4856/10240: fixtures/large_file.bin
2025/04/30 15:22:57 Sent ACK for chunk 4855
2025/04/30 15:22:57 Received ACK for chunk 4856/10240
Received chunk 4857/10240: fixtures/large_file.bin
2025/04/30 15:22:57 Sent ACK for chunk 4856
2025/04/30 15:22:57 Received ACK for chunk 4857/10240
Received chunk 4858/10240: fixtures/large_file.bin
2025/04/30 15:22:57 Sent ACK for chunk 4857
2025/04/30 15:22:57 Received ACK for chunk 4858/10240
Received chunk 4859/10240: fixtures/large_file.bin
2025/04/30 15:22:57 Sent ACK for chunk 4858
2025/04/30 15:22:57 Received ACK for chunk 4859/10240
Received chunk 4860/10240: fixtures/large_file.bin
2025/04/30 15:22:57 Sent ACK for chunk 4859
2025/04/30 15:22:57 Received ACK for chunk 4860/10240
Received chunk 4861/10240: fixtures/large_file.bin
2025/04/30 15:22:57 Sent ACK for chunk 4860
2025/04/30 15:22:57 Received ACK for chunk 4861/10240
Received chunk 4862/10240: fixtures/large_file.bin
2025/04/30 15:22:57 Sent ACK for chunk 4861
2025/04/30 15:22:57 Received ACK for chunk 4862/10240
Received chunk 4863/10240: fixtures/large_file.bin
2025/04/30 15:22:57 Sent ACK for chunk 4862
2025/04/30 15:22:57 Received ACK for chunk 4863/10240
Received chunk 4864/10240: fixtures/large_file.bin
2025/04/30 15:22:57 Sent ACK for chunk 4863
2025/04/30 15:22:57 Received ACK for chunk 4864/10240
Received chunk 4865/10240: fixtures/large_file.bin
2025/04/30 15:22:57 Sent ACK for chunk 4864
2025/04/30 15:22:57 Received ACK for chunk 4865/10240
Received chunk 4866/10240: fixtures/large_file.bin
2025/04/30 15:22:57 Sent ACK for chunk 4865
2025/04/30 15:22:57 Received ACK for chunk 4866/10240
Received chunk 4867/10240: fixtures/large_file.bin
2025/04/30 15:22:57 Sent ACK for chunk 4866
2025/04/30 15:22:57 Received ACK for chunk 4867/10240
Received chunk 4868/10240: fixtures/large_file.bin
2025/04/30 15:22:57 Sent ACK for chunk 4867
2025/04/30 15:22:57 Received ACK for chunk 4868/10240
Received chunk 4869/10240: fixtures/large_file.bin
2025/04/30 15:22:57 Sent ACK for chunk 4868
2025/04/30 15:22:57 Received ACK for chunk 4869/10240
Received chunk 4870/10240: fixtures/large_file.bin
2025/04/30 15:22:57 Sent ACK for chunk 4869
2025/04/30 15:22:57 Received ACK for chunk 4870/10240
Received chunk 4871/10240: fixtures/large_file.bin
2025/04/30 15:22:57 Sent ACK for chunk 4870
2025/04/30 15:22:57 Received ACK for chunk 4871/10240
Received chunk 4872/10240: fixtures/large_file.bin
2025/04/30 15:22:57 Sent ACK for chunk 4871
2025/04/30 15:22:57 Received ACK for chunk 4872/10240
Received chunk 4873/10240: fixtures/large_file.bin
2025/04/30 15:22:57 Sent ACK for chunk 4872
2025/04/30 15:22:57 Received ACK for chunk 4873/10240
Received chunk 4874/10240: fixtures/large_file.bin
2025/04/30 15:22:57 Sent ACK for chunk 4873
2025/04/30 15:22:57 Received ACK for chunk 4874/10240
Received chunk 4875/10240: fixtures/large_file.bin
2025/04/30 15:22:57 Sent ACK for chunk 4874
2025/04/30 15:22:57 Received ACK for chunk 4875/10240
Received chunk 4876/10240: fixtures/large_file.bin
2025/04/30 15:22:57 Sent ACK for chunk 4875
2025/04/30 15:22:57 Received ACK for chunk 4876/10240
Received chunk 4877/10240: fixtures/large_file.bin
2025/04/30 15:22:57 Sent ACK for chunk 4876
2025/04/30 15:22:57 Received ACK for chunk 4877/10240
Received chunk 4878/10240: fixtures/large_file.bin
2025/04/30 15:22:57 Sent ACK for chunk 4877
2025/04/30 15:22:57 Received ACK for chunk 4878/10240
Received chunk 4879/10240: fixtures/large_file.bin
2025/04/30 15:22:57 Sent ACK for chunk 4878
2025/04/30 15:22:57 Received ACK for chunk 4879/10240
Received chunk 4880/10240: fixtures/large_file.bin
2025/04/30 15:22:57 Sent ACK for chunk 4879
2025/04/30 15:22:57 Received ACK for chunk 4880/10240
Received chunk 4881/10240: fixtures/large_file.bin
2025/04/30 15:22:57 Sent ACK for chunk 4880
2025/04/30 15:22:57 Received ACK for chunk 4881/10240
Received chunk 4882/10240: fixtures/large_file.bin
2025/04/30 15:22:57 Sent ACK for chunk 4881
2025/04/30 15:22:57 Received ACK for chunk 4882/10240
Received chunk 4883/10240: fixtures/large_file.bin
2025/04/30 15:22:57 Sent ACK for chunk 4882
2025/04/30 15:22:57 Received ACK for chunk 4883/10240
Received chunk 4884/10240: fixtures/large_file.bin
2025/04/30 15:22:57 Sent ACK for chunk 4883
2025/04/30 15:22:57 Received ACK for chunk 4884/10240
Received chunk 4885/10240: fixtures/large_file.bin
2025/04/30 15:22:57 Sent ACK for chunk 4884
2025/04/30 15:22:57 Received ACK for chunk 4885/10240
Received chunk 4886/10240: fixtures/large_file.bin
2025/04/30 15:22:57 Sent ACK for chunk 4885
2025/04/30 15:22:57 Received ACK for chunk 4886/10240
Received chunk 4887/10240: fixtures/large_file.bin
2025/04/30 15:22:57 Sent ACK for chunk 4886
2025/04/30 15:22:57 Received ACK for chunk 4887/10240
Received chunk 4888/10240: fixtures/large_file.bin
2025/04/30 15:22:57 Sent ACK for chunk 4887
2025/04/30 15:22:57 Received ACK for chunk 4888/10240
Received chunk 4889/10240: fixtures/large_file.bin
2025/04/30 15:22:57 Sent ACK for chunk 4888
2025/04/30 15:22:57 Received ACK for chunk 4889/10240
Received chunk 4890/10240: fixtures/large_file.bin
2025/04/30 15:22:57 Sent ACK for chunk 4889
2025/04/30 15:22:57 Received ACK for chunk 4890/10240
Received chunk 4891/10240: fixtures/large_file.bin
2025/04/30 15:22:57 Sent ACK for chunk 4890
2025/04/30 15:22:57 Received ACK for chunk 4891/10240
Received chunk 4892/10240: fixtures/large_file.bin
2025/04/30 15:22:57 Sent ACK for chunk 4891
2025/04/30 15:22:57 Received ACK for chunk 4892/10240
Received chunk 4893/10240: fixtures/large_file.bin
2025/04/30 15:22:57 Sent ACK for chunk 4892
2025/04/30 15:22:57 Received ACK for chunk 4893/10240
Received chunk 4894/10240: fixtures/large_file.bin
2025/04/30 15:22:57 Sent ACK for chunk 4893
2025/04/30 15:22:57 Received ACK for chunk 4894/10240
Received chunk 4895/10240: fixtures/large_file.bin
2025/04/30 15:22:57 Sent ACK for chunk 4894
2025/04/30 15:22:57 Received ACK for chunk 4895/10240
Received chunk 4896/10240: fixtures/large_file.bin
2025/04/30 15:22:57 Sent ACK for chunk 4895
2025/04/30 15:22:57 Received ACK for chunk 4896/10240
Received chunk 4897/10240: fixtures/large_file.bin
2025/04/30 15:22:57 Sent ACK for chunk 4896
2025/04/30 15:22:57 Received ACK for chunk 4897/10240
Received chunk 4898/10240: fixtures/large_file.bin
2025/04/30 15:22:57 Sent ACK for chunk 4897
2025/04/30 15:22:57 Received ACK for chunk 4898/10240
Received chunk 4899/10240: fixtures/large_file.bin
2025/04/30 15:22:57 Sent ACK for chunk 4898
2025/04/30 15:22:57 Received ACK for chunk 4899/10240
Received chunk 4900/10240: fixtures/large_file.bin
2025/04/30 15:22:57 Sent ACK for chunk 4899
2025/04/30 15:22:57 Received ACK for chunk 4900/10240
Received chunk 4901/10240: fixtures/large_file.bin
2025/04/30 15:22:57 Sent ACK for chunk 4900
2025/04/30 15:22:57 Received ACK for chunk 4901/10240
Received chunk 4902/10240: fixtures/large_file.bin
2025/04/30 15:22:57 Sent ACK for chunk 4901
2025/04/30 15:22:57 Received ACK for chunk 4902/10240
Received chunk 4903/10240: fixtures/large_file.bin
2025/04/30 15:22:57 Sent ACK for chunk 4902
2025/04/30 15:22:57 Received ACK for chunk 4903/10240
Received chunk 4904/10240: fixtures/large_file.bin
2025/04/30 15:22:57 Sent ACK for chunk 4903
2025/04/30 15:22:57 Received ACK for chunk 4904/10240
Received chunk 4905/10240: fixtures/large_file.bin
2025/04/30 15:22:57 Sent ACK for chunk 4904
2025/04/30 15:22:57 Received ACK for chunk 4905/10240
Received chunk 4906/10240: fixtures/large_file.bin
2025/04/30 15:22:57 Sent ACK for chunk 4905
2025/04/30 15:22:57 Received ACK for chunk 4906/10240
Received chunk 4907/10240: fixtures/large_file.bin
2025/04/30 15:22:57 Sent ACK for chunk 4906
2025/04/30 15:22:57 Received ACK for chunk 4907/10240
Received chunk 4908/10240: fixtures/large_file.bin
2025/04/30 15:22:57 Sent ACK for chunk 4907
2025/04/30 15:22:57 Received ACK for chunk 4908/10240
Received chunk 4909/10240: fixtures/large_file.bin
2025/04/30 15:22:57 Sent ACK for chunk 4908
2025/04/30 15:22:57 Received ACK for chunk 4909/10240
Received chunk 4910/10240: fixtures/large_file.bin
2025/04/30 15:22:57 Sent ACK for chunk 4909
2025/04/30 15:22:57 Received ACK for chunk 4910/10240
Received chunk 4911/10240: fixtures/large_file.bin
2025/04/30 15:22:57 Sent ACK for chunk 4910
2025/04/30 15:22:57 Received ACK for chunk 4911/10240
Received chunk 4912/10240: fixtures/large_file.bin
2025/04/30 15:22:57 Sent ACK for chunk 4911
2025/04/30 15:22:57 Received ACK for chunk 4912/10240
Received chunk 4913/10240: fixtures/large_file.bin
2025/04/30 15:22:57 Sent ACK for chunk 4912
2025/04/30 15:22:57 Received ACK for chunk 4913/10240
Received chunk 4914/10240: fixtures/large_file.bin
2025/04/30 15:22:57 Sent ACK for chunk 4913
2025/04/30 15:22:57 Received ACK for chunk 4914/10240
Received chunk 4915/10240: fixtures/large_file.bin
2025/04/30 15:22:57 Sent ACK for chunk 4914
2025/04/30 15:22:57 Received ACK for chunk 4915/10240
Received chunk 4916/10240: fixtures/large_file.bin
2025/04/30 15:22:57 Sent ACK for chunk 4915
2025/04/30 15:22:57 Received ACK for chunk 4916/10240
Received chunk 4917/10240: fixtures/large_file.bin
2025/04/30 15:22:57 Sent ACK for chunk 4916
2025/04/30 15:22:57 Received ACK for chunk 4917/10240
Received chunk 4918/10240: fixtures/large_file.bin
2025/04/30 15:22:57 Sent ACK for chunk 4917
2025/04/30 15:22:57 Received ACK for chunk 4918/10240
Received chunk 4919/10240: fixtures/large_file.bin
2025/04/30 15:22:57 Sent ACK for chunk 4918
2025/04/30 15:22:57 Received ACK for chunk 4919/10240
Received chunk 4920/10240: fixtures/large_file.bin
2025/04/30 15:22:57 Sent ACK for chunk 4919
2025/04/30 15:22:57 Received ACK for chunk 4920/10240
Received chunk 4921/10240: fixtures/large_file.bin
2025/04/30 15:22:57 Sent ACK for chunk 4920
2025/04/30 15:22:57 Received ACK for chunk 4921/10240
Received chunk 4922/10240: fixtures/large_file.bin
2025/04/30 15:22:57 Sent ACK for chunk 4921
2025/04/30 15:22:57 Received ACK for chunk 4922/10240
Received chunk 4923/10240: fixtures/large_file.bin
2025/04/30 15:22:57 Sent ACK for chunk 4922
2025/04/30 15:22:57 Received ACK for chunk 4923/10240
Received chunk 4924/10240: fixtures/large_file.bin
2025/04/30 15:22:57 Sent ACK for chunk 4923
2025/04/30 15:22:57 Received ACK for chunk 4924/10240
Received chunk 4925/10240: fixtures/large_file.bin
2025/04/30 15:22:57 Sent ACK for chunk 4924
2025/04/30 15:22:57 Received ACK for chunk 4925/10240
Received chunk 4926/10240: fixtures/large_file.bin
2025/04/30 15:22:57 Sent ACK for chunk 4925
2025/04/30 15:22:57 Received ACK for chunk 4926/10240
Received chunk 4927/10240: fixtures/large_file.bin
2025/04/30 15:22:57 Sent ACK for chunk 4926
2025/04/30 15:22:57 Received ACK for chunk 4927/10240
Received chunk 4928/10240: fixtures/large_file.bin
2025/04/30 15:22:57 Sent ACK for chunk 4927
2025/04/30 15:22:57 Received ACK for chunk 4928/10240
Received chunk 4929/10240: fixtures/large_file.bin
2025/04/30 15:22:57 Sent ACK for chunk 4928
2025/04/30 15:22:57 Received ACK for chunk 4929/10240
Received chunk 4930/10240: fixtures/large_file.bin
2025/04/30 15:22:57 Sent ACK for chunk 4929
2025/04/30 15:22:57 Received ACK for chunk 4930/10240
Received chunk 4931/10240: fixtures/large_file.bin
2025/04/30 15:22:57 Sent ACK for chunk 4930
2025/04/30 15:22:57 Received ACK for chunk 4931/10240
Received chunk 4932/10240: fixtures/large_file.bin
2025/04/30 15:22:57 Sent ACK for chunk 4931
2025/04/30 15:22:57 Received ACK for chunk 4932/10240
Received chunk 4933/10240: fixtures/large_file.bin
2025/04/30 15:22:57 Sent ACK for chunk 4932
2025/04/30 15:22:57 Received ACK for chunk 4933/10240
Received chunk 4934/10240: fixtures/large_file.bin
2025/04/30 15:22:57 Sent ACK for chunk 4933
2025/04/30 15:22:57 Received ACK for chunk 4934/10240
Received chunk 4935/10240: fixtures/large_file.bin
2025/04/30 15:22:57 Sent ACK for chunk 4934
2025/04/30 15:22:57 Received ACK for chunk 4935/10240
Received chunk 4936/10240: fixtures/large_file.bin
2025/04/30 15:22:57 Sent ACK for chunk 4935
2025/04/30 15:22:57 Received ACK for chunk 4936/10240
Received chunk 4937/10240: fixtures/large_file.bin
2025/04/30 15:22:57 Sent ACK for chunk 4936
2025/04/30 15:22:57 Received ACK for chunk 4937/10240
Received chunk 4938/10240: fixtures/large_file.bin
2025/04/30 15:22:57 Sent ACK for chunk 4937
2025/04/30 15:22:57 Received ACK for chunk 4938/10240
Received chunk 4939/10240: fixtures/large_file.bin
2025/04/30 15:22:57 Sent ACK for chunk 4938
2025/04/30 15:22:57 Received ACK for chunk 4939/10240
Received chunk 4940/10240: fixtures/large_file.bin
2025/04/30 15:22:57 Sent ACK for chunk 4939
2025/04/30 15:22:57 Received ACK for chunk 4940/10240
Received chunk 4941/10240: fixtures/large_file.bin
2025/04/30 15:22:57 Sent ACK for chunk 4940
2025/04/30 15:22:57 Received ACK for chunk 4941/10240
Received chunk 4942/10240: fixtures/large_file.bin
2025/04/30 15:22:57 Sent ACK for chunk 4941
2025/04/30 15:22:57 Received ACK for chunk 4942/10240
Received chunk 4943/10240: fixtures/large_file.bin
2025/04/30 15:22:57 Sent ACK for chunk 4942
2025/04/30 15:22:57 Received ACK for chunk 4943/10240
Received chunk 4944/10240: fixtures/large_file.bin
2025/04/30 15:22:57 Sent ACK for chunk 4943
2025/04/30 15:22:57 Received ACK for chunk 4944/10240
Received chunk 4945/10240: fixtures/large_file.bin
2025/04/30 15:22:57 Sent ACK for chunk 4944
2025/04/30 15:22:57 Received ACK for chunk 4945/10240
Received chunk 4946/10240: fixtures/large_file.bin
2025/04/30 15:22:57 Sent ACK for chunk 4945
2025/04/30 15:22:57 Received ACK for chunk 4946/10240
Received chunk 4947/10240: fixtures/large_file.bin
2025/04/30 15:22:57 Sent ACK for chunk 4946
2025/04/30 15:22:57 Received ACK for chunk 4947/10240
Received chunk 4948/10240: fixtures/large_file.bin
2025/04/30 15:22:57 Sent ACK for chunk 4947
2025/04/30 15:22:57 Received ACK for chunk 4948/10240
Received chunk 4949/10240: fixtures/large_file.bin
2025/04/30 15:22:57 Sent ACK for chunk 4948
2025/04/30 15:22:57 Received ACK for chunk 4949/10240
Received chunk 4950/10240: fixtures/large_file.bin
2025/04/30 15:22:57 Sent ACK for chunk 4949
2025/04/30 15:22:57 Received ACK for chunk 4950/10240
Received chunk 4951/10240: fixtures/large_file.bin
2025/04/30 15:22:57 Sent ACK for chunk 4950
2025/04/30 15:22:57 Received ACK for chunk 4951/10240
Received chunk 4952/10240: fixtures/large_file.bin
2025/04/30 15:22:57 Sent ACK for chunk 4951
2025/04/30 15:22:57 Received ACK for chunk 4952/10240
Received chunk 4953/10240: fixtures/large_file.bin
2025/04/30 15:22:57 Sent ACK for chunk 4952
2025/04/30 15:22:57 Received ACK for chunk 4953/10240
Received chunk 4954/10240: fixtures/large_file.bin
2025/04/30 15:22:57 Sent ACK for chunk 4953
2025/04/30 15:22:57 Received ACK for chunk 4954/10240
Received chunk 4955/10240: fixtures/large_file.bin
2025/04/30 15:22:57 Sent ACK for chunk 4954
2025/04/30 15:22:57 Received ACK for chunk 4955/10240
Received chunk 4956/10240: fixtures/large_file.bin
2025/04/30 15:22:57 Sent ACK for chunk 4955
2025/04/30 15:22:57 Received ACK for chunk 4956/10240
Received chunk 4957/10240: fixtures/large_file.bin
2025/04/30 15:22:57 Sent ACK for chunk 4956
2025/04/30 15:22:57 Received ACK for chunk 4957/10240
Received chunk 4958/10240: fixtures/large_file.bin
2025/04/30 15:22:57 Sent ACK for chunk 4957
2025/04/30 15:22:57 Received ACK for chunk 4958/10240
Received chunk 4959/10240: fixtures/large_file.bin
2025/04/30 15:22:57 Sent ACK for chunk 4958
2025/04/30 15:22:57 Received ACK for chunk 4959/10240
Received chunk 4960/10240: fixtures/large_file.bin
2025/04/30 15:22:57 Sent ACK for chunk 4959
2025/04/30 15:22:57 Received ACK for chunk 4960/10240
Received chunk 4961/10240: fixtures/large_file.bin
2025/04/30 15:22:57 Sent ACK for chunk 4960
2025/04/30 15:22:57 Received ACK for chunk 4961/10240
Received chunk 4962/10240: fixtures/large_file.bin
2025/04/30 15:22:57 Sent ACK for chunk 4961
2025/04/30 15:22:57 Received ACK for chunk 4962/10240
Received chunk 4963/10240: fixtures/large_file.bin
2025/04/30 15:22:57 Sent ACK for chunk 4962
2025/04/30 15:22:57 Received ACK for chunk 4963/10240
Received chunk 4964/10240: fixtures/large_file.bin
2025/04/30 15:22:57 Sent ACK for chunk 4963
2025/04/30 15:22:57 Received ACK for chunk 4964/10240
Received chunk 4965/10240: fixtures/large_file.bin
2025/04/30 15:22:57 Sent ACK for chunk 4964
2025/04/30 15:22:57 Received ACK for chunk 4965/10240
Received chunk 4966/10240: fixtures/large_file.bin
2025/04/30 15:22:57 Sent ACK for chunk 4965
2025/04/30 15:22:57 Received ACK for chunk 4966/10240
Received chunk 4967/10240: fixtures/large_file.bin
2025/04/30 15:22:57 Sent ACK for chunk 4966
2025/04/30 15:22:57 Received ACK for chunk 4967/10240
Received chunk 4968/10240: fixtures/large_file.bin
2025/04/30 15:22:57 Sent ACK for chunk 4967
2025/04/30 15:22:57 Received ACK for chunk 4968/10240
Received chunk 4969/10240: fixtures/large_file.bin
2025/04/30 15:22:57 Sent ACK for chunk 4968
2025/04/30 15:22:57 Received ACK for chunk 4969/10240
Received chunk 4970/10240: fixtures/large_file.bin
2025/04/30 15:22:57 Sent ACK for chunk 4969
2025/04/30 15:22:57 Received ACK for chunk 4970/10240
Received chunk 4971/10240: fixtures/large_file.bin
2025/04/30 15:22:57 Sent ACK for chunk 4970
2025/04/30 15:22:57 Received ACK for chunk 4971/10240
Received chunk 4972/10240: fixtures/large_file.bin
2025/04/30 15:22:57 Sent ACK for chunk 4971
2025/04/30 15:22:57 Received ACK for chunk 4972/10240
Received chunk 4973/10240: fixtures/large_file.bin
2025/04/30 15:22:57 Sent ACK for chunk 4972
2025/04/30 15:22:57 Received ACK for chunk 4973/10240
Received chunk 4974/10240: fixtures/large_file.bin
2025/04/30 15:22:57 Sent ACK for chunk 4973
2025/04/30 15:22:57 Received ACK for chunk 4974/10240
Received chunk 4975/10240: fixtures/large_file.bin
2025/04/30 15:22:57 Sent ACK for chunk 4974
2025/04/30 15:22:57 Received ACK for chunk 4975/10240
Received chunk 4976/10240: fixtures/large_file.bin
2025/04/30 15:22:57 Sent ACK for chunk 4975
2025/04/30 15:22:57 Received ACK for chunk 4976/10240
Received chunk 4977/10240: fixtures/large_file.bin
2025/04/30 15:22:57 Sent ACK for chunk 4976
2025/04/30 15:22:57 Received ACK for chunk 4977/10240
Received chunk 4978/10240: fixtures/large_file.bin
2025/04/30 15:22:57 Sent ACK for chunk 4977
2025/04/30 15:22:57 Received ACK for chunk 4978/10240
Received chunk 4979/10240: fixtures/large_file.bin
2025/04/30 15:22:57 Sent ACK for chunk 4978
2025/04/30 15:22:57 Received ACK for chunk 4979/10240
Received chunk 4980/10240: fixtures/large_file.bin
2025/04/30 15:22:57 Sent ACK for chunk 4979
2025/04/30 15:22:57 Received ACK for chunk 4980/10240
Received chunk 4981/10240: fixtures/large_file.bin
2025/04/30 15:22:57 Sent ACK for chunk 4980
2025/04/30 15:22:57 Received ACK for chunk 4981/10240
Received chunk 4982/10240: fixtures/large_file.bin
2025/04/30 15:22:57 Sent ACK for chunk 4981
2025/04/30 15:22:57 Received ACK for chunk 4982/10240
Received chunk 4983/10240: fixtures/large_file.bin
2025/04/30 15:22:57 Sent ACK for chunk 4982
2025/04/30 15:22:57 Received ACK for chunk 4983/10240
Received chunk 4984/10240: fixtures/large_file.bin
2025/04/30 15:22:57 Sent ACK for chunk 4983
2025/04/30 15:22:57 Received ACK for chunk 4984/10240
Received chunk 4985/10240: fixtures/large_file.bin
2025/04/30 15:22:57 Sent ACK for chunk 4984
2025/04/30 15:22:57 Received ACK for chunk 4985/10240
Received chunk 4986/10240: fixtures/large_file.bin
2025/04/30 15:22:57 Sent ACK for chunk 4985
2025/04/30 15:22:57 Received ACK for chunk 4986/10240
Received chunk 4987/10240: fixtures/large_file.bin
2025/04/30 15:22:57 Sent ACK for chunk 4986
2025/04/30 15:22:57 Received ACK for chunk 4987/10240
Received chunk 4988/10240: fixtures/large_file.bin
2025/04/30 15:22:57 Sent ACK for chunk 4987
2025/04/30 15:22:57 Received ACK for chunk 4988/10240
Received chunk 4989/10240: fixtures/large_file.bin
2025/04/30 15:22:57 Sent ACK for chunk 4988
2025/04/30 15:22:57 Received ACK for chunk 4989/10240
Received chunk 4990/10240: fixtures/large_file.bin
2025/04/30 15:22:57 Sent ACK for chunk 4989
2025/04/30 15:22:57 Received ACK for chunk 4990/10240
Received chunk 4991/10240: fixtures/large_file.bin
2025/04/30 15:22:57 Sent ACK for chunk 4990
2025/04/30 15:22:57 Received ACK for chunk 4991/10240
Received chunk 4992/10240: fixtures/large_file.bin
2025/04/30 15:22:57 Sent ACK for chunk 4991
2025/04/30 15:22:57 Received ACK for chunk 4992/10240
Received chunk 4993/10240: fixtures/large_file.bin
2025/04/30 15:22:57 Sent ACK for chunk 4992
2025/04/30 15:22:57 Received ACK for chunk 4993/10240
Received chunk 4994/10240: fixtures/large_file.bin
2025/04/30 15:22:57 Sent ACK for chunk 4993
2025/04/30 15:22:57 Received ACK for chunk 4994/10240
Received chunk 4995/10240: fixtures/large_file.bin
2025/04/30 15:22:57 Sent ACK for chunk 4994
2025/04/30 15:22:57 Received ACK for chunk 4995/10240
Received chunk 4996/10240: fixtures/large_file.bin
2025/04/30 15:22:57 Sent ACK for chunk 4995
2025/04/30 15:22:57 Received ACK for chunk 4996/10240
Received chunk 4997/10240: fixtures/large_file.bin
2025/04/30 15:22:57 Sent ACK for chunk 4996
2025/04/30 15:22:57 Received ACK for chunk 4997/10240
Received chunk 4998/10240: fixtures/large_file.bin
2025/04/30 15:22:57 Sent ACK for chunk 4997
2025/04/30 15:22:57 Received ACK for chunk 4998/10240
Received chunk 4999/10240: fixtures/large_file.bin
2025/04/30 15:22:57 Sent ACK for chunk 4998
2025/04/30 15:22:57 Received ACK for chunk 4999/10240
Received chunk 5000/10240: fixtures/large_file.bin
2025/04/30 15:22:57 Sent ACK for chunk 4999
2025/04/30 15:22:57 Received ACK for chunk 5000/10240
Received chunk 5001/10240: fixtures/large_file.bin
2025/04/30 15:22:57 Sent ACK for chunk 5000
2025/04/30 15:22:57 Received ACK for chunk 5001/10240
Received chunk 5002/10240: fixtures/large_file.bin
2025/04/30 15:22:57 Sent ACK for chunk 5001
2025/04/30 15:22:57 Received ACK for chunk 5002/10240
Received chunk 5003/10240: fixtures/large_file.bin
2025/04/30 15:22:57 Sent ACK for chunk 5002
2025/04/30 15:22:57 Received ACK for chunk 5003/10240
Received chunk 5004/10240: fixtures/large_file.bin
2025/04/30 15:22:57 Sent ACK for chunk 5003
2025/04/30 15:22:57 Received ACK for chunk 5004/10240
Received chunk 5005/10240: fixtures/large_file.bin
2025/04/30 15:22:57 Sent ACK for chunk 5004
2025/04/30 15:22:57 Received ACK for chunk 5005/10240
Received chunk 5006/10240: fixtures/large_file.bin
2025/04/30 15:22:57 Sent ACK for chunk 5005
2025/04/30 15:22:57 Received ACK for chunk 5006/10240
Received chunk 5007/10240: fixtures/large_file.bin
2025/04/30 15:22:57 Sent ACK for chunk 5006
2025/04/30 15:22:57 Received ACK for chunk 5007/10240
Received chunk 5008/10240: fixtures/large_file.bin
2025/04/30 15:22:57 Sent ACK for chunk 5007
2025/04/30 15:22:57 Received ACK for chunk 5008/10240
Received chunk 5009/10240: fixtures/large_file.bin
2025/04/30 15:22:57 Sent ACK for chunk 5008
2025/04/30 15:22:57 Received ACK for chunk 5009/10240
Received chunk 5010/10240: fixtures/large_file.bin
2025/04/30 15:22:57 Sent ACK for chunk 5009
2025/04/30 15:22:57 Received ACK for chunk 5010/10240
Received chunk 5011/10240: fixtures/large_file.bin
2025/04/30 15:22:57 Sent ACK for chunk 5010
2025/04/30 15:22:57 Received ACK for chunk 5011/10240
Received chunk 5012/10240: fixtures/large_file.bin
2025/04/30 15:22:57 Sent ACK for chunk 5011
2025/04/30 15:22:57 Received ACK for chunk 5012/10240
Received chunk 5013/10240: fixtures/large_file.bin
2025/04/30 15:22:57 Sent ACK for chunk 5012
2025/04/30 15:22:57 Received ACK for chunk 5013/10240
Received chunk 5014/10240: fixtures/large_file.bin
2025/04/30 15:22:57 Sent ACK for chunk 5013
2025/04/30 15:22:57 Received ACK for chunk 5014/10240
Received chunk 5015/10240: fixtures/large_file.bin
2025/04/30 15:22:57 Sent ACK for chunk 5014
2025/04/30 15:22:57 Received ACK for chunk 5015/10240
Received chunk 5016/10240: fixtures/large_file.bin
2025/04/30 15:22:57 Sent ACK for chunk 5015
2025/04/30 15:22:57 Received ACK for chunk 5016/10240
Received chunk 5017/10240: fixtures/large_file.bin
2025/04/30 15:22:57 Sent ACK for chunk 5016
2025/04/30 15:22:57 Received ACK for chunk 5017/10240
Received chunk 5018/10240: fixtures/large_file.bin
2025/04/30 15:22:57 Sent ACK for chunk 5017
2025/04/30 15:22:57 Received ACK for chunk 5018/10240
Received chunk 5019/10240: fixtures/large_file.bin
2025/04/30 15:22:57 Sent ACK for chunk 5018
2025/04/30 15:22:57 Received ACK for chunk 5019/10240
Received chunk 5020/10240: fixtures/large_file.bin
2025/04/30 15:22:57 Sent ACK for chunk 5019
2025/04/30 15:22:57 Received ACK for chunk 5020/10240
Received chunk 5021/10240: fixtures/large_file.bin
2025/04/30 15:22:57 Sent ACK for chunk 5020
2025/04/30 15:22:57 Received ACK for chunk 5021/10240
Received chunk 5022/10240: fixtures/large_file.bin
2025/04/30 15:22:57 Sent ACK for chunk 5021
2025/04/30 15:22:57 Received ACK for chunk 5022/10240
Received chunk 5023/10240: fixtures/large_file.bin
2025/04/30 15:22:57 Sent ACK for chunk 5022
2025/04/30 15:22:57 Received ACK for chunk 5023/10240
Received chunk 5024/10240: fixtures/large_file.bin
2025/04/30 15:22:57 Sent ACK for chunk 5023
2025/04/30 15:22:57 Received ACK for chunk 5024/10240
Received chunk 5025/10240: fixtures/large_file.bin
2025/04/30 15:22:57 Sent ACK for chunk 5024
2025/04/30 15:22:57 Received ACK for chunk 5025/10240
Received chunk 5026/10240: fixtures/large_file.bin
2025/04/30 15:22:57 Sent ACK for chunk 5025
2025/04/30 15:22:57 Received ACK for chunk 5026/10240
Received chunk 5027/10240: fixtures/large_file.bin
2025/04/30 15:22:57 Sent ACK for chunk 5026
2025/04/30 15:22:57 Received ACK for chunk 5027/10240
Received chunk 5028/10240: fixtures/large_file.bin
2025/04/30 15:22:57 Sent ACK for chunk 5027
2025/04/30 15:22:57 Received ACK for chunk 5028/10240
Received chunk 5029/10240: fixtures/large_file.bin
2025/04/30 15:22:57 Sent ACK for chunk 5028
2025/04/30 15:22:57 Received ACK for chunk 5029/10240
Received chunk 5030/10240: fixtures/large_file.bin
2025/04/30 15:22:57 Sent ACK for chunk 5029
2025/04/30 15:22:57 Received ACK for chunk 5030/10240
Received chunk 5031/10240: fixtures/large_file.bin
2025/04/30 15:22:57 Sent ACK for chunk 5030
2025/04/30 15:22:57 Received ACK for chunk 5031/10240
Received chunk 5032/10240: fixtures/large_file.bin
2025/04/30 15:22:57 Sent ACK for chunk 5031
2025/04/30 15:22:57 Received ACK for chunk 5032/10240
Received chunk 5033/10240: fixtures/large_file.bin
2025/04/30 15:22:57 Sent ACK for chunk 5032
2025/04/30 15:22:57 Received ACK for chunk 5033/10240
Received chunk 5034/10240: fixtures/large_file.bin
2025/04/30 15:22:57 Sent ACK for chunk 5033
2025/04/30 15:22:57 Received ACK for chunk 5034/10240
Received chunk 5035/10240: fixtures/large_file.bin
2025/04/30 15:22:57 Sent ACK for chunk 5034
2025/04/30 15:22:57 Received ACK for chunk 5035/10240
Received chunk 5036/10240: fixtures/large_file.bin
2025/04/30 15:22:57 Sent ACK for chunk 5035
2025/04/30 15:22:57 Received ACK for chunk 5036/10240
Received chunk 5037/10240: fixtures/large_file.bin
2025/04/30 15:22:57 Sent ACK for chunk 5036
2025/04/30 15:22:57 Received ACK for chunk 5037/10240
Received chunk 5038/10240: fixtures/large_file.bin
2025/04/30 15:22:57 Sent ACK for chunk 5037
2025/04/30 15:22:57 Received ACK for chunk 5038/10240
Received chunk 5039/10240: fixtures/large_file.bin
2025/04/30 15:22:57 Sent ACK for chunk 5038
2025/04/30 15:22:57 Received ACK for chunk 5039/10240
Received chunk 5040/10240: fixtures/large_file.bin
2025/04/30 15:22:57 Sent ACK for chunk 5039
2025/04/30 15:22:57 Received ACK for chunk 5040/10240
Received chunk 5041/10240: fixtures/large_file.bin
2025/04/30 15:22:57 Sent ACK for chunk 5040
2025/04/30 15:22:57 Received ACK for chunk 5041/10240
Received chunk 5042/10240: fixtures/large_file.bin
2025/04/30 15:22:57 Sent ACK for chunk 5041
2025/04/30 15:22:57 Received ACK for chunk 5042/10240
Received chunk 5043/10240: fixtures/large_file.bin
2025/04/30 15:22:57 Sent ACK for chunk 5042
2025/04/30 15:22:57 Received ACK for chunk 5043/10240
Received chunk 5044/10240: fixtures/large_file.bin
2025/04/30 15:22:57 Sent ACK for chunk 5043
2025/04/30 15:22:57 Received ACK for chunk 5044/10240
Received chunk 5045/10240: fixtures/large_file.bin
2025/04/30 15:22:57 Sent ACK for chunk 5044
2025/04/30 15:22:57 Received ACK for chunk 5045/10240
Received chunk 5046/10240: fixtures/large_file.bin
2025/04/30 15:22:57 Sent ACK for chunk 5045
2025/04/30 15:22:57 Received ACK for chunk 5046/10240
Received chunk 5047/10240: fixtures/large_file.bin
2025/04/30 15:22:57 Sent ACK for chunk 5046
2025/04/30 15:22:57 Received ACK for chunk 5047/10240
Received chunk 5048/10240: fixtures/large_file.bin
2025/04/30 15:22:57 Sent ACK for chunk 5047
2025/04/30 15:22:57 Received ACK for chunk 5048/10240
Received chunk 5049/10240: fixtures/large_file.bin
2025/04/30 15:22:57 Sent ACK for chunk 5048
2025/04/30 15:22:57 Received ACK for chunk 5049/10240
Received chunk 5050/10240: fixtures/large_file.bin
2025/04/30 15:22:57 Sent ACK for chunk 5049
2025/04/30 15:22:57 Received ACK for chunk 5050/10240
Received chunk 5051/10240: fixtures/large_file.bin
2025/04/30 15:22:57 Sent ACK for chunk 5050
2025/04/30 15:22:57 Received ACK for chunk 5051/10240
Received chunk 5052/10240: fixtures/large_file.bin
2025/04/30 15:22:57 Sent ACK for chunk 5051
2025/04/30 15:22:57 Received ACK for chunk 5052/10240
Received chunk 5053/10240: fixtures/large_file.bin
2025/04/30 15:22:57 Sent ACK for chunk 5052
2025/04/30 15:22:57 Received ACK for chunk 5053/10240
Received chunk 5054/10240: fixtures/large_file.bin
2025/04/30 15:22:57 Sent ACK for chunk 5053
2025/04/30 15:22:57 Received ACK for chunk 5054/10240
Received chunk 5055/10240: fixtures/large_file.bin
2025/04/30 15:22:57 Sent ACK for chunk 5054
2025/04/30 15:22:57 Received ACK for chunk 5055/10240
Received chunk 5056/10240: fixtures/large_file.bin
2025/04/30 15:22:57 Sent ACK for chunk 5055
2025/04/30 15:22:57 Received ACK for chunk 5056/10240
Received chunk 5057/10240: fixtures/large_file.bin
2025/04/30 15:22:57 Sent ACK for chunk 5056
2025/04/30 15:22:57 Received ACK for chunk 5057/10240
Received chunk 5058/10240: fixtures/large_file.bin
2025/04/30 15:22:57 Sent ACK for chunk 5057
2025/04/30 15:22:57 Received ACK for chunk 5058/10240
Received chunk 5059/10240: fixtures/large_file.bin
2025/04/30 15:22:57 Sent ACK for chunk 5058
2025/04/30 15:22:57 Received ACK for chunk 5059/10240
Received chunk 5060/10240: fixtures/large_file.bin
2025/04/30 15:22:57 Sent ACK for chunk 5059
2025/04/30 15:22:57 Received ACK for chunk 5060/10240
Received chunk 5061/10240: fixtures/large_file.bin
2025/04/30 15:22:57 Sent ACK for chunk 5060
2025/04/30 15:22:57 Received ACK for chunk 5061/10240
Received chunk 5062/10240: fixtures/large_file.bin
2025/04/30 15:22:57 Sent ACK for chunk 5061
2025/04/30 15:22:57 Received ACK for chunk 5062/10240
Received chunk 5063/10240: fixtures/large_file.bin
2025/04/30 15:22:57 Sent ACK for chunk 5062
2025/04/30 15:22:57 Received ACK for chunk 5063/10240
Received chunk 5064/10240: fixtures/large_file.bin
2025/04/30 15:22:57 Sent ACK for chunk 5063
2025/04/30 15:22:57 Received ACK for chunk 5064/10240
Received chunk 5065/10240: fixtures/large_file.bin
2025/04/30 15:22:57 Sent ACK for chunk 5064
2025/04/30 15:22:57 Received ACK for chunk 5065/10240
Received chunk 5066/10240: fixtures/large_file.bin
2025/04/30 15:22:57 Sent ACK for chunk 5065
2025/04/30 15:22:57 Received ACK for chunk 5066/10240
Received chunk 5067/10240: fixtures/large_file.bin
2025/04/30 15:22:57 Sent ACK for chunk 5066
2025/04/30 15:22:57 Received ACK for chunk 5067/10240
Received chunk 5068/10240: fixtures/large_file.bin
2025/04/30 15:22:57 Sent ACK for chunk 5067
2025/04/30 15:22:57 Received ACK for chunk 5068/10240
Received chunk 5069/10240: fixtures/large_file.bin
2025/04/30 15:22:57 Sent ACK for chunk 5068
2025/04/30 15:22:57 Received ACK for chunk 5069/10240
Received chunk 5070/10240: fixtures/large_file.bin
2025/04/30 15:22:57 Sent ACK for chunk 5069
2025/04/30 15:22:57 Received ACK for chunk 5070/10240
Received chunk 5071/10240: fixtures/large_file.bin
2025/04/30 15:22:57 Sent ACK for chunk 5070
2025/04/30 15:22:57 Received ACK for chunk 5071/10240
Received chunk 5072/10240: fixtures/large_file.bin
2025/04/30 15:22:57 Sent ACK for chunk 5071
2025/04/30 15:22:57 Received ACK for chunk 5072/10240
Received chunk 5073/10240: fixtures/large_file.bin
2025/04/30 15:22:57 Sent ACK for chunk 5072
2025/04/30 15:22:57 Received ACK for chunk 5073/10240
Received chunk 5074/10240: fixtures/large_file.bin
2025/04/30 15:22:57 Sent ACK for chunk 5073
2025/04/30 15:22:57 Received ACK for chunk 5074/10240
Received chunk 5075/10240: fixtures/large_file.bin
2025/04/30 15:22:57 Sent ACK for chunk 5074
2025/04/30 15:22:57 Received ACK for chunk 5075/10240
Received chunk 5076/10240: fixtures/large_file.bin
2025/04/30 15:22:57 Sent ACK for chunk 5075
2025/04/30 15:22:57 Received ACK for chunk 5076/10240
Received chunk 5077/10240: fixtures/large_file.bin
2025/04/30 15:22:57 Sent ACK for chunk 5076
2025/04/30 15:22:57 Received ACK for chunk 5077/10240
Received chunk 5078/10240: fixtures/large_file.bin
2025/04/30 15:22:57 Sent ACK for chunk 5077
2025/04/30 15:22:57 Received ACK for chunk 5078/10240
Received chunk 5079/10240: fixtures/large_file.bin
2025/04/30 15:22:57 Sent ACK for chunk 5078
2025/04/30 15:22:57 Received ACK for chunk 5079/10240
Received chunk 5080/10240: fixtures/large_file.bin
2025/04/30 15:22:57 Sent ACK for chunk 5079
2025/04/30 15:22:57 Received ACK for chunk 5080/10240
Received chunk 5081/10240: fixtures/large_file.bin
2025/04/30 15:22:57 Sent ACK for chunk 5080
2025/04/30 15:22:57 Received ACK for chunk 5081/10240
Received chunk 5082/10240: fixtures/large_file.bin
2025/04/30 15:22:57 Sent ACK for chunk 5081
2025/04/30 15:22:57 Received ACK for chunk 5082/10240
Received chunk 5083/10240: fixtures/large_file.bin
2025/04/30 15:22:57 Sent ACK for chunk 5082
2025/04/30 15:22:57 Received ACK for chunk 5083/10240
Received chunk 5084/10240: fixtures/large_file.bin
2025/04/30 15:22:57 Sent ACK for chunk 5083
2025/04/30 15:22:57 Received ACK for chunk 5084/10240
Received chunk 5085/10240: fixtures/large_file.bin
2025/04/30 15:22:57 Sent ACK for chunk 5084
2025/04/30 15:22:57 Received ACK for chunk 5085/10240
Received chunk 5086/10240: fixtures/large_file.bin
2025/04/30 15:22:57 Sent ACK for chunk 5085
2025/04/30 15:22:57 Received ACK for chunk 5086/10240
Received chunk 5087/10240: fixtures/large_file.bin
2025/04/30 15:22:57 Sent ACK for chunk 5086
2025/04/30 15:22:57 Received ACK for chunk 5087/10240
Received chunk 5088/10240: fixtures/large_file.bin
2025/04/30 15:22:57 Sent ACK for chunk 5087
2025/04/30 15:22:57 Received ACK for chunk 5088/10240
Received chunk 5089/10240: fixtures/large_file.bin
2025/04/30 15:22:57 Sent ACK for chunk 5088
2025/04/30 15:22:57 Received ACK for chunk 5089/10240
Received chunk 5090/10240: fixtures/large_file.bin
2025/04/30 15:22:57 Sent ACK for chunk 5089
2025/04/30 15:22:57 Received ACK for chunk 5090/10240
Received chunk 5091/10240: fixtures/large_file.bin
2025/04/30 15:22:57 Sent ACK for chunk 5090
2025/04/30 15:22:57 Received ACK for chunk 5091/10240
Received chunk 5092/10240: fixtures/large_file.bin
2025/04/30 15:22:57 Sent ACK for chunk 5091
2025/04/30 15:22:57 Received ACK for chunk 5092/10240
Received chunk 5093/10240: fixtures/large_file.bin
2025/04/30 15:22:57 Sent ACK for chunk 5092
2025/04/30 15:22:57 Received ACK for chunk 5093/10240
Received chunk 5094/10240: fixtures/large_file.bin
2025/04/30 15:22:57 Sent ACK for chunk 5093
2025/04/30 15:22:57 Received ACK for chunk 5094/10240
Received chunk 5095/10240: fixtures/large_file.bin
2025/04/30 15:22:57 Sent ACK for chunk 5094
2025/04/30 15:22:57 Received ACK for chunk 5095/10240
Received chunk 5096/10240: fixtures/large_file.bin
2025/04/30 15:22:57 Sent ACK for chunk 5095
2025/04/30 15:22:57 Received ACK for chunk 5096/10240
Received chunk 5097/10240: fixtures/large_file.bin
2025/04/30 15:22:57 Sent ACK for chunk 5096
2025/04/30 15:22:57 Received ACK for chunk 5097/10240
Received chunk 5098/10240: fixtures/large_file.bin
2025/04/30 15:22:57 Sent ACK for chunk 5097
2025/04/30 15:22:57 Received ACK for chunk 5098/10240
Received chunk 5099/10240: fixtures/large_file.bin
2025/04/30 15:22:57 Sent ACK for chunk 5098
2025/04/30 15:22:57 Received ACK for chunk 5099/10240
Received chunk 5100/10240: fixtures/large_file.bin
2025/04/30 15:22:57 Sent ACK for chunk 5099
2025/04/30 15:22:57 Received ACK for chunk 5100/10240
Received chunk 5101/10240: fixtures/large_file.bin
2025/04/30 15:22:57 Sent ACK for chunk 5100
2025/04/30 15:22:57 Received ACK for chunk 5101/10240
Received chunk 5102/10240: fixtures/large_file.bin
2025/04/30 15:22:57 Sent ACK for chunk 5101
2025/04/30 15:22:57 Received ACK for chunk 5102/10240
Received chunk 5103/10240: fixtures/large_file.bin
2025/04/30 15:22:57 Sent ACK for chunk 5102
2025/04/30 15:22:57 Received ACK for chunk 5103/10240
Received chunk 5104/10240: fixtures/large_file.bin
2025/04/30 15:22:57 Sent ACK for chunk 5103
2025/04/30 15:22:57 Received ACK for chunk 5104/10240
Received chunk 5105/10240: fixtures/large_file.bin
2025/04/30 15:22:57 Sent ACK for chunk 5104
2025/04/30 15:22:57 Received ACK for chunk 5105/10240
Received chunk 5106/10240: fixtures/large_file.bin
2025/04/30 15:22:57 Sent ACK for chunk 5105
2025/04/30 15:22:57 Received ACK for chunk 5106/10240
Received chunk 5107/10240: fixtures/large_file.bin
2025/04/30 15:22:57 Sent ACK for chunk 5106
2025/04/30 15:22:57 Received ACK for chunk 5107/10240
Received chunk 5108/10240: fixtures/large_file.bin
2025/04/30 15:22:57 Sent ACK for chunk 5107
2025/04/30 15:22:57 Received ACK for chunk 5108/10240
Received chunk 5109/10240: fixtures/large_file.bin
2025/04/30 15:22:57 Sent ACK for chunk 5108
2025/04/30 15:22:57 Received ACK for chunk 5109/10240
Received chunk 5110/10240: fixtures/large_file.bin
2025/04/30 15:22:57 Sent ACK for chunk 5109
2025/04/30 15:22:57 Received ACK for chunk 5110/10240
Received chunk 5111/10240: fixtures/large_file.bin
2025/04/30 15:22:57 Sent ACK for chunk 5110
2025/04/30 15:22:57 Received ACK for chunk 5111/10240
Received chunk 5112/10240: fixtures/large_file.bin
2025/04/30 15:22:57 Sent ACK for chunk 5111
2025/04/30 15:22:57 Received ACK for chunk 5112/10240
Received chunk 5113/10240: fixtures/large_file.bin
2025/04/30 15:22:57 Sent ACK for chunk 5112
2025/04/30 15:22:57 Received ACK for chunk 5113/10240
Received chunk 5114/10240: fixtures/large_file.bin
2025/04/30 15:22:57 Sent ACK for chunk 5113
2025/04/30 15:22:57 Received ACK for chunk 5114/10240
Received chunk 5115/10240: fixtures/large_file.bin
2025/04/30 15:22:57 Sent ACK for chunk 5114
2025/04/30 15:22:57 Received ACK for chunk 5115/10240
Received chunk 5116/10240: fixtures/large_file.bin
2025/04/30 15:22:57 Sent ACK for chunk 5115
2025/04/30 15:22:57 Received ACK for chunk 5116/10240
Received chunk 5117/10240: fixtures/large_file.bin
2025/04/30 15:22:57 Sent ACK for chunk 5116
2025/04/30 15:22:57 Received ACK for chunk 5117/10240
Received chunk 5118/10240: fixtures/large_file.bin
2025/04/30 15:22:57 Sent ACK for chunk 5117
2025/04/30 15:22:57 Received ACK for chunk 5118/10240
Received chunk 5119/10240: fixtures/large_file.bin
2025/04/30 15:22:57 Sent ACK for chunk 5118
2025/04/30 15:22:57 Received ACK for chunk 5119/10240
Received chunk 5120/10240: fixtures/large_file.bin
2025/04/30 15:22:57 Sent ACK for chunk 5119
2025/04/30 15:22:57 Received ACK for chunk 5120/10240
Received chunk 5121/10240: fixtures/large_file.bin
2025/04/30 15:22:57 Sent ACK for chunk 5120
2025/04/30 15:22:57 Received ACK for chunk 5121/10240
Received chunk 5122/10240: fixtures/large_file.bin
2025/04/30 15:22:57 Sent ACK for chunk 5121
2025/04/30 15:22:57 Received ACK for chunk 5122/10240
Received chunk 5123/10240: fixtures/large_file.bin
2025/04/30 15:22:57 Sent ACK for chunk 5122
2025/04/30 15:22:57 Received ACK for chunk 5123/10240
Received chunk 5124/10240: fixtures/large_file.bin
2025/04/30 15:22:57 Sent ACK for chunk 5123
2025/04/30 15:22:57 Received ACK for chunk 5124/10240
Received chunk 5125/10240: fixtures/large_file.bin
2025/04/30 15:22:57 Sent ACK for chunk 5124
2025/04/30 15:22:57 Received ACK for chunk 5125/10240
Received chunk 5126/10240: fixtures/large_file.bin
2025/04/30 15:22:57 Sent ACK for chunk 5125
2025/04/30 15:22:57 Received ACK for chunk 5126/10240
Received chunk 5127/10240: fixtures/large_file.bin
2025/04/30 15:22:57 Sent ACK for chunk 5126
2025/04/30 15:22:57 Received ACK for chunk 5127/10240
Received chunk 5128/10240: fixtures/large_file.bin
2025/04/30 15:22:57 Sent ACK for chunk 5127
2025/04/30 15:22:57 Received ACK for chunk 5128/10240
Received chunk 5129/10240: fixtures/large_file.bin
2025/04/30 15:22:57 Sent ACK for chunk 5128
2025/04/30 15:22:57 Received ACK for chunk 5129/10240
Received chunk 5130/10240: fixtures/large_file.bin
2025/04/30 15:22:57 Sent ACK for chunk 5129
2025/04/30 15:22:57 Received ACK for chunk 5130/10240
Received chunk 5131/10240: fixtures/large_file.bin
2025/04/30 15:22:57 Sent ACK for chunk 5130
2025/04/30 15:22:57 Received ACK for chunk 5131/10240
Received chunk 5132/10240: fixtures/large_file.bin
2025/04/30 15:22:57 Sent ACK for chunk 5131
2025/04/30 15:22:57 Received ACK for chunk 5132/10240
Received chunk 5133/10240: fixtures/large_file.bin
2025/04/30 15:22:57 Sent ACK for chunk 5132
2025/04/30 15:22:57 Received ACK for chunk 5133/10240
Received chunk 5134/10240: fixtures/large_file.bin
2025/04/30 15:22:57 Sent ACK for chunk 5133
2025/04/30 15:22:57 Received ACK for chunk 5134/10240
Received chunk 5135/10240: fixtures/large_file.bin
2025/04/30 15:22:57 Sent ACK for chunk 5134
2025/04/30 15:22:57 Received ACK for chunk 5135/10240
Received chunk 5136/10240: fixtures/large_file.bin
2025/04/30 15:22:57 Sent ACK for chunk 5135
2025/04/30 15:22:57 Received ACK for chunk 5136/10240
Received chunk 5137/10240: fixtures/large_file.bin
2025/04/30 15:22:57 Sent ACK for chunk 5136
2025/04/30 15:22:57 Received ACK for chunk 5137/10240
Received chunk 5138/10240: fixtures/large_file.bin
2025/04/30 15:22:57 Sent ACK for chunk 5137
2025/04/30 15:22:57 Received ACK for chunk 5138/10240
Received chunk 5139/10240: fixtures/large_file.bin
2025/04/30 15:22:57 Sent ACK for chunk 5138
2025/04/30 15:22:57 Received ACK for chunk 5139/10240
Received chunk 5140/10240: fixtures/large_file.bin
2025/04/30 15:22:57 Sent ACK for chunk 5139
2025/04/30 15:22:57 Received ACK for chunk 5140/10240
Received chunk 5141/10240: fixtures/large_file.bin
2025/04/30 15:22:57 Sent ACK for chunk 5140
2025/04/30 15:22:57 Received ACK for chunk 5141/10240
Received chunk 5142/10240: fixtures/large_file.bin
2025/04/30 15:22:57 Sent ACK for chunk 5141
2025/04/30 15:22:57 Received ACK for chunk 5142/10240
Received chunk 5143/10240: fixtures/large_file.bin
2025/04/30 15:22:57 Sent ACK for chunk 5142
2025/04/30 15:22:57 Received ACK for chunk 5143/10240
Received chunk 5144/10240: fixtures/large_file.bin
2025/04/30 15:22:57 Sent ACK for chunk 5143
2025/04/30 15:22:57 Received ACK for chunk 5144/10240
Received chunk 5145/10240: fixtures/large_file.bin
2025/04/30 15:22:57 Sent ACK for chunk 5144
2025/04/30 15:22:57 Received ACK for chunk 5145/10240
Received chunk 5146/10240: fixtures/large_file.bin
2025/04/30 15:22:57 Sent ACK for chunk 5145
2025/04/30 15:22:57 Received ACK for chunk 5146/10240
Received chunk 5147/10240: fixtures/large_file.bin
2025/04/30 15:22:57 Sent ACK for chunk 5146
2025/04/30 15:22:57 Received ACK for chunk 5147/10240
Received chunk 5148/10240: fixtures/large_file.bin
2025/04/30 15:22:57 Sent ACK for chunk 5147
2025/04/30 15:22:57 Received ACK for chunk 5148/10240
Received chunk 5149/10240: fixtures/large_file.bin
2025/04/30 15:22:57 Sent ACK for chunk 5148
2025/04/30 15:22:57 Received ACK for chunk 5149/10240
Received chunk 5150/10240: fixtures/large_file.bin
2025/04/30 15:22:57 Sent ACK for chunk 5149
2025/04/30 15:22:57 Received ACK for chunk 5150/10240
Received chunk 5151/10240: fixtures/large_file.bin
2025/04/30 15:22:57 Sent ACK for chunk 5150
2025/04/30 15:22:57 Received ACK for chunk 5151/10240
Received chunk 5152/10240: fixtures/large_file.bin
2025/04/30 15:22:57 Sent ACK for chunk 5151
2025/04/30 15:22:57 Received ACK for chunk 5152/10240
Received chunk 5153/10240: fixtures/large_file.bin
2025/04/30 15:22:57 Sent ACK for chunk 5152
2025/04/30 15:22:57 Received ACK for chunk 5153/10240
Received chunk 5154/10240: fixtures/large_file.bin
2025/04/30 15:22:57 Sent ACK for chunk 5153
2025/04/30 15:22:57 Received ACK for chunk 5154/10240
Received chunk 5155/10240: fixtures/large_file.bin
2025/04/30 15:22:57 Sent ACK for chunk 5154
2025/04/30 15:22:57 Received ACK for chunk 5155/10240
Received chunk 5156/10240: fixtures/large_file.bin
2025/04/30 15:22:57 Sent ACK for chunk 5155
2025/04/30 15:22:57 Received ACK for chunk 5156/10240
Received chunk 5157/10240: fixtures/large_file.bin
2025/04/30 15:22:57 Sent ACK for chunk 5156
2025/04/30 15:22:57 Received ACK for chunk 5157/10240
Received chunk 5158/10240: fixtures/large_file.bin
2025/04/30 15:22:57 Sent ACK for chunk 5157
2025/04/30 15:22:57 Received ACK for chunk 5158/10240
Received chunk 5159/10240: fixtures/large_file.bin
2025/04/30 15:22:57 Sent ACK for chunk 5158
2025/04/30 15:22:57 Received ACK for chunk 5159/10240
Received chunk 5160/10240: fixtures/large_file.bin
2025/04/30 15:22:57 Sent ACK for chunk 5159
2025/04/30 15:22:57 Received ACK for chunk 5160/10240
Received chunk 5161/10240: fixtures/large_file.bin
2025/04/30 15:22:57 Sent ACK for chunk 5160
2025/04/30 15:22:57 Received ACK for chunk 5161/10240
Received chunk 5162/10240: fixtures/large_file.bin
2025/04/30 15:22:57 Sent ACK for chunk 5161
2025/04/30 15:22:57 Received ACK for chunk 5162/10240
Received chunk 5163/10240: fixtures/large_file.bin
2025/04/30 15:22:57 Sent ACK for chunk 5162
2025/04/30 15:22:57 Received ACK for chunk 5163/10240
Received chunk 5164/10240: fixtures/large_file.bin
2025/04/30 15:22:57 Sent ACK for chunk 5163
2025/04/30 15:22:57 Received ACK for chunk 5164/10240
Received chunk 5165/10240: fixtures/large_file.bin
2025/04/30 15:22:57 Sent ACK for chunk 5164
2025/04/30 15:22:57 Received ACK for chunk 5165/10240
Received chunk 5166/10240: fixtures/large_file.bin
2025/04/30 15:22:57 Sent ACK for chunk 5165
2025/04/30 15:22:57 Received ACK for chunk 5166/10240
Received chunk 5167/10240: fixtures/large_file.bin
2025/04/30 15:22:57 Sent ACK for chunk 5166
2025/04/30 15:22:57 Received ACK for chunk 5167/10240
Received chunk 5168/10240: fixtures/large_file.bin
2025/04/30 15:22:57 Sent ACK for chunk 5167
2025/04/30 15:22:57 Received ACK for chunk 5168/10240
Received chunk 5169/10240: fixtures/large_file.bin
2025/04/30 15:22:57 Sent ACK for chunk 5168
2025/04/30 15:22:57 Received ACK for chunk 5169/10240
Received chunk 5170/10240: fixtures/large_file.bin
2025/04/30 15:22:57 Sent ACK for chunk 5169
2025/04/30 15:22:57 Received ACK for chunk 5170/10240
Received chunk 5171/10240: fixtures/large_file.bin
2025/04/30 15:22:57 Sent ACK for chunk 5170
2025/04/30 15:22:57 Received ACK for chunk 5171/10240
Received chunk 5172/10240: fixtures/large_file.bin
2025/04/30 15:22:57 Sent ACK for chunk 5171
2025/04/30 15:22:57 Received ACK for chunk 5172/10240
Received chunk 5173/10240: fixtures/large_file.bin
2025/04/30 15:22:57 Sent ACK for chunk 5172
2025/04/30 15:22:57 Received ACK for chunk 5173/10240
Received chunk 5174/10240: fixtures/large_file.bin
2025/04/30 15:22:57 Sent ACK for chunk 5173
2025/04/30 15:22:57 Received ACK for chunk 5174/10240
Received chunk 5175/10240: fixtures/large_file.bin
2025/04/30 15:22:57 Sent ACK for chunk 5174
2025/04/30 15:22:57 Received ACK for chunk 5175/10240
Received chunk 5176/10240: fixtures/large_file.bin
2025/04/30 15:22:57 Sent ACK for chunk 5175
2025/04/30 15:22:57 Received ACK for chunk 5176/10240
Received chunk 5177/10240: fixtures/large_file.bin
2025/04/30 15:22:57 Sent ACK for chunk 5176
2025/04/30 15:22:57 Received ACK for chunk 5177/10240
Received chunk 5178/10240: fixtures/large_file.bin
2025/04/30 15:22:57 Sent ACK for chunk 5177
2025/04/30 15:22:57 Received ACK for chunk 5178/10240
Received chunk 5179/10240: fixtures/large_file.bin
2025/04/30 15:22:57 Sent ACK for chunk 5178
2025/04/30 15:22:57 Received ACK for chunk 5179/10240
Received chunk 5180/10240: fixtures/large_file.bin
2025/04/30 15:22:57 Sent ACK for chunk 5179
2025/04/30 15:22:57 Received ACK for chunk 5180/10240
Received chunk 5181/10240: fixtures/large_file.bin
2025/04/30 15:22:57 Sent ACK for chunk 5180
2025/04/30 15:22:57 Received ACK for chunk 5181/10240
Received chunk 5182/10240: fixtures/large_file.bin
2025/04/30 15:22:57 Sent ACK for chunk 5181
2025/04/30 15:22:57 Received ACK for chunk 5182/10240
Received chunk 5183/10240: fixtures/large_file.bin
2025/04/30 15:22:57 Sent ACK for chunk 5182
2025/04/30 15:22:57 Received ACK for chunk 5183/10240
Received chunk 5184/10240: fixtures/large_file.bin
2025/04/30 15:22:57 Sent ACK for chunk 5183
2025/04/30 15:22:57 Received ACK for chunk 5184/10240
Received chunk 5185/10240: fixtures/large_file.bin
2025/04/30 15:22:57 Sent ACK for chunk 5184
2025/04/30 15:22:57 Received ACK for chunk 5185/10240
Received chunk 5186/10240: fixtures/large_file.bin
2025/04/30 15:22:57 Sent ACK for chunk 5185
2025/04/30 15:22:57 Received ACK for chunk 5186/10240
Received chunk 5187/10240: fixtures/large_file.bin
2025/04/30 15:22:57 Sent ACK for chunk 5186
2025/04/30 15:22:57 Received ACK for chunk 5187/10240
Received chunk 5188/10240: fixtures/large_file.bin
2025/04/30 15:22:57 Sent ACK for chunk 5187
2025/04/30 15:22:57 Received ACK for chunk 5188/10240
Received chunk 5189/10240: fixtures/large_file.bin
2025/04/30 15:22:57 Sent ACK for chunk 5188
2025/04/30 15:22:57 Received ACK for chunk 5189/10240
Received chunk 5190/10240: fixtures/large_file.bin
2025/04/30 15:22:57 Sent ACK for chunk 5189
2025/04/30 15:22:57 Received ACK for chunk 5190/10240
Received chunk 5191/10240: fixtures/large_file.bin
2025/04/30 15:22:57 Sent ACK for chunk 5190
2025/04/30 15:22:57 Received ACK for chunk 5191/10240
Received chunk 5192/10240: fixtures/large_file.bin
2025/04/30 15:22:57 Sent ACK for chunk 5191
2025/04/30 15:22:57 Received ACK for chunk 5192/10240
Received chunk 5193/10240: fixtures/large_file.bin
2025/04/30 15:22:57 Sent ACK for chunk 5192
2025/04/30 15:22:57 Received ACK for chunk 5193/10240
Received chunk 5194/10240: fixtures/large_file.bin
2025/04/30 15:22:57 Sent ACK for chunk 5193
2025/04/30 15:22:57 Received ACK for chunk 5194/10240
Received chunk 5195/10240: fixtures/large_file.bin
2025/04/30 15:22:57 Sent ACK for chunk 5194
2025/04/30 15:22:57 Received ACK for chunk 5195/10240
Received chunk 5196/10240: fixtures/large_file.bin
2025/04/30 15:22:57 Sent ACK for chunk 5195
2025/04/30 15:22:57 Received ACK for chunk 5196/10240
Received chunk 5197/10240: fixtures/large_file.bin
2025/04/30 15:22:57 Sent ACK for chunk 5196
2025/04/30 15:22:57 Received ACK for chunk 5197/10240
Received chunk 5198/10240: fixtures/large_file.bin
2025/04/30 15:22:57 Sent ACK for chunk 5197
2025/04/30 15:22:57 Received ACK for chunk 5198/10240
Received chunk 5199/10240: fixtures/large_file.bin
2025/04/30 15:22:57 Sent ACK for chunk 5198
2025/04/30 15:22:57 Received ACK for chunk 5199/10240
Received chunk 5200/10240: fixtures/large_file.bin
2025/04/30 15:22:57 Sent ACK for chunk 5199
2025/04/30 15:22:57 Received ACK for chunk 5200/10240
Received chunk 5201/10240: fixtures/large_file.bin
2025/04/30 15:22:57 Sent ACK for chunk 5200
2025/04/30 15:22:57 Received ACK for chunk 5201/10240
Received chunk 5202/10240: fixtures/large_file.bin
2025/04/30 15:22:57 Sent ACK for chunk 5201
2025/04/30 15:22:57 Received ACK for chunk 5202/10240
Received chunk 5203/10240: fixtures/large_file.bin
2025/04/30 15:22:57 Sent ACK for chunk 5202
2025/04/30 15:22:57 Received ACK for chunk 5203/10240
Received chunk 5204/10240: fixtures/large_file.bin
2025/04/30 15:22:57 Sent ACK for chunk 5203
2025/04/30 15:22:57 Received ACK for chunk 5204/10240
Received chunk 5205/10240: fixtures/large_file.bin
2025/04/30 15:22:57 Sent ACK for chunk 5204
2025/04/30 15:22:57 Received ACK for chunk 5205/10240
Received chunk 5206/10240: fixtures/large_file.bin
2025/04/30 15:22:57 Sent ACK for chunk 5205
2025/04/30 15:22:57 Received ACK for chunk 5206/10240
Received chunk 5207/10240: fixtures/large_file.bin
2025/04/30 15:22:57 Sent ACK for chunk 5206
2025/04/30 15:22:57 Received ACK for chunk 5207/10240
Received chunk 5208/10240: fixtures/large_file.bin
2025/04/30 15:22:57 Sent ACK for chunk 5207
2025/04/30 15:22:57 Received ACK for chunk 5208/10240
Received chunk 5209/10240: fixtures/large_file.bin
2025/04/30 15:22:57 Sent ACK for chunk 5208
2025/04/30 15:22:57 Received ACK for chunk 5209/10240
Received chunk 5210/10240: fixtures/large_file.bin
2025/04/30 15:22:57 Sent ACK for chunk 5209
2025/04/30 15:22:57 Received ACK for chunk 5210/10240
Received chunk 5211/10240: fixtures/large_file.bin
2025/04/30 15:22:57 Sent ACK for chunk 5210
2025/04/30 15:22:57 Received ACK for chunk 5211/10240
Received chunk 5212/10240: fixtures/large_file.bin
2025/04/30 15:22:57 Sent ACK for chunk 5211
2025/04/30 15:22:57 Received ACK for chunk 5212/10240
Received chunk 5213/10240: fixtures/large_file.bin
2025/04/30 15:22:57 Sent ACK for chunk 5212
2025/04/30 15:22:57 Received ACK for chunk 5213/10240
Received chunk 5214/10240: fixtures/large_file.bin
2025/04/30 15:22:57 Sent ACK for chunk 5213
2025/04/30 15:22:57 Received ACK for chunk 5214/10240
Received chunk 5215/10240: fixtures/large_file.bin
2025/04/30 15:22:57 Sent ACK for chunk 5214
2025/04/30 15:22:57 Received ACK for chunk 5215/10240
Received chunk 5216/10240: fixtures/large_file.bin
2025/04/30 15:22:57 Sent ACK for chunk 5215
2025/04/30 15:22:57 Received ACK for chunk 5216/10240
Received chunk 5217/10240: fixtures/large_file.bin
2025/04/30 15:22:57 Sent ACK for chunk 5216
2025/04/30 15:22:57 Received ACK for chunk 5217/10240
Received chunk 5218/10240: fixtures/large_file.bin
2025/04/30 15:22:57 Sent ACK for chunk 5217
2025/04/30 15:22:57 Received ACK for chunk 5218/10240
Received chunk 5219/10240: fixtures/large_file.bin
2025/04/30 15:22:57 Sent ACK for chunk 5218
2025/04/30 15:22:57 Received ACK for chunk 5219/10240
Received chunk 5220/10240: fixtures/large_file.bin
2025/04/30 15:22:57 Sent ACK for chunk 5219
2025/04/30 15:22:57 Received ACK for chunk 5220/10240
Received chunk 5221/10240: fixtures/large_file.bin
2025/04/30 15:22:57 Sent ACK for chunk 5220
2025/04/30 15:22:57 Received ACK for chunk 5221/10240
Received chunk 5222/10240: fixtures/large_file.bin
2025/04/30 15:22:57 Sent ACK for chunk 5221
2025/04/30 15:22:57 Received ACK for chunk 5222/10240
Received chunk 5223/10240: fixtures/large_file.bin
2025/04/30 15:22:57 Sent ACK for chunk 5222
2025/04/30 15:22:57 Received ACK for chunk 5223/10240
Received chunk 5224/10240: fixtures/large_file.bin
2025/04/30 15:22:57 Sent ACK for chunk 5223
2025/04/30 15:22:57 Received ACK for chunk 5224/10240
Received chunk 5225/10240: fixtures/large_file.bin
2025/04/30 15:22:57 Sent ACK for chunk 5224
2025/04/30 15:22:57 Received ACK for chunk 5225/10240
Received chunk 5226/10240: fixtures/large_file.bin
2025/04/30 15:22:57 Sent ACK for chunk 5225
2025/04/30 15:22:57 Received ACK for chunk 5226/10240
Received chunk 5227/10240: fixtures/large_file.bin
2025/04/30 15:22:57 Sent ACK for chunk 5226
2025/04/30 15:22:57 Received ACK for chunk 5227/10240
Received chunk 5228/10240: fixtures/large_file.bin
2025/04/30 15:22:57 Sent ACK for chunk 5227
2025/04/30 15:22:57 Received ACK for chunk 5228/10240
Received chunk 5229/10240: fixtures/large_file.bin
2025/04/30 15:22:57 Sent ACK for chunk 5228
2025/04/30 15:22:57 Received ACK for chunk 5229/10240
Received chunk 5230/10240: fixtures/large_file.bin
2025/04/30 15:22:57 Sent ACK for chunk 5229
2025/04/30 15:22:57 Received ACK for chunk 5230/10240
Received chunk 5231/10240: fixtures/large_file.bin
2025/04/30 15:22:57 Sent ACK for chunk 5230
2025/04/30 15:22:57 Received ACK for chunk 5231/10240
Received chunk 5232/10240: fixtures/large_file.bin
2025/04/30 15:22:57 Sent ACK for chunk 5231
2025/04/30 15:22:57 Received ACK for chunk 5232/10240
Received chunk 5233/10240: fixtures/large_file.bin
2025/04/30 15:22:57 Sent ACK for chunk 5232
2025/04/30 15:22:57 Received ACK for chunk 5233/10240
Received chunk 5234/10240: fixtures/large_file.bin
2025/04/30 15:22:57 Sent ACK for chunk 5233
2025/04/30 15:22:57 Received ACK for chunk 5234/10240
Received chunk 5235/10240: fixtures/large_file.bin
2025/04/30 15:22:57 Sent ACK for chunk 5234
2025/04/30 15:22:57 Received ACK for chunk 5235/10240
Received chunk 5236/10240: fixtures/large_file.bin
2025/04/30 15:22:57 Sent ACK for chunk 5235
2025/04/30 15:22:57 Received ACK for chunk 5236/10240
Received chunk 5237/10240: fixtures/large_file.bin
2025/04/30 15:22:57 Sent ACK for chunk 5236
2025/04/30 15:22:57 Received ACK for chunk 5237/10240
Received chunk 5238/10240: fixtures/large_file.bin
2025/04/30 15:22:57 Sent ACK for chunk 5237
2025/04/30 15:22:57 Received ACK for chunk 5238/10240
Received chunk 5239/10240: fixtures/large_file.bin
2025/04/30 15:22:57 Sent ACK for chunk 5238
2025/04/30 15:22:57 Received ACK for chunk 5239/10240
Received chunk 5240/10240: fixtures/large_file.bin
2025/04/30 15:22:57 Sent ACK for chunk 5239
2025/04/30 15:22:57 Received ACK for chunk 5240/10240
Received chunk 5241/10240: fixtures/large_file.bin
2025/04/30 15:22:57 Sent ACK for chunk 5240
2025/04/30 15:22:57 Received ACK for chunk 5241/10240
Received chunk 5242/10240: fixtures/large_file.bin
2025/04/30 15:22:57 Sent ACK for chunk 5241
2025/04/30 15:22:57 Received ACK for chunk 5242/10240
Received chunk 5243/10240: fixtures/large_file.bin
2025/04/30 15:22:57 Sent ACK for chunk 5242
2025/04/30 15:22:57 Received ACK for chunk 5243/10240
Received chunk 5244/10240: fixtures/large_file.bin
2025/04/30 15:22:57 Sent ACK for chunk 5243
2025/04/30 15:22:57 Received ACK for chunk 5244/10240
Received chunk 5245/10240: fixtures/large_file.bin
2025/04/30 15:22:57 Sent ACK for chunk 5244
2025/04/30 15:22:57 Received ACK for chunk 5245/10240
Received chunk 5246/10240: fixtures/large_file.bin
2025/04/30 15:22:57 Sent ACK for chunk 5245
2025/04/30 15:22:57 Received ACK for chunk 5246/10240
Received chunk 5247/10240: fixtures/large_file.bin
2025/04/30 15:22:57 Sent ACK for chunk 5246
2025/04/30 15:22:57 Received ACK for chunk 5247/10240
Received chunk 5248/10240: fixtures/large_file.bin
2025/04/30 15:22:57 Sent ACK for chunk 5247
2025/04/30 15:22:57 Received ACK for chunk 5248/10240
Received chunk 5249/10240: fixtures/large_file.bin
2025/04/30 15:22:57 Sent ACK for chunk 5248
2025/04/30 15:22:57 Received ACK for chunk 5249/10240
Received chunk 5250/10240: fixtures/large_file.bin
2025/04/30 15:22:57 Sent ACK for chunk 5249
2025/04/30 15:22:57 Received ACK for chunk 5250/10240
Received chunk 5251/10240: fixtures/large_file.bin
2025/04/30 15:22:57 Sent ACK for chunk 5250
2025/04/30 15:22:57 Received ACK for chunk 5251/10240
Received chunk 5252/10240: fixtures/large_file.bin
2025/04/30 15:22:57 Sent ACK for chunk 5251
2025/04/30 15:22:57 Received ACK for chunk 5252/10240
Received chunk 5253/10240: fixtures/large_file.bin
2025/04/30 15:22:57 Sent ACK for chunk 5252
2025/04/30 15:22:57 Received ACK for chunk 5253/10240
Received chunk 5254/10240: fixtures/large_file.bin
2025/04/30 15:22:57 Sent ACK for chunk 5253
2025/04/30 15:22:57 Received ACK for chunk 5254/10240
Received chunk 5255/10240: fixtures/large_file.bin
2025/04/30 15:22:57 Sent ACK for chunk 5254
2025/04/30 15:22:57 Received ACK for chunk 5255/10240
Received chunk 5256/10240: fixtures/large_file.bin
2025/04/30 15:22:57 Sent ACK for chunk 5255
2025/04/30 15:22:57 Received ACK for chunk 5256/10240
Received chunk 5257/10240: fixtures/large_file.bin
2025/04/30 15:22:57 Sent ACK for chunk 5256
2025/04/30 15:22:57 Received ACK for chunk 5257/10240
Received chunk 5258/10240: fixtures/large_file.bin
2025/04/30 15:22:57 Sent ACK for chunk 5257
2025/04/30 15:22:57 Received ACK for chunk 5258/10240
Received chunk 5259/10240: fixtures/large_file.bin
2025/04/30 15:22:57 Sent ACK for chunk 5258
2025/04/30 15:22:57 Received ACK for chunk 5259/10240
Received chunk 5260/10240: fixtures/large_file.bin
2025/04/30 15:22:57 Sent ACK for chunk 5259
2025/04/30 15:22:57 Received ACK for chunk 5260/10240
Received chunk 5261/10240: fixtures/large_file.bin
2025/04/30 15:22:57 Sent ACK for chunk 5260
2025/04/30 15:22:57 Received ACK for chunk 5261/10240
Received chunk 5262/10240: fixtures/large_file.bin
2025/04/30 15:22:57 Sent ACK for chunk 5261
2025/04/30 15:22:57 Received ACK for chunk 5262/10240
Received chunk 5263/10240: fixtures/large_file.bin
2025/04/30 15:22:57 Sent ACK for chunk 5262
2025/04/30 15:22:57 Received ACK for chunk 5263/10240
Received chunk 5264/10240: fixtures/large_file.bin
2025/04/30 15:22:57 Sent ACK for chunk 5263
2025/04/30 15:22:57 Received ACK for chunk 5264/10240
Received chunk 5265/10240: fixtures/large_file.bin
2025/04/30 15:22:57 Sent ACK for chunk 5264
2025/04/30 15:22:57 Received ACK for chunk 5265/10240
Received chunk 5266/10240: fixtures/large_file.bin
2025/04/30 15:22:57 Sent ACK for chunk 5265
2025/04/30 15:22:57 Received ACK for chunk 5266/10240
Received chunk 5267/10240: fixtures/large_file.bin
2025/04/30 15:22:57 Sent ACK for chunk 5266
2025/04/30 15:22:57 Received ACK for chunk 5267/10240
Received chunk 5268/10240: fixtures/large_file.bin
2025/04/30 15:22:57 Sent ACK for chunk 5267
2025/04/30 15:22:57 Received ACK for chunk 5268/10240
Received chunk 5269/10240: fixtures/large_file.bin
2025/04/30 15:22:57 Sent ACK for chunk 5268
2025/04/30 15:22:57 Received ACK for chunk 5269/10240
Received chunk 5270/10240: fixtures/large_file.bin
2025/04/30 15:22:57 Sent ACK for chunk 5269
2025/04/30 15:22:57 Received ACK for chunk 5270/10240
Received chunk 5271/10240: fixtures/large_file.bin
2025/04/30 15:22:57 Sent ACK for chunk 5270
2025/04/30 15:22:57 Received ACK for chunk 5271/10240
Received chunk 5272/10240: fixtures/large_file.bin
2025/04/30 15:22:57 Sent ACK for chunk 5271
2025/04/30 15:22:57 Received ACK for chunk 5272/10240
Received chunk 5273/10240: fixtures/large_file.bin
2025/04/30 15:22:57 Sent ACK for chunk 5272
2025/04/30 15:22:57 Received ACK for chunk 5273/10240
Received chunk 5274/10240: fixtures/large_file.bin
2025/04/30 15:22:57 Sent ACK for chunk 5273
2025/04/30 15:22:57 Received ACK for chunk 5274/10240
Received chunk 5275/10240: fixtures/large_file.bin
2025/04/30 15:22:57 Sent ACK for chunk 5274
2025/04/30 15:22:57 Received ACK for chunk 5275/10240
Received chunk 5276/10240: fixtures/large_file.bin
2025/04/30 15:22:57 Sent ACK for chunk 5275
2025/04/30 15:22:57 Received ACK for chunk 5276/10240
Received chunk 5277/10240: fixtures/large_file.bin
2025/04/30 15:22:57 Sent ACK for chunk 5276
2025/04/30 15:22:57 Received ACK for chunk 5277/10240
Received chunk 5278/10240: fixtures/large_file.bin
2025/04/30 15:22:57 Sent ACK for chunk 5277
2025/04/30 15:22:57 Received ACK for chunk 5278/10240
Received chunk 5279/10240: fixtures/large_file.bin
2025/04/30 15:22:57 Sent ACK for chunk 5278
2025/04/30 15:22:57 Received ACK for chunk 5279/10240
Received chunk 5280/10240: fixtures/large_file.bin
2025/04/30 15:22:57 Sent ACK for chunk 5279
2025/04/30 15:22:57 Received ACK for chunk 5280/10240
Received chunk 5281/10240: fixtures/large_file.bin
2025/04/30 15:22:57 Sent ACK for chunk 5280
2025/04/30 15:22:57 Received ACK for chunk 5281/10240
Received chunk 5282/10240: fixtures/large_file.bin
2025/04/30 15:22:57 Sent ACK for chunk 5281
2025/04/30 15:22:57 Received ACK for chunk 5282/10240
Received chunk 5283/10240: fixtures/large_file.bin
2025/04/30 15:22:57 Sent ACK for chunk 5282
2025/04/30 15:22:57 Received ACK for chunk 5283/10240
Received chunk 5284/10240: fixtures/large_file.bin
2025/04/30 15:22:57 Sent ACK for chunk 5283
2025/04/30 15:22:57 Received ACK for chunk 5284/10240
Received chunk 5285/10240: fixtures/large_file.bin
2025/04/30 15:22:57 Sent ACK for chunk 5284
2025/04/30 15:22:57 Received ACK for chunk 5285/10240
Received chunk 5286/10240: fixtures/large_file.bin
2025/04/30 15:22:57 Sent ACK for chunk 5285
2025/04/30 15:22:57 Received ACK for chunk 5286/10240
Received chunk 5287/10240: fixtures/large_file.bin
2025/04/30 15:22:57 Sent ACK for chunk 5286
2025/04/30 15:22:57 Received ACK for chunk 5287/10240
Received chunk 5288/10240: fixtures/large_file.bin
2025/04/30 15:22:57 Sent ACK for chunk 5287
2025/04/30 15:22:57 Received ACK for chunk 5288/10240
Received chunk 5289/10240: fixtures/large_file.bin
2025/04/30 15:22:57 Sent ACK for chunk 5288
2025/04/30 15:22:57 Received ACK for chunk 5289/10240
Received chunk 5290/10240: fixtures/large_file.bin
2025/04/30 15:22:57 Sent ACK for chunk 5289
2025/04/30 15:22:57 Received ACK for chunk 5290/10240
Received chunk 5291/10240: fixtures/large_file.bin
2025/04/30 15:22:57 Sent ACK for chunk 5290
2025/04/30 15:22:57 Received ACK for chunk 5291/10240
Received chunk 5292/10240: fixtures/large_file.bin
2025/04/30 15:22:57 Sent ACK for chunk 5291
2025/04/30 15:22:57 Received ACK for chunk 5292/10240
Received chunk 5293/10240: fixtures/large_file.bin
2025/04/30 15:22:57 Sent ACK for chunk 5292
2025/04/30 15:22:57 Received ACK for chunk 5293/10240
Received chunk 5294/10240: fixtures/large_file.bin
2025/04/30 15:22:57 Sent ACK for chunk 5293
2025/04/30 15:22:57 Received ACK for chunk 5294/10240
Received chunk 5295/10240: fixtures/large_file.bin
2025/04/30 15:22:57 Sent ACK for chunk 5294
2025/04/30 15:22:57 Received ACK for chunk 5295/10240
Received chunk 5296/10240: fixtures/large_file.bin
2025/04/30 15:22:57 Sent ACK for chunk 5295
2025/04/30 15:22:57 Received ACK for chunk 5296/10240
Received chunk 5297/10240: fixtures/large_file.bin
2025/04/30 15:22:57 Sent ACK for chunk 5296
2025/04/30 15:22:57 Received ACK for chunk 5297/10240
Received chunk 5298/10240: fixtures/large_file.bin
2025/04/30 15:22:57 Sent ACK for chunk 5297
2025/04/30 15:22:57 Received ACK for chunk 5298/10240
Received chunk 5299/10240: fixtures/large_file.bin
2025/04/30 15:22:57 Sent ACK for chunk 5298
2025/04/30 15:22:57 Received ACK for chunk 5299/10240
Received chunk 5300/10240: fixtures/large_file.bin
2025/04/30 15:22:57 Sent ACK for chunk 5299
2025/04/30 15:22:57 Received ACK for chunk 5300/10240
Received chunk 5301/10240: fixtures/large_file.bin
2025/04/30 15:22:57 Sent ACK for chunk 5300
2025/04/30 15:22:57 Received ACK for chunk 5301/10240
Received chunk 5302/10240: fixtures/large_file.bin
2025/04/30 15:22:57 Sent ACK for chunk 5301
2025/04/30 15:22:57 Received ACK for chunk 5302/10240
Received chunk 5303/10240: fixtures/large_file.bin
2025/04/30 15:22:57 Sent ACK for chunk 5302
2025/04/30 15:22:57 Received ACK for chunk 5303/10240
Received chunk 5304/10240: fixtures/large_file.bin
2025/04/30 15:22:57 Sent ACK for chunk 5303
2025/04/30 15:22:57 Received ACK for chunk 5304/10240
Received chunk 5305/10240: fixtures/large_file.bin
2025/04/30 15:22:57 Sent ACK for chunk 5304
2025/04/30 15:22:57 Received ACK for chunk 5305/10240
Received chunk 5306/10240: fixtures/large_file.bin
2025/04/30 15:22:57 Sent ACK for chunk 5305
2025/04/30 15:22:57 Received ACK for chunk 5306/10240
Received chunk 5307/10240: fixtures/large_file.bin
2025/04/30 15:22:57 Sent ACK for chunk 5306
2025/04/30 15:22:57 Received ACK for chunk 5307/10240
Received chunk 5308/10240: fixtures/large_file.bin
2025/04/30 15:22:57 Sent ACK for chunk 5307
2025/04/30 15:22:57 Received ACK for chunk 5308/10240
Received chunk 5309/10240: fixtures/large_file.bin
2025/04/30 15:22:57 Sent ACK for chunk 5308
2025/04/30 15:22:57 Received ACK for chunk 5309/10240
Received chunk 5310/10240: fixtures/large_file.bin
2025/04/30 15:22:57 Sent ACK for chunk 5309
2025/04/30 15:22:57 Received ACK for chunk 5310/10240
Received chunk 5311/10240: fixtures/large_file.bin
2025/04/30 15:22:57 Sent ACK for chunk 5310
2025/04/30 15:22:57 Received ACK for chunk 5311/10240
Received chunk 5312/10240: fixtures/large_file.bin
2025/04/30 15:22:57 Sent ACK for chunk 5311
2025/04/30 15:22:57 Received ACK for chunk 5312/10240
Received chunk 5313/10240: fixtures/large_file.bin
2025/04/30 15:22:57 Sent ACK for chunk 5312
2025/04/30 15:22:57 Received ACK for chunk 5313/10240
Received chunk 5314/10240: fixtures/large_file.bin
2025/04/30 15:22:57 Sent ACK for chunk 5313
2025/04/30 15:22:57 Received ACK for chunk 5314/10240
Received chunk 5315/10240: fixtures/large_file.bin
2025/04/30 15:22:57 Sent ACK for chunk 5314
2025/04/30 15:22:57 Received ACK for chunk 5315/10240
Received chunk 5316/10240: fixtures/large_file.bin
2025/04/30 15:22:57 Sent ACK for chunk 5315
2025/04/30 15:22:57 Received ACK for chunk 5316/10240
Received chunk 5317/10240: fixtures/large_file.bin
2025/04/30 15:22:57 Sent ACK for chunk 5316
2025/04/30 15:22:57 Received ACK for chunk 5317/10240
Received chunk 5318/10240: fixtures/large_file.bin
2025/04/30 15:22:57 Sent ACK for chunk 5317
2025/04/30 15:22:57 Received ACK for chunk 5318/10240
Received chunk 5319/10240: fixtures/large_file.bin
2025/04/30 15:22:57 Sent ACK for chunk 5318
2025/04/30 15:22:57 Received ACK for chunk 5319/10240
Received chunk 5320/10240: fixtures/large_file.bin
2025/04/30 15:22:57 Sent ACK for chunk 5319
2025/04/30 15:22:57 Received ACK for chunk 5320/10240
Received chunk 5321/10240: fixtures/large_file.bin
2025/04/30 15:22:57 Sent ACK for chunk 5320
2025/04/30 15:22:57 Received ACK for chunk 5321/10240
Received chunk 5322/10240: fixtures/large_file.bin
2025/04/30 15:22:57 Sent ACK for chunk 5321
2025/04/30 15:22:57 Received ACK for chunk 5322/10240
Received chunk 5323/10240: fixtures/large_file.bin
2025/04/30 15:22:57 Sent ACK for chunk 5322
2025/04/30 15:22:57 Received ACK for chunk 5323/10240
Received chunk 5324/10240: fixtures/large_file.bin
2025/04/30 15:22:57 Sent ACK for chunk 5323
2025/04/30 15:22:57 Received ACK for chunk 5324/10240
Received chunk 5325/10240: fixtures/large_file.bin
2025/04/30 15:22:57 Sent ACK for chunk 5324
2025/04/30 15:22:57 Received ACK for chunk 5325/10240
Received chunk 5326/10240: fixtures/large_file.bin
2025/04/30 15:22:57 Sent ACK for chunk 5325
2025/04/30 15:22:57 Received ACK for chunk 5326/10240
Received chunk 5327/10240: fixtures/large_file.bin
2025/04/30 15:22:57 Sent ACK for chunk 5326
2025/04/30 15:22:57 Received ACK for chunk 5327/10240
Received chunk 5328/10240: fixtures/large_file.bin
2025/04/30 15:22:57 Sent ACK for chunk 5327
2025/04/30 15:22:57 Received ACK for chunk 5328/10240
Received chunk 5329/10240: fixtures/large_file.bin
2025/04/30 15:22:57 Sent ACK for chunk 5328
2025/04/30 15:22:57 Received ACK for chunk 5329/10240
Received chunk 5330/10240: fixtures/large_file.bin
2025/04/30 15:22:57 Sent ACK for chunk 5329
2025/04/30 15:22:57 Received ACK for chunk 5330/10240
Received chunk 5331/10240: fixtures/large_file.bin
2025/04/30 15:22:57 Sent ACK for chunk 5330
2025/04/30 15:22:57 Received ACK for chunk 5331/10240
Received chunk 5332/10240: fixtures/large_file.bin
2025/04/30 15:22:57 Sent ACK for chunk 5331
2025/04/30 15:22:57 Received ACK for chunk 5332/10240
Received chunk 5333/10240: fixtures/large_file.bin
2025/04/30 15:22:57 Sent ACK for chunk 5332
2025/04/30 15:22:57 Received ACK for chunk 5333/10240
Received chunk 5334/10240: fixtures/large_file.bin
2025/04/30 15:22:57 Sent ACK for chunk 5333
2025/04/30 15:22:57 Received ACK for chunk 5334/10240
Received chunk 5335/10240: fixtures/large_file.bin
2025/04/30 15:22:57 Sent ACK for chunk 5334
2025/04/30 15:22:57 Received ACK for chunk 5335/10240
Received chunk 5336/10240: fixtures/large_file.bin
2025/04/30 15:22:57 Sent ACK for chunk 5335
2025/04/30 15:22:57 Received ACK for chunk 5336/10240
Received chunk 5337/10240: fixtures/large_file.bin
2025/04/30 15:22:57 Sent ACK for chunk 5336
2025/04/30 15:22:57 Received ACK for chunk 5337/10240
Received chunk 5338/10240: fixtures/large_file.bin
2025/04/30 15:22:57 Sent ACK for chunk 5337
2025/04/30 15:22:57 Received ACK for chunk 5338/10240
Received chunk 5339/10240: fixtures/large_file.bin
2025/04/30 15:22:57 Sent ACK for chunk 5338
2025/04/30 15:22:57 Received ACK for chunk 5339/10240
Received chunk 5340/10240: fixtures/large_file.bin
2025/04/30 15:22:57 Sent ACK for chunk 5339
2025/04/30 15:22:57 Received ACK for chunk 5340/10240
Received chunk 5341/10240: fixtures/large_file.bin
2025/04/30 15:22:57 Sent ACK for chunk 5340
2025/04/30 15:22:57 Received ACK for chunk 5341/10240
Received chunk 5342/10240: fixtures/large_file.bin
2025/04/30 15:22:57 Sent ACK for chunk 5341
2025/04/30 15:22:57 Received ACK for chunk 5342/10240
Received chunk 5343/10240: fixtures/large_file.bin
2025/04/30 15:22:57 Sent ACK for chunk 5342
2025/04/30 15:22:57 Received ACK for chunk 5343/10240
Received chunk 5344/10240: fixtures/large_file.bin
2025/04/30 15:22:57 Sent ACK for chunk 5343
2025/04/30 15:22:57 Received ACK for chunk 5344/10240
Received chunk 5345/10240: fixtures/large_file.bin
2025/04/30 15:22:57 Sent ACK for chunk 5344
2025/04/30 15:22:57 Received ACK for chunk 5345/10240
Received chunk 5346/10240: fixtures/large_file.bin
2025/04/30 15:22:57 Sent ACK for chunk 5345
2025/04/30 15:22:57 Received ACK for chunk 5346/10240
Received chunk 5347/10240: fixtures/large_file.bin
2025/04/30 15:22:57 Sent ACK for chunk 5346
2025/04/30 15:22:57 Received ACK for chunk 5347/10240
Received chunk 5348/10240: fixtures/large_file.bin
2025/04/30 15:22:57 Sent ACK for chunk 5347
2025/04/30 15:22:57 Received ACK for chunk 5348/10240
Received chunk 5349/10240: fixtures/large_file.bin
2025/04/30 15:22:57 Sent ACK for chunk 5348
2025/04/30 15:22:57 Received ACK for chunk 5349/10240
Received chunk 5350/10240: fixtures/large_file.bin
2025/04/30 15:22:57 Sent ACK for chunk 5349
2025/04/30 15:22:57 Received ACK for chunk 5350/10240
Received chunk 5351/10240: fixtures/large_file.bin
2025/04/30 15:22:57 Sent ACK for chunk 5350
2025/04/30 15:22:57 Received ACK for chunk 5351/10240
Received chunk 5352/10240: fixtures/large_file.bin
2025/04/30 15:22:57 Sent ACK for chunk 5351
2025/04/30 15:22:57 Received ACK for chunk 5352/10240
Received chunk 5353/10240: fixtures/large_file.bin
2025/04/30 15:22:57 Sent ACK for chunk 5352
2025/04/30 15:22:57 Received ACK for chunk 5353/10240
Received chunk 5354/10240: fixtures/large_file.bin
2025/04/30 15:22:57 Sent ACK for chunk 5353
2025/04/30 15:22:57 Received ACK for chunk 5354/10240
Received chunk 5355/10240: fixtures/large_file.bin
2025/04/30 15:22:57 Sent ACK for chunk 5354
2025/04/30 15:22:57 Received ACK for chunk 5355/10240
Received chunk 5356/10240: fixtures/large_file.bin
2025/04/30 15:22:57 Sent ACK for chunk 5355
2025/04/30 15:22:57 Received ACK for chunk 5356/10240
Received chunk 5357/10240: fixtures/large_file.bin
2025/04/30 15:22:57 Sent ACK for chunk 5356
2025/04/30 15:22:57 Received ACK for chunk 5357/10240
Received chunk 5358/10240: fixtures/large_file.bin
2025/04/30 15:22:57 Sent ACK for chunk 5357
2025/04/30 15:22:57 Received ACK for chunk 5358/10240
Received chunk 5359/10240: fixtures/large_file.bin
2025/04/30 15:22:57 Sent ACK for chunk 5358
2025/04/30 15:22:57 Received ACK for chunk 5359/10240
Received chunk 5360/10240: fixtures/large_file.bin
2025/04/30 15:22:57 Sent ACK for chunk 5359
2025/04/30 15:22:57 Received ACK for chunk 5360/10240
Received chunk 5361/10240: fixtures/large_file.bin
2025/04/30 15:22:57 Sent ACK for chunk 5360
2025/04/30 15:22:57 Received ACK for chunk 5361/10240
Received chunk 5362/10240: fixtures/large_file.bin
2025/04/30 15:22:57 Sent ACK for chunk 5361
2025/04/30 15:22:57 Received ACK for chunk 5362/10240
Received chunk 5363/10240: fixtures/large_file.bin
2025/04/30 15:22:57 Sent ACK for chunk 5362
2025/04/30 15:22:57 Received ACK for chunk 5363/10240
Received chunk 5364/10240: fixtures/large_file.bin
2025/04/30 15:22:57 Sent ACK for chunk 5363
2025/04/30 15:22:57 Received ACK for chunk 5364/10240
Received chunk 5365/10240: fixtures/large_file.bin
2025/04/30 15:22:57 Sent ACK for chunk 5364
2025/04/30 15:22:57 Received ACK for chunk 5365/10240
Received chunk 5366/10240: fixtures/large_file.bin
2025/04/30 15:22:57 Sent ACK for chunk 5365
2025/04/30 15:22:57 Received ACK for chunk 5366/10240
Received chunk 5367/10240: fixtures/large_file.bin
2025/04/30 15:22:57 Sent ACK for chunk 5366
2025/04/30 15:22:57 Received ACK for chunk 5367/10240
Received chunk 5368/10240: fixtures/large_file.bin
2025/04/30 15:22:57 Sent ACK for chunk 5367
2025/04/30 15:22:57 Received ACK for chunk 5368/10240
Received chunk 5369/10240: fixtures/large_file.bin
2025/04/30 15:22:57 Sent ACK for chunk 5368
2025/04/30 15:22:57 Received ACK for chunk 5369/10240
Received chunk 5370/10240: fixtures/large_file.bin
2025/04/30 15:22:57 Sent ACK for chunk 5369
2025/04/30 15:22:57 Received ACK for chunk 5370/10240
Received chunk 5371/10240: fixtures/large_file.bin
2025/04/30 15:22:57 Sent ACK for chunk 5370
2025/04/30 15:22:57 Received ACK for chunk 5371/10240
Received chunk 5372/10240: fixtures/large_file.bin
2025/04/30 15:22:57 Sent ACK for chunk 5371
2025/04/30 15:22:57 Received ACK for chunk 5372/10240
Received chunk 5373/10240: fixtures/large_file.bin
2025/04/30 15:22:57 Sent ACK for chunk 5372
2025/04/30 15:22:57 Received ACK for chunk 5373/10240
Received chunk 5374/10240: fixtures/large_file.bin
2025/04/30 15:22:57 Sent ACK for chunk 5373
2025/04/30 15:22:57 Received ACK for chunk 5374/10240
Received chunk 5375/10240: fixtures/large_file.bin
2025/04/30 15:22:57 Sent ACK for chunk 5374
2025/04/30 15:22:57 Received ACK for chunk 5375/10240
Received chunk 5376/10240: fixtures/large_file.bin
2025/04/30 15:22:57 Sent ACK for chunk 5375
2025/04/30 15:22:57 Received ACK for chunk 5376/10240
Received chunk 5377/10240: fixtures/large_file.bin
2025/04/30 15:22:57 Sent ACK for chunk 5376
2025/04/30 15:22:57 Received ACK for chunk 5377/10240
Received chunk 5378/10240: fixtures/large_file.bin
2025/04/30 15:22:57 Sent ACK for chunk 5377
2025/04/30 15:22:57 Received ACK for chunk 5378/10240
Received chunk 5379/10240: fixtures/large_file.bin
2025/04/30 15:22:57 Sent ACK for chunk 5378
2025/04/30 15:22:57 Received ACK for chunk 5379/10240
Received chunk 5380/10240: fixtures/large_file.bin
2025/04/30 15:22:57 Sent ACK for chunk 5379
2025/04/30 15:22:57 Received ACK for chunk 5380/10240
Received chunk 5381/10240: fixtures/large_file.bin
2025/04/30 15:22:57 Sent ACK for chunk 5380
2025/04/30 15:22:57 Received ACK for chunk 5381/10240
Received chunk 5382/10240: fixtures/large_file.bin
2025/04/30 15:22:57 Sent ACK for chunk 5381
2025/04/30 15:22:57 Received ACK for chunk 5382/10240
Received chunk 5383/10240: fixtures/large_file.bin
2025/04/30 15:22:57 Sent ACK for chunk 5382
2025/04/30 15:22:57 Received ACK for chunk 5383/10240
Received chunk 5384/10240: fixtures/large_file.bin
2025/04/30 15:22:57 Sent ACK for chunk 5383
2025/04/30 15:22:57 Received ACK for chunk 5384/10240
Received chunk 5385/10240: fixtures/large_file.bin
2025/04/30 15:22:57 Sent ACK for chunk 5384
2025/04/30 15:22:57 Received ACK for chunk 5385/10240
Received chunk 5386/10240: fixtures/large_file.bin
2025/04/30 15:22:57 Sent ACK for chunk 5385
2025/04/30 15:22:57 Received ACK for chunk 5386/10240
Received chunk 5387/10240: fixtures/large_file.bin
2025/04/30 15:22:57 Sent ACK for chunk 5386
2025/04/30 15:22:57 Received ACK for chunk 5387/10240
Received chunk 5388/10240: fixtures/large_file.bin
2025/04/30 15:22:57 Sent ACK for chunk 5387
2025/04/30 15:22:57 Received ACK for chunk 5388/10240
Received chunk 5389/10240: fixtures/large_file.bin
2025/04/30 15:22:57 Sent ACK for chunk 5388
2025/04/30 15:22:57 Received ACK for chunk 5389/10240
Received chunk 5390/10240: fixtures/large_file.bin
2025/04/30 15:22:57 Sent ACK for chunk 5389
2025/04/30 15:22:57 Received ACK for chunk 5390/10240
Received chunk 5391/10240: fixtures/large_file.bin
2025/04/30 15:22:57 Sent ACK for chunk 5390
2025/04/30 15:22:57 Received ACK for chunk 5391/10240
Received chunk 5392/10240: fixtures/large_file.bin
2025/04/30 15:22:57 Sent ACK for chunk 5391
2025/04/30 15:22:57 Received ACK for chunk 5392/10240
Received chunk 5393/10240: fixtures/large_file.bin
2025/04/30 15:22:57 Sent ACK for chunk 5392
2025/04/30 15:22:57 Received ACK for chunk 5393/10240
Received chunk 5394/10240: fixtures/large_file.bin
2025/04/30 15:22:57 Sent ACK for chunk 5393
2025/04/30 15:22:57 Received ACK for chunk 5394/10240
Received chunk 5395/10240: fixtures/large_file.bin
2025/04/30 15:22:57 Sent ACK for chunk 5394
2025/04/30 15:22:57 Received ACK for chunk 5395/10240
Received chunk 5396/10240: fixtures/large_file.bin
2025/04/30 15:22:57 Sent ACK for chunk 5395
2025/04/30 15:22:57 Received ACK for chunk 5396/10240
Received chunk 5397/10240: fixtures/large_file.bin
2025/04/30 15:22:57 Sent ACK for chunk 5396
2025/04/30 15:22:57 Received ACK for chunk 5397/10240
Received chunk 5398/10240: fixtures/large_file.bin
2025/04/30 15:22:57 Sent ACK for chunk 5397
2025/04/30 15:22:57 Received ACK for chunk 5398/10240
Received chunk 5399/10240: fixtures/large_file.bin
2025/04/30 15:22:57 Sent ACK for chunk 5398
2025/04/30 15:22:57 Received ACK for chunk 5399/10240
Received chunk 5400/10240: fixtures/large_file.bin
2025/04/30 15:22:57 Sent ACK for chunk 5399
2025/04/30 15:22:57 Received ACK for chunk 5400/10240
Received chunk 5401/10240: fixtures/large_file.bin
2025/04/30 15:22:57 Sent ACK for chunk 5400
2025/04/30 15:22:57 Received ACK for chunk 5401/10240
Received chunk 5402/10240: fixtures/large_file.bin
2025/04/30 15:22:57 Sent ACK for chunk 5401
2025/04/30 15:22:57 Received ACK for chunk 5402/10240
Received chunk 5403/10240: fixtures/large_file.bin
2025/04/30 15:22:57 Sent ACK for chunk 5402
2025/04/30 15:22:57 Received ACK for chunk 5403/10240
Received chunk 5404/10240: fixtures/large_file.bin
2025/04/30 15:22:57 Sent ACK for chunk 5403
2025/04/30 15:22:57 Received ACK for chunk 5404/10240
Received chunk 5405/10240: fixtures/large_file.bin
2025/04/30 15:22:57 Sent ACK for chunk 5404
2025/04/30 15:22:57 Received ACK for chunk 5405/10240
Received chunk 5406/10240: fixtures/large_file.bin
2025/04/30 15:22:57 Sent ACK for chunk 5405
2025/04/30 15:22:57 Received ACK for chunk 5406/10240
Received chunk 5407/10240: fixtures/large_file.bin
2025/04/30 15:22:57 Sent ACK for chunk 5406
2025/04/30 15:22:57 Received ACK for chunk 5407/10240
Received chunk 5408/10240: fixtures/large_file.bin
2025/04/30 15:22:57 Sent ACK for chunk 5407
2025/04/30 15:22:57 Received ACK for chunk 5408/10240
Received chunk 5409/10240: fixtures/large_file.bin
2025/04/30 15:22:57 Sent ACK for chunk 5408
2025/04/30 15:22:57 Received ACK for chunk 5409/10240
Received chunk 5410/10240: fixtures/large_file.bin
2025/04/30 15:22:57 Sent ACK for chunk 5409
2025/04/30 15:22:57 Received ACK for chunk 5410/10240
Received chunk 5411/10240: fixtures/large_file.bin
2025/04/30 15:22:57 Sent ACK for chunk 5410
2025/04/30 15:22:57 Received ACK for chunk 5411/10240
Received chunk 5412/10240: fixtures/large_file.bin
2025/04/30 15:22:57 Sent ACK for chunk 5411
2025/04/30 15:22:57 Received ACK for chunk 5412/10240
Received chunk 5413/10240: fixtures/large_file.bin
2025/04/30 15:22:57 Sent ACK for chunk 5412
2025/04/30 15:22:57 Received ACK for chunk 5413/10240
Received chunk 5414/10240: fixtures/large_file.bin
2025/04/30 15:22:57 Sent ACK for chunk 5413
2025/04/30 15:22:57 Received ACK for chunk 5414/10240
Received chunk 5415/10240: fixtures/large_file.bin
2025/04/30 15:22:57 Sent ACK for chunk 5414
2025/04/30 15:22:57 Received ACK for chunk 5415/10240
Received chunk 5416/10240: fixtures/large_file.bin
2025/04/30 15:22:57 Sent ACK for chunk 5415
2025/04/30 15:22:57 Received ACK for chunk 5416/10240
Received chunk 5417/10240: fixtures/large_file.bin
2025/04/30 15:22:57 Sent ACK for chunk 5416
2025/04/30 15:22:57 Received ACK for chunk 5417/10240
Received chunk 5418/10240: fixtures/large_file.bin
2025/04/30 15:22:57 Sent ACK for chunk 5417
2025/04/30 15:22:57 Received ACK for chunk 5418/10240
Received chunk 5419/10240: fixtures/large_file.bin
2025/04/30 15:22:57 Sent ACK for chunk 5418
2025/04/30 15:22:57 Received ACK for chunk 5419/10240
Received chunk 5420/10240: fixtures/large_file.bin
2025/04/30 15:22:57 Sent ACK for chunk 5419
2025/04/30 15:22:57 Received ACK for chunk 5420/10240
Received chunk 5421/10240: fixtures/large_file.bin
2025/04/30 15:22:57 Sent ACK for chunk 5420
2025/04/30 15:22:57 Received ACK for chunk 5421/10240
Received chunk 5422/10240: fixtures/large_file.bin
2025/04/30 15:22:57 Sent ACK for chunk 5421
2025/04/30 15:22:57 Received ACK for chunk 5422/10240
Received chunk 5423/10240: fixtures/large_file.bin
2025/04/30 15:22:57 Sent ACK for chunk 5422
2025/04/30 15:22:57 Received ACK for chunk 5423/10240
Received chunk 5424/10240: fixtures/large_file.bin
2025/04/30 15:22:57 Sent ACK for chunk 5423
2025/04/30 15:22:57 Received ACK for chunk 5424/10240
Received chunk 5425/10240: fixtures/large_file.bin
2025/04/30 15:22:57 Sent ACK for chunk 5424
2025/04/30 15:22:57 Received ACK for chunk 5425/10240
Received chunk 5426/10240: fixtures/large_file.bin
2025/04/30 15:22:57 Sent ACK for chunk 5425
2025/04/30 15:22:57 Received ACK for chunk 5426/10240
Received chunk 5427/10240: fixtures/large_file.bin
2025/04/30 15:22:57 Sent ACK for chunk 5426
2025/04/30 15:22:57 Received ACK for chunk 5427/10240
Received chunk 5428/10240: fixtures/large_file.bin
2025/04/30 15:22:57 Sent ACK for chunk 5427
2025/04/30 15:22:57 Received ACK for chunk 5428/10240
Received chunk 5429/10240: fixtures/large_file.bin
2025/04/30 15:22:57 Sent ACK for chunk 5428
2025/04/30 15:22:57 Received ACK for chunk 5429/10240
Received chunk 5430/10240: fixtures/large_file.bin
2025/04/30 15:22:57 Sent ACK for chunk 5429
2025/04/30 15:22:57 Received ACK for chunk 5430/10240
Received chunk 5431/10240: fixtures/large_file.bin
2025/04/30 15:22:57 Sent ACK for chunk 5430
2025/04/30 15:22:57 Received ACK for chunk 5431/10240
Received chunk 5432/10240: fixtures/large_file.bin
2025/04/30 15:22:57 Sent ACK for chunk 5431
2025/04/30 15:22:57 Received ACK for chunk 5432/10240
Received chunk 5433/10240: fixtures/large_file.bin
2025/04/30 15:22:57 Sent ACK for chunk 5432
2025/04/30 15:22:57 Received ACK for chunk 5433/10240
Received chunk 5434/10240: fixtures/large_file.bin
2025/04/30 15:22:57 Sent ACK for chunk 5433
2025/04/30 15:22:57 Received ACK for chunk 5434/10240
Received chunk 5435/10240: fixtures/large_file.bin
2025/04/30 15:22:57 Sent ACK for chunk 5434
2025/04/30 15:22:57 Received ACK for chunk 5435/10240
Received chunk 5436/10240: fixtures/large_file.bin
2025/04/30 15:22:57 Sent ACK for chunk 5435
2025/04/30 15:22:57 Received ACK for chunk 5436/10240
Received chunk 5437/10240: fixtures/large_file.bin
2025/04/30 15:22:57 Sent ACK for chunk 5436
2025/04/30 15:22:57 Received ACK for chunk 5437/10240
Received chunk 5438/10240: fixtures/large_file.bin
2025/04/30 15:22:57 Sent ACK for chunk 5437
2025/04/30 15:22:57 Received ACK for chunk 5438/10240
Received chunk 5439/10240: fixtures/large_file.bin
2025/04/30 15:22:57 Sent ACK for chunk 5438
2025/04/30 15:22:57 Received ACK for chunk 5439/10240
Received chunk 5440/10240: fixtures/large_file.bin
2025/04/30 15:22:57 Sent ACK for chunk 5439
2025/04/30 15:22:57 Received ACK for chunk 5440/10240
Received chunk 5441/10240: fixtures/large_file.bin
2025/04/30 15:22:57 Sent ACK for chunk 5440
2025/04/30 15:22:57 Received ACK for chunk 5441/10240
Received chunk 5442/10240: fixtures/large_file.bin
2025/04/30 15:22:57 Sent ACK for chunk 5441
2025/04/30 15:22:57 Received ACK for chunk 5442/10240
Received chunk 5443/10240: fixtures/large_file.bin
2025/04/30 15:22:57 Sent ACK for chunk 5442
2025/04/30 15:22:57 Received ACK for chunk 5443/10240
Received chunk 5444/10240: fixtures/large_file.bin
2025/04/30 15:22:57 Sent ACK for chunk 5443
2025/04/30 15:22:57 Received ACK for chunk 5444/10240
Received chunk 5445/10240: fixtures/large_file.bin
2025/04/30 15:22:57 Sent ACK for chunk 5444
2025/04/30 15:22:57 Received ACK for chunk 5445/10240
Received chunk 5446/10240: fixtures/large_file.bin
2025/04/30 15:22:57 Sent ACK for chunk 5445
2025/04/30 15:22:57 Received ACK for chunk 5446/10240
Received chunk 5447/10240: fixtures/large_file.bin
2025/04/30 15:22:57 Sent ACK for chunk 5446
2025/04/30 15:22:57 Received ACK for chunk 5447/10240
Received chunk 5448/10240: fixtures/large_file.bin
2025/04/30 15:22:57 Sent ACK for chunk 5447
2025/04/30 15:22:57 Received ACK for chunk 5448/10240
Received chunk 5449/10240: fixtures/large_file.bin
2025/04/30 15:22:57 Sent ACK for chunk 5448
2025/04/30 15:22:57 Received ACK for chunk 5449/10240
Received chunk 5450/10240: fixtures/large_file.bin
2025/04/30 15:22:57 Sent ACK for chunk 5449
2025/04/30 15:22:57 Received ACK for chunk 5450/10240
Received chunk 5451/10240: fixtures/large_file.bin
2025/04/30 15:22:57 Sent ACK for chunk 5450
2025/04/30 15:22:57 Received ACK for chunk 5451/10240
Received chunk 5452/10240: fixtures/large_file.bin
2025/04/30 15:22:57 Sent ACK for chunk 5451
2025/04/30 15:22:57 Received ACK for chunk 5452/10240
Received chunk 5453/10240: fixtures/large_file.bin
2025/04/30 15:22:57 Sent ACK for chunk 5452
2025/04/30 15:22:57 Received ACK for chunk 5453/10240
Received chunk 5454/10240: fixtures/large_file.bin
2025/04/30 15:22:57 Sent ACK for chunk 5453
2025/04/30 15:22:57 Received ACK for chunk 5454/10240
Received chunk 5455/10240: fixtures/large_file.bin
2025/04/30 15:22:57 Sent ACK for chunk 5454
2025/04/30 15:22:57 Received ACK for chunk 5455/10240
Received chunk 5456/10240: fixtures/large_file.bin
2025/04/30 15:22:57 Sent ACK for chunk 5455
2025/04/30 15:22:57 Received ACK for chunk 5456/10240
Received chunk 5457/10240: fixtures/large_file.bin
2025/04/30 15:22:57 Sent ACK for chunk 5456
2025/04/30 15:22:57 Received ACK for chunk 5457/10240
Received chunk 5458/10240: fixtures/large_file.bin
2025/04/30 15:22:57 Sent ACK for chunk 5457
2025/04/30 15:22:57 Received ACK for chunk 5458/10240
Received chunk 5459/10240: fixtures/large_file.bin
2025/04/30 15:22:57 Sent ACK for chunk 5458
2025/04/30 15:22:57 Received ACK for chunk 5459/10240
Received chunk 5460/10240: fixtures/large_file.bin
2025/04/30 15:22:57 Sent ACK for chunk 5459
2025/04/30 15:22:57 Received ACK for chunk 5460/10240
Received chunk 5461/10240: fixtures/large_file.bin
2025/04/30 15:22:57 Sent ACK for chunk 5460
2025/04/30 15:22:57 Received ACK for chunk 5461/10240
Received chunk 5462/10240: fixtures/large_file.bin
2025/04/30 15:22:57 Sent ACK for chunk 5461
2025/04/30 15:22:57 Received ACK for chunk 5462/10240
Received chunk 5463/10240: fixtures/large_file.bin
2025/04/30 15:22:57 Sent ACK for chunk 5462
2025/04/30 15:22:57 Received ACK for chunk 5463/10240
Received chunk 5464/10240: fixtures/large_file.bin
2025/04/30 15:22:57 Sent ACK for chunk 5463
2025/04/30 15:22:57 Received ACK for chunk 5464/10240
Received chunk 5465/10240: fixtures/large_file.bin
2025/04/30 15:22:57 Sent ACK for chunk 5464
2025/04/30 15:22:57 Received ACK for chunk 5465/10240
Received chunk 5466/10240: fixtures/large_file.bin
2025/04/30 15:22:57 Sent ACK for chunk 5465
2025/04/30 15:22:57 Received ACK for chunk 5466/10240
Received chunk 5467/10240: fixtures/large_file.bin
2025/04/30 15:22:57 Sent ACK for chunk 5466
2025/04/30 15:22:57 Received ACK for chunk 5467/10240
Received chunk 5468/10240: fixtures/large_file.bin
2025/04/30 15:22:57 Sent ACK for chunk 5467
2025/04/30 15:22:57 Received ACK for chunk 5468/10240
Received chunk 5469/10240: fixtures/large_file.bin
2025/04/30 15:22:57 Sent ACK for chunk 5468
2025/04/30 15:22:57 Received ACK for chunk 5469/10240
Received chunk 5470/10240: fixtures/large_file.bin
2025/04/30 15:22:57 Sent ACK for chunk 5469
2025/04/30 15:22:57 Received ACK for chunk 5470/10240
Received chunk 5471/10240: fixtures/large_file.bin
2025/04/30 15:22:57 Sent ACK for chunk 5470
2025/04/30 15:22:57 Received ACK for chunk 5471/10240
Received chunk 5472/10240: fixtures/large_file.bin
2025/04/30 15:22:57 Sent ACK for chunk 5471
2025/04/30 15:22:57 Received ACK for chunk 5472/10240
Received chunk 5473/10240: fixtures/large_file.bin
2025/04/30 15:22:57 Sent ACK for chunk 5472
2025/04/30 15:22:57 Received ACK for chunk 5473/10240
Received chunk 5474/10240: fixtures/large_file.bin
2025/04/30 15:22:57 Sent ACK for chunk 5473
2025/04/30 15:22:57 Received ACK for chunk 5474/10240
Received chunk 5475/10240: fixtures/large_file.bin
2025/04/30 15:22:57 Sent ACK for chunk 5474
2025/04/30 15:22:57 Received ACK for chunk 5475/10240
Received chunk 5476/10240: fixtures/large_file.bin
2025/04/30 15:22:57 Sent ACK for chunk 5475
2025/04/30 15:22:57 Received ACK for chunk 5476/10240
Received chunk 5477/10240: fixtures/large_file.bin
2025/04/30 15:22:57 Sent ACK for chunk 5476
2025/04/30 15:22:57 Received ACK for chunk 5477/10240
Received chunk 5478/10240: fixtures/large_file.bin
2025/04/30 15:22:57 Sent ACK for chunk 5477
2025/04/30 15:22:57 Received ACK for chunk 5478/10240
Received chunk 5479/10240: fixtures/large_file.bin
2025/04/30 15:22:57 Sent ACK for chunk 5478
2025/04/30 15:22:57 Received ACK for chunk 5479/10240
Received chunk 5480/10240: fixtures/large_file.bin
2025/04/30 15:22:57 Sent ACK for chunk 5479
2025/04/30 15:22:57 Received ACK for chunk 5480/10240
Received chunk 5481/10240: fixtures/large_file.bin
2025/04/30 15:22:57 Sent ACK for chunk 5480
2025/04/30 15:22:57 Received ACK for chunk 5481/10240
Received chunk 5482/10240: fixtures/large_file.bin
2025/04/30 15:22:57 Sent ACK for chunk 5481
2025/04/30 15:22:57 Received ACK for chunk 5482/10240
Received chunk 5483/10240: fixtures/large_file.bin
2025/04/30 15:22:57 Sent ACK for chunk 5482
2025/04/30 15:22:57 Received ACK for chunk 5483/10240
Received chunk 5484/10240: fixtures/large_file.bin
2025/04/30 15:22:57 Sent ACK for chunk 5483
2025/04/30 15:22:57 Received ACK for chunk 5484/10240
Received chunk 5485/10240: fixtures/large_file.bin
2025/04/30 15:22:57 Sent ACK for chunk 5484
2025/04/30 15:22:57 Received ACK for chunk 5485/10240
Received chunk 5486/10240: fixtures/large_file.bin
2025/04/30 15:22:57 Sent ACK for chunk 5485
2025/04/30 15:22:57 Received ACK for chunk 5486/10240
Received chunk 5487/10240: fixtures/large_file.bin
2025/04/30 15:22:57 Sent ACK for chunk 5486
2025/04/30 15:22:57 Received ACK for chunk 5487/10240
Received chunk 5488/10240: fixtures/large_file.bin
2025/04/30 15:22:57 Sent ACK for chunk 5487
2025/04/30 15:22:57 Received ACK for chunk 5488/10240
Received chunk 5489/10240: fixtures/large_file.bin
2025/04/30 15:22:57 Sent ACK for chunk 5488
2025/04/30 15:22:57 Received ACK for chunk 5489/10240
Received chunk 5490/10240: fixtures/large_file.bin
2025/04/30 15:22:57 Sent ACK for chunk 5489
2025/04/30 15:22:57 Received ACK for chunk 5490/10240
Received chunk 5491/10240: fixtures/large_file.bin
2025/04/30 15:22:57 Sent ACK for chunk 5490
2025/04/30 15:22:57 Received ACK for chunk 5491/10240
Received chunk 5492/10240: fixtures/large_file.bin
2025/04/30 15:22:57 Sent ACK for chunk 5491
2025/04/30 15:22:57 Received ACK for chunk 5492/10240
Received chunk 5493/10240: fixtures/large_file.bin
2025/04/30 15:22:57 Sent ACK for chunk 5492
2025/04/30 15:22:57 Received ACK for chunk 5493/10240
Received chunk 5494/10240: fixtures/large_file.bin
2025/04/30 15:22:57 Sent ACK for chunk 5493
2025/04/30 15:22:57 Received ACK for chunk 5494/10240
Received chunk 5495/10240: fixtures/large_file.bin
2025/04/30 15:22:57 Sent ACK for chunk 5494
2025/04/30 15:22:57 Received ACK for chunk 5495/10240
Received chunk 5496/10240: fixtures/large_file.bin
2025/04/30 15:22:57 Sent ACK for chunk 5495
2025/04/30 15:22:57 Received ACK for chunk 5496/10240
Received chunk 5497/10240: fixtures/large_file.bin
2025/04/30 15:22:57 Sent ACK for chunk 5496
2025/04/30 15:22:57 Received ACK for chunk 5497/10240
Received chunk 5498/10240: fixtures/large_file.bin
2025/04/30 15:22:57 Sent ACK for chunk 5497
2025/04/30 15:22:57 Received ACK for chunk 5498/10240
Received chunk 5499/10240: fixtures/large_file.bin
2025/04/30 15:22:57 Sent ACK for chunk 5498
2025/04/30 15:22:57 Received ACK for chunk 5499/10240
Received chunk 5500/10240: fixtures/large_file.bin
2025/04/30 15:22:57 Sent ACK for chunk 5499
2025/04/30 15:22:57 Received ACK for chunk 5500/10240
Received chunk 5501/10240: fixtures/large_file.bin
2025/04/30 15:22:57 Sent ACK for chunk 5500
2025/04/30 15:22:57 Received ACK for chunk 5501/10240
Received chunk 5502/10240: fixtures/large_file.bin
2025/04/30 15:22:57 Sent ACK for chunk 5501
2025/04/30 15:22:57 Received ACK for chunk 5502/10240
Received chunk 5503/10240: fixtures/large_file.bin
2025/04/30 15:22:57 Sent ACK for chunk 5502
2025/04/30 15:22:57 Received ACK for chunk 5503/10240
Received chunk 5504/10240: fixtures/large_file.bin
2025/04/30 15:22:57 Sent ACK for chunk 5503
2025/04/30 15:22:57 Received ACK for chunk 5504/10240
Received chunk 5505/10240: fixtures/large_file.bin
2025/04/30 15:22:57 Sent ACK for chunk 5504
2025/04/30 15:22:57 Received ACK for chunk 5505/10240
Received chunk 5506/10240: fixtures/large_file.bin
2025/04/30 15:22:57 Sent ACK for chunk 5505
2025/04/30 15:22:57 Received ACK for chunk 5506/10240
Received chunk 5507/10240: fixtures/large_file.bin
2025/04/30 15:22:57 Sent ACK for chunk 5506
2025/04/30 15:22:57 Received ACK for chunk 5507/10240
Received chunk 5508/10240: fixtures/large_file.bin
2025/04/30 15:22:57 Sent ACK for chunk 5507
2025/04/30 15:22:57 Received ACK for chunk 5508/10240
Received chunk 5509/10240: fixtures/large_file.bin
2025/04/30 15:22:57 Sent ACK for chunk 5508
2025/04/30 15:22:57 Received ACK for chunk 5509/10240
Received chunk 5510/10240: fixtures/large_file.bin
2025/04/30 15:22:57 Sent ACK for chunk 5509
2025/04/30 15:22:57 Received ACK for chunk 5510/10240
Received chunk 5511/10240: fixtures/large_file.bin
2025/04/30 15:22:57 Sent ACK for chunk 5510
2025/04/30 15:22:57 Received ACK for chunk 5511/10240
Received chunk 5512/10240: fixtures/large_file.bin
2025/04/30 15:22:57 Sent ACK for chunk 5511
2025/04/30 15:22:57 Received ACK for chunk 5512/10240
Received chunk 5513/10240: fixtures/large_file.bin
2025/04/30 15:22:57 Sent ACK for chunk 5512
2025/04/30 15:22:57 Received ACK for chunk 5513/10240
Received chunk 5514/10240: fixtures/large_file.bin
2025/04/30 15:22:57 Sent ACK for chunk 5513
2025/04/30 15:22:57 Received ACK for chunk 5514/10240
Received chunk 5515/10240: fixtures/large_file.bin
2025/04/30 15:22:57 Sent ACK for chunk 5514
2025/04/30 15:22:57 Received ACK for chunk 5515/10240
Received chunk 5516/10240: fixtures/large_file.bin
2025/04/30 15:22:57 Sent ACK for chunk 5515
2025/04/30 15:22:57 Received ACK for chunk 5516/10240
Received chunk 5517/10240: fixtures/large_file.bin
2025/04/30 15:22:57 Sent ACK for chunk 5516
2025/04/30 15:22:57 Received ACK for chunk 5517/10240
Received chunk 5518/10240: fixtures/large_file.bin
2025/04/30 15:22:57 Sent ACK for chunk 5517
2025/04/30 15:22:57 Received ACK for chunk 5518/10240
Received chunk 5519/10240: fixtures/large_file.bin
2025/04/30 15:22:57 Sent ACK for chunk 5518
2025/04/30 15:22:57 Received ACK for chunk 5519/10240
Received chunk 5520/10240: fixtures/large_file.bin
2025/04/30 15:22:57 Sent ACK for chunk 5519
2025/04/30 15:22:57 Received ACK for chunk 5520/10240
Received chunk 5521/10240: fixtures/large_file.bin
2025/04/30 15:22:57 Sent ACK for chunk 5520
2025/04/30 15:22:57 Received ACK for chunk 5521/10240
Received chunk 5522/10240: fixtures/large_file.bin
2025/04/30 15:22:57 Sent ACK for chunk 5521
2025/04/30 15:22:57 Received ACK for chunk 5522/10240
Received chunk 5523/10240: fixtures/large_file.bin
2025/04/30 15:22:57 Sent ACK for chunk 5522
2025/04/30 15:22:57 Received ACK for chunk 5523/10240
Received chunk 5524/10240: fixtures/large_file.bin
2025/04/30 15:22:57 Sent ACK for chunk 5523
2025/04/30 15:22:57 Received ACK for chunk 5524/10240
Received chunk 5525/10240: fixtures/large_file.bin
2025/04/30 15:22:57 Sent ACK for chunk 5524
2025/04/30 15:22:57 Received ACK for chunk 5525/10240
Received chunk 5526/10240: fixtures/large_file.bin
2025/04/30 15:22:57 Sent ACK for chunk 5525
2025/04/30 15:22:57 Received ACK for chunk 5526/10240
Received chunk 5527/10240: fixtures/large_file.bin
2025/04/30 15:22:57 Sent ACK for chunk 5526
2025/04/30 15:22:57 Received ACK for chunk 5527/10240
Received chunk 5528/10240: fixtures/large_file.bin
2025/04/30 15:22:57 Sent ACK for chunk 5527
2025/04/30 15:22:57 Received ACK for chunk 5528/10240
Received chunk 5529/10240: fixtures/large_file.bin
2025/04/30 15:22:57 Sent ACK for chunk 5528
2025/04/30 15:22:57 Received ACK for chunk 5529/10240
Received chunk 5530/10240: fixtures/large_file.bin
2025/04/30 15:22:57 Sent ACK for chunk 5529
2025/04/30 15:22:57 Received ACK for chunk 5530/10240
Received chunk 5531/10240: fixtures/large_file.bin
2025/04/30 15:22:57 Sent ACK for chunk 5530
2025/04/30 15:22:57 Received ACK for chunk 5531/10240
Received chunk 5532/10240: fixtures/large_file.bin
2025/04/30 15:22:57 Sent ACK for chunk 5531
2025/04/30 15:22:57 Received ACK for chunk 5532/10240
Received chunk 5533/10240: fixtures/large_file.bin
2025/04/30 15:22:57 Sent ACK for chunk 5532
2025/04/30 15:22:57 Received ACK for chunk 5533/10240
Received chunk 5534/10240: fixtures/large_file.bin
2025/04/30 15:22:57 Sent ACK for chunk 5533
2025/04/30 15:22:57 Received ACK for chunk 5534/10240
Received chunk 5535/10240: fixtures/large_file.bin
2025/04/30 15:22:57 Sent ACK for chunk 5534
2025/04/30 15:22:57 Received ACK for chunk 5535/10240
Received chunk 5536/10240: fixtures/large_file.bin
2025/04/30 15:22:57 Sent ACK for chunk 5535
2025/04/30 15:22:57 Received ACK for chunk 5536/10240
Received chunk 5537/10240: fixtures/large_file.bin
2025/04/30 15:22:57 Sent ACK for chunk 5536
2025/04/30 15:22:57 Received ACK for chunk 5537/10240
Received chunk 5538/10240: fixtures/large_file.bin
2025/04/30 15:22:57 Sent ACK for chunk 5537
2025/04/30 15:22:57 Received ACK for chunk 5538/10240
Received chunk 5539/10240: fixtures/large_file.bin
2025/04/30 15:22:57 Sent ACK for chunk 5538
2025/04/30 15:22:57 Received ACK for chunk 5539/10240
Received chunk 5540/10240: fixtures/large_file.bin
2025/04/30 15:22:57 Sent ACK for chunk 5539
2025/04/30 15:22:57 Received ACK for chunk 5540/10240
Received chunk 5541/10240: fixtures/large_file.bin
2025/04/30 15:22:57 Sent ACK for chunk 5540
2025/04/30 15:22:57 Received ACK for chunk 5541/10240
Received chunk 5542/10240: fixtures/large_file.bin
2025/04/30 15:22:57 Sent ACK for chunk 5541
2025/04/30 15:22:57 Received ACK for chunk 5542/10240
Received chunk 5543/10240: fixtures/large_file.bin
2025/04/30 15:22:57 Sent ACK for chunk 5542
2025/04/30 15:22:57 Received ACK for chunk 5543/10240
Received chunk 5544/10240: fixtures/large_file.bin
2025/04/30 15:22:57 Sent ACK for chunk 5543
2025/04/30 15:22:57 Received ACK for chunk 5544/10240
Received chunk 5545/10240: fixtures/large_file.bin
2025/04/30 15:22:57 Sent ACK for chunk 5544
2025/04/30 15:22:57 Received ACK for chunk 5545/10240
Received chunk 5546/10240: fixtures/large_file.bin
2025/04/30 15:22:57 Sent ACK for chunk 5545
2025/04/30 15:22:57 Received ACK for chunk 5546/10240
Received chunk 5547/10240: fixtures/large_file.bin
2025/04/30 15:22:57 Sent ACK for chunk 5546
2025/04/30 15:22:57 Received ACK for chunk 5547/10240
Received chunk 5548/10240: fixtures/large_file.bin
2025/04/30 15:22:57 Sent ACK for chunk 5547
2025/04/30 15:22:57 Received ACK for chunk 5548/10240
Received chunk 5549/10240: fixtures/large_file.bin
2025/04/30 15:22:57 Sent ACK for chunk 5548
2025/04/30 15:22:57 Received ACK for chunk 5549/10240
Received chunk 5550/10240: fixtures/large_file.bin
2025/04/30 15:22:57 Sent ACK for chunk 5549
2025/04/30 15:22:57 Received ACK for chunk 5550/10240
Received chunk 5551/10240: fixtures/large_file.bin
2025/04/30 15:22:57 Sent ACK for chunk 5550
2025/04/30 15:22:57 Received ACK for chunk 5551/10240
Received chunk 5552/10240: fixtures/large_file.bin
2025/04/30 15:22:57 Sent ACK for chunk 5551
2025/04/30 15:22:57 Received ACK for chunk 5552/10240
Received chunk 5553/10240: fixtures/large_file.bin
2025/04/30 15:22:57 Sent ACK for chunk 5552
2025/04/30 15:22:57 Received ACK for chunk 5553/10240
Received chunk 5554/10240: fixtures/large_file.bin
2025/04/30 15:22:57 Sent ACK for chunk 5553
2025/04/30 15:22:57 Received ACK for chunk 5554/10240
Received chunk 5555/10240: fixtures/large_file.bin
2025/04/30 15:22:57 Sent ACK for chunk 5554
2025/04/30 15:22:57 Received ACK for chunk 5555/10240
Received chunk 5556/10240: fixtures/large_file.bin
2025/04/30 15:22:57 Sent ACK for chunk 5555
2025/04/30 15:22:57 Received ACK for chunk 5556/10240
Received chunk 5557/10240: fixtures/large_file.bin
2025/04/30 15:22:57 Sent ACK for chunk 5556
2025/04/30 15:22:57 Received ACK for chunk 5557/10240
Received chunk 5558/10240: fixtures/large_file.bin
2025/04/30 15:22:57 Sent ACK for chunk 5557
2025/04/30 15:22:57 Received ACK for chunk 5558/10240
Received chunk 5559/10240: fixtures/large_file.bin
2025/04/30 15:22:57 Sent ACK for chunk 5558
2025/04/30 15:22:57 Received ACK for chunk 5559/10240
Received chunk 5560/10240: fixtures/large_file.bin
2025/04/30 15:22:57 Sent ACK for chunk 5559
2025/04/30 15:22:57 Received ACK for chunk 5560/10240
Received chunk 5561/10240: fixtures/large_file.bin
2025/04/30 15:22:57 Sent ACK for chunk 5560
2025/04/30 15:22:57 Received ACK for chunk 5561/10240
Received chunk 5562/10240: fixtures/large_file.bin
2025/04/30 15:22:57 Sent ACK for chunk 5561
2025/04/30 15:22:57 Received ACK for chunk 5562/10240
Received chunk 5563/10240: fixtures/large_file.bin
2025/04/30 15:22:57 Sent ACK for chunk 5562
2025/04/30 15:22:57 Received ACK for chunk 5563/10240
Received chunk 5564/10240: fixtures/large_file.bin
2025/04/30 15:22:57 Sent ACK for chunk 5563
2025/04/30 15:22:57 Received ACK for chunk 5564/10240
Received chunk 5565/10240: fixtures/large_file.bin
2025/04/30 15:22:57 Sent ACK for chunk 5564
2025/04/30 15:22:57 Received ACK for chunk 5565/10240
Received chunk 5566/10240: fixtures/large_file.bin
2025/04/30 15:22:57 Sent ACK for chunk 5565
2025/04/30 15:22:57 Received ACK for chunk 5566/10240
Received chunk 5567/10240: fixtures/large_file.bin
2025/04/30 15:22:57 Sent ACK for chunk 5566
2025/04/30 15:22:57 Received ACK for chunk 5567/10240
Received chunk 5568/10240: fixtures/large_file.bin
2025/04/30 15:22:57 Sent ACK for chunk 5567
2025/04/30 15:22:57 Received ACK for chunk 5568/10240
Received chunk 5569/10240: fixtures/large_file.bin
2025/04/30 15:22:57 Sent ACK for chunk 5568
2025/04/30 15:22:57 Received ACK for chunk 5569/10240
Received chunk 5570/10240: fixtures/large_file.bin
2025/04/30 15:22:57 Sent ACK for chunk 5569
2025/04/30 15:22:57 Received ACK for chunk 5570/10240
Received chunk 5571/10240: fixtures/large_file.bin
2025/04/30 15:22:57 Sent ACK for chunk 5570
2025/04/30 15:22:57 Received ACK for chunk 5571/10240
Received chunk 5572/10240: fixtures/large_file.bin
2025/04/30 15:22:57 Sent ACK for chunk 5571
2025/04/30 15:22:57 Received ACK for chunk 5572/10240
Received chunk 5573/10240: fixtures/large_file.bin
2025/04/30 15:22:57 Sent ACK for chunk 5572
2025/04/30 15:22:57 Received ACK for chunk 5573/10240
Received chunk 5574/10240: fixtures/large_file.bin
2025/04/30 15:22:57 Sent ACK for chunk 5573
2025/04/30 15:22:57 Received ACK for chunk 5574/10240
Received chunk 5575/10240: fixtures/large_file.bin
2025/04/30 15:22:57 Sent ACK for chunk 5574
2025/04/30 15:22:57 Received ACK for chunk 5575/10240
Received chunk 5576/10240: fixtures/large_file.bin
2025/04/30 15:22:57 Sent ACK for chunk 5575
2025/04/30 15:22:57 Received ACK for chunk 5576/10240
Received chunk 5577/10240: fixtures/large_file.bin
2025/04/30 15:22:57 Sent ACK for chunk 5576
2025/04/30 15:22:57 Received ACK for chunk 5577/10240
Received chunk 5578/10240: fixtures/large_file.bin
2025/04/30 15:22:57 Sent ACK for chunk 5577
2025/04/30 15:22:57 Received ACK for chunk 5578/10240
Received chunk 5579/10240: fixtures/large_file.bin
2025/04/30 15:22:57 Sent ACK for chunk 5578
2025/04/30 15:22:57 Received ACK for chunk 5579/10240
Received chunk 5580/10240: fixtures/large_file.bin
2025/04/30 15:22:57 Sent ACK for chunk 5579
2025/04/30 15:22:57 Received ACK for chunk 5580/10240
Received chunk 5581/10240: fixtures/large_file.bin
2025/04/30 15:22:57 Sent ACK for chunk 5580
2025/04/30 15:22:57 Received ACK for chunk 5581/10240
Received chunk 5582/10240: fixtures/large_file.bin
2025/04/30 15:22:57 Sent ACK for chunk 5581
2025/04/30 15:22:57 Received ACK for chunk 5582/10240
Received chunk 5583/10240: fixtures/large_file.bin
2025/04/30 15:22:57 Sent ACK for chunk 5582
2025/04/30 15:22:57 Received ACK for chunk 5583/10240
Received chunk 5584/10240: fixtures/large_file.bin
2025/04/30 15:22:57 Sent ACK for chunk 5583
2025/04/30 15:22:57 Received ACK for chunk 5584/10240
Received chunk 5585/10240: fixtures/large_file.bin
2025/04/30 15:22:57 Sent ACK for chunk 5584
2025/04/30 15:22:57 Received ACK for chunk 5585/10240
Received chunk 5586/10240: fixtures/large_file.bin
2025/04/30 15:22:57 Sent ACK for chunk 5585
2025/04/30 15:22:57 Received ACK for chunk 5586/10240
Received chunk 5587/10240: fixtures/large_file.bin
2025/04/30 15:22:57 Sent ACK for chunk 5586
2025/04/30 15:22:57 Received ACK for chunk 5587/10240
Received chunk 5588/10240: fixtures/large_file.bin
2025/04/30 15:22:57 Sent ACK for chunk 5587
2025/04/30 15:22:57 Received ACK for chunk 5588/10240
Received chunk 5589/10240: fixtures/large_file.bin
2025/04/30 15:22:57 Sent ACK for chunk 5588
2025/04/30 15:22:57 Received ACK for chunk 5589/10240
Received chunk 5590/10240: fixtures/large_file.bin
2025/04/30 15:22:57 Sent ACK for chunk 5589
2025/04/30 15:22:57 Received ACK for chunk 5590/10240
Received chunk 5591/10240: fixtures/large_file.bin
2025/04/30 15:22:57 Sent ACK for chunk 5590
2025/04/30 15:22:57 Received ACK for chunk 5591/10240
Received chunk 5592/10240: fixtures/large_file.bin
2025/04/30 15:22:57 Sent ACK for chunk 5591
2025/04/30 15:22:57 Received ACK for chunk 5592/10240
Received chunk 5593/10240: fixtures/large_file.bin
2025/04/30 15:22:57 Sent ACK for chunk 5592
2025/04/30 15:22:57 Received ACK for chunk 5593/10240
Received chunk 5594/10240: fixtures/large_file.bin
2025/04/30 15:22:57 Sent ACK for chunk 5593
2025/04/30 15:22:57 Received ACK for chunk 5594/10240
Received chunk 5595/10240: fixtures/large_file.bin
2025/04/30 15:22:57 Sent ACK for chunk 5594
2025/04/30 15:22:57 Received ACK for chunk 5595/10240
Received chunk 5596/10240: fixtures/large_file.bin
2025/04/30 15:22:57 Sent ACK for chunk 5595
2025/04/30 15:22:57 Received ACK for chunk 5596/10240
Received chunk 5597/10240: fixtures/large_file.bin
2025/04/30 15:22:57 Sent ACK for chunk 5596
2025/04/30 15:22:57 Received ACK for chunk 5597/10240
Received chunk 5598/10240: fixtures/large_file.bin
2025/04/30 15:22:57 Sent ACK for chunk 5597
2025/04/30 15:22:57 Received ACK for chunk 5598/10240
Received chunk 5599/10240: fixtures/large_file.bin
2025/04/30 15:22:57 Sent ACK for chunk 5598
2025/04/30 15:22:57 Received ACK for chunk 5599/10240
Received chunk 5600/10240: fixtures/large_file.bin
2025/04/30 15:22:57 Sent ACK for chunk 5599
2025/04/30 15:22:57 Received ACK for chunk 5600/10240
Received chunk 5601/10240: fixtures/large_file.bin
2025/04/30 15:22:57 Sent ACK for chunk 5600
2025/04/30 15:22:57 Received ACK for chunk 5601/10240
Received chunk 5602/10240: fixtures/large_file.bin
2025/04/30 15:22:57 Sent ACK for chunk 5601
2025/04/30 15:22:57 Received ACK for chunk 5602/10240
Received chunk 5603/10240: fixtures/large_file.bin
2025/04/30 15:22:57 Sent ACK for chunk 5602
2025/04/30 15:22:57 Received ACK for chunk 5603/10240
Received chunk 5604/10240: fixtures/large_file.bin
2025/04/30 15:22:57 Sent ACK for chunk 5603
2025/04/30 15:22:57 Received ACK for chunk 5604/10240
Received chunk 5605/10240: fixtures/large_file.bin
2025/04/30 15:22:57 Sent ACK for chunk 5604
2025/04/30 15:22:57 Received ACK for chunk 5605/10240
Received chunk 5606/10240: fixtures/large_file.bin
2025/04/30 15:22:57 Sent ACK for chunk 5605
2025/04/30 15:22:57 Received ACK for chunk 5606/10240
Received chunk 5607/10240: fixtures/large_file.bin
2025/04/30 15:22:57 Sent ACK for chunk 5606
2025/04/30 15:22:57 Received ACK for chunk 5607/10240
Received chunk 5608/10240: fixtures/large_file.bin
2025/04/30 15:22:57 Sent ACK for chunk 5607
2025/04/30 15:22:57 Received ACK for chunk 5608/10240
Received chunk 5609/10240: fixtures/large_file.bin
2025/04/30 15:22:57 Sent ACK for chunk 5608
2025/04/30 15:22:57 Received ACK for chunk 5609/10240
Received chunk 5610/10240: fixtures/large_file.bin
2025/04/30 15:22:57 Sent ACK for chunk 5609
2025/04/30 15:22:57 Received ACK for chunk 5610/10240
Received chunk 5611/10240: fixtures/large_file.bin
2025/04/30 15:22:57 Sent ACK for chunk 5610
2025/04/30 15:22:57 Received ACK for chunk 5611/10240
Received chunk 5612/10240: fixtures/large_file.bin
2025/04/30 15:22:57 Sent ACK for chunk 5611
2025/04/30 15:22:57 Received ACK for chunk 5612/10240
Received chunk 5613/10240: fixtures/large_file.bin
2025/04/30 15:22:57 Sent ACK for chunk 5612
2025/04/30 15:22:57 Received ACK for chunk 5613/10240
Received chunk 5614/10240: fixtures/large_file.bin
2025/04/30 15:22:57 Sent ACK for chunk 5613
2025/04/30 15:22:57 Received ACK for chunk 5614/10240
Received chunk 5615/10240: fixtures/large_file.bin
2025/04/30 15:22:57 Sent ACK for chunk 5614
2025/04/30 15:22:57 Received ACK for chunk 5615/10240
Received chunk 5616/10240: fixtures/large_file.bin
2025/04/30 15:22:57 Sent ACK for chunk 5615
2025/04/30 15:22:57 Received ACK for chunk 5616/10240
Received chunk 5617/10240: fixtures/large_file.bin
2025/04/30 15:22:57 Sent ACK for chunk 5616
2025/04/30 15:22:57 Received ACK for chunk 5617/10240
Received chunk 5618/10240: fixtures/large_file.bin
2025/04/30 15:22:57 Sent ACK for chunk 5617
2025/04/30 15:22:57 Received ACK for chunk 5618/10240
Received chunk 5619/10240: fixtures/large_file.bin
2025/04/30 15:22:57 Sent ACK for chunk 5618
2025/04/30 15:22:57 Received ACK for chunk 5619/10240
Received chunk 5620/10240: fixtures/large_file.bin
2025/04/30 15:22:57 Sent ACK for chunk 5619
2025/04/30 15:22:57 Received ACK for chunk 5620/10240
Received chunk 5621/10240: fixtures/large_file.bin
2025/04/30 15:22:57 Sent ACK for chunk 5620
2025/04/30 15:22:57 Received ACK for chunk 5621/10240
Received chunk 5622/10240: fixtures/large_file.bin
2025/04/30 15:22:57 Sent ACK for chunk 5621
2025/04/30 15:22:57 Received ACK for chunk 5622/10240
Received chunk 5623/10240: fixtures/large_file.bin
2025/04/30 15:22:57 Sent ACK for chunk 5622
2025/04/30 15:22:57 Received ACK for chunk 5623/10240
Received chunk 5624/10240: fixtures/large_file.bin
2025/04/30 15:22:57 Sent ACK for chunk 5623
2025/04/30 15:22:57 Received ACK for chunk 5624/10240
Received chunk 5625/10240: fixtures/large_file.bin
2025/04/30 15:22:57 Sent ACK for chunk 5624
2025/04/30 15:22:57 Received ACK for chunk 5625/10240
Received chunk 5626/10240: fixtures/large_file.bin
2025/04/30 15:22:57 Sent ACK for chunk 5625
2025/04/30 15:22:57 Received ACK for chunk 5626/10240
Received chunk 5627/10240: fixtures/large_file.bin
2025/04/30 15:22:57 Sent ACK for chunk 5626
2025/04/30 15:22:57 Received ACK for chunk 5627/10240
Received chunk 5628/10240: fixtures/large_file.bin
2025/04/30 15:22:57 Sent ACK for chunk 5627
2025/04/30 15:22:57 Received ACK for chunk 5628/10240
Received chunk 5629/10240: fixtures/large_file.bin
2025/04/30 15:22:57 Sent ACK for chunk 5628
2025/04/30 15:22:57 Received ACK for chunk 5629/10240
Received chunk 5630/10240: fixtures/large_file.bin
2025/04/30 15:22:57 Sent ACK for chunk 5629
2025/04/30 15:22:57 Received ACK for chunk 5630/10240
Received chunk 5631/10240: fixtures/large_file.bin
2025/04/30 15:22:57 Sent ACK for chunk 5630
2025/04/30 15:22:57 Received ACK for chunk 5631/10240
Received chunk 5632/10240: fixtures/large_file.bin
2025/04/30 15:22:57 Sent ACK for chunk 5631
2025/04/30 15:22:57 Received ACK for chunk 5632/10240
Received chunk 5633/10240: fixtures/large_file.bin
2025/04/30 15:22:57 Sent ACK for chunk 5632
2025/04/30 15:22:57 Received ACK for chunk 5633/10240
Received chunk 5634/10240: fixtures/large_file.bin
2025/04/30 15:22:57 Sent ACK for chunk 5633
2025/04/30 15:22:57 Received ACK for chunk 5634/10240
Received chunk 5635/10240: fixtures/large_file.bin
2025/04/30 15:22:57 Sent ACK for chunk 5634
2025/04/30 15:22:57 Received ACK for chunk 5635/10240
Received chunk 5636/10240: fixtures/large_file.bin
2025/04/30 15:22:57 Sent ACK for chunk 5635
2025/04/30 15:22:57 Received ACK for chunk 5636/10240
Received chunk 5637/10240: fixtures/large_file.bin
2025/04/30 15:22:57 Sent ACK for chunk 5636
2025/04/30 15:22:57 Received ACK for chunk 5637/10240
Received chunk 5638/10240: fixtures/large_file.bin
2025/04/30 15:22:57 Sent ACK for chunk 5637
2025/04/30 15:22:57 Received ACK for chunk 5638/10240
Received chunk 5639/10240: fixtures/large_file.bin
2025/04/30 15:22:57 Sent ACK for chunk 5638
2025/04/30 15:22:57 Received ACK for chunk 5639/10240
Received chunk 5640/10240: fixtures/large_file.bin
2025/04/30 15:22:57 Sent ACK for chunk 5639
2025/04/30 15:22:57 Received ACK for chunk 5640/10240
Received chunk 5641/10240: fixtures/large_file.bin
2025/04/30 15:22:57 Sent ACK for chunk 5640
2025/04/30 15:22:57 Received ACK for chunk 5641/10240
Received chunk 5642/10240: fixtures/large_file.bin
2025/04/30 15:22:57 Sent ACK for chunk 5641
2025/04/30 15:22:57 Received ACK for chunk 5642/10240
Received chunk 5643/10240: fixtures/large_file.bin
2025/04/30 15:22:57 Sent ACK for chunk 5642
2025/04/30 15:22:57 Received ACK for chunk 5643/10240
Received chunk 5644/10240: fixtures/large_file.bin
2025/04/30 15:22:57 Sent ACK for chunk 5643
2025/04/30 15:22:57 Received ACK for chunk 5644/10240
Received chunk 5645/10240: fixtures/large_file.bin
2025/04/30 15:22:57 Sent ACK for chunk 5644
2025/04/30 15:22:57 Received ACK for chunk 5645/10240
Received chunk 5646/10240: fixtures/large_file.bin
2025/04/30 15:22:57 Sent ACK for chunk 5645
2025/04/30 15:22:57 Received ACK for chunk 5646/10240
Received chunk 5647/10240: fixtures/large_file.bin
2025/04/30 15:22:57 Sent ACK for chunk 5646
2025/04/30 15:22:57 Received ACK for chunk 5647/10240
Received chunk 5648/10240: fixtures/large_file.bin
2025/04/30 15:22:57 Sent ACK for chunk 5647
2025/04/30 15:22:57 Received ACK for chunk 5648/10240
Received chunk 5649/10240: fixtures/large_file.bin
2025/04/30 15:22:57 Sent ACK for chunk 5648
2025/04/30 15:22:57 Received ACK for chunk 5649/10240
Received chunk 5650/10240: fixtures/large_file.bin
2025/04/30 15:22:57 Sent ACK for chunk 5649
2025/04/30 15:22:57 Received ACK for chunk 5650/10240
Received chunk 5651/10240: fixtures/large_file.bin
2025/04/30 15:22:57 Sent ACK for chunk 5650
2025/04/30 15:22:57 Received ACK for chunk 5651/10240
Received chunk 5652/10240: fixtures/large_file.bin
2025/04/30 15:22:57 Sent ACK for chunk 5651
2025/04/30 15:22:57 Received ACK for chunk 5652/10240
Received chunk 5653/10240: fixtures/large_file.bin
2025/04/30 15:22:57 Sent ACK for chunk 5652
2025/04/30 15:22:57 Received ACK for chunk 5653/10240
Received chunk 5654/10240: fixtures/large_file.bin
2025/04/30 15:22:57 Sent ACK for chunk 5653
2025/04/30 15:22:57 Received ACK for chunk 5654/10240
Received chunk 5655/10240: fixtures/large_file.bin
2025/04/30 15:22:57 Sent ACK for chunk 5654
2025/04/30 15:22:57 Received ACK for chunk 5655/10240
Received chunk 5656/10240: fixtures/large_file.bin
2025/04/30 15:22:57 Sent ACK for chunk 5655
2025/04/30 15:22:57 Received ACK for chunk 5656/10240
Received chunk 5657/10240: fixtures/large_file.bin
2025/04/30 15:22:57 Sent ACK for chunk 5656
2025/04/30 15:22:57 Received ACK for chunk 5657/10240
Received chunk 5658/10240: fixtures/large_file.bin
2025/04/30 15:22:57 Sent ACK for chunk 5657
2025/04/30 15:22:57 Received ACK for chunk 5658/10240
Received chunk 5659/10240: fixtures/large_file.bin
2025/04/30 15:22:57 Sent ACK for chunk 5658
2025/04/30 15:22:57 Received ACK for chunk 5659/10240
Received chunk 5660/10240: fixtures/large_file.bin
2025/04/30 15:22:57 Sent ACK for chunk 5659
2025/04/30 15:22:57 Received ACK for chunk 5660/10240
Received chunk 5661/10240: fixtures/large_file.bin
2025/04/30 15:22:57 Sent ACK for chunk 5660
2025/04/30 15:22:57 Received ACK for chunk 5661/10240
Received chunk 5662/10240: fixtures/large_file.bin
2025/04/30 15:22:57 Sent ACK for chunk 5661
2025/04/30 15:22:57 Received ACK for chunk 5662/10240
Received chunk 5663/10240: fixtures/large_file.bin
2025/04/30 15:22:57 Sent ACK for chunk 5662
2025/04/30 15:22:57 Received ACK for chunk 5663/10240
Received chunk 5664/10240: fixtures/large_file.bin
2025/04/30 15:22:57 Sent ACK for chunk 5663
2025/04/30 15:22:57 Received ACK for chunk 5664/10240
Received chunk 5665/10240: fixtures/large_file.bin
2025/04/30 15:22:57 Sent ACK for chunk 5664
2025/04/30 15:22:57 Received ACK for chunk 5665/10240
Received chunk 5666/10240: fixtures/large_file.bin
2025/04/30 15:22:57 Sent ACK for chunk 5665
2025/04/30 15:22:57 Received ACK for chunk 5666/10240
Received chunk 5667/10240: fixtures/large_file.bin
2025/04/30 15:22:57 Sent ACK for chunk 5666
2025/04/30 15:22:57 Received ACK for chunk 5667/10240
Received chunk 5668/10240: fixtures/large_file.bin
2025/04/30 15:22:57 Sent ACK for chunk 5667
2025/04/30 15:22:57 Received ACK for chunk 5668/10240
Received chunk 5669/10240: fixtures/large_file.bin
2025/04/30 15:22:57 Sent ACK for chunk 5668
2025/04/30 15:22:57 Received ACK for chunk 5669/10240
Received chunk 5670/10240: fixtures/large_file.bin
2025/04/30 15:22:57 Sent ACK for chunk 5669
2025/04/30 15:22:57 Received ACK for chunk 5670/10240
Received chunk 5671/10240: fixtures/large_file.bin
2025/04/30 15:22:57 Sent ACK for chunk 5670
2025/04/30 15:22:57 Received ACK for chunk 5671/10240
Received chunk 5672/10240: fixtures/large_file.bin
2025/04/30 15:22:57 Sent ACK for chunk 5671
2025/04/30 15:22:57 Received ACK for chunk 5672/10240
Received chunk 5673/10240: fixtures/large_file.bin
2025/04/30 15:22:57 Sent ACK for chunk 5672
2025/04/30 15:22:57 Received ACK for chunk 5673/10240
Received chunk 5674/10240: fixtures/large_file.bin
2025/04/30 15:22:57 Sent ACK for chunk 5673
2025/04/30 15:22:57 Received ACK for chunk 5674/10240
Received chunk 5675/10240: fixtures/large_file.bin
2025/04/30 15:22:57 Sent ACK for chunk 5674
2025/04/30 15:22:57 Received ACK for chunk 5675/10240
Received chunk 5676/10240: fixtures/large_file.bin
2025/04/30 15:22:57 Sent ACK for chunk 5675
2025/04/30 15:22:57 Received ACK for chunk 5676/10240
Received chunk 5677/10240: fixtures/large_file.bin
2025/04/30 15:22:57 Sent ACK for chunk 5676
2025/04/30 15:22:57 Received ACK for chunk 5677/10240
Received chunk 5678/10240: fixtures/large_file.bin
2025/04/30 15:22:57 Sent ACK for chunk 5677
2025/04/30 15:22:57 Received ACK for chunk 5678/10240
Received chunk 5679/10240: fixtures/large_file.bin
2025/04/30 15:22:57 Sent ACK for chunk 5678
2025/04/30 15:22:57 Received ACK for chunk 5679/10240
Received chunk 5680/10240: fixtures/large_file.bin
2025/04/30 15:22:57 Sent ACK for chunk 5679
2025/04/30 15:22:57 Received ACK for chunk 5680/10240
Received chunk 5681/10240: fixtures/large_file.bin
2025/04/30 15:22:57 Sent ACK for chunk 5680
2025/04/30 15:22:57 Received ACK for chunk 5681/10240
Received chunk 5682/10240: fixtures/large_file.bin
2025/04/30 15:22:57 Sent ACK for chunk 5681
2025/04/30 15:22:57 Received ACK for chunk 5682/10240
Received chunk 5683/10240: fixtures/large_file.bin
2025/04/30 15:22:57 Sent ACK for chunk 5682
2025/04/30 15:22:57 Received ACK for chunk 5683/10240
Received chunk 5684/10240: fixtures/large_file.bin
2025/04/30 15:22:57 Sent ACK for chunk 5683
2025/04/30 15:22:57 Received ACK for chunk 5684/10240
Received chunk 5685/10240: fixtures/large_file.bin
2025/04/30 15:22:57 Sent ACK for chunk 5684
2025/04/30 15:22:57 Received ACK for chunk 5685/10240
Received chunk 5686/10240: fixtures/large_file.bin
2025/04/30 15:22:57 Sent ACK for chunk 5685
2025/04/30 15:22:57 Received ACK for chunk 5686/10240
Received chunk 5687/10240: fixtures/large_file.bin
2025/04/30 15:22:57 Sent ACK for chunk 5686
2025/04/30 15:22:57 Received ACK for chunk 5687/10240
Received chunk 5688/10240: fixtures/large_file.bin
2025/04/30 15:22:57 Sent ACK for chunk 5687
2025/04/30 15:22:57 Received ACK for chunk 5688/10240
Received chunk 5689/10240: fixtures/large_file.bin
2025/04/30 15:22:57 Sent ACK for chunk 5688
2025/04/30 15:22:57 Received ACK for chunk 5689/10240
Received chunk 5690/10240: fixtures/large_file.bin
2025/04/30 15:22:57 Sent ACK for chunk 5689
2025/04/30 15:22:57 Received ACK for chunk 5690/10240
Received chunk 5691/10240: fixtures/large_file.bin
2025/04/30 15:22:57 Sent ACK for chunk 5690
2025/04/30 15:22:57 Received ACK for chunk 5691/10240
Received chunk 5692/10240: fixtures/large_file.bin
2025/04/30 15:22:57 Sent ACK for chunk 5691
2025/04/30 15:22:57 Received ACK for chunk 5692/10240
Received chunk 5693/10240: fixtures/large_file.bin
2025/04/30 15:22:57 Sent ACK for chunk 5692
2025/04/30 15:22:57 Received ACK for chunk 5693/10240
Received chunk 5694/10240: fixtures/large_file.bin
2025/04/30 15:22:57 Sent ACK for chunk 5693
2025/04/30 15:22:57 Received ACK for chunk 5694/10240
Received chunk 5695/10240: fixtures/large_file.bin
2025/04/30 15:22:57 Sent ACK for chunk 5694
2025/04/30 15:22:57 Received ACK for chunk 5695/10240
Received chunk 5696/10240: fixtures/large_file.bin
2025/04/30 15:22:57 Sent ACK for chunk 5695
2025/04/30 15:22:57 Received ACK for chunk 5696/10240
Received chunk 5697/10240: fixtures/large_file.bin
2025/04/30 15:22:57 Sent ACK for chunk 5696
2025/04/30 15:22:57 Received ACK for chunk 5697/10240
Received chunk 5698/10240: fixtures/large_file.bin
2025/04/30 15:22:57 Sent ACK for chunk 5697
2025/04/30 15:22:57 Received ACK for chunk 5698/10240
Received chunk 5699/10240: fixtures/large_file.bin
2025/04/30 15:22:57 Sent ACK for chunk 5698
2025/04/30 15:22:57 Received ACK for chunk 5699/10240
Received chunk 5700/10240: fixtures/large_file.bin
2025/04/30 15:22:57 Sent ACK for chunk 5699
2025/04/30 15:22:57 Received ACK for chunk 5700/10240
Received chunk 5701/10240: fixtures/large_file.bin
2025/04/30 15:22:57 Sent ACK for chunk 5700
2025/04/30 15:22:57 Received ACK for chunk 5701/10240
Received chunk 5702/10240: fixtures/large_file.bin
2025/04/30 15:22:57 Sent ACK for chunk 5701
2025/04/30 15:22:57 Received ACK for chunk 5702/10240
Received chunk 5703/10240: fixtures/large_file.bin
2025/04/30 15:22:57 Sent ACK for chunk 5702
2025/04/30 15:22:57 Received ACK for chunk 5703/10240
Received chunk 5704/10240: fixtures/large_file.bin
2025/04/30 15:22:57 Sent ACK for chunk 5703
2025/04/30 15:22:57 Received ACK for chunk 5704/10240
Received chunk 5705/10240: fixtures/large_file.bin
2025/04/30 15:22:57 Sent ACK for chunk 5704
2025/04/30 15:22:57 Received ACK for chunk 5705/10240
Received chunk 5706/10240: fixtures/large_file.bin
2025/04/30 15:22:57 Sent ACK for chunk 5705
2025/04/30 15:22:57 Received ACK for chunk 5706/10240
Received chunk 5707/10240: fixtures/large_file.bin
2025/04/30 15:22:57 Sent ACK for chunk 5706
2025/04/30 15:22:57 Received ACK for chunk 5707/10240
Received chunk 5708/10240: fixtures/large_file.bin
2025/04/30 15:22:57 Sent ACK for chunk 5707
2025/04/30 15:22:57 Received ACK for chunk 5708/10240
Received chunk 5709/10240: fixtures/large_file.bin
2025/04/30 15:22:57 Sent ACK for chunk 5708
2025/04/30 15:22:57 Received ACK for chunk 5709/10240
Received chunk 5710/10240: fixtures/large_file.bin
2025/04/30 15:22:57 Sent ACK for chunk 5709
2025/04/30 15:22:57 Received ACK for chunk 5710/10240
Received chunk 5711/10240: fixtures/large_file.bin
2025/04/30 15:22:57 Sent ACK for chunk 5710
2025/04/30 15:22:57 Received ACK for chunk 5711/10240
Received chunk 5712/10240: fixtures/large_file.bin
2025/04/30 15:22:57 Sent ACK for chunk 5711
2025/04/30 15:22:57 Received ACK for chunk 5712/10240
Received chunk 5713/10240: fixtures/large_file.bin
2025/04/30 15:22:57 Sent ACK for chunk 5712
2025/04/30 15:22:57 Received ACK for chunk 5713/10240
Received chunk 5714/10240: fixtures/large_file.bin
2025/04/30 15:22:57 Sent ACK for chunk 5713
2025/04/30 15:22:57 Received ACK for chunk 5714/10240
Received chunk 5715/10240: fixtures/large_file.bin
2025/04/30 15:22:57 Sent ACK for chunk 5714
2025/04/30 15:22:57 Received ACK for chunk 5715/10240
Received chunk 5716/10240: fixtures/large_file.bin
2025/04/30 15:22:57 Sent ACK for chunk 5715
2025/04/30 15:22:57 Received ACK for chunk 5716/10240
Received chunk 5717/10240: fixtures/large_file.bin
2025/04/30 15:22:57 Sent ACK for chunk 5716
2025/04/30 15:22:57 Received ACK for chunk 5717/10240
Received chunk 5718/10240: fixtures/large_file.bin
2025/04/30 15:22:57 Sent ACK for chunk 5717
2025/04/30 15:22:57 Received ACK for chunk 5718/10240
Received chunk 5719/10240: fixtures/large_file.bin
2025/04/30 15:22:57 Sent ACK for chunk 5718
2025/04/30 15:22:57 Received ACK for chunk 5719/10240
Received chunk 5720/10240: fixtures/large_file.bin
2025/04/30 15:22:57 Sent ACK for chunk 5719
2025/04/30 15:22:57 Received ACK for chunk 5720/10240
Received chunk 5721/10240: fixtures/large_file.bin
2025/04/30 15:22:57 Sent ACK for chunk 5720
2025/04/30 15:22:57 Received ACK for chunk 5721/10240
Received chunk 5722/10240: fixtures/large_file.bin
2025/04/30 15:22:57 Sent ACK for chunk 5721
2025/04/30 15:22:57 Received ACK for chunk 5722/10240
Received chunk 5723/10240: fixtures/large_file.bin
2025/04/30 15:22:57 Sent ACK for chunk 5722
2025/04/30 15:22:57 Received ACK for chunk 5723/10240
Received chunk 5724/10240: fixtures/large_file.bin
2025/04/30 15:22:57 Sent ACK for chunk 5723
2025/04/30 15:22:57 Received ACK for chunk 5724/10240
Received chunk 5725/10240: fixtures/large_file.bin
2025/04/30 15:22:57 Sent ACK for chunk 5724
2025/04/30 15:22:57 Received ACK for chunk 5725/10240
Received chunk 5726/10240: fixtures/large_file.bin
2025/04/30 15:22:57 Sent ACK for chunk 5725
2025/04/30 15:22:57 Received ACK for chunk 5726/10240
Received chunk 5727/10240: fixtures/large_file.bin
2025/04/30 15:22:57 Sent ACK for chunk 5726
2025/04/30 15:22:57 Received ACK for chunk 5727/10240
Received chunk 5728/10240: fixtures/large_file.bin
2025/04/30 15:22:57 Sent ACK for chunk 5727
2025/04/30 15:22:57 Received ACK for chunk 5728/10240
Received chunk 5729/10240: fixtures/large_file.bin
2025/04/30 15:22:57 Sent ACK for chunk 5728
2025/04/30 15:22:57 Received ACK for chunk 5729/10240
Received chunk 5730/10240: fixtures/large_file.bin
2025/04/30 15:22:57 Sent ACK for chunk 5729
2025/04/30 15:22:57 Received ACK for chunk 5730/10240
Received chunk 5731/10240: fixtures/large_file.bin
2025/04/30 15:22:57 Sent ACK for chunk 5730
2025/04/30 15:22:57 Received ACK for chunk 5731/10240
Received chunk 5732/10240: fixtures/large_file.bin
2025/04/30 15:22:57 Sent ACK for chunk 5731
2025/04/30 15:22:57 Received ACK for chunk 5732/10240
Received chunk 5733/10240: fixtures/large_file.bin
2025/04/30 15:22:57 Sent ACK for chunk 5732
2025/04/30 15:22:57 Received ACK for chunk 5733/10240
Received chunk 5734/10240: fixtures/large_file.bin
2025/04/30 15:22:57 Sent ACK for chunk 5733
2025/04/30 15:22:57 Received ACK for chunk 5734/10240
Received chunk 5735/10240: fixtures/large_file.bin
2025/04/30 15:22:57 Sent ACK for chunk 5734
2025/04/30 15:22:57 Received ACK for chunk 5735/10240
Received chunk 5736/10240: fixtures/large_file.bin
2025/04/30 15:22:57 Sent ACK for chunk 5735
2025/04/30 15:22:57 Received ACK for chunk 5736/10240
Received chunk 5737/10240: fixtures/large_file.bin
2025/04/30 15:22:57 Sent ACK for chunk 5736
2025/04/30 15:22:57 Received ACK for chunk 5737/10240
Received chunk 5738/10240: fixtures/large_file.bin
2025/04/30 15:22:57 Sent ACK for chunk 5737
2025/04/30 15:22:57 Received ACK for chunk 5738/10240
Received chunk 5739/10240: fixtures/large_file.bin
2025/04/30 15:22:57 Sent ACK for chunk 5738
2025/04/30 15:22:57 Received ACK for chunk 5739/10240
Received chunk 5740/10240: fixtures/large_file.bin
2025/04/30 15:22:57 Sent ACK for chunk 5739
2025/04/30 15:22:57 Received ACK for chunk 5740/10240
Received chunk 5741/10240: fixtures/large_file.bin
2025/04/30 15:22:57 Sent ACK for chunk 5740
2025/04/30 15:22:57 Received ACK for chunk 5741/10240
Received chunk 5742/10240: fixtures/large_file.bin
2025/04/30 15:22:57 Sent ACK for chunk 5741
2025/04/30 15:22:57 Received ACK for chunk 5742/10240
Received chunk 5743/10240: fixtures/large_file.bin
2025/04/30 15:22:57 Sent ACK for chunk 5742
2025/04/30 15:22:57 Received ACK for chunk 5743/10240
Received chunk 5744/10240: fixtures/large_file.bin
2025/04/30 15:22:57 Sent ACK for chunk 5743
2025/04/30 15:22:57 Received ACK for chunk 5744/10240
Received chunk 5745/10240: fixtures/large_file.bin
2025/04/30 15:22:57 Sent ACK for chunk 5744
2025/04/30 15:22:57 Received ACK for chunk 5745/10240
Received chunk 5746/10240: fixtures/large_file.bin
2025/04/30 15:22:57 Sent ACK for chunk 5745
2025/04/30 15:22:57 Received ACK for chunk 5746/10240
Received chunk 5747/10240: fixtures/large_file.bin
2025/04/30 15:22:57 Sent ACK for chunk 5746
2025/04/30 15:22:57 Received ACK for chunk 5747/10240
Received chunk 5748/10240: fixtures/large_file.bin
2025/04/30 15:22:57 Sent ACK for chunk 5747
2025/04/30 15:22:57 Received ACK for chunk 5748/10240
Received chunk 5749/10240: fixtures/large_file.bin
2025/04/30 15:22:57 Sent ACK for chunk 5748
2025/04/30 15:22:57 Received ACK for chunk 5749/10240
Received chunk 5750/10240: fixtures/large_file.bin
2025/04/30 15:22:57 Sent ACK for chunk 5749
2025/04/30 15:22:57 Received ACK for chunk 5750/10240
Received chunk 5751/10240: fixtures/large_file.bin
2025/04/30 15:22:57 Sent ACK for chunk 5750
2025/04/30 15:22:57 Received ACK for chunk 5751/10240
Received chunk 5752/10240: fixtures/large_file.bin
2025/04/30 15:22:57 Sent ACK for chunk 5751
2025/04/30 15:22:57 Received ACK for chunk 5752/10240
Received chunk 5753/10240: fixtures/large_file.bin
2025/04/30 15:22:57 Sent ACK for chunk 5752
2025/04/30 15:22:57 Received ACK for chunk 5753/10240
Received chunk 5754/10240: fixtures/large_file.bin
2025/04/30 15:22:57 Sent ACK for chunk 5753
2025/04/30 15:22:57 Received ACK for chunk 5754/10240
Received chunk 5755/10240: fixtures/large_file.bin
2025/04/30 15:22:57 Sent ACK for chunk 5754
2025/04/30 15:22:57 Received ACK for chunk 5755/10240
Received chunk 5756/10240: fixtures/large_file.bin
2025/04/30 15:22:57 Sent ACK for chunk 5755
2025/04/30 15:22:57 Received ACK for chunk 5756/10240
Received chunk 5757/10240: fixtures/large_file.bin
2025/04/30 15:22:57 Sent ACK for chunk 5756
2025/04/30 15:22:57 Received ACK for chunk 5757/10240
Received chunk 5758/10240: fixtures/large_file.bin
2025/04/30 15:22:57 Sent ACK for chunk 5757
2025/04/30 15:22:57 Received ACK for chunk 5758/10240
Received chunk 5759/10240: fixtures/large_file.bin
2025/04/30 15:22:57 Sent ACK for chunk 5758
2025/04/30 15:22:57 Received ACK for chunk 5759/10240
Received chunk 5760/10240: fixtures/large_file.bin
2025/04/30 15:22:57 Sent ACK for chunk 5759
2025/04/30 15:22:57 Received ACK for chunk 5760/10240
Received chunk 5761/10240: fixtures/large_file.bin
2025/04/30 15:22:57 Sent ACK for chunk 5760
2025/04/30 15:22:57 Received ACK for chunk 5761/10240
Received chunk 5762/10240: fixtures/large_file.bin
2025/04/30 15:22:57 Sent ACK for chunk 5761
2025/04/30 15:22:57 Received ACK for chunk 5762/10240
Received chunk 5763/10240: fixtures/large_file.bin
2025/04/30 15:22:57 Sent ACK for chunk 5762
2025/04/30 15:22:57 Received ACK for chunk 5763/10240
Received chunk 5764/10240: fixtures/large_file.bin
2025/04/30 15:22:57 Sent ACK for chunk 5763
2025/04/30 15:22:57 Received ACK for chunk 5764/10240
Received chunk 5765/10240: fixtures/large_file.bin
2025/04/30 15:22:57 Sent ACK for chunk 5764
2025/04/30 15:22:57 Received ACK for chunk 5765/10240
Received chunk 5766/10240: fixtures/large_file.bin
2025/04/30 15:22:57 Sent ACK for chunk 5765
2025/04/30 15:22:57 Received ACK for chunk 5766/10240
Received chunk 5767/10240: fixtures/large_file.bin
2025/04/30 15:22:57 Sent ACK for chunk 5766
2025/04/30 15:22:57 Received ACK for chunk 5767/10240
Received chunk 5768/10240: fixtures/large_file.bin
2025/04/30 15:22:57 Sent ACK for chunk 5767
2025/04/30 15:22:57 Received ACK for chunk 5768/10240
Received chunk 5769/10240: fixtures/large_file.bin
2025/04/30 15:22:57 Sent ACK for chunk 5768
2025/04/30 15:22:57 Received ACK for chunk 5769/10240
Received chunk 5770/10240: fixtures/large_file.bin
2025/04/30 15:22:57 Sent ACK for chunk 5769
2025/04/30 15:22:57 Received ACK for chunk 5770/10240
Received chunk 5771/10240: fixtures/large_file.bin
2025/04/30 15:22:57 Sent ACK for chunk 5770
2025/04/30 15:22:57 Received ACK for chunk 5771/10240
Received chunk 5772/10240: fixtures/large_file.bin
2025/04/30 15:22:57 Sent ACK for chunk 5771
2025/04/30 15:22:57 Received ACK for chunk 5772/10240
Received chunk 5773/10240: fixtures/large_file.bin
2025/04/30 15:22:57 Sent ACK for chunk 5772
2025/04/30 15:22:57 Received ACK for chunk 5773/10240
Received chunk 5774/10240: fixtures/large_file.bin
2025/04/30 15:22:57 Sent ACK for chunk 5773
2025/04/30 15:22:57 Received ACK for chunk 5774/10240
Received chunk 5775/10240: fixtures/large_file.bin
2025/04/30 15:22:57 Sent ACK for chunk 5774
2025/04/30 15:22:57 Received ACK for chunk 5775/10240
Received chunk 5776/10240: fixtures/large_file.bin
2025/04/30 15:22:57 Sent ACK for chunk 5775
2025/04/30 15:22:57 Received ACK for chunk 5776/10240
Received chunk 5777/10240: fixtures/large_file.bin
2025/04/30 15:22:57 Sent ACK for chunk 5776
2025/04/30 15:22:57 Received ACK for chunk 5777/10240
Received chunk 5778/10240: fixtures/large_file.bin
2025/04/30 15:22:57 Sent ACK for chunk 5777
2025/04/30 15:22:57 Received ACK for chunk 5778/10240
Received chunk 5779/10240: fixtures/large_file.bin
2025/04/30 15:22:57 Sent ACK for chunk 5778
2025/04/30 15:22:57 Received ACK for chunk 5779/10240
Received chunk 5780/10240: fixtures/large_file.bin
2025/04/30 15:22:57 Sent ACK for chunk 5779
2025/04/30 15:22:57 Received ACK for chunk 5780/10240
Received chunk 5781/10240: fixtures/large_file.bin
2025/04/30 15:22:57 Sent ACK for chunk 5780
2025/04/30 15:22:57 Received ACK for chunk 5781/10240
Received chunk 5782/10240: fixtures/large_file.bin
2025/04/30 15:22:57 Sent ACK for chunk 5781
2025/04/30 15:22:57 Received ACK for chunk 5782/10240
Received chunk 5783/10240: fixtures/large_file.bin
2025/04/30 15:22:57 Sent ACK for chunk 5782
2025/04/30 15:22:57 Received ACK for chunk 5783/10240
Received chunk 5784/10240: fixtures/large_file.bin
2025/04/30 15:22:57 Sent ACK for chunk 5783
2025/04/30 15:22:57 Received ACK for chunk 5784/10240
Received chunk 5785/10240: fixtures/large_file.bin
2025/04/30 15:22:57 Sent ACK for chunk 5784
2025/04/30 15:22:57 Received ACK for chunk 5785/10240
Received chunk 5786/10240: fixtures/large_file.bin
2025/04/30 15:22:57 Sent ACK for chunk 5785
2025/04/30 15:22:57 Received ACK for chunk 5786/10240
Received chunk 5787/10240: fixtures/large_file.bin
2025/04/30 15:22:57 Sent ACK for chunk 5786
2025/04/30 15:22:57 Received ACK for chunk 5787/10240
Received chunk 5788/10240: fixtures/large_file.bin
2025/04/30 15:22:57 Sent ACK for chunk 5787
2025/04/30 15:22:57 Received ACK for chunk 5788/10240
Received chunk 5789/10240: fixtures/large_file.bin
2025/04/30 15:22:57 Sent ACK for chunk 5788
2025/04/30 15:22:57 Received ACK for chunk 5789/10240
Received chunk 5790/10240: fixtures/large_file.bin
2025/04/30 15:22:57 Sent ACK for chunk 5789
2025/04/30 15:22:57 Received ACK for chunk 5790/10240
Received chunk 5791/10240: fixtures/large_file.bin
2025/04/30 15:22:57 Sent ACK for chunk 5790
2025/04/30 15:22:57 Received ACK for chunk 5791/10240
Received chunk 5792/10240: fixtures/large_file.bin
2025/04/30 15:22:57 Sent ACK for chunk 5791
2025/04/30 15:22:57 Received ACK for chunk 5792/10240
Received chunk 5793/10240: fixtures/large_file.bin
2025/04/30 15:22:57 Sent ACK for chunk 5792
2025/04/30 15:22:57 Received ACK for chunk 5793/10240
Received chunk 5794/10240: fixtures/large_file.bin
2025/04/30 15:22:57 Sent ACK for chunk 5793
2025/04/30 15:22:57 Received ACK for chunk 5794/10240
Received chunk 5795/10240: fixtures/large_file.bin
2025/04/30 15:22:57 Sent ACK for chunk 5794
2025/04/30 15:22:57 Received ACK for chunk 5795/10240
Received chunk 5796/10240: fixtures/large_file.bin
2025/04/30 15:22:57 Sent ACK for chunk 5795
2025/04/30 15:22:57 Received ACK for chunk 5796/10240
Received chunk 5797/10240: fixtures/large_file.bin
2025/04/30 15:22:57 Sent ACK for chunk 5796
2025/04/30 15:22:57 Received ACK for chunk 5797/10240
Received chunk 5798/10240: fixtures/large_file.bin
2025/04/30 15:22:57 Sent ACK for chunk 5797
2025/04/30 15:22:57 Received ACK for chunk 5798/10240
Received chunk 5799/10240: fixtures/large_file.bin
2025/04/30 15:22:57 Sent ACK for chunk 5798
2025/04/30 15:22:57 Received ACK for chunk 5799/10240
Received chunk 5800/10240: fixtures/large_file.bin
2025/04/30 15:22:57 Sent ACK for chunk 5799
2025/04/30 15:22:57 Received ACK for chunk 5800/10240
Received chunk 5801/10240: fixtures/large_file.bin
2025/04/30 15:22:57 Sent ACK for chunk 5800
2025/04/30 15:22:57 Received ACK for chunk 5801/10240
Received chunk 5802/10240: fixtures/large_file.bin
2025/04/30 15:22:57 Sent ACK for chunk 5801
2025/04/30 15:22:57 Received ACK for chunk 5802/10240
Received chunk 5803/10240: fixtures/large_file.bin
2025/04/30 15:22:57 Sent ACK for chunk 5802
2025/04/30 15:22:57 Received ACK for chunk 5803/10240
Received chunk 5804/10240: fixtures/large_file.bin
2025/04/30 15:22:57 Sent ACK for chunk 5803
2025/04/30 15:22:57 Received ACK for chunk 5804/10240
Received chunk 5805/10240: fixtures/large_file.bin
2025/04/30 15:22:57 Sent ACK for chunk 5804
2025/04/30 15:22:57 Received ACK for chunk 5805/10240
Received chunk 5806/10240: fixtures/large_file.bin
2025/04/30 15:22:57 Sent ACK for chunk 5805
2025/04/30 15:22:57 Received ACK for chunk 5806/10240
Received chunk 5807/10240: fixtures/large_file.bin
2025/04/30 15:22:57 Sent ACK for chunk 5806
2025/04/30 15:22:57 Received ACK for chunk 5807/10240
Received chunk 5808/10240: fixtures/large_file.bin
2025/04/30 15:22:57 Sent ACK for chunk 5807
2025/04/30 15:22:57 Received ACK for chunk 5808/10240
Received chunk 5809/10240: fixtures/large_file.bin
2025/04/30 15:22:57 Sent ACK for chunk 5808
2025/04/30 15:22:57 Received ACK for chunk 5809/10240
Received chunk 5810/10240: fixtures/large_file.bin
2025/04/30 15:22:57 Sent ACK for chunk 5809
2025/04/30 15:22:57 Received ACK for chunk 5810/10240
Received chunk 5811/10240: fixtures/large_file.bin
2025/04/30 15:22:57 Sent ACK for chunk 5810
2025/04/30 15:22:57 Received ACK for chunk 5811/10240
Received chunk 5812/10240: fixtures/large_file.bin
2025/04/30 15:22:57 Sent ACK for chunk 5811
2025/04/30 15:22:57 Received ACK for chunk 5812/10240
Received chunk 5813/10240: fixtures/large_file.bin
2025/04/30 15:22:57 Sent ACK for chunk 5812
2025/04/30 15:22:57 Received ACK for chunk 5813/10240
Received chunk 5814/10240: fixtures/large_file.bin
2025/04/30 15:22:57 Sent ACK for chunk 5813
2025/04/30 15:22:57 Received ACK for chunk 5814/10240
Received chunk 5815/10240: fixtures/large_file.bin
2025/04/30 15:22:57 Sent ACK for chunk 5814
2025/04/30 15:22:57 Received ACK for chunk 5815/10240
Received chunk 5816/10240: fixtures/large_file.bin
2025/04/30 15:22:57 Sent ACK for chunk 5815
2025/04/30 15:22:57 Received ACK for chunk 5816/10240
Received chunk 5817/10240: fixtures/large_file.bin
2025/04/30 15:22:57 Sent ACK for chunk 5816
2025/04/30 15:22:57 Received ACK for chunk 5817/10240
Received chunk 5818/10240: fixtures/large_file.bin
2025/04/30 15:22:57 Sent ACK for chunk 5817
2025/04/30 15:22:57 Received ACK for chunk 5818/10240
Received chunk 5819/10240: fixtures/large_file.bin
2025/04/30 15:22:57 Sent ACK for chunk 5818
2025/04/30 15:22:57 Received ACK for chunk 5819/10240
Received chunk 5820/10240: fixtures/large_file.bin
2025/04/30 15:22:57 Sent ACK for chunk 5819
2025/04/30 15:22:57 Received ACK for chunk 5820/10240
Received chunk 5821/10240: fixtures/large_file.bin
2025/04/30 15:22:57 Sent ACK for chunk 5820
2025/04/30 15:22:57 Received ACK for chunk 5821/10240
Received chunk 5822/10240: fixtures/large_file.bin
2025/04/30 15:22:57 Sent ACK for chunk 5821
2025/04/30 15:22:57 Received ACK for chunk 5822/10240
Received chunk 5823/10240: fixtures/large_file.bin
2025/04/30 15:22:57 Sent ACK for chunk 5822
2025/04/30 15:22:57 Received ACK for chunk 5823/10240
Received chunk 5824/10240: fixtures/large_file.bin
2025/04/30 15:22:57 Sent ACK for chunk 5823
2025/04/30 15:22:57 Received ACK for chunk 5824/10240
Received chunk 5825/10240: fixtures/large_file.bin
2025/04/30 15:22:57 Sent ACK for chunk 5824
2025/04/30 15:22:57 Received ACK for chunk 5825/10240
Received chunk 5826/10240: fixtures/large_file.bin
2025/04/30 15:22:57 Sent ACK for chunk 5825
2025/04/30 15:22:57 Received ACK for chunk 5826/10240
Received chunk 5827/10240: fixtures/large_file.bin
2025/04/30 15:22:57 Sent ACK for chunk 5826
2025/04/30 15:22:57 Received ACK for chunk 5827/10240
Received chunk 5828/10240: fixtures/large_file.bin
2025/04/30 15:22:57 Sent ACK for chunk 5827
2025/04/30 15:22:57 Received ACK for chunk 5828/10240
Received chunk 5829/10240: fixtures/large_file.bin
2025/04/30 15:22:57 Sent ACK for chunk 5828
2025/04/30 15:22:57 Received ACK for chunk 5829/10240
Received chunk 5830/10240: fixtures/large_file.bin
2025/04/30 15:22:57 Sent ACK for chunk 5829
2025/04/30 15:22:57 Received ACK for chunk 5830/10240
Received chunk 5831/10240: fixtures/large_file.bin
2025/04/30 15:22:57 Sent ACK for chunk 5830
2025/04/30 15:22:57 Received ACK for chunk 5831/10240
Received chunk 5832/10240: fixtures/large_file.bin
2025/04/30 15:22:57 Sent ACK for chunk 5831
2025/04/30 15:22:57 Received ACK for chunk 5832/10240
Received chunk 5833/10240: fixtures/large_file.bin
2025/04/30 15:22:57 Sent ACK for chunk 5832
2025/04/30 15:22:57 Received ACK for chunk 5833/10240
Received chunk 5834/10240: fixtures/large_file.bin
2025/04/30 15:22:57 Sent ACK for chunk 5833
2025/04/30 15:22:57 Received ACK for chunk 5834/10240
Received chunk 5835/10240: fixtures/large_file.bin
2025/04/30 15:22:57 Sent ACK for chunk 5834
2025/04/30 15:22:57 Received ACK for chunk 5835/10240
Received chunk 5836/10240: fixtures/large_file.bin
2025/04/30 15:22:57 Sent ACK for chunk 5835
2025/04/30 15:22:57 Received ACK for chunk 5836/10240
Received chunk 5837/10240: fixtures/large_file.bin
2025/04/30 15:22:57 Sent ACK for chunk 5836
2025/04/30 15:22:57 Received ACK for chunk 5837/10240
Received chunk 5838/10240: fixtures/large_file.bin
2025/04/30 15:22:57 Sent ACK for chunk 5837
2025/04/30 15:22:57 Received ACK for chunk 5838/10240
Received chunk 5839/10240: fixtures/large_file.bin
2025/04/30 15:22:57 Sent ACK for chunk 5838
2025/04/30 15:22:57 Received ACK for chunk 5839/10240
Received chunk 5840/10240: fixtures/large_file.bin
2025/04/30 15:22:57 Sent ACK for chunk 5839
2025/04/30 15:22:57 Received ACK for chunk 5840/10240
Received chunk 5841/10240: fixtures/large_file.bin
2025/04/30 15:22:57 Sent ACK for chunk 5840
2025/04/30 15:22:57 Received ACK for chunk 5841/10240
Received chunk 5842/10240: fixtures/large_file.bin
2025/04/30 15:22:57 Sent ACK for chunk 5841
2025/04/30 15:22:57 Received ACK for chunk 5842/10240
Received chunk 5843/10240: fixtures/large_file.bin
2025/04/30 15:22:57 Sent ACK for chunk 5842
2025/04/30 15:22:57 Received ACK for chunk 5843/10240
Received chunk 5844/10240: fixtures/large_file.bin
2025/04/30 15:22:57 Sent ACK for chunk 5843
2025/04/30 15:22:57 Received ACK for chunk 5844/10240
Received chunk 5845/10240: fixtures/large_file.bin
2025/04/30 15:22:57 Sent ACK for chunk 5844
2025/04/30 15:22:57 Received ACK for chunk 5845/10240
Received chunk 5846/10240: fixtures/large_file.bin
2025/04/30 15:22:57 Sent ACK for chunk 5845
2025/04/30 15:22:57 Received ACK for chunk 5846/10240
Received chunk 5847/10240: fixtures/large_file.bin
2025/04/30 15:22:57 Sent ACK for chunk 5846
2025/04/30 15:22:57 Received ACK for chunk 5847/10240
Received chunk 5848/10240: fixtures/large_file.bin
2025/04/30 15:22:57 Sent ACK for chunk 5847
2025/04/30 15:22:57 Received ACK for chunk 5848/10240
Received chunk 5849/10240: fixtures/large_file.bin
2025/04/30 15:22:57 Sent ACK for chunk 5848
2025/04/30 15:22:57 Received ACK for chunk 5849/10240
Received chunk 5850/10240: fixtures/large_file.bin
2025/04/30 15:22:57 Sent ACK for chunk 5849
2025/04/30 15:22:57 Received ACK for chunk 5850/10240
Received chunk 5851/10240: fixtures/large_file.bin
2025/04/30 15:22:57 Sent ACK for chunk 5850
2025/04/30 15:22:57 Received ACK for chunk 5851/10240
Received chunk 5852/10240: fixtures/large_file.bin
2025/04/30 15:22:57 Sent ACK for chunk 5851
2025/04/30 15:22:57 Received ACK for chunk 5852/10240
Received chunk 5853/10240: fixtures/large_file.bin
2025/04/30 15:22:57 Sent ACK for chunk 5852
2025/04/30 15:22:57 Received ACK for chunk 5853/10240
Received chunk 5854/10240: fixtures/large_file.bin
2025/04/30 15:22:57 Sent ACK for chunk 5853
2025/04/30 15:22:57 Received ACK for chunk 5854/10240
Received chunk 5855/10240: fixtures/large_file.bin
2025/04/30 15:22:57 Sent ACK for chunk 5854
2025/04/30 15:22:57 Received ACK for chunk 5855/10240
Received chunk 5856/10240: fixtures/large_file.bin
2025/04/30 15:22:57 Sent ACK for chunk 5855
2025/04/30 15:22:57 Received ACK for chunk 5856/10240
Received chunk 5857/10240: fixtures/large_file.bin
2025/04/30 15:22:57 Sent ACK for chunk 5856
2025/04/30 15:22:57 Received ACK for chunk 5857/10240
Received chunk 5858/10240: fixtures/large_file.bin
2025/04/30 15:22:57 Sent ACK for chunk 5857
2025/04/30 15:22:57 Received ACK for chunk 5858/10240
Received chunk 5859/10240: fixtures/large_file.bin
2025/04/30 15:22:57 Sent ACK for chunk 5858
2025/04/30 15:22:57 Received ACK for chunk 5859/10240
Received chunk 5860/10240: fixtures/large_file.bin
2025/04/30 15:22:57 Sent ACK for chunk 5859
2025/04/30 15:22:57 Received ACK for chunk 5860/10240
Received chunk 5861/10240: fixtures/large_file.bin
2025/04/30 15:22:57 Sent ACK for chunk 5860
2025/04/30 15:22:57 Received ACK for chunk 5861/10240
Received chunk 5862/10240: fixtures/large_file.bin
2025/04/30 15:22:57 Sent ACK for chunk 5861
2025/04/30 15:22:57 Received ACK for chunk 5862/10240
Received chunk 5863/10240: fixtures/large_file.bin
2025/04/30 15:22:57 Sent ACK for chunk 5862
2025/04/30 15:22:57 Received ACK for chunk 5863/10240
Received chunk 5864/10240: fixtures/large_file.bin
2025/04/30 15:22:57 Sent ACK for chunk 5863
2025/04/30 15:22:57 Received ACK for chunk 5864/10240
Received chunk 5865/10240: fixtures/large_file.bin
2025/04/30 15:22:57 Sent ACK for chunk 5864
2025/04/30 15:22:57 Received ACK for chunk 5865/10240
Received chunk 5866/10240: fixtures/large_file.bin
2025/04/30 15:22:57 Sent ACK for chunk 5865
2025/04/30 15:22:57 Received ACK for chunk 5866/10240
Received chunk 5867/10240: fixtures/large_file.bin
2025/04/30 15:22:57 Sent ACK for chunk 5866
2025/04/30 15:22:57 Received ACK for chunk 5867/10240
Received chunk 5868/10240: fixtures/large_file.bin
2025/04/30 15:22:57 Sent ACK for chunk 5867
2025/04/30 15:22:57 Received ACK for chunk 5868/10240
Received chunk 5869/10240: fixtures/large_file.bin
2025/04/30 15:22:57 Sent ACK for chunk 5868
2025/04/30 15:22:57 Received ACK for chunk 5869/10240
Received chunk 5870/10240: fixtures/large_file.bin
2025/04/30 15:22:57 Sent ACK for chunk 5869
2025/04/30 15:22:57 Received ACK for chunk 5870/10240
Received chunk 5871/10240: fixtures/large_file.bin
2025/04/30 15:22:57 Sent ACK for chunk 5870
2025/04/30 15:22:57 Received ACK for chunk 5871/10240
Received chunk 5872/10240: fixtures/large_file.bin
2025/04/30 15:22:57 Sent ACK for chunk 5871
2025/04/30 15:22:57 Received ACK for chunk 5872/10240
Received chunk 5873/10240: fixtures/large_file.bin
2025/04/30 15:22:57 Sent ACK for chunk 5872
2025/04/30 15:22:57 Received ACK for chunk 5873/10240
Received chunk 5874/10240: fixtures/large_file.bin
2025/04/30 15:22:57 Sent ACK for chunk 5873
2025/04/30 15:22:57 Received ACK for chunk 5874/10240
Received chunk 5875/10240: fixtures/large_file.bin
2025/04/30 15:22:57 Sent ACK for chunk 5874
2025/04/30 15:22:57 Received ACK for chunk 5875/10240
Received chunk 5876/10240: fixtures/large_file.bin
2025/04/30 15:22:57 Sent ACK for chunk 5875
2025/04/30 15:22:57 Received ACK for chunk 5876/10240
Received chunk 5877/10240: fixtures/large_file.bin
2025/04/30 15:22:57 Sent ACK for chunk 5876
2025/04/30 15:22:57 Received ACK for chunk 5877/10240
Received chunk 5878/10240: fixtures/large_file.bin
2025/04/30 15:22:57 Sent ACK for chunk 5877
2025/04/30 15:22:57 Received ACK for chunk 5878/10240
Received chunk 5879/10240: fixtures/large_file.bin
2025/04/30 15:22:57 Sent ACK for chunk 5878
2025/04/30 15:22:57 Received ACK for chunk 5879/10240
Received chunk 5880/10240: fixtures/large_file.bin
2025/04/30 15:22:57 Sent ACK for chunk 5879
2025/04/30 15:22:57 Received ACK for chunk 5880/10240
Received chunk 5881/10240: fixtures/large_file.bin
2025/04/30 15:22:57 Sent ACK for chunk 5880
2025/04/30 15:22:57 Received ACK for chunk 5881/10240
Received chunk 5882/10240: fixtures/large_file.bin
2025/04/30 15:22:57 Sent ACK for chunk 5881
2025/04/30 15:22:57 Received ACK for chunk 5882/10240
Received chunk 5883/10240: fixtures/large_file.bin
2025/04/30 15:22:57 Sent ACK for chunk 5882
2025/04/30 15:22:57 Received ACK for chunk 5883/10240
Received chunk 5884/10240: fixtures/large_file.bin
2025/04/30 15:22:57 Sent ACK for chunk 5883
2025/04/30 15:22:57 Received ACK for chunk 5884/10240
Received chunk 5885/10240: fixtures/large_file.bin
2025/04/30 15:22:57 Sent ACK for chunk 5884
2025/04/30 15:22:57 Received ACK for chunk 5885/10240
Received chunk 5886/10240: fixtures/large_file.bin
2025/04/30 15:22:57 Sent ACK for chunk 5885
2025/04/30 15:22:57 Received ACK for chunk 5886/10240
Received chunk 5887/10240: fixtures/large_file.bin
2025/04/30 15:22:57 Sent ACK for chunk 5886
2025/04/30 15:22:57 Received ACK for chunk 5887/10240
Received chunk 5888/10240: fixtures/large_file.bin
2025/04/30 15:22:57 Sent ACK for chunk 5887
2025/04/30 15:22:57 Received ACK for chunk 5888/10240
Received chunk 5889/10240: fixtures/large_file.bin
2025/04/30 15:22:57 Sent ACK for chunk 5888
2025/04/30 15:22:57 Received ACK for chunk 5889/10240
Received chunk 5890/10240: fixtures/large_file.bin
2025/04/30 15:22:57 Sent ACK for chunk 5889
2025/04/30 15:22:57 Received ACK for chunk 5890/10240
Received chunk 5891/10240: fixtures/large_file.bin
2025/04/30 15:22:57 Sent ACK for chunk 5890
2025/04/30 15:22:57 Received ACK for chunk 5891/10240
Received chunk 5892/10240: fixtures/large_file.bin
2025/04/30 15:22:57 Sent ACK for chunk 5891
2025/04/30 15:22:57 Received ACK for chunk 5892/10240
Received chunk 5893/10240: fixtures/large_file.bin
2025/04/30 15:22:57 Sent ACK for chunk 5892
2025/04/30 15:22:57 Received ACK for chunk 5893/10240
Received chunk 5894/10240: fixtures/large_file.bin
2025/04/30 15:22:57 Sent ACK for chunk 5893
2025/04/30 15:22:57 Received ACK for chunk 5894/10240
Received chunk 5895/10240: fixtures/large_file.bin
2025/04/30 15:22:57 Sent ACK for chunk 5894
2025/04/30 15:22:57 Received ACK for chunk 5895/10240
Received chunk 5896/10240: fixtures/large_file.bin
2025/04/30 15:22:57 Sent ACK for chunk 5895
2025/04/30 15:22:57 Received ACK for chunk 5896/10240
Received chunk 5897/10240: fixtures/large_file.bin
2025/04/30 15:22:57 Sent ACK for chunk 5896
2025/04/30 15:22:57 Received ACK for chunk 5897/10240
Received chunk 5898/10240: fixtures/large_file.bin
2025/04/30 15:22:57 Sent ACK for chunk 5897
2025/04/30 15:22:57 Received ACK for chunk 5898/10240
Received chunk 5899/10240: fixtures/large_file.bin
2025/04/30 15:22:57 Sent ACK for chunk 5898
2025/04/30 15:22:57 Received ACK for chunk 5899/10240
Received chunk 5900/10240: fixtures/large_file.bin
2025/04/30 15:22:57 Sent ACK for chunk 5899
2025/04/30 15:22:57 Received ACK for chunk 5900/10240
Received chunk 5901/10240: fixtures/large_file.bin
2025/04/30 15:22:57 Sent ACK for chunk 5900
2025/04/30 15:22:57 Received ACK for chunk 5901/10240
Received chunk 5902/10240: fixtures/large_file.bin
2025/04/30 15:22:57 Sent ACK for chunk 5901
2025/04/30 15:22:57 Received ACK for chunk 5902/10240
Received chunk 5903/10240: fixtures/large_file.bin
2025/04/30 15:22:57 Sent ACK for chunk 5902
2025/04/30 15:22:57 Received ACK for chunk 5903/10240
Received chunk 5904/10240: fixtures/large_file.bin
2025/04/30 15:22:57 Sent ACK for chunk 5903
2025/04/30 15:22:57 Received ACK for chunk 5904/10240
Received chunk 5905/10240: fixtures/large_file.bin
2025/04/30 15:22:57 Sent ACK for chunk 5904
2025/04/30 15:22:57 Received ACK for chunk 5905/10240
Received chunk 5906/10240: fixtures/large_file.bin
2025/04/30 15:22:57 Sent ACK for chunk 5905
2025/04/30 15:22:57 Received ACK for chunk 5906/10240
Received chunk 5907/10240: fixtures/large_file.bin
2025/04/30 15:22:57 Sent ACK for chunk 5906
2025/04/30 15:22:57 Received ACK for chunk 5907/10240
Received chunk 5908/10240: fixtures/large_file.bin
2025/04/30 15:22:57 Sent ACK for chunk 5907
2025/04/30 15:22:57 Received ACK for chunk 5908/10240
Received chunk 5909/10240: fixtures/large_file.bin
2025/04/30 15:22:57 Sent ACK for chunk 5908
2025/04/30 15:22:57 Received ACK for chunk 5909/10240
Received chunk 5910/10240: fixtures/large_file.bin
2025/04/30 15:22:57 Sent ACK for chunk 5909
2025/04/30 15:22:57 Received ACK for chunk 5910/10240
Received chunk 5911/10240: fixtures/large_file.bin
2025/04/30 15:22:57 Sent ACK for chunk 5910
2025/04/30 15:22:57 Received ACK for chunk 5911/10240
Received chunk 5912/10240: fixtures/large_file.bin
2025/04/30 15:22:57 Sent ACK for chunk 5911
2025/04/30 15:22:57 Received ACK for chunk 5912/10240
Received chunk 5913/10240: fixtures/large_file.bin
2025/04/30 15:22:57 Sent ACK for chunk 5912
2025/04/30 15:22:57 Received ACK for chunk 5913/10240
Received chunk 5914/10240: fixtures/large_file.bin
2025/04/30 15:22:57 Sent ACK for chunk 5913
2025/04/30 15:22:57 Received ACK for chunk 5914/10240
Received chunk 5915/10240: fixtures/large_file.bin
2025/04/30 15:22:57 Sent ACK for chunk 5914
2025/04/30 15:22:57 Received ACK for chunk 5915/10240
Received chunk 5916/10240: fixtures/large_file.bin
2025/04/30 15:22:57 Sent ACK for chunk 5915
2025/04/30 15:22:57 Received ACK for chunk 5916/10240
Received chunk 5917/10240: fixtures/large_file.bin
2025/04/30 15:22:57 Sent ACK for chunk 5916
2025/04/30 15:22:57 Received ACK for chunk 5917/10240
Received chunk 5918/10240: fixtures/large_file.bin
2025/04/30 15:22:57 Sent ACK for chunk 5917
2025/04/30 15:22:57 Received ACK for chunk 5918/10240
Received chunk 5919/10240: fixtures/large_file.bin
2025/04/30 15:22:57 Sent ACK for chunk 5918
2025/04/30 15:22:57 Received ACK for chunk 5919/10240
Received chunk 5920/10240: fixtures/large_file.bin
2025/04/30 15:22:57 Sent ACK for chunk 5919
2025/04/30 15:22:57 Received ACK for chunk 5920/10240
Received chunk 5921/10240: fixtures/large_file.bin
2025/04/30 15:22:57 Sent ACK for chunk 5920
2025/04/30 15:22:57 Received ACK for chunk 5921/10240
Received chunk 5922/10240: fixtures/large_file.bin
2025/04/30 15:22:57 Sent ACK for chunk 5921
2025/04/30 15:22:57 Received ACK for chunk 5922/10240
Received chunk 5923/10240: fixtures/large_file.bin
2025/04/30 15:22:57 Sent ACK for chunk 5922
2025/04/30 15:22:57 Received ACK for chunk 5923/10240
Received chunk 5924/10240: fixtures/large_file.bin
2025/04/30 15:22:57 Sent ACK for chunk 5923
2025/04/30 15:22:57 Received ACK for chunk 5924/10240
Received chunk 5925/10240: fixtures/large_file.bin
2025/04/30 15:22:57 Sent ACK for chunk 5924
2025/04/30 15:22:57 Received ACK for chunk 5925/10240
Received chunk 5926/10240: fixtures/large_file.bin
2025/04/30 15:22:57 Sent ACK for chunk 5925
2025/04/30 15:22:57 Received ACK for chunk 5926/10240
Received chunk 5927/10240: fixtures/large_file.bin
2025/04/30 15:22:57 Sent ACK for chunk 5926
2025/04/30 15:22:57 Received ACK for chunk 5927/10240
Received chunk 5928/10240: fixtures/large_file.bin
2025/04/30 15:22:57 Sent ACK for chunk 5927
2025/04/30 15:22:57 Received ACK for chunk 5928/10240
Received chunk 5929/10240: fixtures/large_file.bin
2025/04/30 15:22:57 Sent ACK for chunk 5928
2025/04/30 15:22:57 Received ACK for chunk 5929/10240
Received chunk 5930/10240: fixtures/large_file.bin
2025/04/30 15:22:57 Sent ACK for chunk 5929
2025/04/30 15:22:57 Received ACK for chunk 5930/10240
Received chunk 5931/10240: fixtures/large_file.bin
2025/04/30 15:22:57 Sent ACK for chunk 5930
2025/04/30 15:22:57 Received ACK for chunk 5931/10240
Received chunk 5932/10240: fixtures/large_file.bin
2025/04/30 15:22:57 Sent ACK for chunk 5931
2025/04/30 15:22:57 Received ACK for chunk 5932/10240
Received chunk 5933/10240: fixtures/large_file.bin
2025/04/30 15:22:57 Sent ACK for chunk 5932
2025/04/30 15:22:57 Received ACK for chunk 5933/10240
Received chunk 5934/10240: fixtures/large_file.bin
2025/04/30 15:22:57 Sent ACK for chunk 5933
2025/04/30 15:22:57 Received ACK for chunk 5934/10240
Received chunk 5935/10240: fixtures/large_file.bin
2025/04/30 15:22:57 Sent ACK for chunk 5934
2025/04/30 15:22:57 Received ACK for chunk 5935/10240
Received chunk 5936/10240: fixtures/large_file.bin
2025/04/30 15:22:57 Sent ACK for chunk 5935
2025/04/30 15:22:57 Received ACK for chunk 5936/10240
Received chunk 5937/10240: fixtures/large_file.bin
2025/04/30 15:22:57 Sent ACK for chunk 5936
2025/04/30 15:22:57 Received ACK for chunk 5937/10240
Received chunk 5938/10240: fixtures/large_file.bin
2025/04/30 15:22:57 Sent ACK for chunk 5937
2025/04/30 15:22:57 Received ACK for chunk 5938/10240
Received chunk 5939/10240: fixtures/large_file.bin
2025/04/30 15:22:57 Sent ACK for chunk 5938
2025/04/30 15:22:57 Received ACK for chunk 5939/10240
Received chunk 5940/10240: fixtures/large_file.bin
2025/04/30 15:22:57 Sent ACK for chunk 5939
2025/04/30 15:22:57 Received ACK for chunk 5940/10240
Received chunk 5941/10240: fixtures/large_file.bin
2025/04/30 15:22:57 Sent ACK for chunk 5940
2025/04/30 15:22:57 Received ACK for chunk 5941/10240
Received chunk 5942/10240: fixtures/large_file.bin
2025/04/30 15:22:57 Sent ACK for chunk 5941
2025/04/30 15:22:57 Received ACK for chunk 5942/10240
Received chunk 5943/10240: fixtures/large_file.bin
2025/04/30 15:22:57 Sent ACK for chunk 5942
2025/04/30 15:22:57 Received ACK for chunk 5943/10240
Received chunk 5944/10240: fixtures/large_file.bin
2025/04/30 15:22:57 Sent ACK for chunk 5943
2025/04/30 15:22:57 Received ACK for chunk 5944/10240
Received chunk 5945/10240: fixtures/large_file.bin
2025/04/30 15:22:57 Sent ACK for chunk 5944
2025/04/30 15:22:57 Received ACK for chunk 5945/10240
Received chunk 5946/10240: fixtures/large_file.bin
2025/04/30 15:22:57 Sent ACK for chunk 5945
2025/04/30 15:22:57 Received ACK for chunk 5946/10240
Received chunk 5947/10240: fixtures/large_file.bin
2025/04/30 15:22:57 Sent ACK for chunk 5946
2025/04/30 15:22:57 Received ACK for chunk 5947/10240
Received chunk 5948/10240: fixtures/large_file.bin
2025/04/30 15:22:57 Sent ACK for chunk 5947
2025/04/30 15:22:57 Received ACK for chunk 5948/10240
Received chunk 5949/10240: fixtures/large_file.bin
2025/04/30 15:22:57 Sent ACK for chunk 5948
2025/04/30 15:22:57 Received ACK for chunk 5949/10240
Received chunk 5950/10240: fixtures/large_file.bin
2025/04/30 15:22:57 Sent ACK for chunk 5949
2025/04/30 15:22:57 Received ACK for chunk 5950/10240
Received chunk 5951/10240: fixtures/large_file.bin
2025/04/30 15:22:57 Sent ACK for chunk 5950
2025/04/30 15:22:57 Received ACK for chunk 5951/10240
Received chunk 5952/10240: fixtures/large_file.bin
2025/04/30 15:22:57 Sent ACK for chunk 5951
2025/04/30 15:22:57 Received ACK for chunk 5952/10240
Received chunk 5953/10240: fixtures/large_file.bin
2025/04/30 15:22:57 Sent ACK for chunk 5952
2025/04/30 15:22:57 Received ACK for chunk 5953/10240
Received chunk 5954/10240: fixtures/large_file.bin
2025/04/30 15:22:57 Sent ACK for chunk 5953
2025/04/30 15:22:57 Received ACK for chunk 5954/10240
Received chunk 5955/10240: fixtures/large_file.bin
2025/04/30 15:22:57 Sent ACK for chunk 5954
2025/04/30 15:22:57 Received ACK for chunk 5955/10240
Received chunk 5956/10240: fixtures/large_file.bin
2025/04/30 15:22:57 Sent ACK for chunk 5955
2025/04/30 15:22:57 Received ACK for chunk 5956/10240
Received chunk 5957/10240: fixtures/large_file.bin
2025/04/30 15:22:57 Sent ACK for chunk 5956
2025/04/30 15:22:57 Received ACK for chunk 5957/10240
Received chunk 5958/10240: fixtures/large_file.bin
2025/04/30 15:22:57 Sent ACK for chunk 5957
2025/04/30 15:22:57 Received ACK for chunk 5958/10240
Received chunk 5959/10240: fixtures/large_file.bin
2025/04/30 15:22:57 Sent ACK for chunk 5958
2025/04/30 15:22:57 Received ACK for chunk 5959/10240
Received chunk 5960/10240: fixtures/large_file.bin
2025/04/30 15:22:57 Sent ACK for chunk 5959
2025/04/30 15:22:57 Received ACK for chunk 5960/10240
Received chunk 5961/10240: fixtures/large_file.bin
2025/04/30 15:22:57 Sent ACK for chunk 5960
2025/04/30 15:22:57 Received ACK for chunk 5961/10240
Received chunk 5962/10240: fixtures/large_file.bin
2025/04/30 15:22:57 Sent ACK for chunk 5961
2025/04/30 15:22:57 Received ACK for chunk 5962/10240
Received chunk 5963/10240: fixtures/large_file.bin
2025/04/30 15:22:57 Sent ACK for chunk 5962
2025/04/30 15:22:57 Received ACK for chunk 5963/10240
Received chunk 5964/10240: fixtures/large_file.bin
2025/04/30 15:22:57 Sent ACK for chunk 5963
2025/04/30 15:22:57 Received ACK for chunk 5964/10240
Received chunk 5965/10240: fixtures/large_file.bin
2025/04/30 15:22:57 Sent ACK for chunk 5964
2025/04/30 15:22:57 Received ACK for chunk 5965/10240
Received chunk 5966/10240: fixtures/large_file.bin
2025/04/30 15:22:57 Sent ACK for chunk 5965
2025/04/30 15:22:57 Received ACK for chunk 5966/10240
Received chunk 5967/10240: fixtures/large_file.bin
2025/04/30 15:22:57 Sent ACK for chunk 5966
2025/04/30 15:22:57 Received ACK for chunk 5967/10240
Received chunk 5968/10240: fixtures/large_file.bin
2025/04/30 15:22:57 Sent ACK for chunk 5967
2025/04/30 15:22:57 Received ACK for chunk 5968/10240
Received chunk 5969/10240: fixtures/large_file.bin
2025/04/30 15:22:57 Sent ACK for chunk 5968
2025/04/30 15:22:57 Received ACK for chunk 5969/10240
Received chunk 5970/10240: fixtures/large_file.bin
2025/04/30 15:22:57 Sent ACK for chunk 5969
2025/04/30 15:22:57 Received ACK for chunk 5970/10240
Received chunk 5971/10240: fixtures/large_file.bin
2025/04/30 15:22:57 Sent ACK for chunk 5970
2025/04/30 15:22:57 Received ACK for chunk 5971/10240
Received chunk 5972/10240: fixtures/large_file.bin
2025/04/30 15:22:57 Sent ACK for chunk 5971
2025/04/30 15:22:57 Received ACK for chunk 5972/10240
Received chunk 5973/10240: fixtures/large_file.bin
2025/04/30 15:22:57 Sent ACK for chunk 5972
2025/04/30 15:22:57 Received ACK for chunk 5973/10240
Received chunk 5974/10240: fixtures/large_file.bin
2025/04/30 15:22:57 Sent ACK for chunk 5973
2025/04/30 15:22:57 Received ACK for chunk 5974/10240
Received chunk 5975/10240: fixtures/large_file.bin
2025/04/30 15:22:57 Sent ACK for chunk 5974
2025/04/30 15:22:57 Received ACK for chunk 5975/10240
Received chunk 5976/10240: fixtures/large_file.bin
2025/04/30 15:22:57 Sent ACK for chunk 5975
2025/04/30 15:22:57 Received ACK for chunk 5976/10240
Received chunk 5977/10240: fixtures/large_file.bin
2025/04/30 15:22:57 Sent ACK for chunk 5976
2025/04/30 15:22:57 Received ACK for chunk 5977/10240
Received chunk 5978/10240: fixtures/large_file.bin
2025/04/30 15:22:57 Sent ACK for chunk 5977
2025/04/30 15:22:57 Received ACK for chunk 5978/10240
Received chunk 5979/10240: fixtures/large_file.bin
2025/04/30 15:22:57 Sent ACK for chunk 5978
2025/04/30 15:22:57 Received ACK for chunk 5979/10240
Received chunk 5980/10240: fixtures/large_file.bin
2025/04/30 15:22:57 Sent ACK for chunk 5979
2025/04/30 15:22:57 Received ACK for chunk 5980/10240
Received chunk 5981/10240: fixtures/large_file.bin
2025/04/30 15:22:57 Sent ACK for chunk 5980
2025/04/30 15:22:57 Received ACK for chunk 5981/10240
Received chunk 5982/10240: fixtures/large_file.bin
2025/04/30 15:22:57 Sent ACK for chunk 5981
2025/04/30 15:22:57 Received ACK for chunk 5982/10240
Received chunk 5983/10240: fixtures/large_file.bin
2025/04/30 15:22:57 Sent ACK for chunk 5982
2025/04/30 15:22:57 Received ACK for chunk 5983/10240
Received chunk 5984/10240: fixtures/large_file.bin
2025/04/30 15:22:57 Sent ACK for chunk 5983
2025/04/30 15:22:57 Received ACK for chunk 5984/10240
Received chunk 5985/10240: fixtures/large_file.bin
2025/04/30 15:22:57 Sent ACK for chunk 5984
2025/04/30 15:22:57 Received ACK for chunk 5985/10240
Received chunk 5986/10240: fixtures/large_file.bin
2025/04/30 15:22:57 Sent ACK for chunk 5985
2025/04/30 15:22:57 Received ACK for chunk 5986/10240
Received chunk 5987/10240: fixtures/large_file.bin
2025/04/30 15:22:57 Sent ACK for chunk 5986
2025/04/30 15:22:57 Received ACK for chunk 5987/10240
Received chunk 5988/10240: fixtures/large_file.bin
2025/04/30 15:22:57 Sent ACK for chunk 5987
2025/04/30 15:22:57 Received ACK for chunk 5988/10240
Received chunk 5989/10240: fixtures/large_file.bin
2025/04/30 15:22:57 Sent ACK for chunk 5988
2025/04/30 15:22:57 Received ACK for chunk 5989/10240
Received chunk 5990/10240: fixtures/large_file.bin
2025/04/30 15:22:57 Sent ACK for chunk 5989
2025/04/30 15:22:57 Received ACK for chunk 5990/10240
Received chunk 5991/10240: fixtures/large_file.bin
2025/04/30 15:22:57 Sent ACK for chunk 5990
2025/04/30 15:22:57 Received ACK for chunk 5991/10240
Received chunk 5992/10240: fixtures/large_file.bin
2025/04/30 15:22:57 Sent ACK for chunk 5991
2025/04/30 15:22:57 Received ACK for chunk 5992/10240
Received chunk 5993/10240: fixtures/large_file.bin
2025/04/30 15:22:57 Sent ACK for chunk 5992
2025/04/30 15:22:57 Received ACK for chunk 5993/10240
Received chunk 5994/10240: fixtures/large_file.bin
2025/04/30 15:22:57 Sent ACK for chunk 5993
2025/04/30 15:22:57 Received ACK for chunk 5994/10240
Received chunk 5995/10240: fixtures/large_file.bin
2025/04/30 15:22:57 Sent ACK for chunk 5994
2025/04/30 15:22:57 Received ACK for chunk 5995/10240
Received chunk 5996/10240: fixtures/large_file.bin
2025/04/30 15:22:57 Sent ACK for chunk 5995
2025/04/30 15:22:57 Received ACK for chunk 5996/10240
Received chunk 5997/10240: fixtures/large_file.bin
2025/04/30 15:22:57 Sent ACK for chunk 5996
2025/04/30 15:22:57 Received ACK for chunk 5997/10240
Received chunk 5998/10240: fixtures/large_file.bin
2025/04/30 15:22:57 Sent ACK for chunk 5997
2025/04/30 15:22:57 Received ACK for chunk 5998/10240
Received chunk 5999/10240: fixtures/large_file.bin
2025/04/30 15:22:57 Sent ACK for chunk 5998
2025/04/30 15:22:57 Received ACK for chunk 5999/10240
Received chunk 6000/10240: fixtures/large_file.bin
2025/04/30 15:22:57 Sent ACK for chunk 5999
2025/04/30 15:22:57 Received ACK for chunk 6000/10240
Received chunk 6001/10240: fixtures/large_file.bin
2025/04/30 15:22:57 Sent ACK for chunk 6000
2025/04/30 15:22:57 Received ACK for chunk 6001/10240
Received chunk 6002/10240: fixtures/large_file.bin
2025/04/30 15:22:57 Sent ACK for chunk 6001
2025/04/30 15:22:57 Received ACK for chunk 6002/10240
Received chunk 6003/10240: fixtures/large_file.bin
2025/04/30 15:22:57 Sent ACK for chunk 6002
2025/04/30 15:22:57 Received ACK for chunk 6003/10240
Received chunk 6004/10240: fixtures/large_file.bin
2025/04/30 15:22:57 Sent ACK for chunk 6003
2025/04/30 15:22:57 Received ACK for chunk 6004/10240
Received chunk 6005/10240: fixtures/large_file.bin
2025/04/30 15:22:57 Sent ACK for chunk 6004
2025/04/30 15:22:57 Received ACK for chunk 6005/10240
Received chunk 6006/10240: fixtures/large_file.bin
2025/04/30 15:22:57 Sent ACK for chunk 6005
2025/04/30 15:22:57 Received ACK for chunk 6006/10240
Received chunk 6007/10240: fixtures/large_file.bin
2025/04/30 15:22:57 Sent ACK for chunk 6006
2025/04/30 15:22:57 Received ACK for chunk 6007/10240
Received chunk 6008/10240: fixtures/large_file.bin
2025/04/30 15:22:57 Sent ACK for chunk 6007
2025/04/30 15:22:57 Received ACK for chunk 6008/10240
Received chunk 6009/10240: fixtures/large_file.bin
2025/04/30 15:22:57 Sent ACK for chunk 6008
2025/04/30 15:22:57 Received ACK for chunk 6009/10240
Received chunk 6010/10240: fixtures/large_file.bin
2025/04/30 15:22:57 Sent ACK for chunk 6009
2025/04/30 15:22:57 Received ACK for chunk 6010/10240
Received chunk 6011/10240: fixtures/large_file.bin
2025/04/30 15:22:57 Sent ACK for chunk 6010
2025/04/30 15:22:57 Received ACK for chunk 6011/10240
Received chunk 6012/10240: fixtures/large_file.bin
2025/04/30 15:22:57 Sent ACK for chunk 6011
2025/04/30 15:22:57 Received ACK for chunk 6012/10240
Received chunk 6013/10240: fixtures/large_file.bin
2025/04/30 15:22:57 Sent ACK for chunk 6012
2025/04/30 15:22:57 Received ACK for chunk 6013/10240
Received chunk 6014/10240: fixtures/large_file.bin
2025/04/30 15:22:57 Sent ACK for chunk 6013
2025/04/30 15:22:57 Received ACK for chunk 6014/10240
Received chunk 6015/10240: fixtures/large_file.bin
2025/04/30 15:22:57 Sent ACK for chunk 6014
2025/04/30 15:22:57 Received ACK for chunk 6015/10240
Received chunk 6016/10240: fixtures/large_file.bin
2025/04/30 15:22:57 Sent ACK for chunk 6015
2025/04/30 15:22:57 Received ACK for chunk 6016/10240
Received chunk 6017/10240: fixtures/large_file.bin
2025/04/30 15:22:57 Sent ACK for chunk 6016
2025/04/30 15:22:57 Received ACK for chunk 6017/10240
Received chunk 6018/10240: fixtures/large_file.bin
2025/04/30 15:22:57 Sent ACK for chunk 6017
2025/04/30 15:22:57 Received ACK for chunk 6018/10240
Received chunk 6019/10240: fixtures/large_file.bin
2025/04/30 15:22:57 Sent ACK for chunk 6018
2025/04/30 15:22:57 Received ACK for chunk 6019/10240
Received chunk 6020/10240: fixtures/large_file.bin
2025/04/30 15:22:57 Sent ACK for chunk 6019
2025/04/30 15:22:57 Received ACK for chunk 6020/10240
Received chunk 6021/10240: fixtures/large_file.bin
2025/04/30 15:22:57 Sent ACK for chunk 6020
2025/04/30 15:22:57 Received ACK for chunk 6021/10240
Received chunk 6022/10240: fixtures/large_file.bin
2025/04/30 15:22:57 Sent ACK for chunk 6021
2025/04/30 15:22:57 Received ACK for chunk 6022/10240
Received chunk 6023/10240: fixtures/large_file.bin
2025/04/30 15:22:57 Sent ACK for chunk 6022
2025/04/30 15:22:57 Received ACK for chunk 6023/10240
Received chunk 6024/10240: fixtures/large_file.bin
2025/04/30 15:22:57 Sent ACK for chunk 6023
2025/04/30 15:22:57 Received ACK for chunk 6024/10240
Received chunk 6025/10240: fixtures/large_file.bin
2025/04/30 15:22:57 Sent ACK for chunk 6024
2025/04/30 15:22:57 Received ACK for chunk 6025/10240
Received chunk 6026/10240: fixtures/large_file.bin
2025/04/30 15:22:57 Sent ACK for chunk 6025
2025/04/30 15:22:57 Received ACK for chunk 6026/10240
Received chunk 6027/10240: fixtures/large_file.bin
2025/04/30 15:22:57 Sent ACK for chunk 6026
2025/04/30 15:22:57 Received ACK for chunk 6027/10240
Received chunk 6028/10240: fixtures/large_file.bin
2025/04/30 15:22:57 Sent ACK for chunk 6027
2025/04/30 15:22:57 Received ACK for chunk 6028/10240
Received chunk 6029/10240: fixtures/large_file.bin
2025/04/30 15:22:57 Sent ACK for chunk 6028
2025/04/30 15:22:57 Received ACK for chunk 6029/10240
Received chunk 6030/10240: fixtures/large_file.bin
2025/04/30 15:22:57 Sent ACK for chunk 6029
2025/04/30 15:22:57 Received ACK for chunk 6030/10240
Received chunk 6031/10240: fixtures/large_file.bin
2025/04/30 15:22:57 Sent ACK for chunk 6030
2025/04/30 15:22:57 Received ACK for chunk 6031/10240
Received chunk 6032/10240: fixtures/large_file.bin
2025/04/30 15:22:57 Sent ACK for chunk 6031
2025/04/30 15:22:57 Received ACK for chunk 6032/10240
Received chunk 6033/10240: fixtures/large_file.bin
2025/04/30 15:22:57 Sent ACK for chunk 6032
2025/04/30 15:22:57 Received ACK for chunk 6033/10240
Received chunk 6034/10240: fixtures/large_file.bin
2025/04/30 15:22:57 Sent ACK for chunk 6033
2025/04/30 15:22:57 Received ACK for chunk 6034/10240
Received chunk 6035/10240: fixtures/large_file.bin
2025/04/30 15:22:57 Sent ACK for chunk 6034
2025/04/30 15:22:57 Received ACK for chunk 6035/10240
Received chunk 6036/10240: fixtures/large_file.bin
2025/04/30 15:22:57 Sent ACK for chunk 6035
2025/04/30 15:22:57 Received ACK for chunk 6036/10240
Received chunk 6037/10240: fixtures/large_file.bin
2025/04/30 15:22:57 Sent ACK for chunk 6036
2025/04/30 15:22:57 Received ACK for chunk 6037/10240
Received chunk 6038/10240: fixtures/large_file.bin
2025/04/30 15:22:57 Sent ACK for chunk 6037
2025/04/30 15:22:57 Received ACK for chunk 6038/10240
Received chunk 6039/10240: fixtures/large_file.bin
2025/04/30 15:22:57 Sent ACK for chunk 6038
2025/04/30 15:22:57 Received ACK for chunk 6039/10240
Received chunk 6040/10240: fixtures/large_file.bin
2025/04/30 15:22:57 Sent ACK for chunk 6039
2025/04/30 15:22:57 Received ACK for chunk 6040/10240
Received chunk 6041/10240: fixtures/large_file.bin
2025/04/30 15:22:57 Sent ACK for chunk 6040
2025/04/30 15:22:57 Received ACK for chunk 6041/10240
Received chunk 6042/10240: fixtures/large_file.bin
2025/04/30 15:22:57 Sent ACK for chunk 6041
2025/04/30 15:22:57 Received ACK for chunk 6042/10240
Received chunk 6043/10240: fixtures/large_file.bin
2025/04/30 15:22:57 Sent ACK for chunk 6042
2025/04/30 15:22:57 Received ACK for chunk 6043/10240
Received chunk 6044/10240: fixtures/large_file.bin
2025/04/30 15:22:57 Sent ACK for chunk 6043
2025/04/30 15:22:57 Received ACK for chunk 6044/10240
Received chunk 6045/10240: fixtures/large_file.bin
2025/04/30 15:22:57 Sent ACK for chunk 6044
2025/04/30 15:22:57 Received ACK for chunk 6045/10240
Received chunk 6046/10240: fixtures/large_file.bin
2025/04/30 15:22:57 Sent ACK for chunk 6045
2025/04/30 15:22:57 Received ACK for chunk 6046/10240
Received chunk 6047/10240: fixtures/large_file.bin
2025/04/30 15:22:57 Sent ACK for chunk 6046
2025/04/30 15:22:57 Received ACK for chunk 6047/10240
Received chunk 6048/10240: fixtures/large_file.bin
2025/04/30 15:22:57 Sent ACK for chunk 6047
2025/04/30 15:22:57 Received ACK for chunk 6048/10240
Received chunk 6049/10240: fixtures/large_file.bin
2025/04/30 15:22:57 Sent ACK for chunk 6048
2025/04/30 15:22:57 Received ACK for chunk 6049/10240
Received chunk 6050/10240: fixtures/large_file.bin
2025/04/30 15:22:57 Sent ACK for chunk 6049
2025/04/30 15:22:57 Received ACK for chunk 6050/10240
Received chunk 6051/10240: fixtures/large_file.bin
2025/04/30 15:22:57 Sent ACK for chunk 6050
2025/04/30 15:22:57 Received ACK for chunk 6051/10240
Received chunk 6052/10240: fixtures/large_file.bin
2025/04/30 15:22:57 Sent ACK for chunk 6051
2025/04/30 15:22:57 Received ACK for chunk 6052/10240
Received chunk 6053/10240: fixtures/large_file.bin
2025/04/30 15:22:57 Sent ACK for chunk 6052
2025/04/30 15:22:57 Received ACK for chunk 6053/10240
Received chunk 6054/10240: fixtures/large_file.bin
2025/04/30 15:22:57 Sent ACK for chunk 6053
2025/04/30 15:22:57 Received ACK for chunk 6054/10240
Received chunk 6055/10240: fixtures/large_file.bin
2025/04/30 15:22:57 Sent ACK for chunk 6054
2025/04/30 15:22:57 Received ACK for chunk 6055/10240
Received chunk 6056/10240: fixtures/large_file.bin
2025/04/30 15:22:57 Sent ACK for chunk 6055
2025/04/30 15:22:57 Received ACK for chunk 6056/10240
Received chunk 6057/10240: fixtures/large_file.bin
2025/04/30 15:22:57 Sent ACK for chunk 6056
2025/04/30 15:22:57 Received ACK for chunk 6057/10240
Received chunk 6058/10240: fixtures/large_file.bin
2025/04/30 15:22:57 Sent ACK for chunk 6057
2025/04/30 15:22:57 Received ACK for chunk 6058/10240
Received chunk 6059/10240: fixtures/large_file.bin
2025/04/30 15:22:57 Sent ACK for chunk 6058
2025/04/30 15:22:57 Received ACK for chunk 6059/10240
Received chunk 6060/10240: fixtures/large_file.bin
2025/04/30 15:22:57 Sent ACK for chunk 6059
2025/04/30 15:22:57 Received ACK for chunk 6060/10240
Received chunk 6061/10240: fixtures/large_file.bin
2025/04/30 15:22:57 Sent ACK for chunk 6060
2025/04/30 15:22:57 Received ACK for chunk 6061/10240
Received chunk 6062/10240: fixtures/large_file.bin
2025/04/30 15:22:57 Sent ACK for chunk 6061
2025/04/30 15:22:57 Received ACK for chunk 6062/10240
Received chunk 6063/10240: fixtures/large_file.bin
2025/04/30 15:22:57 Sent ACK for chunk 6062
2025/04/30 15:22:57 Received ACK for chunk 6063/10240
Received chunk 6064/10240: fixtures/large_file.bin
2025/04/30 15:22:57 Sent ACK for chunk 6063
2025/04/30 15:22:57 Received ACK for chunk 6064/10240
Received chunk 6065/10240: fixtures/large_file.bin
2025/04/30 15:22:57 Sent ACK for chunk 6064
2025/04/30 15:22:57 Received ACK for chunk 6065/10240
Received chunk 6066/10240: fixtures/large_file.bin
2025/04/30 15:22:57 Sent ACK for chunk 6065
2025/04/30 15:22:57 Received ACK for chunk 6066/10240
Received chunk 6067/10240: fixtures/large_file.bin
2025/04/30 15:22:57 Sent ACK for chunk 6066
2025/04/30 15:22:57 Received ACK for chunk 6067/10240
Received chunk 6068/10240: fixtures/large_file.bin
2025/04/30 15:22:57 Sent ACK for chunk 6067
2025/04/30 15:22:57 Received ACK for chunk 6068/10240
Received chunk 6069/10240: fixtures/large_file.bin
2025/04/30 15:22:57 Sent ACK for chunk 6068
2025/04/30 15:22:57 Received ACK for chunk 6069/10240
Received chunk 6070/10240: fixtures/large_file.bin
2025/04/30 15:22:57 Sent ACK for chunk 6069
2025/04/30 15:22:57 Received ACK for chunk 6070/10240
Received chunk 6071/10240: fixtures/large_file.bin
2025/04/30 15:22:57 Sent ACK for chunk 6070
2025/04/30 15:22:57 Received ACK for chunk 6071/10240
Received chunk 6072/10240: fixtures/large_file.bin
2025/04/30 15:22:57 Sent ACK for chunk 6071
2025/04/30 15:22:57 Received ACK for chunk 6072/10240
Received chunk 6073/10240: fixtures/large_file.bin
2025/04/30 15:22:57 Sent ACK for chunk 6072
2025/04/30 15:22:57 Received ACK for chunk 6073/10240
Received chunk 6074/10240: fixtures/large_file.bin
2025/04/30 15:22:57 Sent ACK for chunk 6073
2025/04/30 15:22:57 Received ACK for chunk 6074/10240
Received chunk 6075/10240: fixtures/large_file.bin
2025/04/30 15:22:57 Sent ACK for chunk 6074
2025/04/30 15:22:57 Received ACK for chunk 6075/10240
Received chunk 6076/10240: fixtures/large_file.bin
2025/04/30 15:22:57 Sent ACK for chunk 6075
2025/04/30 15:22:57 Received ACK for chunk 6076/10240
Received chunk 6077/10240: fixtures/large_file.bin
2025/04/30 15:22:57 Sent ACK for chunk 6076
2025/04/30 15:22:57 Received ACK for chunk 6077/10240
Received chunk 6078/10240: fixtures/large_file.bin
2025/04/30 15:22:57 Sent ACK for chunk 6077
2025/04/30 15:22:57 Received ACK for chunk 6078/10240
Received chunk 6079/10240: fixtures/large_file.bin
2025/04/30 15:22:57 Sent ACK for chunk 6078
2025/04/30 15:22:57 Received ACK for chunk 6079/10240
Received chunk 6080/10240: fixtures/large_file.bin
2025/04/30 15:22:57 Sent ACK for chunk 6079
2025/04/30 15:22:57 Received ACK for chunk 6080/10240
Received chunk 6081/10240: fixtures/large_file.bin
2025/04/30 15:22:57 Sent ACK for chunk 6080
2025/04/30 15:22:57 Received ACK for chunk 6081/10240
Received chunk 6082/10240: fixtures/large_file.bin
2025/04/30 15:22:57 Sent ACK for chunk 6081
2025/04/30 15:22:57 Received ACK for chunk 6082/10240
Received chunk 6083/10240: fixtures/large_file.bin
2025/04/30 15:22:57 Sent ACK for chunk 6082
2025/04/30 15:22:57 Received ACK for chunk 6083/10240
Received chunk 6084/10240: fixtures/large_file.bin
2025/04/30 15:22:57 Sent ACK for chunk 6083
2025/04/30 15:22:57 Received ACK for chunk 6084/10240
Received chunk 6085/10240: fixtures/large_file.bin
2025/04/30 15:22:57 Sent ACK for chunk 6084
2025/04/30 15:22:57 Received ACK for chunk 6085/10240
Received chunk 6086/10240: fixtures/large_file.bin
2025/04/30 15:22:57 Sent ACK for chunk 6085
2025/04/30 15:22:57 Received ACK for chunk 6086/10240
Received chunk 6087/10240: fixtures/large_file.bin
2025/04/30 15:22:57 Sent ACK for chunk 6086
2025/04/30 15:22:57 Received ACK for chunk 6087/10240
Received chunk 6088/10240: fixtures/large_file.bin
2025/04/30 15:22:57 Sent ACK for chunk 6087
2025/04/30 15:22:57 Received ACK for chunk 6088/10240
Received chunk 6089/10240: fixtures/large_file.bin
2025/04/30 15:22:57 Sent ACK for chunk 6088
2025/04/30 15:22:57 Received ACK for chunk 6089/10240
Received chunk 6090/10240: fixtures/large_file.bin
2025/04/30 15:22:57 Sent ACK for chunk 6089
2025/04/30 15:22:57 Received ACK for chunk 6090/10240
Received chunk 6091/10240: fixtures/large_file.bin
2025/04/30 15:22:57 Sent ACK for chunk 6090
2025/04/30 15:22:57 Received ACK for chunk 6091/10240
Received chunk 6092/10240: fixtures/large_file.bin
2025/04/30 15:22:57 Sent ACK for chunk 6091
2025/04/30 15:22:57 Received ACK for chunk 6092/10240
Received chunk 6093/10240: fixtures/large_file.bin
2025/04/30 15:22:57 Sent ACK for chunk 6092
2025/04/30 15:22:57 Received ACK for chunk 6093/10240
Received chunk 6094/10240: fixtures/large_file.bin
2025/04/30 15:22:57 Sent ACK for chunk 6093
2025/04/30 15:22:57 Received ACK for chunk 6094/10240
Received chunk 6095/10240: fixtures/large_file.bin
2025/04/30 15:22:57 Sent ACK for chunk 6094
2025/04/30 15:22:57 Received ACK for chunk 6095/10240
Received chunk 6096/10240: fixtures/large_file.bin
2025/04/30 15:22:57 Sent ACK for chunk 6095
2025/04/30 15:22:57 Received ACK for chunk 6096/10240
Received chunk 6097/10240: fixtures/large_file.bin
2025/04/30 15:22:57 Sent ACK for chunk 6096
2025/04/30 15:22:57 Received ACK for chunk 6097/10240
Received chunk 6098/10240: fixtures/large_file.bin
2025/04/30 15:22:57 Sent ACK for chunk 6097
2025/04/30 15:22:57 Received ACK for chunk 6098/10240
Received chunk 6099/10240: fixtures/large_file.bin
2025/04/30 15:22:57 Sent ACK for chunk 6098
2025/04/30 15:22:57 Received ACK for chunk 6099/10240
Received chunk 6100/10240: fixtures/large_file.bin
2025/04/30 15:22:57 Sent ACK for chunk 6099
2025/04/30 15:22:57 Received ACK for chunk 6100/10240
Received chunk 6101/10240: fixtures/large_file.bin
2025/04/30 15:22:57 Sent ACK for chunk 6100
2025/04/30 15:22:57 Received ACK for chunk 6101/10240
Received chunk 6102/10240: fixtures/large_file.bin
2025/04/30 15:22:57 Sent ACK for chunk 6101
2025/04/30 15:22:57 Received ACK for chunk 6102/10240
Received chunk 6103/10240: fixtures/large_file.bin
2025/04/30 15:22:57 Sent ACK for chunk 6102
2025/04/30 15:22:57 Received ACK for chunk 6103/10240
Received chunk 6104/10240: fixtures/large_file.bin
2025/04/30 15:22:57 Sent ACK for chunk 6103
2025/04/30 15:22:57 Received ACK for chunk 6104/10240
Received chunk 6105/10240: fixtures/large_file.bin
2025/04/30 15:22:57 Sent ACK for chunk 6104
2025/04/30 15:22:57 Received ACK for chunk 6105/10240
Received chunk 6106/10240: fixtures/large_file.bin
2025/04/30 15:22:57 Sent ACK for chunk 6105
2025/04/30 15:22:57 Received ACK for chunk 6106/10240
Received chunk 6107/10240: fixtures/large_file.bin
2025/04/30 15:22:57 Sent ACK for chunk 6106
2025/04/30 15:22:57 Received ACK for chunk 6107/10240
Received chunk 6108/10240: fixtures/large_file.bin
2025/04/30 15:22:57 Sent ACK for chunk 6107
2025/04/30 15:22:57 Received ACK for chunk 6108/10240
Received chunk 6109/10240: fixtures/large_file.bin
2025/04/30 15:22:57 Sent ACK for chunk 6108
2025/04/30 15:22:57 Received ACK for chunk 6109/10240
Received chunk 6110/10240: fixtures/large_file.bin
2025/04/30 15:22:57 Sent ACK for chunk 6109
2025/04/30 15:22:57 Received ACK for chunk 6110/10240
Received chunk 6111/10240: fixtures/large_file.bin
2025/04/30 15:22:57 Sent ACK for chunk 6110
2025/04/30 15:22:57 Received ACK for chunk 6111/10240
Received chunk 6112/10240: fixtures/large_file.bin
2025/04/30 15:22:57 Sent ACK for chunk 6111
2025/04/30 15:22:57 Received ACK for chunk 6112/10240
Received chunk 6113/10240: fixtures/large_file.bin
2025/04/30 15:22:57 Sent ACK for chunk 6112
2025/04/30 15:22:57 Received ACK for chunk 6113/10240
Received chunk 6114/10240: fixtures/large_file.bin
2025/04/30 15:22:57 Sent ACK for chunk 6113
2025/04/30 15:22:57 Received ACK for chunk 6114/10240
Received chunk 6115/10240: fixtures/large_file.bin
2025/04/30 15:22:57 Sent ACK for chunk 6114
2025/04/30 15:22:57 Received ACK for chunk 6115/10240
Received chunk 6116/10240: fixtures/large_file.bin
2025/04/30 15:22:57 Sent ACK for chunk 6115
2025/04/30 15:22:57 Received ACK for chunk 6116/10240
Received chunk 6117/10240: fixtures/large_file.bin
2025/04/30 15:22:57 Sent ACK for chunk 6116
2025/04/30 15:22:57 Received ACK for chunk 6117/10240
Received chunk 6118/10240: fixtures/large_file.bin
2025/04/30 15:22:57 Sent ACK for chunk 6117
2025/04/30 15:22:57 Received ACK for chunk 6118/10240
Received chunk 6119/10240: fixtures/large_file.bin
2025/04/30 15:22:57 Sent ACK for chunk 6118
2025/04/30 15:22:57 Received ACK for chunk 6119/10240
Received chunk 6120/10240: fixtures/large_file.bin
2025/04/30 15:22:57 Sent ACK for chunk 6119
2025/04/30 15:22:57 Received ACK for chunk 6120/10240
Received chunk 6121/10240: fixtures/large_file.bin
2025/04/30 15:22:57 Sent ACK for chunk 6120
2025/04/30 15:22:57 Received ACK for chunk 6121/10240
Received chunk 6122/10240: fixtures/large_file.bin
2025/04/30 15:22:57 Sent ACK for chunk 6121
2025/04/30 15:22:57 Received ACK for chunk 6122/10240
Received chunk 6123/10240: fixtures/large_file.bin
2025/04/30 15:22:57 Sent ACK for chunk 6122
2025/04/30 15:22:57 Received ACK for chunk 6123/10240
Received chunk 6124/10240: fixtures/large_file.bin
2025/04/30 15:22:57 Sent ACK for chunk 6123
2025/04/30 15:22:57 Received ACK for chunk 6124/10240
Received chunk 6125/10240: fixtures/large_file.bin
2025/04/30 15:22:57 Sent ACK for chunk 6124
2025/04/30 15:22:57 Received ACK for chunk 6125/10240
Received chunk 6126/10240: fixtures/large_file.bin
2025/04/30 15:22:57 Sent ACK for chunk 6125
2025/04/30 15:22:57 Received ACK for chunk 6126/10240
Received chunk 6127/10240: fixtures/large_file.bin
2025/04/30 15:22:57 Sent ACK for chunk 6126
2025/04/30 15:22:57 Received ACK for chunk 6127/10240
Received chunk 6128/10240: fixtures/large_file.bin
2025/04/30 15:22:57 Sent ACK for chunk 6127
2025/04/30 15:22:57 Received ACK for chunk 6128/10240
Received chunk 6129/10240: fixtures/large_file.bin
2025/04/30 15:22:57 Sent ACK for chunk 6128
2025/04/30 15:22:57 Received ACK for chunk 6129/10240
Received chunk 6130/10240: fixtures/large_file.bin
2025/04/30 15:22:57 Sent ACK for chunk 6129
2025/04/30 15:22:57 Received ACK for chunk 6130/10240
Received chunk 6131/10240: fixtures/large_file.bin
2025/04/30 15:22:57 Sent ACK for chunk 6130
2025/04/30 15:22:57 Received ACK for chunk 6131/10240
Received chunk 6132/10240: fixtures/large_file.bin
2025/04/30 15:22:57 Sent ACK for chunk 6131
2025/04/30 15:22:57 Received ACK for chunk 6132/10240
Received chunk 6133/10240: fixtures/large_file.bin
2025/04/30 15:22:57 Sent ACK for chunk 6132
2025/04/30 15:22:57 Received ACK for chunk 6133/10240
Received chunk 6134/10240: fixtures/large_file.bin
2025/04/30 15:22:57 Sent ACK for chunk 6133
2025/04/30 15:22:57 Received ACK for chunk 6134/10240
Received chunk 6135/10240: fixtures/large_file.bin
2025/04/30 15:22:57 Sent ACK for chunk 6134
2025/04/30 15:22:57 Received ACK for chunk 6135/10240
Received chunk 6136/10240: fixtures/large_file.bin
2025/04/30 15:22:57 Sent ACK for chunk 6135
2025/04/30 15:22:57 Received ACK for chunk 6136/10240
Received chunk 6137/10240: fixtures/large_file.bin
2025/04/30 15:22:57 Sent ACK for chunk 6136
2025/04/30 15:22:57 Received ACK for chunk 6137/10240
Received chunk 6138/10240: fixtures/large_file.bin
2025/04/30 15:22:57 Sent ACK for chunk 6137
2025/04/30 15:22:57 Received ACK for chunk 6138/10240
Received chunk 6139/10240: fixtures/large_file.bin
2025/04/30 15:22:57 Sent ACK for chunk 6138
2025/04/30 15:22:57 Received ACK for chunk 6139/10240
Received chunk 6140/10240: fixtures/large_file.bin
2025/04/30 15:22:57 Sent ACK for chunk 6139
2025/04/30 15:22:57 Received ACK for chunk 6140/10240
Received chunk 6141/10240: fixtures/large_file.bin
2025/04/30 15:22:57 Sent ACK for chunk 6140
2025/04/30 15:22:57 Received ACK for chunk 6141/10240
Received chunk 6142/10240: fixtures/large_file.bin
2025/04/30 15:22:57 Sent ACK for chunk 6141
2025/04/30 15:22:57 Received ACK for chunk 6142/10240
Received chunk 6143/10240: fixtures/large_file.bin
2025/04/30 15:22:57 Sent ACK for chunk 6142
2025/04/30 15:22:57 Received ACK for chunk 6143/10240
Received chunk 6144/10240: fixtures/large_file.bin
2025/04/30 15:22:57 Sent ACK for chunk 6143
2025/04/30 15:22:57 Received ACK for chunk 6144/10240
Received chunk 6145/10240: fixtures/large_file.bin
2025/04/30 15:22:57 Sent ACK for chunk 6144
2025/04/30 15:22:57 Received ACK for chunk 6145/10240
Received chunk 6146/10240: fixtures/large_file.bin
2025/04/30 15:22:57 Sent ACK for chunk 6145
2025/04/30 15:22:57 Received ACK for chunk 6146/10240
Received chunk 6147/10240: fixtures/large_file.bin
2025/04/30 15:22:57 Sent ACK for chunk 6146
2025/04/30 15:22:57 Received ACK for chunk 6147/10240
Received chunk 6148/10240: fixtures/large_file.bin
2025/04/30 15:22:57 Sent ACK for chunk 6147
2025/04/30 15:22:57 Received ACK for chunk 6148/10240
Received chunk 6149/10240: fixtures/large_file.bin
2025/04/30 15:22:57 Sent ACK for chunk 6148
2025/04/30 15:22:57 Received ACK for chunk 6149/10240
Received chunk 6150/10240: fixtures/large_file.bin
2025/04/30 15:22:57 Sent ACK for chunk 6149
2025/04/30 15:22:57 Received ACK for chunk 6150/10240
Received chunk 6151/10240: fixtures/large_file.bin
2025/04/30 15:22:57 Sent ACK for chunk 6150
2025/04/30 15:22:57 Received ACK for chunk 6151/10240
Received chunk 6152/10240: fixtures/large_file.bin
2025/04/30 15:22:57 Sent ACK for chunk 6151
2025/04/30 15:22:57 Received ACK for chunk 6152/10240
Received chunk 6153/10240: fixtures/large_file.bin
2025/04/30 15:22:57 Sent ACK for chunk 6152
2025/04/30 15:22:57 Received ACK for chunk 6153/10240
Received chunk 6154/10240: fixtures/large_file.bin
2025/04/30 15:22:57 Sent ACK for chunk 6153
2025/04/30 15:22:57 Received ACK for chunk 6154/10240
Received chunk 6155/10240: fixtures/large_file.bin
2025/04/30 15:22:57 Sent ACK for chunk 6154
2025/04/30 15:22:57 Received ACK for chunk 6155/10240
Received chunk 6156/10240: fixtures/large_file.bin
2025/04/30 15:22:57 Sent ACK for chunk 6155
2025/04/30 15:22:57 Received ACK for chunk 6156/10240
Received chunk 6157/10240: fixtures/large_file.bin
2025/04/30 15:22:57 Sent ACK for chunk 6156
2025/04/30 15:22:57 Received ACK for chunk 6157/10240
Received chunk 6158/10240: fixtures/large_file.bin
2025/04/30 15:22:57 Sent ACK for chunk 6157
2025/04/30 15:22:57 Received ACK for chunk 6158/10240
Received chunk 6159/10240: fixtures/large_file.bin
2025/04/30 15:22:57 Sent ACK for chunk 6158
2025/04/30 15:22:57 Received ACK for chunk 6159/10240
Received chunk 6160/10240: fixtures/large_file.bin
2025/04/30 15:22:57 Sent ACK for chunk 6159
2025/04/30 15:22:57 Received ACK for chunk 6160/10240
Received chunk 6161/10240: fixtures/large_file.bin
2025/04/30 15:22:57 Sent ACK for chunk 6160
2025/04/30 15:22:57 Received ACK for chunk 6161/10240
Received chunk 6162/10240: fixtures/large_file.bin
2025/04/30 15:22:57 Sent ACK for chunk 6161
2025/04/30 15:22:57 Received ACK for chunk 6162/10240
Received chunk 6163/10240: fixtures/large_file.bin
2025/04/30 15:22:57 Sent ACK for chunk 6162
2025/04/30 15:22:57 Received ACK for chunk 6163/10240
Received chunk 6164/10240: fixtures/large_file.bin
2025/04/30 15:22:57 Sent ACK for chunk 6163
2025/04/30 15:22:57 Received ACK for chunk 6164/10240
Received chunk 6165/10240: fixtures/large_file.bin
2025/04/30 15:22:57 Sent ACK for chunk 6164
2025/04/30 15:22:57 Received ACK for chunk 6165/10240
Received chunk 6166/10240: fixtures/large_file.bin
2025/04/30 15:22:57 Sent ACK for chunk 6165
2025/04/30 15:22:57 Received ACK for chunk 6166/10240
Received chunk 6167/10240: fixtures/large_file.bin
2025/04/30 15:22:57 Sent ACK for chunk 6166
2025/04/30 15:22:57 Received ACK for chunk 6167/10240
Received chunk 6168/10240: fixtures/large_file.bin
2025/04/30 15:22:57 Sent ACK for chunk 6167
2025/04/30 15:22:57 Received ACK for chunk 6168/10240
Received chunk 6169/10240: fixtures/large_file.bin
2025/04/30 15:22:57 Sent ACK for chunk 6168
2025/04/30 15:22:57 Received ACK for chunk 6169/10240
Received chunk 6170/10240: fixtures/large_file.bin
2025/04/30 15:22:57 Sent ACK for chunk 6169
2025/04/30 15:22:57 Received ACK for chunk 6170/10240
Received chunk 6171/10240: fixtures/large_file.bin
2025/04/30 15:22:57 Sent ACK for chunk 6170
2025/04/30 15:22:57 Received ACK for chunk 6171/10240
Received chunk 6172/10240: fixtures/large_file.bin
2025/04/30 15:22:57 Sent ACK for chunk 6171
2025/04/30 15:22:57 Received ACK for chunk 6172/10240
Received chunk 6173/10240: fixtures/large_file.bin
2025/04/30 15:22:57 Sent ACK for chunk 6172
2025/04/30 15:22:57 Received ACK for chunk 6173/10240
Received chunk 6174/10240: fixtures/large_file.bin
2025/04/30 15:22:57 Sent ACK for chunk 6173
2025/04/30 15:22:57 Received ACK for chunk 6174/10240
Received chunk 6175/10240: fixtures/large_file.bin
2025/04/30 15:22:57 Sent ACK for chunk 6174
2025/04/30 15:22:57 Received ACK for chunk 6175/10240
Received chunk 6176/10240: fixtures/large_file.bin
2025/04/30 15:22:57 Sent ACK for chunk 6175
2025/04/30 15:22:57 Received ACK for chunk 6176/10240
Received chunk 6177/10240: fixtures/large_file.bin
2025/04/30 15:22:57 Sent ACK for chunk 6176
2025/04/30 15:22:57 Received ACK for chunk 6177/10240
Received chunk 6178/10240: fixtures/large_file.bin
2025/04/30 15:22:57 Sent ACK for chunk 6177
2025/04/30 15:22:57 Received ACK for chunk 6178/10240
Received chunk 6179/10240: fixtures/large_file.bin
2025/04/30 15:22:57 Sent ACK for chunk 6178
2025/04/30 15:22:57 Received ACK for chunk 6179/10240
Received chunk 6180/10240: fixtures/large_file.bin
2025/04/30 15:22:57 Sent ACK for chunk 6179
2025/04/30 15:22:57 Received ACK for chunk 6180/10240
Received chunk 6181/10240: fixtures/large_file.bin
2025/04/30 15:22:57 Sent ACK for chunk 6180
2025/04/30 15:22:57 Received ACK for chunk 6181/10240
Received chunk 6182/10240: fixtures/large_file.bin
2025/04/30 15:22:57 Sent ACK for chunk 6181
2025/04/30 15:22:57 Received ACK for chunk 6182/10240
Received chunk 6183/10240: fixtures/large_file.bin
2025/04/30 15:22:57 Sent ACK for chunk 6182
2025/04/30 15:22:57 Received ACK for chunk 6183/10240
Received chunk 6184/10240: fixtures/large_file.bin
2025/04/30 15:22:57 Sent ACK for chunk 6183
2025/04/30 15:22:57 Received ACK for chunk 6184/10240
Received chunk 6185/10240: fixtures/large_file.bin
2025/04/30 15:22:57 Sent ACK for chunk 6184
2025/04/30 15:22:57 Received ACK for chunk 6185/10240
Received chunk 6186/10240: fixtures/large_file.bin
2025/04/30 15:22:57 Sent ACK for chunk 6185
2025/04/30 15:22:57 Received ACK for chunk 6186/10240
Received chunk 6187/10240: fixtures/large_file.bin
2025/04/30 15:22:57 Sent ACK for chunk 6186
2025/04/30 15:22:57 Received ACK for chunk 6187/10240
Received chunk 6188/10240: fixtures/large_file.bin
2025/04/30 15:22:57 Sent ACK for chunk 6187
2025/04/30 15:22:57 Received ACK for chunk 6188/10240
Received chunk 6189/10240: fixtures/large_file.bin
2025/04/30 15:22:57 Sent ACK for chunk 6188
2025/04/30 15:22:57 Received ACK for chunk 6189/10240
Received chunk 6190/10240: fixtures/large_file.bin
2025/04/30 15:22:57 Sent ACK for chunk 6189
2025/04/30 15:22:57 Received ACK for chunk 6190/10240
Received chunk 6191/10240: fixtures/large_file.bin
2025/04/30 15:22:57 Sent ACK for chunk 6190
2025/04/30 15:22:57 Received ACK for chunk 6191/10240
Received chunk 6192/10240: fixtures/large_file.bin
2025/04/30 15:22:57 Sent ACK for chunk 6191
2025/04/30 15:22:57 Received ACK for chunk 6192/10240
Received chunk 6193/10240: fixtures/large_file.bin
2025/04/30 15:22:57 Sent ACK for chunk 6192
2025/04/30 15:22:57 Received ACK for chunk 6193/10240
Received chunk 6194/10240: fixtures/large_file.bin
2025/04/30 15:22:57 Sent ACK for chunk 6193
2025/04/30 15:22:57 Received ACK for chunk 6194/10240
Received chunk 6195/10240: fixtures/large_file.bin
2025/04/30 15:22:57 Sent ACK for chunk 6194
2025/04/30 15:22:57 Received ACK for chunk 6195/10240
Received chunk 6196/10240: fixtures/large_file.bin
2025/04/30 15:22:57 Sent ACK for chunk 6195
2025/04/30 15:22:57 Received ACK for chunk 6196/10240
Received chunk 6197/10240: fixtures/large_file.bin
2025/04/30 15:22:57 Sent ACK for chunk 6196
2025/04/30 15:22:57 Received ACK for chunk 6197/10240
Received chunk 6198/10240: fixtures/large_file.bin
2025/04/30 15:22:57 Sent ACK for chunk 6197
2025/04/30 15:22:57 Received ACK for chunk 6198/10240
Received chunk 6199/10240: fixtures/large_file.bin
2025/04/30 15:22:57 Sent ACK for chunk 6198
2025/04/30 15:22:57 Received ACK for chunk 6199/10240
Received chunk 6200/10240: fixtures/large_file.bin
2025/04/30 15:22:57 Sent ACK for chunk 6199
2025/04/30 15:22:57 Received ACK for chunk 6200/10240
Received chunk 6201/10240: fixtures/large_file.bin
2025/04/30 15:22:57 Sent ACK for chunk 6200
2025/04/30 15:22:57 Received ACK for chunk 6201/10240
Received chunk 6202/10240: fixtures/large_file.bin
2025/04/30 15:22:57 Sent ACK for chunk 6201
2025/04/30 15:22:57 Received ACK for chunk 6202/10240
Received chunk 6203/10240: fixtures/large_file.bin
2025/04/30 15:22:57 Sent ACK for chunk 6202
2025/04/30 15:22:57 Received ACK for chunk 6203/10240
Received chunk 6204/10240: fixtures/large_file.bin
2025/04/30 15:22:57 Sent ACK for chunk 6203
2025/04/30 15:22:57 Received ACK for chunk 6204/10240
Received chunk 6205/10240: fixtures/large_file.bin
2025/04/30 15:22:57 Sent ACK for chunk 6204
2025/04/30 15:22:57 Received ACK for chunk 6205/10240
Received chunk 6206/10240: fixtures/large_file.bin
2025/04/30 15:22:57 Sent ACK for chunk 6205
2025/04/30 15:22:57 Received ACK for chunk 6206/10240
Received chunk 6207/10240: fixtures/large_file.bin
2025/04/30 15:22:57 Sent ACK for chunk 6206
2025/04/30 15:22:57 Received ACK for chunk 6207/10240
Received chunk 6208/10240: fixtures/large_file.bin
2025/04/30 15:22:57 Sent ACK for chunk 6207
2025/04/30 15:22:57 Received ACK for chunk 6208/10240
Received chunk 6209/10240: fixtures/large_file.bin
2025/04/30 15:22:57 Sent ACK for chunk 6208
2025/04/30 15:22:57 Received ACK for chunk 6209/10240
Received chunk 6210/10240: fixtures/large_file.bin
2025/04/30 15:22:57 Sent ACK for chunk 6209
2025/04/30 15:22:57 Received ACK for chunk 6210/10240
Received chunk 6211/10240: fixtures/large_file.bin
2025/04/30 15:22:57 Sent ACK for chunk 6210
2025/04/30 15:22:57 Received ACK for chunk 6211/10240
Received chunk 6212/10240: fixtures/large_file.bin
2025/04/30 15:22:57 Sent ACK for chunk 6211
2025/04/30 15:22:57 Received ACK for chunk 6212/10240
Received chunk 6213/10240: fixtures/large_file.bin
2025/04/30 15:22:57 Sent ACK for chunk 6212
2025/04/30 15:22:57 Received ACK for chunk 6213/10240
Received chunk 6214/10240: fixtures/large_file.bin
2025/04/30 15:22:57 Sent ACK for chunk 6213
2025/04/30 15:22:57 Received ACK for chunk 6214/10240
Received chunk 6215/10240: fixtures/large_file.bin
2025/04/30 15:22:57 Sent ACK for chunk 6214
2025/04/30 15:22:57 Received ACK for chunk 6215/10240
Received chunk 6216/10240: fixtures/large_file.bin
2025/04/30 15:22:57 Sent ACK for chunk 6215
2025/04/30 15:22:57 Received ACK for chunk 6216/10240
Received chunk 6217/10240: fixtures/large_file.bin
2025/04/30 15:22:57 Sent ACK for chunk 6216
2025/04/30 15:22:57 Received ACK for chunk 6217/10240
Received chunk 6218/10240: fixtures/large_file.bin
2025/04/30 15:22:57 Sent ACK for chunk 6217
2025/04/30 15:22:57 Received ACK for chunk 6218/10240
Received chunk 6219/10240: fixtures/large_file.bin
2025/04/30 15:22:57 Sent ACK for chunk 6218
2025/04/30 15:22:57 Received ACK for chunk 6219/10240
Received chunk 6220/10240: fixtures/large_file.bin
2025/04/30 15:22:57 Sent ACK for chunk 6219
2025/04/30 15:22:57 Received ACK for chunk 6220/10240
Received chunk 6221/10240: fixtures/large_file.bin
2025/04/30 15:22:57 Sent ACK for chunk 6220
2025/04/30 15:22:57 Received ACK for chunk 6221/10240
Received chunk 6222/10240: fixtures/large_file.bin
2025/04/30 15:22:57 Sent ACK for chunk 6221
2025/04/30 15:22:57 Received ACK for chunk 6222/10240
Received chunk 6223/10240: fixtures/large_file.bin
2025/04/30 15:22:57 Sent ACK for chunk 6222
2025/04/30 15:22:57 Received ACK for chunk 6223/10240
Received chunk 6224/10240: fixtures/large_file.bin
2025/04/30 15:22:57 Sent ACK for chunk 6223
2025/04/30 15:22:57 Received ACK for chunk 6224/10240
Received chunk 6225/10240: fixtures/large_file.bin
2025/04/30 15:22:57 Sent ACK for chunk 6224
2025/04/30 15:22:57 Received ACK for chunk 6225/10240
Received chunk 6226/10240: fixtures/large_file.bin
2025/04/30 15:22:57 Sent ACK for chunk 6225
2025/04/30 15:22:57 Received ACK for chunk 6226/10240
Received chunk 6227/10240: fixtures/large_file.bin
2025/04/30 15:22:57 Sent ACK for chunk 6226
2025/04/30 15:22:57 Received ACK for chunk 6227/10240
Received chunk 6228/10240: fixtures/large_file.bin
2025/04/30 15:22:57 Sent ACK for chunk 6227
2025/04/30 15:22:57 Received ACK for chunk 6228/10240
Received chunk 6229/10240: fixtures/large_file.bin
2025/04/30 15:22:57 Sent ACK for chunk 6228
2025/04/30 15:22:57 Received ACK for chunk 6229/10240
Received chunk 6230/10240: fixtures/large_file.bin
2025/04/30 15:22:57 Sent ACK for chunk 6229
2025/04/30 15:22:57 Received ACK for chunk 6230/10240
Received chunk 6231/10240: fixtures/large_file.bin
2025/04/30 15:22:57 Sent ACK for chunk 6230
2025/04/30 15:22:57 Received ACK for chunk 6231/10240
Received chunk 6232/10240: fixtures/large_file.bin
2025/04/30 15:22:57 Sent ACK for chunk 6231
2025/04/30 15:22:57 Received ACK for chunk 6232/10240
Received chunk 6233/10240: fixtures/large_file.bin
2025/04/30 15:22:57 Sent ACK for chunk 6232
2025/04/30 15:22:57 Received ACK for chunk 6233/10240
Received chunk 6234/10240: fixtures/large_file.bin
2025/04/30 15:22:57 Sent ACK for chunk 6233
2025/04/30 15:22:57 Received ACK for chunk 6234/10240
Received chunk 6235/10240: fixtures/large_file.bin
2025/04/30 15:22:57 Sent ACK for chunk 6234
2025/04/30 15:22:57 Received ACK for chunk 6235/10240
Received chunk 6236/10240: fixtures/large_file.bin
2025/04/30 15:22:57 Sent ACK for chunk 6235
2025/04/30 15:22:57 Received ACK for chunk 6236/10240
Received chunk 6237/10240: fixtures/large_file.bin
2025/04/30 15:22:57 Sent ACK for chunk 6236
2025/04/30 15:22:57 Received ACK for chunk 6237/10240
Received chunk 6238/10240: fixtures/large_file.bin
2025/04/30 15:22:57 Sent ACK for chunk 6237
2025/04/30 15:22:57 Received ACK for chunk 6238/10240
Received chunk 6239/10240: fixtures/large_file.bin
2025/04/30 15:22:57 Sent ACK for chunk 6238
2025/04/30 15:22:57 Received ACK for chunk 6239/10240
Received chunk 6240/10240: fixtures/large_file.bin
2025/04/30 15:22:57 Sent ACK for chunk 6239
2025/04/30 15:22:57 Received ACK for chunk 6240/10240
Received chunk 6241/10240: fixtures/large_file.bin
2025/04/30 15:22:57 Sent ACK for chunk 6240
2025/04/30 15:22:57 Received ACK for chunk 6241/10240
Received chunk 6242/10240: fixtures/large_file.bin
2025/04/30 15:22:57 Sent ACK for chunk 6241
2025/04/30 15:22:57 Received ACK for chunk 6242/10240
Received chunk 6243/10240: fixtures/large_file.bin
2025/04/30 15:22:57 Sent ACK for chunk 6242
2025/04/30 15:22:57 Received ACK for chunk 6243/10240
Received chunk 6244/10240: fixtures/large_file.bin
2025/04/30 15:22:57 Sent ACK for chunk 6243
2025/04/30 15:22:57 Received ACK for chunk 6244/10240
Received chunk 6245/10240: fixtures/large_file.bin
2025/04/30 15:22:57 Sent ACK for chunk 6244
2025/04/30 15:22:57 Received ACK for chunk 6245/10240
Received chunk 6246/10240: fixtures/large_file.bin
2025/04/30 15:22:57 Sent ACK for chunk 6245
2025/04/30 15:22:57 Received ACK for chunk 6246/10240
Received chunk 6247/10240: fixtures/large_file.bin
2025/04/30 15:22:57 Sent ACK for chunk 6246
2025/04/30 15:22:57 Received ACK for chunk 6247/10240
Received chunk 6248/10240: fixtures/large_file.bin
2025/04/30 15:22:57 Sent ACK for chunk 6247
2025/04/30 15:22:57 Received ACK for chunk 6248/10240
Received chunk 6249/10240: fixtures/large_file.bin
2025/04/30 15:22:57 Sent ACK for chunk 6248
2025/04/30 15:22:57 Received ACK for chunk 6249/10240
Received chunk 6250/10240: fixtures/large_file.bin
2025/04/30 15:22:57 Sent ACK for chunk 6249
2025/04/30 15:22:57 Received ACK for chunk 6250/10240
Received chunk 6251/10240: fixtures/large_file.bin
2025/04/30 15:22:57 Sent ACK for chunk 6250
2025/04/30 15:22:57 Received ACK for chunk 6251/10240
Received chunk 6252/10240: fixtures/large_file.bin
2025/04/30 15:22:57 Sent ACK for chunk 6251
2025/04/30 15:22:57 Received ACK for chunk 6252/10240
Received chunk 6253/10240: fixtures/large_file.bin
2025/04/30 15:22:57 Sent ACK for chunk 6252
2025/04/30 15:22:57 Received ACK for chunk 6253/10240
Received chunk 6254/10240: fixtures/large_file.bin
2025/04/30 15:22:57 Sent ACK for chunk 6253
2025/04/30 15:22:57 Received ACK for chunk 6254/10240
Received chunk 6255/10240: fixtures/large_file.bin
2025/04/30 15:22:57 Sent ACK for chunk 6254
2025/04/30 15:22:57 Received ACK for chunk 6255/10240
Received chunk 6256/10240: fixtures/large_file.bin
2025/04/30 15:22:57 Sent ACK for chunk 6255
2025/04/30 15:22:57 Received ACK for chunk 6256/10240
Received chunk 6257/10240: fixtures/large_file.bin
2025/04/30 15:22:57 Sent ACK for chunk 6256
2025/04/30 15:22:57 Received ACK for chunk 6257/10240
Received chunk 6258/10240: fixtures/large_file.bin
2025/04/30 15:22:57 Sent ACK for chunk 6257
2025/04/30 15:22:57 Received ACK for chunk 6258/10240
Received chunk 6259/10240: fixtures/large_file.bin
2025/04/30 15:22:57 Sent ACK for chunk 6258
2025/04/30 15:22:57 Received ACK for chunk 6259/10240
Received chunk 6260/10240: fixtures/large_file.bin
2025/04/30 15:22:57 Sent ACK for chunk 6259
2025/04/30 15:22:57 Received ACK for chunk 6260/10240
Received chunk 6261/10240: fixtures/large_file.bin
2025/04/30 15:22:57 Sent ACK for chunk 6260
2025/04/30 15:22:57 Received ACK for chunk 6261/10240
Received chunk 6262/10240: fixtures/large_file.bin
2025/04/30 15:22:57 Sent ACK for chunk 6261
2025/04/30 15:22:57 Received ACK for chunk 6262/10240
Received chunk 6263/10240: fixtures/large_file.bin
2025/04/30 15:22:57 Sent ACK for chunk 6262
2025/04/30 15:22:57 Received ACK for chunk 6263/10240
Received chunk 6264/10240: fixtures/large_file.bin
2025/04/30 15:22:57 Sent ACK for chunk 6263
2025/04/30 15:22:57 Received ACK for chunk 6264/10240
Received chunk 6265/10240: fixtures/large_file.bin
2025/04/30 15:22:57 Sent ACK for chunk 6264
2025/04/30 15:22:57 Received ACK for chunk 6265/10240
Received chunk 6266/10240: fixtures/large_file.bin
2025/04/30 15:22:57 Sent ACK for chunk 6265
2025/04/30 15:22:57 Received ACK for chunk 6266/10240
Received chunk 6267/10240: fixtures/large_file.bin
2025/04/30 15:22:57 Sent ACK for chunk 6266
2025/04/30 15:22:57 Received ACK for chunk 6267/10240
Received chunk 6268/10240: fixtures/large_file.bin
2025/04/30 15:22:57 Sent ACK for chunk 6267
2025/04/30 15:22:57 Received ACK for chunk 6268/10240
Received chunk 6269/10240: fixtures/large_file.bin
2025/04/30 15:22:57 Sent ACK for chunk 6268
2025/04/30 15:22:57 Received ACK for chunk 6269/10240
Received chunk 6270/10240: fixtures/large_file.bin
2025/04/30 15:22:57 Sent ACK for chunk 6269
2025/04/30 15:22:57 Received ACK for chunk 6270/10240
Received chunk 6271/10240: fixtures/large_file.bin
2025/04/30 15:22:57 Sent ACK for chunk 6270
2025/04/30 15:22:57 Received ACK for chunk 6271/10240
Received chunk 6272/10240: fixtures/large_file.bin
2025/04/30 15:22:57 Sent ACK for chunk 6271
2025/04/30 15:22:57 Received ACK for chunk 6272/10240
Received chunk 6273/10240: fixtures/large_file.bin
2025/04/30 15:22:57 Sent ACK for chunk 6272
2025/04/30 15:22:57 Received ACK for chunk 6273/10240
Received chunk 6274/10240: fixtures/large_file.bin
2025/04/30 15:22:57 Sent ACK for chunk 6273
2025/04/30 15:22:57 Received ACK for chunk 6274/10240
Received chunk 6275/10240: fixtures/large_file.bin
2025/04/30 15:22:57 Sent ACK for chunk 6274
2025/04/30 15:22:57 Received ACK for chunk 6275/10240
Received chunk 6276/10240: fixtures/large_file.bin
2025/04/30 15:22:57 Sent ACK for chunk 6275
2025/04/30 15:22:57 Received ACK for chunk 6276/10240
Received chunk 6277/10240: fixtures/large_file.bin
2025/04/30 15:22:57 Sent ACK for chunk 6276
2025/04/30 15:22:57 Received ACK for chunk 6277/10240
Received chunk 6278/10240: fixtures/large_file.bin
2025/04/30 15:22:57 Sent ACK for chunk 6277
2025/04/30 15:22:57 Received ACK for chunk 6278/10240
Received chunk 6279/10240: fixtures/large_file.bin
2025/04/30 15:22:57 Sent ACK for chunk 6278
2025/04/30 15:22:57 Received ACK for chunk 6279/10240
Received chunk 6280/10240: fixtures/large_file.bin
2025/04/30 15:22:57 Sent ACK for chunk 6279
2025/04/30 15:22:57 Received ACK for chunk 6280/10240
Received chunk 6281/10240: fixtures/large_file.bin
2025/04/30 15:22:57 Sent ACK for chunk 6280
2025/04/30 15:22:57 Received ACK for chunk 6281/10240
Received chunk 6282/10240: fixtures/large_file.bin
2025/04/30 15:22:57 Sent ACK for chunk 6281
2025/04/30 15:22:57 Received ACK for chunk 6282/10240
Received chunk 6283/10240: fixtures/large_file.bin
2025/04/30 15:22:57 Sent ACK for chunk 6282
2025/04/30 15:22:57 Received ACK for chunk 6283/10240
Received chunk 6284/10240: fixtures/large_file.bin
2025/04/30 15:22:57 Sent ACK for chunk 6283
2025/04/30 15:22:57 Received ACK for chunk 6284/10240
Received chunk 6285/10240: fixtures/large_file.bin
2025/04/30 15:22:57 Sent ACK for chunk 6284
2025/04/30 15:22:57 Received ACK for chunk 6285/10240
Received chunk 6286/10240: fixtures/large_file.bin
2025/04/30 15:22:57 Sent ACK for chunk 6285
2025/04/30 15:22:57 Received ACK for chunk 6286/10240
Received chunk 6287/10240: fixtures/large_file.bin
2025/04/30 15:22:57 Sent ACK for chunk 6286
2025/04/30 15:22:57 Received ACK for chunk 6287/10240
Received chunk 6288/10240: fixtures/large_file.bin
2025/04/30 15:22:57 Sent ACK for chunk 6287
2025/04/30 15:22:57 Received ACK for chunk 6288/10240
Received chunk 6289/10240: fixtures/large_file.bin
2025/04/30 15:22:57 Sent ACK for chunk 6288
2025/04/30 15:22:57 Received ACK for chunk 6289/10240
Received chunk 6290/10240: fixtures/large_file.bin
2025/04/30 15:22:57 Sent ACK for chunk 6289
2025/04/30 15:22:57 Received ACK for chunk 6290/10240
Received chunk 6291/10240: fixtures/large_file.bin
2025/04/30 15:22:57 Sent ACK for chunk 6290
2025/04/30 15:22:57 Received ACK for chunk 6291/10240
Received chunk 6292/10240: fixtures/large_file.bin
2025/04/30 15:22:57 Sent ACK for chunk 6291
2025/04/30 15:22:57 Received ACK for chunk 6292/10240
Received chunk 6293/10240: fixtures/large_file.bin
2025/04/30 15:22:57 Sent ACK for chunk 6292
2025/04/30 15:22:57 Received ACK for chunk 6293/10240
Received chunk 6294/10240: fixtures/large_file.bin
2025/04/30 15:22:57 Sent ACK for chunk 6293
2025/04/30 15:22:57 Received ACK for chunk 6294/10240
Received chunk 6295/10240: fixtures/large_file.bin
2025/04/30 15:22:57 Sent ACK for chunk 6294
2025/04/30 15:22:57 Received ACK for chunk 6295/10240
Received chunk 6296/10240: fixtures/large_file.bin
2025/04/30 15:22:57 Sent ACK for chunk 6295
2025/04/30 15:22:57 Received ACK for chunk 6296/10240
Received chunk 6297/10240: fixtures/large_file.bin
2025/04/30 15:22:57 Sent ACK for chunk 6296
2025/04/30 15:22:57 Received ACK for chunk 6297/10240
Received chunk 6298/10240: fixtures/large_file.bin
2025/04/30 15:22:57 Sent ACK for chunk 6297
2025/04/30 15:22:57 Received ACK for chunk 6298/10240
Received chunk 6299/10240: fixtures/large_file.bin
2025/04/30 15:22:57 Sent ACK for chunk 6298
2025/04/30 15:22:57 Received ACK for chunk 6299/10240
Received chunk 6300/10240: fixtures/large_file.bin
2025/04/30 15:22:57 Sent ACK for chunk 6299
2025/04/30 15:22:57 Received ACK for chunk 6300/10240
Received chunk 6301/10240: fixtures/large_file.bin
2025/04/30 15:22:57 Sent ACK for chunk 6300
2025/04/30 15:22:57 Received ACK for chunk 6301/10240
Received chunk 6302/10240: fixtures/large_file.bin
2025/04/30 15:22:57 Sent ACK for chunk 6301
2025/04/30 15:22:57 Received ACK for chunk 6302/10240
Received chunk 6303/10240: fixtures/large_file.bin
2025/04/30 15:22:57 Sent ACK for chunk 6302
2025/04/30 15:22:57 Received ACK for chunk 6303/10240
Received chunk 6304/10240: fixtures/large_file.bin
2025/04/30 15:22:57 Sent ACK for chunk 6303
2025/04/30 15:22:57 Received ACK for chunk 6304/10240
Received chunk 6305/10240: fixtures/large_file.bin
2025/04/30 15:22:57 Sent ACK for chunk 6304
2025/04/30 15:22:57 Received ACK for chunk 6305/10240
Received chunk 6306/10240: fixtures/large_file.bin
2025/04/30 15:22:57 Sent ACK for chunk 6305
2025/04/30 15:22:57 Received ACK for chunk 6306/10240
Received chunk 6307/10240: fixtures/large_file.bin
2025/04/30 15:22:57 Sent ACK for chunk 6306
2025/04/30 15:22:57 Received ACK for chunk 6307/10240
Received chunk 6308/10240: fixtures/large_file.bin
2025/04/30 15:22:57 Sent ACK for chunk 6307
2025/04/30 15:22:57 Received ACK for chunk 6308/10240
Received chunk 6309/10240: fixtures/large_file.bin
2025/04/30 15:22:57 Sent ACK for chunk 6308
2025/04/30 15:22:57 Received ACK for chunk 6309/10240
Received chunk 6310/10240: fixtures/large_file.bin
2025/04/30 15:22:57 Sent ACK for chunk 6309
2025/04/30 15:22:57 Received ACK for chunk 6310/10240
Received chunk 6311/10240: fixtures/large_file.bin
2025/04/30 15:22:57 Sent ACK for chunk 6310
2025/04/30 15:22:57 Received ACK for chunk 6311/10240
Received chunk 6312/10240: fixtures/large_file.bin
2025/04/30 15:22:57 Sent ACK for chunk 6311
2025/04/30 15:22:57 Received ACK for chunk 6312/10240
Received chunk 6313/10240: fixtures/large_file.bin
2025/04/30 15:22:57 Sent ACK for chunk 6312
2025/04/30 15:22:57 Received ACK for chunk 6313/10240
Received chunk 6314/10240: fixtures/large_file.bin
2025/04/30 15:22:57 Sent ACK for chunk 6313
2025/04/30 15:22:57 Received ACK for chunk 6314/10240
Received chunk 6315/10240: fixtures/large_file.bin
2025/04/30 15:22:57 Sent ACK for chunk 6314
2025/04/30 15:22:57 Received ACK for chunk 6315/10240
Received chunk 6316/10240: fixtures/large_file.bin
2025/04/30 15:22:57 Sent ACK for chunk 6315
2025/04/30 15:22:57 Received ACK for chunk 6316/10240
Received chunk 6317/10240: fixtures/large_file.bin
2025/04/30 15:22:57 Sent ACK for chunk 6316
2025/04/30 15:22:57 Received ACK for chunk 6317/10240
Received chunk 6318/10240: fixtures/large_file.bin
2025/04/30 15:22:57 Sent ACK for chunk 6317
2025/04/30 15:22:57 Received ACK for chunk 6318/10240
Received chunk 6319/10240: fixtures/large_file.bin
2025/04/30 15:22:57 Sent ACK for chunk 6318
2025/04/30 15:22:57 Received ACK for chunk 6319/10240
Received chunk 6320/10240: fixtures/large_file.bin
2025/04/30 15:22:57 Sent ACK for chunk 6319
2025/04/30 15:22:57 Received ACK for chunk 6320/10240
Received chunk 6321/10240: fixtures/large_file.bin
2025/04/30 15:22:57 Sent ACK for chunk 6320
2025/04/30 15:22:57 Received ACK for chunk 6321/10240
Received chunk 6322/10240: fixtures/large_file.bin
2025/04/30 15:22:57 Sent ACK for chunk 6321
2025/04/30 15:22:57 Received ACK for chunk 6322/10240
Received chunk 6323/10240: fixtures/large_file.bin
2025/04/30 15:22:57 Sent ACK for chunk 6322
2025/04/30 15:22:57 Received ACK for chunk 6323/10240
Received chunk 6324/10240: fixtures/large_file.bin
2025/04/30 15:22:57 Sent ACK for chunk 6323
2025/04/30 15:22:57 Received ACK for chunk 6324/10240
Received chunk 6325/10240: fixtures/large_file.bin
2025/04/30 15:22:57 Sent ACK for chunk 6324
2025/04/30 15:22:57 Received ACK for chunk 6325/10240
Received chunk 6326/10240: fixtures/large_file.bin
2025/04/30 15:22:57 Sent ACK for chunk 6325
2025/04/30 15:22:57 Received ACK for chunk 6326/10240
Received chunk 6327/10240: fixtures/large_file.bin
2025/04/30 15:22:57 Sent ACK for chunk 6326
2025/04/30 15:22:57 Received ACK for chunk 6327/10240
Received chunk 6328/10240: fixtures/large_file.bin
2025/04/30 15:22:57 Sent ACK for chunk 6327
2025/04/30 15:22:57 Received ACK for chunk 6328/10240
Received chunk 6329/10240: fixtures/large_file.bin
2025/04/30 15:22:57 Sent ACK for chunk 6328
2025/04/30 15:22:57 Received ACK for chunk 6329/10240
Received chunk 6330/10240: fixtures/large_file.bin
2025/04/30 15:22:57 Sent ACK for chunk 6329
2025/04/30 15:22:57 Received ACK for chunk 6330/10240
Received chunk 6331/10240: fixtures/large_file.bin
2025/04/30 15:22:57 Sent ACK for chunk 6330
2025/04/30 15:22:57 Received ACK for chunk 6331/10240
Received chunk 6332/10240: fixtures/large_file.bin
2025/04/30 15:22:57 Sent ACK for chunk 6331
2025/04/30 15:22:57 Received ACK for chunk 6332/10240
Received chunk 6333/10240: fixtures/large_file.bin
2025/04/30 15:22:57 Sent ACK for chunk 6332
2025/04/30 15:22:57 Received ACK for chunk 6333/10240
Received chunk 6334/10240: fixtures/large_file.bin
2025/04/30 15:22:57 Sent ACK for chunk 6333
2025/04/30 15:22:57 Received ACK for chunk 6334/10240
Received chunk 6335/10240: fixtures/large_file.bin
2025/04/30 15:22:57 Sent ACK for chunk 6334
2025/04/30 15:22:57 Received ACK for chunk 6335/10240
Received chunk 6336/10240: fixtures/large_file.bin
2025/04/30 15:22:57 Sent ACK for chunk 6335
2025/04/30 15:22:57 Received ACK for chunk 6336/10240
Received chunk 6337/10240: fixtures/large_file.bin
2025/04/30 15:22:57 Sent ACK for chunk 6336
2025/04/30 15:22:57 Received ACK for chunk 6337/10240
Received chunk 6338/10240: fixtures/large_file.bin
2025/04/30 15:22:57 Sent ACK for chunk 6337
2025/04/30 15:22:57 Received ACK for chunk 6338/10240
Received chunk 6339/10240: fixtures/large_file.bin
2025/04/30 15:22:57 Sent ACK for chunk 6338
2025/04/30 15:22:57 Received ACK for chunk 6339/10240
Received chunk 6340/10240: fixtures/large_file.bin
2025/04/30 15:22:57 Sent ACK for chunk 6339
2025/04/30 15:22:57 Received ACK for chunk 6340/10240
Received chunk 6341/10240: fixtures/large_file.bin
2025/04/30 15:22:57 Sent ACK for chunk 6340
2025/04/30 15:22:57 Received ACK for chunk 6341/10240
Received chunk 6342/10240: fixtures/large_file.bin
2025/04/30 15:22:57 Sent ACK for chunk 6341
2025/04/30 15:22:57 Received ACK for chunk 6342/10240
Received chunk 6343/10240: fixtures/large_file.bin
2025/04/30 15:22:57 Sent ACK for chunk 6342
2025/04/30 15:22:57 Received ACK for chunk 6343/10240
Received chunk 6344/10240: fixtures/large_file.bin
2025/04/30 15:22:57 Sent ACK for chunk 6343
2025/04/30 15:22:57 Received ACK for chunk 6344/10240
Received chunk 6345/10240: fixtures/large_file.bin
2025/04/30 15:22:57 Sent ACK for chunk 6344
2025/04/30 15:22:57 Received ACK for chunk 6345/10240
Received chunk 6346/10240: fixtures/large_file.bin
2025/04/30 15:22:57 Sent ACK for chunk 6345
2025/04/30 15:22:57 Received ACK for chunk 6346/10240
Received chunk 6347/10240: fixtures/large_file.bin
2025/04/30 15:22:57 Sent ACK for chunk 6346
2025/04/30 15:22:57 Received ACK for chunk 6347/10240
Received chunk 6348/10240: fixtures/large_file.bin
2025/04/30 15:22:57 Sent ACK for chunk 6347
2025/04/30 15:22:57 Received ACK for chunk 6348/10240
Received chunk 6349/10240: fixtures/large_file.bin
2025/04/30 15:22:57 Sent ACK for chunk 6348
2025/04/30 15:22:57 Received ACK for chunk 6349/10240
Received chunk 6350/10240: fixtures/large_file.bin
2025/04/30 15:22:57 Sent ACK for chunk 6349
2025/04/30 15:22:57 Received ACK for chunk 6350/10240
Received chunk 6351/10240: fixtures/large_file.bin
2025/04/30 15:22:57 Sent ACK for chunk 6350
2025/04/30 15:22:57 Received ACK for chunk 6351/10240
Received chunk 6352/10240: fixtures/large_file.bin
2025/04/30 15:22:57 Sent ACK for chunk 6351
2025/04/30 15:22:57 Received ACK for chunk 6352/10240
Received chunk 6353/10240: fixtures/large_file.bin
2025/04/30 15:22:57 Sent ACK for chunk 6352
2025/04/30 15:22:57 Received ACK for chunk 6353/10240
Received chunk 6354/10240: fixtures/large_file.bin
2025/04/30 15:22:57 Sent ACK for chunk 6353
2025/04/30 15:22:57 Received ACK for chunk 6354/10240
Received chunk 6355/10240: fixtures/large_file.bin
2025/04/30 15:22:57 Sent ACK for chunk 6354
2025/04/30 15:22:57 Received ACK for chunk 6355/10240
Received chunk 6356/10240: fixtures/large_file.bin
2025/04/30 15:22:57 Sent ACK for chunk 6355
2025/04/30 15:22:57 Received ACK for chunk 6356/10240
Received chunk 6357/10240: fixtures/large_file.bin
2025/04/30 15:22:57 Sent ACK for chunk 6356
2025/04/30 15:22:57 Received ACK for chunk 6357/10240
Received chunk 6358/10240: fixtures/large_file.bin
2025/04/30 15:22:57 Sent ACK for chunk 6357
2025/04/30 15:22:57 Received ACK for chunk 6358/10240
Received chunk 6359/10240: fixtures/large_file.bin
2025/04/30 15:22:57 Sent ACK for chunk 6358
2025/04/30 15:22:57 Received ACK for chunk 6359/10240
Received chunk 6360/10240: fixtures/large_file.bin
2025/04/30 15:22:57 Sent ACK for chunk 6359
2025/04/30 15:22:57 Received ACK for chunk 6360/10240
Received chunk 6361/10240: fixtures/large_file.bin
2025/04/30 15:22:57 Sent ACK for chunk 6360
2025/04/30 15:22:57 Received ACK for chunk 6361/10240
Received chunk 6362/10240: fixtures/large_file.bin
2025/04/30 15:22:57 Sent ACK for chunk 6361
2025/04/30 15:22:57 Received ACK for chunk 6362/10240
Received chunk 6363/10240: fixtures/large_file.bin
2025/04/30 15:22:57 Sent ACK for chunk 6362
2025/04/30 15:22:57 Received ACK for chunk 6363/10240
Received chunk 6364/10240: fixtures/large_file.bin
2025/04/30 15:22:57 Sent ACK for chunk 6363
2025/04/30 15:22:57 Received ACK for chunk 6364/10240
Received chunk 6365/10240: fixtures/large_file.bin
2025/04/30 15:22:57 Sent ACK for chunk 6364
2025/04/30 15:22:57 Received ACK for chunk 6365/10240
Received chunk 6366/10240: fixtures/large_file.bin
2025/04/30 15:22:57 Sent ACK for chunk 6365
2025/04/30 15:22:57 Received ACK for chunk 6366/10240
Received chunk 6367/10240: fixtures/large_file.bin
2025/04/30 15:22:57 Sent ACK for chunk 6366
2025/04/30 15:22:57 Received ACK for chunk 6367/10240
Received chunk 6368/10240: fixtures/large_file.bin
2025/04/30 15:22:57 Sent ACK for chunk 6367
2025/04/30 15:22:57 Received ACK for chunk 6368/10240
Received chunk 6369/10240: fixtures/large_file.bin
2025/04/30 15:22:57 Sent ACK for chunk 6368
2025/04/30 15:22:57 Received ACK for chunk 6369/10240
Received chunk 6370/10240: fixtures/large_file.bin
2025/04/30 15:22:57 Sent ACK for chunk 6369
2025/04/30 15:22:57 Received ACK for chunk 6370/10240
Received chunk 6371/10240: fixtures/large_file.bin
2025/04/30 15:22:57 Sent ACK for chunk 6370
2025/04/30 15:22:57 Received ACK for chunk 6371/10240
Received chunk 6372/10240: fixtures/large_file.bin
2025/04/30 15:22:57 Sent ACK for chunk 6371
2025/04/30 15:22:57 Received ACK for chunk 6372/10240
Received chunk 6373/10240: fixtures/large_file.bin
2025/04/30 15:22:57 Sent ACK for chunk 6372
2025/04/30 15:22:57 Received ACK for chunk 6373/10240
Received chunk 6374/10240: fixtures/large_file.bin
2025/04/30 15:22:57 Sent ACK for chunk 6373
2025/04/30 15:22:57 Received ACK for chunk 6374/10240
Received chunk 6375/10240: fixtures/large_file.bin
2025/04/30 15:22:57 Sent ACK for chunk 6374
2025/04/30 15:22:57 Received ACK for chunk 6375/10240
Received chunk 6376/10240: fixtures/large_file.bin
2025/04/30 15:22:57 Sent ACK for chunk 6375
2025/04/30 15:22:57 Received ACK for chunk 6376/10240
Received chunk 6377/10240: fixtures/large_file.bin
2025/04/30 15:22:57 Sent ACK for chunk 6376
2025/04/30 15:22:57 Received ACK for chunk 6377/10240
Received chunk 6378/10240: fixtures/large_file.bin
2025/04/30 15:22:57 Sent ACK for chunk 6377
2025/04/30 15:22:57 Received ACK for chunk 6378/10240
Received chunk 6379/10240: fixtures/large_file.bin
2025/04/30 15:22:57 Sent ACK for chunk 6378
2025/04/30 15:22:57 Received ACK for chunk 6379/10240
Received chunk 6380/10240: fixtures/large_file.bin
2025/04/30 15:22:57 Sent ACK for chunk 6379
2025/04/30 15:22:57 Received ACK for chunk 6380/10240
Received chunk 6381/10240: fixtures/large_file.bin
2025/04/30 15:22:57 Sent ACK for chunk 6380
2025/04/30 15:22:57 Received ACK for chunk 6381/10240
Received chunk 6382/10240: fixtures/large_file.bin
2025/04/30 15:22:57 Sent ACK for chunk 6381
2025/04/30 15:22:57 Received ACK for chunk 6382/10240
Received chunk 6383/10240: fixtures/large_file.bin
2025/04/30 15:22:57 Sent ACK for chunk 6382
2025/04/30 15:22:57 Received ACK for chunk 6383/10240
Received chunk 6384/10240: fixtures/large_file.bin
2025/04/30 15:22:57 Sent ACK for chunk 6383
2025/04/30 15:22:57 Received ACK for chunk 6384/10240
Received chunk 6385/10240: fixtures/large_file.bin
2025/04/30 15:22:57 Sent ACK for chunk 6384
2025/04/30 15:22:57 Received ACK for chunk 6385/10240
Received chunk 6386/10240: fixtures/large_file.bin
2025/04/30 15:22:57 Sent ACK for chunk 6385
2025/04/30 15:22:57 Received ACK for chunk 6386/10240
Received chunk 6387/10240: fixtures/large_file.bin
2025/04/30 15:22:57 Sent ACK for chunk 6386
2025/04/30 15:22:57 Received ACK for chunk 6387/10240
Received chunk 6388/10240: fixtures/large_file.bin
2025/04/30 15:22:57 Sent ACK for chunk 6387
2025/04/30 15:22:57 Received ACK for chunk 6388/10240
Received chunk 6389/10240: fixtures/large_file.bin
2025/04/30 15:22:57 Sent ACK for chunk 6388
2025/04/30 15:22:57 Received ACK for chunk 6389/10240
Received chunk 6390/10240: fixtures/large_file.bin
2025/04/30 15:22:57 Sent ACK for chunk 6389
2025/04/30 15:22:57 Received ACK for chunk 6390/10240
Received chunk 6391/10240: fixtures/large_file.bin
2025/04/30 15:22:57 Sent ACK for chunk 6390
2025/04/30 15:22:57 Received ACK for chunk 6391/10240
Received chunk 6392/10240: fixtures/large_file.bin
2025/04/30 15:22:57 Sent ACK for chunk 6391
2025/04/30 15:22:57 Received ACK for chunk 6392/10240
Received chunk 6393/10240: fixtures/large_file.bin
2025/04/30 15:22:57 Sent ACK for chunk 6392
2025/04/30 15:22:57 Received ACK for chunk 6393/10240
Received chunk 6394/10240: fixtures/large_file.bin
2025/04/30 15:22:57 Sent ACK for chunk 6393
2025/04/30 15:22:57 Received ACK for chunk 6394/10240
Received chunk 6395/10240: fixtures/large_file.bin
2025/04/30 15:22:57 Sent ACK for chunk 6394
2025/04/30 15:22:57 Received ACK for chunk 6395/10240
Received chunk 6396/10240: fixtures/large_file.bin
2025/04/30 15:22:57 Sent ACK for chunk 6395
2025/04/30 15:22:57 Received ACK for chunk 6396/10240
Received chunk 6397/10240: fixtures/large_file.bin
2025/04/30 15:22:57 Sent ACK for chunk 6396
2025/04/30 15:22:57 Received ACK for chunk 6397/10240
Received chunk 6398/10240: fixtures/large_file.bin
2025/04/30 15:22:57 Sent ACK for chunk 6397
2025/04/30 15:22:57 Received ACK for chunk 6398/10240
Received chunk 6399/10240: fixtures/large_file.bin
2025/04/30 15:22:57 Sent ACK for chunk 6398
2025/04/30 15:22:57 Received ACK for chunk 6399/10240
Received chunk 6400/10240: fixtures/large_file.bin
2025/04/30 15:22:57 Sent ACK for chunk 6399
2025/04/30 15:22:57 Received ACK for chunk 6400/10240
Received chunk 6401/10240: fixtures/large_file.bin
2025/04/30 15:22:57 Sent ACK for chunk 6400
2025/04/30 15:22:57 Received ACK for chunk 6401/10240
Received chunk 6402/10240: fixtures/large_file.bin
2025/04/30 15:22:57 Sent ACK for chunk 6401
2025/04/30 15:22:57 Received ACK for chunk 6402/10240
Received chunk 6403/10240: fixtures/large_file.bin
2025/04/30 15:22:57 Sent ACK for chunk 6402
2025/04/30 15:22:57 Received ACK for chunk 6403/10240
Received chunk 6404/10240: fixtures/large_file.bin
2025/04/30 15:22:57 Sent ACK for chunk 6403
2025/04/30 15:22:57 Received ACK for chunk 6404/10240
Received chunk 6405/10240: fixtures/large_file.bin
2025/04/30 15:22:57 Sent ACK for chunk 6404
2025/04/30 15:22:57 Received ACK for chunk 6405/10240
Received chunk 6406/10240: fixtures/large_file.bin
2025/04/30 15:22:57 Sent ACK for chunk 6405
2025/04/30 15:22:57 Received ACK for chunk 6406/10240
Received chunk 6407/10240: fixtures/large_file.bin
2025/04/30 15:22:57 Sent ACK for chunk 6406
2025/04/30 15:22:57 Received ACK for chunk 6407/10240
Received chunk 6408/10240: fixtures/large_file.bin
2025/04/30 15:22:57 Sent ACK for chunk 6407
2025/04/30 15:22:57 Received ACK for chunk 6408/10240
Received chunk 6409/10240: fixtures/large_file.bin
2025/04/30 15:22:57 Sent ACK for chunk 6408
2025/04/30 15:22:57 Received ACK for chunk 6409/10240
Received chunk 6410/10240: fixtures/large_file.bin
2025/04/30 15:22:57 Sent ACK for chunk 6409
2025/04/30 15:22:57 Received ACK for chunk 6410/10240
Received chunk 6411/10240: fixtures/large_file.bin
2025/04/30 15:22:57 Sent ACK for chunk 6410
2025/04/30 15:22:57 Received ACK for chunk 6411/10240
Received chunk 6412/10240: fixtures/large_file.bin
2025/04/30 15:22:57 Sent ACK for chunk 6411
2025/04/30 15:22:57 Received ACK for chunk 6412/10240
Received chunk 6413/10240: fixtures/large_file.bin
2025/04/30 15:22:57 Sent ACK for chunk 6412
2025/04/30 15:22:57 Received ACK for chunk 6413/10240
Received chunk 6414/10240: fixtures/large_file.bin
2025/04/30 15:22:57 Sent ACK for chunk 6413
2025/04/30 15:22:57 Received ACK for chunk 6414/10240
Received chunk 6415/10240: fixtures/large_file.bin
2025/04/30 15:22:57 Sent ACK for chunk 6414
2025/04/30 15:22:57 Received ACK for chunk 6415/10240
Received chunk 6416/10240: fixtures/large_file.bin
2025/04/30 15:22:57 Sent ACK for chunk 6415
2025/04/30 15:22:57 Received ACK for chunk 6416/10240
Received chunk 6417/10240: fixtures/large_file.bin
2025/04/30 15:22:57 Sent ACK for chunk 6416
2025/04/30 15:22:57 Received ACK for chunk 6417/10240
Received chunk 6418/10240: fixtures/large_file.bin
2025/04/30 15:22:57 Sent ACK for chunk 6417
2025/04/30 15:22:57 Received ACK for chunk 6418/10240
Received chunk 6419/10240: fixtures/large_file.bin
2025/04/30 15:22:57 Sent ACK for chunk 6418
2025/04/30 15:22:57 Received ACK for chunk 6419/10240
Received chunk 6420/10240: fixtures/large_file.bin
2025/04/30 15:22:57 Sent ACK for chunk 6419
2025/04/30 15:22:57 Received ACK for chunk 6420/10240
Received chunk 6421/10240: fixtures/large_file.bin
2025/04/30 15:22:57 Sent ACK for chunk 6420
2025/04/30 15:22:57 Received ACK for chunk 6421/10240
Received chunk 6422/10240: fixtures/large_file.bin
2025/04/30 15:22:57 Sent ACK for chunk 6421
2025/04/30 15:22:57 Received ACK for chunk 6422/10240
Received chunk 6423/10240: fixtures/large_file.bin
2025/04/30 15:22:57 Sent ACK for chunk 6422
2025/04/30 15:22:57 Received ACK for chunk 6423/10240
Received chunk 6424/10240: fixtures/large_file.bin
2025/04/30 15:22:57 Sent ACK for chunk 6423
2025/04/30 15:22:57 Received ACK for chunk 6424/10240
Received chunk 6425/10240: fixtures/large_file.bin
2025/04/30 15:22:57 Sent ACK for chunk 6424
2025/04/30 15:22:57 Received ACK for chunk 6425/10240
Received chunk 6426/10240: fixtures/large_file.bin
2025/04/30 15:22:57 Sent ACK for chunk 6425
2025/04/30 15:22:57 Received ACK for chunk 6426/10240
Received chunk 6427/10240: fixtures/large_file.bin
2025/04/30 15:22:57 Sent ACK for chunk 6426
2025/04/30 15:22:57 Received ACK for chunk 6427/10240
Received chunk 6428/10240: fixtures/large_file.bin
2025/04/30 15:22:57 Sent ACK for chunk 6427
2025/04/30 15:22:57 Received ACK for chunk 6428/10240
Received chunk 6429/10240: fixtures/large_file.bin
2025/04/30 15:22:57 Sent ACK for chunk 6428
2025/04/30 15:22:57 Received ACK for chunk 6429/10240
Received chunk 6430/10240: fixtures/large_file.bin
2025/04/30 15:22:57 Sent ACK for chunk 6429
2025/04/30 15:22:57 Received ACK for chunk 6430/10240
Received chunk 6431/10240: fixtures/large_file.bin
2025/04/30 15:22:57 Sent ACK for chunk 6430
2025/04/30 15:22:57 Received ACK for chunk 6431/10240
Received chunk 6432/10240: fixtures/large_file.bin
2025/04/30 15:22:57 Sent ACK for chunk 6431
2025/04/30 15:22:57 Received ACK for chunk 6432/10240
Received chunk 6433/10240: fixtures/large_file.bin
2025/04/30 15:22:57 Sent ACK for chunk 6432
2025/04/30 15:22:57 Received ACK for chunk 6433/10240
Received chunk 6434/10240: fixtures/large_file.bin
2025/04/30 15:22:57 Sent ACK for chunk 6433
2025/04/30 15:22:57 Received ACK for chunk 6434/10240
Received chunk 6435/10240: fixtures/large_file.bin
2025/04/30 15:22:57 Sent ACK for chunk 6434
2025/04/30 15:22:57 Received ACK for chunk 6435/10240
Received chunk 6436/10240: fixtures/large_file.bin
2025/04/30 15:22:57 Sent ACK for chunk 6435
2025/04/30 15:22:57 Received ACK for chunk 6436/10240
Received chunk 6437/10240: fixtures/large_file.bin
2025/04/30 15:22:57 Sent ACK for chunk 6436
2025/04/30 15:22:57 Received ACK for chunk 6437/10240
Received chunk 6438/10240: fixtures/large_file.bin
2025/04/30 15:22:57 Sent ACK for chunk 6437
2025/04/30 15:22:57 Received ACK for chunk 6438/10240
Received chunk 6439/10240: fixtures/large_file.bin
2025/04/30 15:22:57 Sent ACK for chunk 6438
2025/04/30 15:22:57 Received ACK for chunk 6439/10240
Received chunk 6440/10240: fixtures/large_file.bin
2025/04/30 15:22:57 Sent ACK for chunk 6439
2025/04/30 15:22:57 Received ACK for chunk 6440/10240
Received chunk 6441/10240: fixtures/large_file.bin
2025/04/30 15:22:57 Sent ACK for chunk 6440
2025/04/30 15:22:57 Received ACK for chunk 6441/10240
Received chunk 6442/10240: fixtures/large_file.bin
2025/04/30 15:22:57 Sent ACK for chunk 6441
2025/04/30 15:22:57 Received ACK for chunk 6442/10240
Received chunk 6443/10240: fixtures/large_file.bin
2025/04/30 15:22:57 Sent ACK for chunk 6442
2025/04/30 15:22:57 Received ACK for chunk 6443/10240
Received chunk 6444/10240: fixtures/large_file.bin
2025/04/30 15:22:57 Sent ACK for chunk 6443
2025/04/30 15:22:57 Received ACK for chunk 6444/10240
Received chunk 6445/10240: fixtures/large_file.bin
2025/04/30 15:22:57 Sent ACK for chunk 6444
2025/04/30 15:22:57 Received ACK for chunk 6445/10240
Received chunk 6446/10240: fixtures/large_file.bin
2025/04/30 15:22:57 Sent ACK for chunk 6445
2025/04/30 15:22:57 Received ACK for chunk 6446/10240
Received chunk 6447/10240: fixtures/large_file.bin
2025/04/30 15:22:57 Sent ACK for chunk 6446
2025/04/30 15:22:57 Received ACK for chunk 6447/10240
Received chunk 6448/10240: fixtures/large_file.bin
2025/04/30 15:22:57 Sent ACK for chunk 6447
2025/04/30 15:22:57 Received ACK for chunk 6448/10240
Received chunk 6449/10240: fixtures/large_file.bin
2025/04/30 15:22:57 Sent ACK for chunk 6448
2025/04/30 15:22:57 Received ACK for chunk 6449/10240
Received chunk 6450/10240: fixtures/large_file.bin
2025/04/30 15:22:57 Sent ACK for chunk 6449
2025/04/30 15:22:57 Received ACK for chunk 6450/10240
Received chunk 6451/10240: fixtures/large_file.bin
2025/04/30 15:22:57 Sent ACK for chunk 6450
2025/04/30 15:22:57 Received ACK for chunk 6451/10240
Received chunk 6452/10240: fixtures/large_file.bin
2025/04/30 15:22:57 Sent ACK for chunk 6451
2025/04/30 15:22:57 Received ACK for chunk 6452/10240
Received chunk 6453/10240: fixtures/large_file.bin
2025/04/30 15:22:57 Sent ACK for chunk 6452
2025/04/30 15:22:57 Received ACK for chunk 6453/10240
Received chunk 6454/10240: fixtures/large_file.bin
2025/04/30 15:22:57 Sent ACK for chunk 6453
2025/04/30 15:22:57 Received ACK for chunk 6454/10240
Received chunk 6455/10240: fixtures/large_file.bin
2025/04/30 15:22:57 Sent ACK for chunk 6454
2025/04/30 15:22:57 Received ACK for chunk 6455/10240
Received chunk 6456/10240: fixtures/large_file.bin
2025/04/30 15:22:57 Sent ACK for chunk 6455
2025/04/30 15:22:57 Received ACK for chunk 6456/10240
Received chunk 6457/10240: fixtures/large_file.bin
2025/04/30 15:22:57 Sent ACK for chunk 6456
2025/04/30 15:22:57 Received ACK for chunk 6457/10240
Received chunk 6458/10240: fixtures/large_file.bin
2025/04/30 15:22:57 Sent ACK for chunk 6457
2025/04/30 15:22:57 Received ACK for chunk 6458/10240
Received chunk 6459/10240: fixtures/large_file.bin
2025/04/30 15:22:57 Sent ACK for chunk 6458
2025/04/30 15:22:57 Received ACK for chunk 6459/10240
Received chunk 6460/10240: fixtures/large_file.bin
2025/04/30 15:22:57 Sent ACK for chunk 6459
2025/04/30 15:22:57 Received ACK for chunk 6460/10240
Received chunk 6461/10240: fixtures/large_file.bin
2025/04/30 15:22:57 Sent ACK for chunk 6460
2025/04/30 15:22:57 Received ACK for chunk 6461/10240
Received chunk 6462/10240: fixtures/large_file.bin
2025/04/30 15:22:57 Sent ACK for chunk 6461
2025/04/30 15:22:57 Received ACK for chunk 6462/10240
Received chunk 6463/10240: fixtures/large_file.bin
2025/04/30 15:22:57 Sent ACK for chunk 6462
2025/04/30 15:22:57 Received ACK for chunk 6463/10240
Received chunk 6464/10240: fixtures/large_file.bin
2025/04/30 15:22:57 Sent ACK for chunk 6463
2025/04/30 15:22:57 Received ACK for chunk 6464/10240
Received chunk 6465/10240: fixtures/large_file.bin
2025/04/30 15:22:57 Sent ACK for chunk 6464
2025/04/30 15:22:57 Received ACK for chunk 6465/10240
Received chunk 6466/10240: fixtures/large_file.bin
2025/04/30 15:22:57 Sent ACK for chunk 6465
2025/04/30 15:22:57 Received ACK for chunk 6466/10240
Received chunk 6467/10240: fixtures/large_file.bin
2025/04/30 15:22:57 Sent ACK for chunk 6466
2025/04/30 15:22:57 Received ACK for chunk 6467/10240
Received chunk 6468/10240: fixtures/large_file.bin
2025/04/30 15:22:57 Sent ACK for chunk 6467
2025/04/30 15:22:57 Received ACK for chunk 6468/10240
Received chunk 6469/10240: fixtures/large_file.bin
2025/04/30 15:22:57 Sent ACK for chunk 6468
2025/04/30 15:22:57 Received ACK for chunk 6469/10240
Received chunk 6470/10240: fixtures/large_file.bin
2025/04/30 15:22:57 Sent ACK for chunk 6469
2025/04/30 15:22:57 Received ACK for chunk 6470/10240
Received chunk 6471/10240: fixtures/large_file.bin
2025/04/30 15:22:57 Sent ACK for chunk 6470
2025/04/30 15:22:57 Received ACK for chunk 6471/10240
Received chunk 6472/10240: fixtures/large_file.bin
2025/04/30 15:22:57 Sent ACK for chunk 6471
2025/04/30 15:22:57 Received ACK for chunk 6472/10240
Received chunk 6473/10240: fixtures/large_file.bin
2025/04/30 15:22:57 Sent ACK for chunk 6472
2025/04/30 15:22:57 Received ACK for chunk 6473/10240
Received chunk 6474/10240: fixtures/large_file.bin
2025/04/30 15:22:57 Sent ACK for chunk 6473
2025/04/30 15:22:57 Received ACK for chunk 6474/10240
Received chunk 6475/10240: fixtures/large_file.bin
2025/04/30 15:22:57 Sent ACK for chunk 6474
2025/04/30 15:22:57 Received ACK for chunk 6475/10240
Received chunk 6476/10240: fixtures/large_file.bin
2025/04/30 15:22:57 Sent ACK for chunk 6475
2025/04/30 15:22:57 Received ACK for chunk 6476/10240
Received chunk 6477/10240: fixtures/large_file.bin
2025/04/30 15:22:57 Sent ACK for chunk 6476
2025/04/30 15:22:57 Received ACK for chunk 6477/10240
Received chunk 6478/10240: fixtures/large_file.bin
2025/04/30 15:22:57 Sent ACK for chunk 6477
2025/04/30 15:22:57 Received ACK for chunk 6478/10240
Received chunk 6479/10240: fixtures/large_file.bin
2025/04/30 15:22:57 Sent ACK for chunk 6478
2025/04/30 15:22:57 Received ACK for chunk 6479/10240
Received chunk 6480/10240: fixtures/large_file.bin
2025/04/30 15:22:57 Sent ACK for chunk 6479
2025/04/30 15:22:57 Received ACK for chunk 6480/10240
Received chunk 6481/10240: fixtures/large_file.bin
2025/04/30 15:22:57 Sent ACK for chunk 6480
2025/04/30 15:22:57 Received ACK for chunk 6481/10240
Received chunk 6482/10240: fixtures/large_file.bin
2025/04/30 15:22:57 Sent ACK for chunk 6481
2025/04/30 15:22:57 Received ACK for chunk 6482/10240
Received chunk 6483/10240: fixtures/large_file.bin
2025/04/30 15:22:57 Sent ACK for chunk 6482
2025/04/30 15:22:57 Received ACK for chunk 6483/10240
Received chunk 6484/10240: fixtures/large_file.bin
2025/04/30 15:22:57 Sent ACK for chunk 6483
2025/04/30 15:22:57 Received ACK for chunk 6484/10240
Received chunk 6485/10240: fixtures/large_file.bin
2025/04/30 15:22:57 Sent ACK for chunk 6484
2025/04/30 15:22:57 Received ACK for chunk 6485/10240
Received chunk 6486/10240: fixtures/large_file.bin
2025/04/30 15:22:57 Sent ACK for chunk 6485
2025/04/30 15:22:57 Received ACK for chunk 6486/10240
Received chunk 6487/10240: fixtures/large_file.bin
2025/04/30 15:22:57 Sent ACK for chunk 6486
2025/04/30 15:22:57 Received ACK for chunk 6487/10240
Received chunk 6488/10240: fixtures/large_file.bin
2025/04/30 15:22:57 Sent ACK for chunk 6487
2025/04/30 15:22:57 Received ACK for chunk 6488/10240
Received chunk 6489/10240: fixtures/large_file.bin
2025/04/30 15:22:57 Sent ACK for chunk 6488
2025/04/30 15:22:57 Received ACK for chunk 6489/10240
Received chunk 6490/10240: fixtures/large_file.bin
2025/04/30 15:22:57 Sent ACK for chunk 6489
2025/04/30 15:22:57 Received ACK for chunk 6490/10240
Received chunk 6491/10240: fixtures/large_file.bin
2025/04/30 15:22:57 Sent ACK for chunk 6490
2025/04/30 15:22:57 Received ACK for chunk 6491/10240
Received chunk 6492/10240: fixtures/large_file.bin
2025/04/30 15:22:57 Sent ACK for chunk 6491
2025/04/30 15:22:57 Received ACK for chunk 6492/10240
Received chunk 6493/10240: fixtures/large_file.bin
2025/04/30 15:22:57 Sent ACK for chunk 6492
2025/04/30 15:22:57 Received ACK for chunk 6493/10240
Received chunk 6494/10240: fixtures/large_file.bin
2025/04/30 15:22:57 Sent ACK for chunk 6493
2025/04/30 15:22:57 Received ACK for chunk 6494/10240
Received chunk 6495/10240: fixtures/large_file.bin
2025/04/30 15:22:57 Sent ACK for chunk 6494
2025/04/30 15:22:57 Received ACK for chunk 6495/10240
Received chunk 6496/10240: fixtures/large_file.bin
2025/04/30 15:22:57 Sent ACK for chunk 6495
2025/04/30 15:22:57 Received ACK for chunk 6496/10240
Received chunk 6497/10240: fixtures/large_file.bin
2025/04/30 15:22:57 Sent ACK for chunk 6496
2025/04/30 15:22:57 Received ACK for chunk 6497/10240
Received chunk 6498/10240: fixtures/large_file.bin
2025/04/30 15:22:57 Sent ACK for chunk 6497
2025/04/30 15:22:57 Received ACK for chunk 6498/10240
Received chunk 6499/10240: fixtures/large_file.bin
2025/04/30 15:22:57 Sent ACK for chunk 6498
2025/04/30 15:22:57 Received ACK for chunk 6499/10240
Received chunk 6500/10240: fixtures/large_file.bin
2025/04/30 15:22:57 Sent ACK for chunk 6499
2025/04/30 15:22:57 Received ACK for chunk 6500/10240
Received chunk 6501/10240: fixtures/large_file.bin
2025/04/30 15:22:57 Sent ACK for chunk 6500
2025/04/30 15:22:57 Received ACK for chunk 6501/10240
Received chunk 6502/10240: fixtures/large_file.bin
2025/04/30 15:22:57 Sent ACK for chunk 6501
2025/04/30 15:22:57 Received ACK for chunk 6502/10240
Received chunk 6503/10240: fixtures/large_file.bin
2025/04/30 15:22:57 Sent ACK for chunk 6502
2025/04/30 15:22:57 Received ACK for chunk 6503/10240
Received chunk 6504/10240: fixtures/large_file.bin
2025/04/30 15:22:57 Sent ACK for chunk 6503
2025/04/30 15:22:57 Received ACK for chunk 6504/10240
Received chunk 6505/10240: fixtures/large_file.bin
2025/04/30 15:22:57 Sent ACK for chunk 6504
2025/04/30 15:22:57 Received ACK for chunk 6505/10240
Received chunk 6506/10240: fixtures/large_file.bin
2025/04/30 15:22:57 Sent ACK for chunk 6505
2025/04/30 15:22:57 Received ACK for chunk 6506/10240
Received chunk 6507/10240: fixtures/large_file.bin
2025/04/30 15:22:57 Sent ACK for chunk 6506
2025/04/30 15:22:57 Received ACK for chunk 6507/10240
Received chunk 6508/10240: fixtures/large_file.bin
2025/04/30 15:22:57 Sent ACK for chunk 6507
2025/04/30 15:22:57 Received ACK for chunk 6508/10240
Received chunk 6509/10240: fixtures/large_file.bin
2025/04/30 15:22:57 Sent ACK for chunk 6508
2025/04/30 15:22:57 Received ACK for chunk 6509/10240
Received chunk 6510/10240: fixtures/large_file.bin
2025/04/30 15:22:57 Sent ACK for chunk 6509
2025/04/30 15:22:57 Received ACK for chunk 6510/10240
Received chunk 6511/10240: fixtures/large_file.bin
2025/04/30 15:22:57 Sent ACK for chunk 6510
2025/04/30 15:22:57 Received ACK for chunk 6511/10240
Received chunk 6512/10240: fixtures/large_file.bin
2025/04/30 15:22:57 Sent ACK for chunk 6511
2025/04/30 15:22:57 Received ACK for chunk 6512/10240
Received chunk 6513/10240: fixtures/large_file.bin
2025/04/30 15:22:57 Sent ACK for chunk 6512
2025/04/30 15:22:57 Received ACK for chunk 6513/10240
Received chunk 6514/10240: fixtures/large_file.bin
2025/04/30 15:22:57 Sent ACK for chunk 6513
2025/04/30 15:22:57 Received ACK for chunk 6514/10240
Received chunk 6515/10240: fixtures/large_file.bin
2025/04/30 15:22:57 Sent ACK for chunk 6514
2025/04/30 15:22:57 Received ACK for chunk 6515/10240
Received chunk 6516/10240: fixtures/large_file.bin
2025/04/30 15:22:57 Sent ACK for chunk 6515
2025/04/30 15:22:57 Received ACK for chunk 6516/10240
Received chunk 6517/10240: fixtures/large_file.bin
2025/04/30 15:22:57 Sent ACK for chunk 6516
2025/04/30 15:22:57 Received ACK for chunk 6517/10240
Received chunk 6518/10240: fixtures/large_file.bin
2025/04/30 15:22:57 Sent ACK for chunk 6517
2025/04/30 15:22:57 Received ACK for chunk 6518/10240
Received chunk 6519/10240: fixtures/large_file.bin
2025/04/30 15:22:57 Sent ACK for chunk 6518
2025/04/30 15:22:57 Received ACK for chunk 6519/10240
Received chunk 6520/10240: fixtures/large_file.bin
2025/04/30 15:22:57 Sent ACK for chunk 6519
2025/04/30 15:22:57 Received ACK for chunk 6520/10240
Received chunk 6521/10240: fixtures/large_file.bin
2025/04/30 15:22:57 Sent ACK for chunk 6520
2025/04/30 15:22:57 Received ACK for chunk 6521/10240
Received chunk 6522/10240: fixtures/large_file.bin
2025/04/30 15:22:57 Sent ACK for chunk 6521
2025/04/30 15:22:57 Received ACK for chunk 6522/10240
Received chunk 6523/10240: fixtures/large_file.bin
2025/04/30 15:22:57 Sent ACK for chunk 6522
2025/04/30 15:22:57 Received ACK for chunk 6523/10240
Received chunk 6524/10240: fixtures/large_file.bin
2025/04/30 15:22:57 Sent ACK for chunk 6523
2025/04/30 15:22:57 Received ACK for chunk 6524/10240
Received chunk 6525/10240: fixtures/large_file.bin
2025/04/30 15:22:57 Sent ACK for chunk 6524
2025/04/30 15:22:57 Received ACK for chunk 6525/10240
Received chunk 6526/10240: fixtures/large_file.bin
2025/04/30 15:22:57 Sent ACK for chunk 6525
2025/04/30 15:22:57 Received ACK for chunk 6526/10240
Received chunk 6527/10240: fixtures/large_file.bin
2025/04/30 15:22:57 Sent ACK for chunk 6526
2025/04/30 15:22:57 Received ACK for chunk 6527/10240
Received chunk 6528/10240: fixtures/large_file.bin
2025/04/30 15:22:57 Sent ACK for chunk 6527
2025/04/30 15:22:57 Received ACK for chunk 6528/10240
Received chunk 6529/10240: fixtures/large_file.bin
2025/04/30 15:22:57 Sent ACK for chunk 6528
2025/04/30 15:22:57 Received ACK for chunk 6529/10240
Received chunk 6530/10240: fixtures/large_file.bin
2025/04/30 15:22:57 Sent ACK for chunk 6529
2025/04/30 15:22:57 Received ACK for chunk 6530/10240
Received chunk 6531/10240: fixtures/large_file.bin
2025/04/30 15:22:57 Sent ACK for chunk 6530
2025/04/30 15:22:57 Received ACK for chunk 6531/10240
Received chunk 6532/10240: fixtures/large_file.bin
2025/04/30 15:22:57 Sent ACK for chunk 6531
2025/04/30 15:22:57 Received ACK for chunk 6532/10240
Received chunk 6533/10240: fixtures/large_file.bin
2025/04/30 15:22:57 Sent ACK for chunk 6532
2025/04/30 15:22:57 Received ACK for chunk 6533/10240
Received chunk 6534/10240: fixtures/large_file.bin
2025/04/30 15:22:57 Sent ACK for chunk 6533
2025/04/30 15:22:57 Received ACK for chunk 6534/10240
Received chunk 6535/10240: fixtures/large_file.bin
2025/04/30 15:22:57 Sent ACK for chunk 6534
2025/04/30 15:22:57 Received ACK for chunk 6535/10240
Received chunk 6536/10240: fixtures/large_file.bin
2025/04/30 15:22:57 Sent ACK for chunk 6535
2025/04/30 15:22:57 Received ACK for chunk 6536/10240
Received chunk 6537/10240: fixtures/large_file.bin
2025/04/30 15:22:57 Sent ACK for chunk 6536
2025/04/30 15:22:57 Received ACK for chunk 6537/10240
Received chunk 6538/10240: fixtures/large_file.bin
2025/04/30 15:22:57 Sent ACK for chunk 6537
2025/04/30 15:22:57 Received ACK for chunk 6538/10240
Received chunk 6539/10240: fixtures/large_file.bin
2025/04/30 15:22:57 Sent ACK for chunk 6538
2025/04/30 15:22:57 Received ACK for chunk 6539/10240
Received chunk 6540/10240: fixtures/large_file.bin
2025/04/30 15:22:57 Sent ACK for chunk 6539
2025/04/30 15:22:57 Received ACK for chunk 6540/10240
Received chunk 6541/10240: fixtures/large_file.bin
2025/04/30 15:22:57 Sent ACK for chunk 6540
2025/04/30 15:22:57 Received ACK for chunk 6541/10240
Received chunk 6542/10240: fixtures/large_file.bin
2025/04/30 15:22:57 Sent ACK for chunk 6541
2025/04/30 15:22:57 Received ACK for chunk 6542/10240
Received chunk 6543/10240: fixtures/large_file.bin
2025/04/30 15:22:57 Sent ACK for chunk 6542
2025/04/30 15:22:57 Received ACK for chunk 6543/10240
Received chunk 6544/10240: fixtures/large_file.bin
2025/04/30 15:22:57 Sent ACK for chunk 6543
2025/04/30 15:22:57 Received ACK for chunk 6544/10240
Received chunk 6545/10240: fixtures/large_file.bin
2025/04/30 15:22:57 Sent ACK for chunk 6544
2025/04/30 15:22:57 Received ACK for chunk 6545/10240
Received chunk 6546/10240: fixtures/large_file.bin
2025/04/30 15:22:57 Sent ACK for chunk 6545
2025/04/30 15:22:57 Received ACK for chunk 6546/10240
Received chunk 6547/10240: fixtures/large_file.bin
2025/04/30 15:22:57 Sent ACK for chunk 6546
2025/04/30 15:22:57 Received ACK for chunk 6547/10240
Received chunk 6548/10240: fixtures/large_file.bin
2025/04/30 15:22:57 Sent ACK for chunk 6547
2025/04/30 15:22:57 Received ACK for chunk 6548/10240
Received chunk 6549/10240: fixtures/large_file.bin
2025/04/30 15:22:57 Sent ACK for chunk 6548
2025/04/30 15:22:57 Received ACK for chunk 6549/10240
Received chunk 6550/10240: fixtures/large_file.bin
2025/04/30 15:22:57 Sent ACK for chunk 6549
2025/04/30 15:22:57 Received ACK for chunk 6550/10240
Received chunk 6551/10240: fixtures/large_file.bin
2025/04/30 15:22:57 Sent ACK for chunk 6550
2025/04/30 15:22:57 Received ACK for chunk 6551/10240
Received chunk 6552/10240: fixtures/large_file.bin
2025/04/30 15:22:57 Sent ACK for chunk 6551
2025/04/30 15:22:57 Received ACK for chunk 6552/10240
Received chunk 6553/10240: fixtures/large_file.bin
2025/04/30 15:22:57 Sent ACK for chunk 6552
2025/04/30 15:22:57 Received ACK for chunk 6553/10240
Received chunk 6554/10240: fixtures/large_file.bin
2025/04/30 15:22:57 Sent ACK for chunk 6553
2025/04/30 15:22:57 Received ACK for chunk 6554/10240
Received chunk 6555/10240: fixtures/large_file.bin
2025/04/30 15:22:57 Sent ACK for chunk 6554
2025/04/30 15:22:57 Received ACK for chunk 6555/10240
Received chunk 6556/10240: fixtures/large_file.bin
2025/04/30 15:22:57 Sent ACK for chunk 6555
2025/04/30 15:22:57 Received ACK for chunk 6556/10240
Received chunk 6557/10240: fixtures/large_file.bin
2025/04/30 15:22:57 Sent ACK for chunk 6556
2025/04/30 15:22:57 Received ACK for chunk 6557/10240
Received chunk 6558/10240: fixtures/large_file.bin
2025/04/30 15:22:57 Sent ACK for chunk 6557
2025/04/30 15:22:57 Received ACK for chunk 6558/10240
Received chunk 6559/10240: fixtures/large_file.bin
2025/04/30 15:22:57 Sent ACK for chunk 6558
2025/04/30 15:22:57 Received ACK for chunk 6559/10240
Received chunk 6560/10240: fixtures/large_file.bin
2025/04/30 15:22:57 Sent ACK for chunk 6559
2025/04/30 15:22:57 Received ACK for chunk 6560/10240
Received chunk 6561/10240: fixtures/large_file.bin
2025/04/30 15:22:57 Sent ACK for chunk 6560
2025/04/30 15:22:57 Received ACK for chunk 6561/10240
Received chunk 6562/10240: fixtures/large_file.bin
2025/04/30 15:22:57 Sent ACK for chunk 6561
2025/04/30 15:22:57 Received ACK for chunk 6562/10240
Received chunk 6563/10240: fixtures/large_file.bin
2025/04/30 15:22:57 Sent ACK for chunk 6562
2025/04/30 15:22:57 Received ACK for chunk 6563/10240
Received chunk 6564/10240: fixtures/large_file.bin
2025/04/30 15:22:57 Sent ACK for chunk 6563
2025/04/30 15:22:57 Received ACK for chunk 6564/10240
Received chunk 6565/10240: fixtures/large_file.bin
2025/04/30 15:22:57 Sent ACK for chunk 6564
2025/04/30 15:22:57 Received ACK for chunk 6565/10240
Received chunk 6566/10240: fixtures/large_file.bin
2025/04/30 15:22:57 Sent ACK for chunk 6565
2025/04/30 15:22:57 Received ACK for chunk 6566/10240
Received chunk 6567/10240: fixtures/large_file.bin
2025/04/30 15:22:57 Sent ACK for chunk 6566
2025/04/30 15:22:57 Received ACK for chunk 6567/10240
Received chunk 6568/10240: fixtures/large_file.bin
2025/04/30 15:22:57 Sent ACK for chunk 6567
2025/04/30 15:22:57 Received ACK for chunk 6568/10240
Received chunk 6569/10240: fixtures/large_file.bin
2025/04/30 15:22:57 Sent ACK for chunk 6568
2025/04/30 15:22:57 Received ACK for chunk 6569/10240
Received chunk 6570/10240: fixtures/large_file.bin
2025/04/30 15:22:57 Sent ACK for chunk 6569
2025/04/30 15:22:57 Received ACK for chunk 6570/10240
Received chunk 6571/10240: fixtures/large_file.bin
2025/04/30 15:22:57 Sent ACK for chunk 6570
2025/04/30 15:22:57 Received ACK for chunk 6571/10240
Received chunk 6572/10240: fixtures/large_file.bin
2025/04/30 15:22:57 Sent ACK for chunk 6571
2025/04/30 15:22:57 Received ACK for chunk 6572/10240
Received chunk 6573/10240: fixtures/large_file.bin
2025/04/30 15:22:57 Sent ACK for chunk 6572
2025/04/30 15:22:57 Received ACK for chunk 6573/10240
Received chunk 6574/10240: fixtures/large_file.bin
2025/04/30 15:22:57 Sent ACK for chunk 6573
2025/04/30 15:22:57 Received ACK for chunk 6574/10240
Received chunk 6575/10240: fixtures/large_file.bin
2025/04/30 15:22:57 Sent ACK for chunk 6574
2025/04/30 15:22:57 Received ACK for chunk 6575/10240
Received chunk 6576/10240: fixtures/large_file.bin
2025/04/30 15:22:57 Sent ACK for chunk 6575
2025/04/30 15:22:57 Received ACK for chunk 6576/10240
Received chunk 6577/10240: fixtures/large_file.bin
2025/04/30 15:22:57 Sent ACK for chunk 6576
2025/04/30 15:22:57 Received ACK for chunk 6577/10240
Received chunk 6578/10240: fixtures/large_file.bin
2025/04/30 15:22:57 Sent ACK for chunk 6577
2025/04/30 15:22:57 Received ACK for chunk 6578/10240
Received chunk 6579/10240: fixtures/large_file.bin
2025/04/30 15:22:57 Sent ACK for chunk 6578
2025/04/30 15:22:57 Received ACK for chunk 6579/10240
Received chunk 6580/10240: fixtures/large_file.bin
2025/04/30 15:22:57 Sent ACK for chunk 6579
2025/04/30 15:22:57 Received ACK for chunk 6580/10240
Received chunk 6581/10240: fixtures/large_file.bin
2025/04/30 15:22:57 Sent ACK for chunk 6580
2025/04/30 15:22:57 Received ACK for chunk 6581/10240
Received chunk 6582/10240: fixtures/large_file.bin
2025/04/30 15:22:57 Sent ACK for chunk 6581
2025/04/30 15:22:57 Received ACK for chunk 6582/10240
Received chunk 6583/10240: fixtures/large_file.bin
2025/04/30 15:22:57 Sent ACK for chunk 6582
2025/04/30 15:22:57 Received ACK for chunk 6583/10240
Received chunk 6584/10240: fixtures/large_file.bin
2025/04/30 15:22:57 Sent ACK for chunk 6583
2025/04/30 15:22:57 Received ACK for chunk 6584/10240
Received chunk 6585/10240: fixtures/large_file.bin
2025/04/30 15:22:57 Sent ACK for chunk 6584
2025/04/30 15:22:57 Received ACK for chunk 6585/10240
Received chunk 6586/10240: fixtures/large_file.bin
2025/04/30 15:22:57 Sent ACK for chunk 6585
2025/04/30 15:22:57 Received ACK for chunk 6586/10240
Received chunk 6587/10240: fixtures/large_file.bin
2025/04/30 15:22:57 Sent ACK for chunk 6586
2025/04/30 15:22:57 Received ACK for chunk 6587/10240
Received chunk 6588/10240: fixtures/large_file.bin
2025/04/30 15:22:57 Sent ACK for chunk 6587
2025/04/30 15:22:57 Received ACK for chunk 6588/10240
Received chunk 6589/10240: fixtures/large_file.bin
2025/04/30 15:22:57 Sent ACK for chunk 6588
2025/04/30 15:22:57 Received ACK for chunk 6589/10240
Received chunk 6590/10240: fixtures/large_file.bin
2025/04/30 15:22:57 Sent ACK for chunk 6589
2025/04/30 15:22:57 Received ACK for chunk 6590/10240
Received chunk 6591/10240: fixtures/large_file.bin
2025/04/30 15:22:57 Sent ACK for chunk 6590
2025/04/30 15:22:57 Received ACK for chunk 6591/10240
Received chunk 6592/10240: fixtures/large_file.bin
2025/04/30 15:22:57 Sent ACK for chunk 6591
2025/04/30 15:22:57 Received ACK for chunk 6592/10240
Received chunk 6593/10240: fixtures/large_file.bin
2025/04/30 15:22:57 Sent ACK for chunk 6592
2025/04/30 15:22:57 Received ACK for chunk 6593/10240
Received chunk 6594/10240: fixtures/large_file.bin
2025/04/30 15:22:57 Sent ACK for chunk 6593
2025/04/30 15:22:57 Received ACK for chunk 6594/10240
Received chunk 6595/10240: fixtures/large_file.bin
2025/04/30 15:22:57 Sent ACK for chunk 6594
2025/04/30 15:22:57 Received ACK for chunk 6595/10240
Received chunk 6596/10240: fixtures/large_file.bin
2025/04/30 15:22:57 Sent ACK for chunk 6595
2025/04/30 15:22:57 Received ACK for chunk 6596/10240
Received chunk 6597/10240: fixtures/large_file.bin
2025/04/30 15:22:57 Sent ACK for chunk 6596
2025/04/30 15:22:57 Received ACK for chunk 6597/10240
Received chunk 6598/10240: fixtures/large_file.bin
2025/04/30 15:22:57 Sent ACK for chunk 6597
2025/04/30 15:22:57 Received ACK for chunk 6598/10240
Received chunk 6599/10240: fixtures/large_file.bin
2025/04/30 15:22:57 Sent ACK for chunk 6598
2025/04/30 15:22:57 Received ACK for chunk 6599/10240
Received chunk 6600/10240: fixtures/large_file.bin
2025/04/30 15:22:57 Sent ACK for chunk 6599
2025/04/30 15:22:57 Received ACK for chunk 6600/10240
Received chunk 6601/10240: fixtures/large_file.bin
2025/04/30 15:22:57 Sent ACK for chunk 6600
2025/04/30 15:22:57 Received ACK for chunk 6601/10240
Received chunk 6602/10240: fixtures/large_file.bin
2025/04/30 15:22:57 Sent ACK for chunk 6601
2025/04/30 15:22:57 Received ACK for chunk 6602/10240
Received chunk 6603/10240: fixtures/large_file.bin
2025/04/30 15:22:57 Sent ACK for chunk 6602
2025/04/30 15:22:57 Received ACK for chunk 6603/10240
Received chunk 6604/10240: fixtures/large_file.bin
2025/04/30 15:22:57 Sent ACK for chunk 6603
2025/04/30 15:22:57 Received ACK for chunk 6604/10240
Received chunk 6605/10240: fixtures/large_file.bin
2025/04/30 15:22:57 Sent ACK for chunk 6604
2025/04/30 15:22:57 Received ACK for chunk 6605/10240
Received chunk 6606/10240: fixtures/large_file.bin
2025/04/30 15:22:57 Sent ACK for chunk 6605
2025/04/30 15:22:57 Received ACK for chunk 6606/10240
Received chunk 6607/10240: fixtures/large_file.bin
2025/04/30 15:22:57 Sent ACK for chunk 6606
2025/04/30 15:22:57 Received ACK for chunk 6607/10240
Received chunk 6608/10240: fixtures/large_file.bin
2025/04/30 15:22:57 Sent ACK for chunk 6607
2025/04/30 15:22:57 Received ACK for chunk 6608/10240
Received chunk 6609/10240: fixtures/large_file.bin
2025/04/30 15:22:57 Sent ACK for chunk 6608
2025/04/30 15:22:57 Received ACK for chunk 6609/10240
Received chunk 6610/10240: fixtures/large_file.bin
2025/04/30 15:22:57 Sent ACK for chunk 6609
2025/04/30 15:22:57 Received ACK for chunk 6610/10240
Received chunk 6611/10240: fixtures/large_file.bin
2025/04/30 15:22:57 Sent ACK for chunk 6610
2025/04/30 15:22:57 Received ACK for chunk 6611/10240
Received chunk 6612/10240: fixtures/large_file.bin
2025/04/30 15:22:57 Sent ACK for chunk 6611
2025/04/30 15:22:57 Received ACK for chunk 6612/10240
Received chunk 6613/10240: fixtures/large_file.bin
2025/04/30 15:22:57 Sent ACK for chunk 6612
2025/04/30 15:22:57 Received ACK for chunk 6613/10240
Received chunk 6614/10240: fixtures/large_file.bin
2025/04/30 15:22:57 Sent ACK for chunk 6613
2025/04/30 15:22:57 Received ACK for chunk 6614/10240
Received chunk 6615/10240: fixtures/large_file.bin
2025/04/30 15:22:57 Sent ACK for chunk 6614
2025/04/30 15:22:57 Received ACK for chunk 6615/10240
Received chunk 6616/10240: fixtures/large_file.bin
2025/04/30 15:22:57 Sent ACK for chunk 6615
2025/04/30 15:22:57 Received ACK for chunk 6616/10240
Received chunk 6617/10240: fixtures/large_file.bin
2025/04/30 15:22:57 Sent ACK for chunk 6616
2025/04/30 15:22:57 Received ACK for chunk 6617/10240
Received chunk 6618/10240: fixtures/large_file.bin
2025/04/30 15:22:57 Sent ACK for chunk 6617
2025/04/30 15:22:57 Received ACK for chunk 6618/10240
Received chunk 6619/10240: fixtures/large_file.bin
2025/04/30 15:22:57 Sent ACK for chunk 6618
2025/04/30 15:22:57 Received ACK for chunk 6619/10240
Received chunk 6620/10240: fixtures/large_file.bin
2025/04/30 15:22:57 Sent ACK for chunk 6619
2025/04/30 15:22:57 Received ACK for chunk 6620/10240
Received chunk 6621/10240: fixtures/large_file.bin
2025/04/30 15:22:57 Sent ACK for chunk 6620
2025/04/30 15:22:57 Received ACK for chunk 6621/10240
Received chunk 6622/10240: fixtures/large_file.bin
2025/04/30 15:22:57 Sent ACK for chunk 6621
2025/04/30 15:22:57 Received ACK for chunk 6622/10240
Received chunk 6623/10240: fixtures/large_file.bin
2025/04/30 15:22:57 Sent ACK for chunk 6622
2025/04/30 15:22:57 Received ACK for chunk 6623/10240
Received chunk 6624/10240: fixtures/large_file.bin
2025/04/30 15:22:57 Sent ACK for chunk 6623
2025/04/30 15:22:57 Received ACK for chunk 6624/10240
Received chunk 6625/10240: fixtures/large_file.bin
2025/04/30 15:22:57 Sent ACK for chunk 6624
2025/04/30 15:22:57 Received ACK for chunk 6625/10240
Received chunk 6626/10240: fixtures/large_file.bin
2025/04/30 15:22:57 Sent ACK for chunk 6625
2025/04/30 15:22:57 Received ACK for chunk 6626/10240
Received chunk 6627/10240: fixtures/large_file.bin
2025/04/30 15:22:57 Sent ACK for chunk 6626
2025/04/30 15:22:57 Received ACK for chunk 6627/10240
Received chunk 6628/10240: fixtures/large_file.bin
2025/04/30 15:22:57 Sent ACK for chunk 6627
2025/04/30 15:22:57 Received ACK for chunk 6628/10240
Received chunk 6629/10240: fixtures/large_file.bin
2025/04/30 15:22:57 Sent ACK for chunk 6628
2025/04/30 15:22:57 Received ACK for chunk 6629/10240
Received chunk 6630/10240: fixtures/large_file.bin
2025/04/30 15:22:57 Sent ACK for chunk 6629
2025/04/30 15:22:57 Received ACK for chunk 6630/10240
Received chunk 6631/10240: fixtures/large_file.bin
2025/04/30 15:22:57 Sent ACK for chunk 6630
2025/04/30 15:22:57 Received ACK for chunk 6631/10240
Received chunk 6632/10240: fixtures/large_file.bin
2025/04/30 15:22:57 Sent ACK for chunk 6631
2025/04/30 15:22:57 Received ACK for chunk 6632/10240
Received chunk 6633/10240: fixtures/large_file.bin
2025/04/30 15:22:57 Sent ACK for chunk 6632
2025/04/30 15:22:57 Received ACK for chunk 6633/10240
Received chunk 6634/10240: fixtures/large_file.bin
2025/04/30 15:22:57 Sent ACK for chunk 6633
2025/04/30 15:22:57 Received ACK for chunk 6634/10240
Received chunk 6635/10240: fixtures/large_file.bin
2025/04/30 15:22:57 Sent ACK for chunk 6634
2025/04/30 15:22:57 Received ACK for chunk 6635/10240
Received chunk 6636/10240: fixtures/large_file.bin
2025/04/30 15:22:57 Sent ACK for chunk 6635
2025/04/30 15:22:57 Received ACK for chunk 6636/10240
Received chunk 6637/10240: fixtures/large_file.bin
2025/04/30 15:22:57 Sent ACK for chunk 6636
2025/04/30 15:22:57 Received ACK for chunk 6637/10240
Received chunk 6638/10240: fixtures/large_file.bin
2025/04/30 15:22:57 Sent ACK for chunk 6637
2025/04/30 15:22:57 Received ACK for chunk 6638/10240
Received chunk 6639/10240: fixtures/large_file.bin
2025/04/30 15:22:57 Sent ACK for chunk 6638
2025/04/30 15:22:57 Received ACK for chunk 6639/10240
Received chunk 6640/10240: fixtures/large_file.bin
2025/04/30 15:22:57 Sent ACK for chunk 6639
2025/04/30 15:22:57 Received ACK for chunk 6640/10240
Received chunk 6641/10240: fixtures/large_file.bin
2025/04/30 15:22:57 Sent ACK for chunk 6640
2025/04/30 15:22:57 Received ACK for chunk 6641/10240
Received chunk 6642/10240: fixtures/large_file.bin
2025/04/30 15:22:57 Sent ACK for chunk 6641
2025/04/30 15:22:57 Received ACK for chunk 6642/10240
Received chunk 6643/10240: fixtures/large_file.bin
2025/04/30 15:22:57 Sent ACK for chunk 6642
2025/04/30 15:22:57 Received ACK for chunk 6643/10240
Received chunk 6644/10240: fixtures/large_file.bin
2025/04/30 15:22:57 Sent ACK for chunk 6643
2025/04/30 15:22:57 Received ACK for chunk 6644/10240
Received chunk 6645/10240: fixtures/large_file.bin
2025/04/30 15:22:57 Sent ACK for chunk 6644
2025/04/30 15:22:57 Received ACK for chunk 6645/10240
Received chunk 6646/10240: fixtures/large_file.bin
2025/04/30 15:22:57 Sent ACK for chunk 6645
2025/04/30 15:22:57 Received ACK for chunk 6646/10240
Received chunk 6647/10240: fixtures/large_file.bin
2025/04/30 15:22:57 Sent ACK for chunk 6646
2025/04/30 15:22:57 Received ACK for chunk 6647/10240
Received chunk 6648/10240: fixtures/large_file.bin
2025/04/30 15:22:57 Sent ACK for chunk 6647
2025/04/30 15:22:57 Received ACK for chunk 6648/10240
Received chunk 6649/10240: fixtures/large_file.bin
2025/04/30 15:22:57 Sent ACK for chunk 6648
2025/04/30 15:22:57 Received ACK for chunk 6649/10240
Received chunk 6650/10240: fixtures/large_file.bin
2025/04/30 15:22:57 Sent ACK for chunk 6649
2025/04/30 15:22:57 Received ACK for chunk 6650/10240
Received chunk 6651/10240: fixtures/large_file.bin
2025/04/30 15:22:57 Sent ACK for chunk 6650
2025/04/30 15:22:57 Received ACK for chunk 6651/10240
Received chunk 6652/10240: fixtures/large_file.bin
2025/04/30 15:22:57 Sent ACK for chunk 6651
2025/04/30 15:22:57 Received ACK for chunk 6652/10240
Received chunk 6653/10240: fixtures/large_file.bin
2025/04/30 15:22:57 Sent ACK for chunk 6652
2025/04/30 15:22:57 Received ACK for chunk 6653/10240
Received chunk 6654/10240: fixtures/large_file.bin
2025/04/30 15:22:57 Sent ACK for chunk 6653
2025/04/30 15:22:57 Received ACK for chunk 6654/10240
Received chunk 6655/10240: fixtures/large_file.bin
2025/04/30 15:22:57 Sent ACK for chunk 6654
2025/04/30 15:22:57 Received ACK for chunk 6655/10240
Received chunk 6656/10240: fixtures/large_file.bin
2025/04/30 15:22:57 Sent ACK for chunk 6655
2025/04/30 15:22:57 Received ACK for chunk 6656/10240
Received chunk 6657/10240: fixtures/large_file.bin
2025/04/30 15:22:57 Sent ACK for chunk 6656
2025/04/30 15:22:57 Received ACK for chunk 6657/10240
Received chunk 6658/10240: fixtures/large_file.bin
2025/04/30 15:22:57 Sent ACK for chunk 6657
2025/04/30 15:22:57 Received ACK for chunk 6658/10240
Received chunk 6659/10240: fixtures/large_file.bin
2025/04/30 15:22:57 Sent ACK for chunk 6658
2025/04/30 15:22:57 Received ACK for chunk 6659/10240
Received chunk 6660/10240: fixtures/large_file.bin
2025/04/30 15:22:57 Sent ACK for chunk 6659
2025/04/30 15:22:57 Received ACK for chunk 6660/10240
Received chunk 6661/10240: fixtures/large_file.bin
2025/04/30 15:22:57 Sent ACK for chunk 6660
2025/04/30 15:22:57 Received ACK for chunk 6661/10240
Received chunk 6662/10240: fixtures/large_file.bin
2025/04/30 15:22:57 Sent ACK for chunk 6661
2025/04/30 15:22:57 Received ACK for chunk 6662/10240
Received chunk 6663/10240: fixtures/large_file.bin
2025/04/30 15:22:57 Sent ACK for chunk 6662
2025/04/30 15:22:57 Received ACK for chunk 6663/10240
Received chunk 6664/10240: fixtures/large_file.bin
2025/04/30 15:22:57 Sent ACK for chunk 6663
2025/04/30 15:22:57 Received ACK for chunk 6664/10240
Received chunk 6665/10240: fixtures/large_file.bin
2025/04/30 15:22:57 Sent ACK for chunk 6664
2025/04/30 15:22:57 Received ACK for chunk 6665/10240
Received chunk 6666/10240: fixtures/large_file.bin
2025/04/30 15:22:57 Sent ACK for chunk 6665
2025/04/30 15:22:57 Received ACK for chunk 6666/10240
Received chunk 6667/10240: fixtures/large_file.bin
2025/04/30 15:22:57 Sent ACK for chunk 6666
2025/04/30 15:22:57 Received ACK for chunk 6667/10240
Received chunk 6668/10240: fixtures/large_file.bin
2025/04/30 15:22:57 Sent ACK for chunk 6667
2025/04/30 15:22:57 Received ACK for chunk 6668/10240
Received chunk 6669/10240: fixtures/large_file.bin
2025/04/30 15:22:57 Sent ACK for chunk 6668
2025/04/30 15:22:57 Received ACK for chunk 6669/10240
Received chunk 6670/10240: fixtures/large_file.bin
2025/04/30 15:22:57 Sent ACK for chunk 6669
2025/04/30 15:22:57 Received ACK for chunk 6670/10240
Received chunk 6671/10240: fixtures/large_file.bin
2025/04/30 15:22:57 Sent ACK for chunk 6670
2025/04/30 15:22:57 Received ACK for chunk 6671/10240
Received chunk 6672/10240: fixtures/large_file.bin
2025/04/30 15:22:57 Sent ACK for chunk 6671
2025/04/30 15:22:57 Received ACK for chunk 6672/10240
Received chunk 6673/10240: fixtures/large_file.bin
2025/04/30 15:22:57 Sent ACK for chunk 6672
2025/04/30 15:22:57 Received ACK for chunk 6673/10240
Received chunk 6674/10240: fixtures/large_file.bin
2025/04/30 15:22:57 Sent ACK for chunk 6673
2025/04/30 15:22:57 Received ACK for chunk 6674/10240
Received chunk 6675/10240: fixtures/large_file.bin
2025/04/30 15:22:57 Sent ACK for chunk 6674
2025/04/30 15:22:57 Received ACK for chunk 6675/10240
Received chunk 6676/10240: fixtures/large_file.bin
2025/04/30 15:22:57 Sent ACK for chunk 6675
2025/04/30 15:22:57 Received ACK for chunk 6676/10240
Received chunk 6677/10240: fixtures/large_file.bin
2025/04/30 15:22:57 Sent ACK for chunk 6676
2025/04/30 15:22:57 Received ACK for chunk 6677/10240
Received chunk 6678/10240: fixtures/large_file.bin
2025/04/30 15:22:57 Sent ACK for chunk 6677
2025/04/30 15:22:57 Received ACK for chunk 6678/10240
Received chunk 6679/10240: fixtures/large_file.bin
2025/04/30 15:22:57 Sent ACK for chunk 6678
2025/04/30 15:22:57 Received ACK for chunk 6679/10240
Received chunk 6680/10240: fixtures/large_file.bin
2025/04/30 15:22:57 Sent ACK for chunk 6679
2025/04/30 15:22:57 Received ACK for chunk 6680/10240
Received chunk 6681/10240: fixtures/large_file.bin
2025/04/30 15:22:57 Sent ACK for chunk 6680
2025/04/30 15:22:57 Received ACK for chunk 6681/10240
Received chunk 6682/10240: fixtures/large_file.bin
2025/04/30 15:22:57 Sent ACK for chunk 6681
2025/04/30 15:22:57 Received ACK for chunk 6682/10240
Received chunk 6683/10240: fixtures/large_file.bin
2025/04/30 15:22:57 Sent ACK for chunk 6682
2025/04/30 15:22:57 Received ACK for chunk 6683/10240
Received chunk 6684/10240: fixtures/large_file.bin
2025/04/30 15:22:57 Sent ACK for chunk 6683
2025/04/30 15:22:57 Received ACK for chunk 6684/10240
Received chunk 6685/10240: fixtures/large_file.bin
2025/04/30 15:22:57 Sent ACK for chunk 6684
2025/04/30 15:22:57 Received ACK for chunk 6685/10240
Received chunk 6686/10240: fixtures/large_file.bin
2025/04/30 15:22:57 Sent ACK for chunk 6685
2025/04/30 15:22:57 Received ACK for chunk 6686/10240
Received chunk 6687/10240: fixtures/large_file.bin
2025/04/30 15:22:57 Sent ACK for chunk 6686
2025/04/30 15:22:57 Received ACK for chunk 6687/10240
Received chunk 6688/10240: fixtures/large_file.bin
2025/04/30 15:22:57 Sent ACK for chunk 6687
2025/04/30 15:22:57 Received ACK for chunk 6688/10240
Received chunk 6689/10240: fixtures/large_file.bin
2025/04/30 15:22:57 Sent ACK for chunk 6688
2025/04/30 15:22:57 Received ACK for chunk 6689/10240
Received chunk 6690/10240: fixtures/large_file.bin
2025/04/30 15:22:57 Sent ACK for chunk 6689
2025/04/30 15:22:57 Received ACK for chunk 6690/10240
Received chunk 6691/10240: fixtures/large_file.bin
2025/04/30 15:22:57 Sent ACK for chunk 6690
2025/04/30 15:22:57 Received ACK for chunk 6691/10240
Received chunk 6692/10240: fixtures/large_file.bin
2025/04/30 15:22:57 Sent ACK for chunk 6691
2025/04/30 15:22:57 Received ACK for chunk 6692/10240
Received chunk 6693/10240: fixtures/large_file.bin
2025/04/30 15:22:57 Sent ACK for chunk 6692
2025/04/30 15:22:57 Received ACK for chunk 6693/10240
Received chunk 6694/10240: fixtures/large_file.bin
2025/04/30 15:22:57 Sent ACK for chunk 6693
2025/04/30 15:22:57 Received ACK for chunk 6694/10240
Received chunk 6695/10240: fixtures/large_file.bin
2025/04/30 15:22:57 Sent ACK for chunk 6694
2025/04/30 15:22:57 Received ACK for chunk 6695/10240
Received chunk 6696/10240: fixtures/large_file.bin
2025/04/30 15:22:57 Sent ACK for chunk 6695
2025/04/30 15:22:57 Received ACK for chunk 6696/10240
Received chunk 6697/10240: fixtures/large_file.bin
2025/04/30 15:22:57 Sent ACK for chunk 6696
2025/04/30 15:22:57 Received ACK for chunk 6697/10240
Received chunk 6698/10240: fixtures/large_file.bin
2025/04/30 15:22:57 Sent ACK for chunk 6697
2025/04/30 15:22:57 Received ACK for chunk 6698/10240
Received chunk 6699/10240: fixtures/large_file.bin
2025/04/30 15:22:57 Sent ACK for chunk 6698
2025/04/30 15:22:57 Received ACK for chunk 6699/10240
Received chunk 6700/10240: fixtures/large_file.bin
2025/04/30 15:22:57 Sent ACK for chunk 6699
2025/04/30 15:22:57 Received ACK for chunk 6700/10240
Received chunk 6701/10240: fixtures/large_file.bin
2025/04/30 15:22:57 Sent ACK for chunk 6700
2025/04/30 15:22:57 Received ACK for chunk 6701/10240
Received chunk 6702/10240: fixtures/large_file.bin
2025/04/30 15:22:57 Sent ACK for chunk 6701
2025/04/30 15:22:57 Received ACK for chunk 6702/10240
Received chunk 6703/10240: fixtures/large_file.bin
2025/04/30 15:22:57 Sent ACK for chunk 6702
2025/04/30 15:22:57 Received ACK for chunk 6703/10240
Received chunk 6704/10240: fixtures/large_file.bin
2025/04/30 15:22:57 Sent ACK for chunk 6703
2025/04/30 15:22:57 Received ACK for chunk 6704/10240
Received chunk 6705/10240: fixtures/large_file.bin
2025/04/30 15:22:57 Sent ACK for chunk 6704
2025/04/30 15:22:57 Received ACK for chunk 6705/10240
Received chunk 6706/10240: fixtures/large_file.bin
2025/04/30 15:22:57 Sent ACK for chunk 6705
2025/04/30 15:22:57 Received ACK for chunk 6706/10240
Received chunk 6707/10240: fixtures/large_file.bin
2025/04/30 15:22:57 Sent ACK for chunk 6706
2025/04/30 15:22:57 Received ACK for chunk 6707/10240
Received chunk 6708/10240: fixtures/large_file.bin
2025/04/30 15:22:57 Sent ACK for chunk 6707
2025/04/30 15:22:57 Received ACK for chunk 6708/10240
Received chunk 6709/10240: fixtures/large_file.bin
2025/04/30 15:22:57 Sent ACK for chunk 6708
2025/04/30 15:22:57 Received ACK for chunk 6709/10240
Received chunk 6710/10240: fixtures/large_file.bin
2025/04/30 15:22:57 Sent ACK for chunk 6709
2025/04/30 15:22:57 Received ACK for chunk 6710/10240
Received chunk 6711/10240: fixtures/large_file.bin
2025/04/30 15:22:57 Sent ACK for chunk 6710
2025/04/30 15:22:57 Received ACK for chunk 6711/10240
Received chunk 6712/10240: fixtures/large_file.bin
2025/04/30 15:22:57 Sent ACK for chunk 6711
2025/04/30 15:22:57 Received ACK for chunk 6712/10240
Received chunk 6713/10240: fixtures/large_file.bin
2025/04/30 15:22:57 Sent ACK for chunk 6712
2025/04/30 15:22:57 Received ACK for chunk 6713/10240
Received chunk 6714/10240: fixtures/large_file.bin
2025/04/30 15:22:57 Sent ACK for chunk 6713
2025/04/30 15:22:57 Received ACK for chunk 6714/10240
Received chunk 6715/10240: fixtures/large_file.bin
2025/04/30 15:22:57 Sent ACK for chunk 6714
2025/04/30 15:22:57 Received ACK for chunk 6715/10240
Received chunk 6716/10240: fixtures/large_file.bin
2025/04/30 15:22:57 Sent ACK for chunk 6715
2025/04/30 15:22:57 Received ACK for chunk 6716/10240
Received chunk 6717/10240: fixtures/large_file.bin
2025/04/30 15:22:57 Sent ACK for chunk 6716
2025/04/30 15:22:57 Received ACK for chunk 6717/10240
Received chunk 6718/10240: fixtures/large_file.bin
2025/04/30 15:22:57 Sent ACK for chunk 6717
2025/04/30 15:22:57 Received ACK for chunk 6718/10240
Received chunk 6719/10240: fixtures/large_file.bin
2025/04/30 15:22:57 Sent ACK for chunk 6718
2025/04/30 15:22:57 Received ACK for chunk 6719/10240
Received chunk 6720/10240: fixtures/large_file.bin
2025/04/30 15:22:57 Sent ACK for chunk 6719
2025/04/30 15:22:57 Received ACK for chunk 6720/10240
Received chunk 6721/10240: fixtures/large_file.bin
2025/04/30 15:22:57 Sent ACK for chunk 6720
2025/04/30 15:22:57 Received ACK for chunk 6721/10240
Received chunk 6722/10240: fixtures/large_file.bin
2025/04/30 15:22:57 Sent ACK for chunk 6721
2025/04/30 15:22:57 Received ACK for chunk 6722/10240
Received chunk 6723/10240: fixtures/large_file.bin
2025/04/30 15:22:57 Sent ACK for chunk 6722
2025/04/30 15:22:57 Received ACK for chunk 6723/10240
Received chunk 6724/10240: fixtures/large_file.bin
2025/04/30 15:22:57 Sent ACK for chunk 6723
2025/04/30 15:22:57 Received ACK for chunk 6724/10240
Received chunk 6725/10240: fixtures/large_file.bin
2025/04/30 15:22:57 Sent ACK for chunk 6724
2025/04/30 15:22:57 Received ACK for chunk 6725/10240
Received chunk 6726/10240: fixtures/large_file.bin
2025/04/30 15:22:57 Sent ACK for chunk 6725
2025/04/30 15:22:57 Received ACK for chunk 6726/10240
Received chunk 6727/10240: fixtures/large_file.bin
2025/04/30 15:22:57 Sent ACK for chunk 6726
2025/04/30 15:22:57 Received ACK for chunk 6727/10240
Received chunk 6728/10240: fixtures/large_file.bin
2025/04/30 15:22:57 Sent ACK for chunk 6727
2025/04/30 15:22:57 Received ACK for chunk 6728/10240
Received chunk 6729/10240: fixtures/large_file.bin
2025/04/30 15:22:57 Sent ACK for chunk 6728
2025/04/30 15:22:57 Received ACK for chunk 6729/10240
Received chunk 6730/10240: fixtures/large_file.bin
2025/04/30 15:22:57 Sent ACK for chunk 6729
2025/04/30 15:22:57 Received ACK for chunk 6730/10240
Received chunk 6731/10240: fixtures/large_file.bin
2025/04/30 15:22:57 Sent ACK for chunk 6730
2025/04/30 15:22:57 Received ACK for chunk 6731/10240
Received chunk 6732/10240: fixtures/large_file.bin
2025/04/30 15:22:57 Sent ACK for chunk 6731
2025/04/30 15:22:57 Received ACK for chunk 6732/10240
Received chunk 6733/10240: fixtures/large_file.bin
2025/04/30 15:22:57 Sent ACK for chunk 6732
2025/04/30 15:22:57 Received ACK for chunk 6733/10240
Received chunk 6734/10240: fixtures/large_file.bin
2025/04/30 15:22:57 Sent ACK for chunk 6733
2025/04/30 15:22:57 Received ACK for chunk 6734/10240
Received chunk 6735/10240: fixtures/large_file.bin
2025/04/30 15:22:57 Sent ACK for chunk 6734
2025/04/30 15:22:57 Received ACK for chunk 6735/10240
Received chunk 6736/10240: fixtures/large_file.bin
2025/04/30 15:22:57 Sent ACK for chunk 6735
2025/04/30 15:22:57 Received ACK for chunk 6736/10240
Received chunk 6737/10240: fixtures/large_file.bin
2025/04/30 15:22:57 Sent ACK for chunk 6736
2025/04/30 15:22:57 Received ACK for chunk 6737/10240
Received chunk 6738/10240: fixtures/large_file.bin
2025/04/30 15:22:57 Sent ACK for chunk 6737
2025/04/30 15:22:57 Received ACK for chunk 6738/10240
Received chunk 6739/10240: fixtures/large_file.bin
2025/04/30 15:22:57 Sent ACK for chunk 6738
2025/04/30 15:22:57 Received ACK for chunk 6739/10240
Received chunk 6740/10240: fixtures/large_file.bin
2025/04/30 15:22:57 Sent ACK for chunk 6739
2025/04/30 15:22:57 Received ACK for chunk 6740/10240
Received chunk 6741/10240: fixtures/large_file.bin
2025/04/30 15:22:57 Sent ACK for chunk 6740
2025/04/30 15:22:57 Received ACK for chunk 6741/10240
Received chunk 6742/10240: fixtures/large_file.bin
2025/04/30 15:22:57 Sent ACK for chunk 6741
2025/04/30 15:22:57 Received ACK for chunk 6742/10240
Received chunk 6743/10240: fixtures/large_file.bin
2025/04/30 15:22:57 Sent ACK for chunk 6742
2025/04/30 15:22:57 Received ACK for chunk 6743/10240
Received chunk 6744/10240: fixtures/large_file.bin
2025/04/30 15:22:57 Sent ACK for chunk 6743
2025/04/30 15:22:57 Received ACK for chunk 6744/10240
Received chunk 6745/10240: fixtures/large_file.bin
2025/04/30 15:22:57 Sent ACK for chunk 6744
2025/04/30 15:22:57 Received ACK for chunk 6745/10240
Received chunk 6746/10240: fixtures/large_file.bin
2025/04/30 15:22:57 Sent ACK for chunk 6745
2025/04/30 15:22:57 Received ACK for chunk 6746/10240
Received chunk 6747/10240: fixtures/large_file.bin
2025/04/30 15:22:57 Sent ACK for chunk 6746
2025/04/30 15:22:57 Received ACK for chunk 6747/10240
Received chunk 6748/10240: fixtures/large_file.bin
2025/04/30 15:22:57 Sent ACK for chunk 6747
2025/04/30 15:22:57 Received ACK for chunk 6748/10240
Received chunk 6749/10240: fixtures/large_file.bin
2025/04/30 15:22:57 Sent ACK for chunk 6748
2025/04/30 15:22:57 Received ACK for chunk 6749/10240
Received chunk 6750/10240: fixtures/large_file.bin
2025/04/30 15:22:57 Sent ACK for chunk 6749
2025/04/30 15:22:57 Received ACK for chunk 6750/10240
Received chunk 6751/10240: fixtures/large_file.bin
2025/04/30 15:22:57 Sent ACK for chunk 6750
2025/04/30 15:22:57 Received ACK for chunk 6751/10240
Received chunk 6752/10240: fixtures/large_file.bin
2025/04/30 15:22:57 Sent ACK for chunk 6751
2025/04/30 15:22:57 Received ACK for chunk 6752/10240
Received chunk 6753/10240: fixtures/large_file.bin
2025/04/30 15:22:57 Sent ACK for chunk 6752
2025/04/30 15:22:57 Received ACK for chunk 6753/10240
Received chunk 6754/10240: fixtures/large_file.bin
2025/04/30 15:22:57 Sent ACK for chunk 6753
2025/04/30 15:22:57 Received ACK for chunk 6754/10240
Received chunk 6755/10240: fixtures/large_file.bin
2025/04/30 15:22:57 Sent ACK for chunk 6754
2025/04/30 15:22:57 Received ACK for chunk 6755/10240
Received chunk 6756/10240: fixtures/large_file.bin
2025/04/30 15:22:57 Sent ACK for chunk 6755
2025/04/30 15:22:57 Received ACK for chunk 6756/10240
Received chunk 6757/10240: fixtures/large_file.bin
2025/04/30 15:22:57 Sent ACK for chunk 6756
2025/04/30 15:22:57 Received ACK for chunk 6757/10240
Received chunk 6758/10240: fixtures/large_file.bin
2025/04/30 15:22:57 Sent ACK for chunk 6757
2025/04/30 15:22:57 Received ACK for chunk 6758/10240
Received chunk 6759/10240: fixtures/large_file.bin
2025/04/30 15:22:57 Sent ACK for chunk 6758
2025/04/30 15:22:57 Received ACK for chunk 6759/10240
Received chunk 6760/10240: fixtures/large_file.bin
2025/04/30 15:22:57 Sent ACK for chunk 6759
2025/04/30 15:22:57 Received ACK for chunk 6760/10240
Received chunk 6761/10240: fixtures/large_file.bin
2025/04/30 15:22:57 Sent ACK for chunk 6760
2025/04/30 15:22:57 Received ACK for chunk 6761/10240
Received chunk 6762/10240: fixtures/large_file.bin
2025/04/30 15:22:57 Sent ACK for chunk 6761
2025/04/30 15:22:57 Received ACK for chunk 6762/10240
Received chunk 6763/10240: fixtures/large_file.bin
2025/04/30 15:22:57 Sent ACK for chunk 6762
2025/04/30 15:22:57 Received ACK for chunk 6763/10240
Received chunk 6764/10240: fixtures/large_file.bin
2025/04/30 15:22:57 Sent ACK for chunk 6763
2025/04/30 15:22:57 Received ACK for chunk 6764/10240
Received chunk 6765/10240: fixtures/large_file.bin
2025/04/30 15:22:57 Sent ACK for chunk 6764
2025/04/30 15:22:57 Received ACK for chunk 6765/10240
Received chunk 6766/10240: fixtures/large_file.bin
2025/04/30 15:22:57 Sent ACK for chunk 6765
2025/04/30 15:22:57 Received ACK for chunk 6766/10240
Received chunk 6767/10240: fixtures/large_file.bin
2025/04/30 15:22:57 Sent ACK for chunk 6766
2025/04/30 15:22:57 Received ACK for chunk 6767/10240
Received chunk 6768/10240: fixtures/large_file.bin
2025/04/30 15:22:57 Sent ACK for chunk 6767
2025/04/30 15:22:57 Received ACK for chunk 6768/10240
Received chunk 6769/10240: fixtures/large_file.bin
2025/04/30 15:22:57 Sent ACK for chunk 6768
2025/04/30 15:22:57 Received ACK for chunk 6769/10240
Received chunk 6770/10240: fixtures/large_file.bin
2025/04/30 15:22:57 Sent ACK for chunk 6769
2025/04/30 15:22:57 Received ACK for chunk 6770/10240
Received chunk 6771/10240: fixtures/large_file.bin
2025/04/30 15:22:57 Sent ACK for chunk 6770
2025/04/30 15:22:57 Received ACK for chunk 6771/10240
Received chunk 6772/10240: fixtures/large_file.bin
2025/04/30 15:22:57 Sent ACK for chunk 6771
2025/04/30 15:22:57 Received ACK for chunk 6772/10240
Received chunk 6773/10240: fixtures/large_file.bin
2025/04/30 15:22:57 Sent ACK for chunk 6772
2025/04/30 15:22:57 Received ACK for chunk 6773/10240
Received chunk 6774/10240: fixtures/large_file.bin
2025/04/30 15:22:57 Sent ACK for chunk 6773
2025/04/30 15:22:57 Received ACK for chunk 6774/10240
Received chunk 6775/10240: fixtures/large_file.bin
2025/04/30 15:22:57 Sent ACK for chunk 6774
2025/04/30 15:22:57 Received ACK for chunk 6775/10240
Received chunk 6776/10240: fixtures/large_file.bin
2025/04/30 15:22:57 Sent ACK for chunk 6775
2025/04/30 15:22:57 Received ACK for chunk 6776/10240
Received chunk 6777/10240: fixtures/large_file.bin
2025/04/30 15:22:57 Sent ACK for chunk 6776
2025/04/30 15:22:57 Received ACK for chunk 6777/10240
Received chunk 6778/10240: fixtures/large_file.bin
2025/04/30 15:22:57 Sent ACK for chunk 6777
2025/04/30 15:22:57 Received ACK for chunk 6778/10240
Received chunk 6779/10240: fixtures/large_file.bin
2025/04/30 15:22:57 Sent ACK for chunk 6778
2025/04/30 15:22:57 Received ACK for chunk 6779/10240
Received chunk 6780/10240: fixtures/large_file.bin
2025/04/30 15:22:57 Sent ACK for chunk 6779
2025/04/30 15:22:57 Received ACK for chunk 6780/10240
Received chunk 6781/10240: fixtures/large_file.bin
2025/04/30 15:22:57 Sent ACK for chunk 6780
2025/04/30 15:22:57 Received ACK for chunk 6781/10240
Received chunk 6782/10240: fixtures/large_file.bin
2025/04/30 15:22:57 Sent ACK for chunk 6781
2025/04/30 15:22:57 Received ACK for chunk 6782/10240
Received chunk 6783/10240: fixtures/large_file.bin
2025/04/30 15:22:57 Sent ACK for chunk 6782
2025/04/30 15:22:57 Received ACK for chunk 6783/10240
Received chunk 6784/10240: fixtures/large_file.bin
2025/04/30 15:22:57 Sent ACK for chunk 6783
2025/04/30 15:22:57 Received ACK for chunk 6784/10240
Received chunk 6785/10240: fixtures/large_file.bin
2025/04/30 15:22:57 Sent ACK for chunk 6784
2025/04/30 15:22:57 Received ACK for chunk 6785/10240
Received chunk 6786/10240: fixtures/large_file.bin
2025/04/30 15:22:57 Sent ACK for chunk 6785
2025/04/30 15:22:57 Received ACK for chunk 6786/10240
Received chunk 6787/10240: fixtures/large_file.bin
2025/04/30 15:22:57 Sent ACK for chunk 6786
2025/04/30 15:22:57 Received ACK for chunk 6787/10240
Received chunk 6788/10240: fixtures/large_file.bin
2025/04/30 15:22:57 Sent ACK for chunk 6787
2025/04/30 15:22:57 Received ACK for chunk 6788/10240
Received chunk 6789/10240: fixtures/large_file.bin
2025/04/30 15:22:57 Sent ACK for chunk 6788
2025/04/30 15:22:57 Received ACK for chunk 6789/10240
Received chunk 6790/10240: fixtures/large_file.bin
2025/04/30 15:22:57 Sent ACK for chunk 6789
2025/04/30 15:22:57 Received ACK for chunk 6790/10240
Received chunk 6791/10240: fixtures/large_file.bin
2025/04/30 15:22:57 Sent ACK for chunk 6790
2025/04/30 15:22:57 Received ACK for chunk 6791/10240
Received chunk 6792/10240: fixtures/large_file.bin
2025/04/30 15:22:57 Sent ACK for chunk 6791
2025/04/30 15:22:57 Received ACK for chunk 6792/10240
Received chunk 6793/10240: fixtures/large_file.bin
2025/04/30 15:22:57 Sent ACK for chunk 6792
2025/04/30 15:22:57 Received ACK for chunk 6793/10240
Received chunk 6794/10240: fixtures/large_file.bin
2025/04/30 15:22:57 Sent ACK for chunk 6793
2025/04/30 15:22:57 Received ACK for chunk 6794/10240
Received chunk 6795/10240: fixtures/large_file.bin
2025/04/30 15:22:57 Sent ACK for chunk 6794
2025/04/30 15:22:57 Received ACK for chunk 6795/10240
Received chunk 6796/10240: fixtures/large_file.bin
2025/04/30 15:22:57 Sent ACK for chunk 6795
2025/04/30 15:22:57 Received ACK for chunk 6796/10240
Received chunk 6797/10240: fixtures/large_file.bin
2025/04/30 15:22:57 Sent ACK for chunk 6796
2025/04/30 15:22:57 Received ACK for chunk 6797/10240
Received chunk 6798/10240: fixtures/large_file.bin
2025/04/30 15:22:57 Sent ACK for chunk 6797
2025/04/30 15:22:57 Received ACK for chunk 6798/10240
Received chunk 6799/10240: fixtures/large_file.bin
2025/04/30 15:22:57 Sent ACK for chunk 6798
2025/04/30 15:22:57 Received ACK for chunk 6799/10240
Received chunk 6800/10240: fixtures/large_file.bin
2025/04/30 15:22:57 Sent ACK for chunk 6799
2025/04/30 15:22:57 Received ACK for chunk 6800/10240
Received chunk 6801/10240: fixtures/large_file.bin
2025/04/30 15:22:57 Sent ACK for chunk 6800
2025/04/30 15:22:57 Received ACK for chunk 6801/10240
Received chunk 6802/10240: fixtures/large_file.bin
2025/04/30 15:22:57 Sent ACK for chunk 6801
2025/04/30 15:22:57 Received ACK for chunk 6802/10240
Received chunk 6803/10240: fixtures/large_file.bin
2025/04/30 15:22:57 Sent ACK for chunk 6802
2025/04/30 15:22:57 Received ACK for chunk 6803/10240
Received chunk 6804/10240: fixtures/large_file.bin
2025/04/30 15:22:57 Sent ACK for chunk 6803
2025/04/30 15:22:57 Received ACK for chunk 6804/10240
Received chunk 6805/10240: fixtures/large_file.bin
2025/04/30 15:22:57 Sent ACK for chunk 6804
2025/04/30 15:22:57 Received ACK for chunk 6805/10240
Received chunk 6806/10240: fixtures/large_file.bin
2025/04/30 15:22:57 Sent ACK for chunk 6805
2025/04/30 15:22:57 Received ACK for chunk 6806/10240
Received chunk 6807/10240: fixtures/large_file.bin
2025/04/30 15:22:57 Sent ACK for chunk 6806
2025/04/30 15:22:57 Received ACK for chunk 6807/10240
Received chunk 6808/10240: fixtures/large_file.bin
2025/04/30 15:22:57 Sent ACK for chunk 6807
2025/04/30 15:22:57 Received ACK for chunk 6808/10240
Received chunk 6809/10240: fixtures/large_file.bin
2025/04/30 15:22:57 Sent ACK for chunk 6808
2025/04/30 15:22:57 Received ACK for chunk 6809/10240
Received chunk 6810/10240: fixtures/large_file.bin
2025/04/30 15:22:57 Sent ACK for chunk 6809
2025/04/30 15:22:57 Received ACK for chunk 6810/10240
Received chunk 6811/10240: fixtures/large_file.bin
2025/04/30 15:22:57 Sent ACK for chunk 6810
2025/04/30 15:22:57 Received ACK for chunk 6811/10240
Received chunk 6812/10240: fixtures/large_file.bin
2025/04/30 15:22:57 Sent ACK for chunk 6811
2025/04/30 15:22:57 Received ACK for chunk 6812/10240
Received chunk 6813/10240: fixtures/large_file.bin
2025/04/30 15:22:57 Sent ACK for chunk 6812
2025/04/30 15:22:57 Received ACK for chunk 6813/10240
Received chunk 6814/10240: fixtures/large_file.bin
2025/04/30 15:22:57 Sent ACK for chunk 6813
2025/04/30 15:22:57 Received ACK for chunk 6814/10240
Received chunk 6815/10240: fixtures/large_file.bin
2025/04/30 15:22:57 Sent ACK for chunk 6814
2025/04/30 15:22:57 Received ACK for chunk 6815/10240
Received chunk 6816/10240: fixtures/large_file.bin
2025/04/30 15:22:57 Sent ACK for chunk 6815
2025/04/30 15:22:57 Received ACK for chunk 6816/10240
Received chunk 6817/10240: fixtures/large_file.bin
2025/04/30 15:22:57 Sent ACK for chunk 6816
2025/04/30 15:22:57 Received ACK for chunk 6817/10240
Received chunk 6818/10240: fixtures/large_file.bin
2025/04/30 15:22:57 Sent ACK for chunk 6817
2025/04/30 15:22:57 Received ACK for chunk 6818/10240
Received chunk 6819/10240: fixtures/large_file.bin
2025/04/30 15:22:57 Sent ACK for chunk 6818
2025/04/30 15:22:57 Received ACK for chunk 6819/10240
Received chunk 6820/10240: fixtures/large_file.bin
2025/04/30 15:22:57 Sent ACK for chunk 6819
2025/04/30 15:22:57 Received ACK for chunk 6820/10240
Received chunk 6821/10240: fixtures/large_file.bin
2025/04/30 15:22:57 Sent ACK for chunk 6820
2025/04/30 15:22:57 Received ACK for chunk 6821/10240
Received chunk 6822/10240: fixtures/large_file.bin
2025/04/30 15:22:57 Sent ACK for chunk 6821
2025/04/30 15:22:57 Received ACK for chunk 6822/10240
Received chunk 6823/10240: fixtures/large_file.bin
2025/04/30 15:22:57 Sent ACK for chunk 6822
2025/04/30 15:22:57 Received ACK for chunk 6823/10240
Received chunk 6824/10240: fixtures/large_file.bin
2025/04/30 15:22:57 Sent ACK for chunk 6823
2025/04/30 15:22:57 Received ACK for chunk 6824/10240
Received chunk 6825/10240: fixtures/large_file.bin
2025/04/30 15:22:57 Sent ACK for chunk 6824
2025/04/30 15:22:57 Received ACK for chunk 6825/10240
Received chunk 6826/10240: fixtures/large_file.bin
2025/04/30 15:22:57 Sent ACK for chunk 6825
2025/04/30 15:22:57 Received ACK for chunk 6826/10240
Received chunk 6827/10240: fixtures/large_file.bin
2025/04/30 15:22:57 Sent ACK for chunk 6826
2025/04/30 15:22:57 Received ACK for chunk 6827/10240
Received chunk 6828/10240: fixtures/large_file.bin
2025/04/30 15:22:57 Sent ACK for chunk 6827
2025/04/30 15:22:57 Received ACK for chunk 6828/10240
Received chunk 6829/10240: fixtures/large_file.bin
2025/04/30 15:22:57 Sent ACK for chunk 6828
2025/04/30 15:22:57 Received ACK for chunk 6829/10240
Received chunk 6830/10240: fixtures/large_file.bin
2025/04/30 15:22:57 Sent ACK for chunk 6829
2025/04/30 15:22:57 Received ACK for chunk 6830/10240
Received chunk 6831/10240: fixtures/large_file.bin
2025/04/30 15:22:57 Sent ACK for chunk 6830
2025/04/30 15:22:57 Received ACK for chunk 6831/10240
Received chunk 6832/10240: fixtures/large_file.bin
2025/04/30 15:22:57 Sent ACK for chunk 6831
2025/04/30 15:22:57 Received ACK for chunk 6832/10240
Received chunk 6833/10240: fixtures/large_file.bin
2025/04/30 15:22:57 Sent ACK for chunk 6832
2025/04/30 15:22:57 Received ACK for chunk 6833/10240
Received chunk 6834/10240: fixtures/large_file.bin
2025/04/30 15:22:57 Sent ACK for chunk 6833
2025/04/30 15:22:57 Received ACK for chunk 6834/10240
Received chunk 6835/10240: fixtures/large_file.bin
2025/04/30 15:22:57 Sent ACK for chunk 6834
2025/04/30 15:22:57 Received ACK for chunk 6835/10240
Received chunk 6836/10240: fixtures/large_file.bin
2025/04/30 15:22:57 Sent ACK for chunk 6835
2025/04/30 15:22:57 Received ACK for chunk 6836/10240
Received chunk 6837/10240: fixtures/large_file.bin
2025/04/30 15:22:57 Sent ACK for chunk 6836
2025/04/30 15:22:57 Received ACK for chunk 6837/10240
Received chunk 6838/10240: fixtures/large_file.bin
2025/04/30 15:22:57 Sent ACK for chunk 6837
2025/04/30 15:22:57 Received ACK for chunk 6838/10240
Received chunk 6839/10240: fixtures/large_file.bin
2025/04/30 15:22:57 Sent ACK for chunk 6838
2025/04/30 15:22:57 Received ACK for chunk 6839/10240
Received chunk 6840/10240: fixtures/large_file.bin
2025/04/30 15:22:57 Sent ACK for chunk 6839
2025/04/30 15:22:57 Received ACK for chunk 6840/10240
Received chunk 6841/10240: fixtures/large_file.bin
2025/04/30 15:22:57 Sent ACK for chunk 6840
2025/04/30 15:22:57 Received ACK for chunk 6841/10240
Received chunk 6842/10240: fixtures/large_file.bin
2025/04/30 15:22:57 Sent ACK for chunk 6841
2025/04/30 15:22:57 Received ACK for chunk 6842/10240
Received chunk 6843/10240: fixtures/large_file.bin
2025/04/30 15:22:57 Sent ACK for chunk 6842
2025/04/30 15:22:57 Received ACK for chunk 6843/10240
Received chunk 6844/10240: fixtures/large_file.bin
2025/04/30 15:22:57 Sent ACK for chunk 6843
2025/04/30 15:22:57 Received ACK for chunk 6844/10240
Received chunk 6845/10240: fixtures/large_file.bin
2025/04/30 15:22:57 Sent ACK for chunk 6844
2025/04/30 15:22:57 Received ACK for chunk 6845/10240
Received chunk 6846/10240: fixtures/large_file.bin
2025/04/30 15:22:57 Sent ACK for chunk 6845
2025/04/30 15:22:57 Received ACK for chunk 6846/10240
Received chunk 6847/10240: fixtures/large_file.bin
2025/04/30 15:22:57 Sent ACK for chunk 6846
2025/04/30 15:22:57 Received ACK for chunk 6847/10240
Received chunk 6848/10240: fixtures/large_file.bin
2025/04/30 15:22:57 Sent ACK for chunk 6847
2025/04/30 15:22:57 Received ACK for chunk 6848/10240
Received chunk 6849/10240: fixtures/large_file.bin
2025/04/30 15:22:57 Sent ACK for chunk 6848
2025/04/30 15:22:57 Received ACK for chunk 6849/10240
Received chunk 6850/10240: fixtures/large_file.bin
2025/04/30 15:22:57 Sent ACK for chunk 6849
2025/04/30 15:22:57 Received ACK for chunk 6850/10240
Received chunk 6851/10240: fixtures/large_file.bin
2025/04/30 15:22:57 Sent ACK for chunk 6850
2025/04/30 15:22:57 Received ACK for chunk 6851/10240
Received chunk 6852/10240: fixtures/large_file.bin
2025/04/30 15:22:57 Sent ACK for chunk 6851
2025/04/30 15:22:57 Received ACK for chunk 6852/10240
Received chunk 6853/10240: fixtures/large_file.bin
2025/04/30 15:22:57 Sent ACK for chunk 6852
2025/04/30 15:22:57 Received ACK for chunk 6853/10240
Received chunk 6854/10240: fixtures/large_file.bin
2025/04/30 15:22:57 Sent ACK for chunk 6853
2025/04/30 15:22:57 Received ACK for chunk 6854/10240
Received chunk 6855/10240: fixtures/large_file.bin
2025/04/30 15:22:57 Sent ACK for chunk 6854
2025/04/30 15:22:57 Received ACK for chunk 6855/10240
Received chunk 6856/10240: fixtures/large_file.bin
2025/04/30 15:22:57 Sent ACK for chunk 6855
2025/04/30 15:22:57 Received ACK for chunk 6856/10240
Received chunk 6857/10240: fixtures/large_file.bin
2025/04/30 15:22:57 Sent ACK for chunk 6856
2025/04/30 15:22:57 Received ACK for chunk 6857/10240
Received chunk 6858/10240: fixtures/large_file.bin
2025/04/30 15:22:57 Sent ACK for chunk 6857
2025/04/30 15:22:57 Received ACK for chunk 6858/10240
Received chunk 6859/10240: fixtures/large_file.bin
2025/04/30 15:22:57 Sent ACK for chunk 6858
2025/04/30 15:22:57 Received ACK for chunk 6859/10240
Received chunk 6860/10240: fixtures/large_file.bin
2025/04/30 15:22:57 Sent ACK for chunk 6859
2025/04/30 15:22:57 Received ACK for chunk 6860/10240
Received chunk 6861/10240: fixtures/large_file.bin
2025/04/30 15:22:57 Sent ACK for chunk 6860
2025/04/30 15:22:57 Received ACK for chunk 6861/10240
Received chunk 6862/10240: fixtures/large_file.bin
2025/04/30 15:22:57 Sent ACK for chunk 6861
2025/04/30 15:22:57 Received ACK for chunk 6862/10240
Received chunk 6863/10240: fixtures/large_file.bin
2025/04/30 15:22:57 Sent ACK for chunk 6862
2025/04/30 15:22:57 Received ACK for chunk 6863/10240
Received chunk 6864/10240: fixtures/large_file.bin
2025/04/30 15:22:57 Sent ACK for chunk 6863
2025/04/30 15:22:57 Received ACK for chunk 6864/10240
Received chunk 6865/10240: fixtures/large_file.bin
2025/04/30 15:22:57 Sent ACK for chunk 6864
2025/04/30 15:22:57 Received ACK for chunk 6865/10240
Received chunk 6866/10240: fixtures/large_file.bin
2025/04/30 15:22:57 Sent ACK for chunk 6865
2025/04/30 15:22:57 Received ACK for chunk 6866/10240
Received chunk 6867/10240: fixtures/large_file.bin
2025/04/30 15:22:57 Sent ACK for chunk 6866
2025/04/30 15:22:57 Received ACK for chunk 6867/10240
Received chunk 6868/10240: fixtures/large_file.bin
2025/04/30 15:22:57 Sent ACK for chunk 6867
2025/04/30 15:22:57 Received ACK for chunk 6868/10240
Received chunk 6869/10240: fixtures/large_file.bin
2025/04/30 15:22:57 Sent ACK for chunk 6868
2025/04/30 15:22:57 Received ACK for chunk 6869/10240
Received chunk 6870/10240: fixtures/large_file.bin
2025/04/30 15:22:57 Sent ACK for chunk 6869
2025/04/30 15:22:57 Received ACK for chunk 6870/10240
Received chunk 6871/10240: fixtures/large_file.bin
2025/04/30 15:22:57 Sent ACK for chunk 6870
2025/04/30 15:22:57 Received ACK for chunk 6871/10240
Received chunk 6872/10240: fixtures/large_file.bin
2025/04/30 15:22:57 Sent ACK for chunk 6871
2025/04/30 15:22:57 Received ACK for chunk 6872/10240
Received chunk 6873/10240: fixtures/large_file.bin
2025/04/30 15:22:57 Sent ACK for chunk 6872
2025/04/30 15:22:57 Received ACK for chunk 6873/10240
Received chunk 6874/10240: fixtures/large_file.bin
2025/04/30 15:22:57 Sent ACK for chunk 6873
2025/04/30 15:22:57 Received ACK for chunk 6874/10240
Received chunk 6875/10240: fixtures/large_file.bin
2025/04/30 15:22:57 Sent ACK for chunk 6874
2025/04/30 15:22:57 Received ACK for chunk 6875/10240
Received chunk 6876/10240: fixtures/large_file.bin
2025/04/30 15:22:57 Sent ACK for chunk 6875
2025/04/30 15:22:57 Received ACK for chunk 6876/10240
Received chunk 6877/10240: fixtures/large_file.bin
2025/04/30 15:22:57 Sent ACK for chunk 6876
2025/04/30 15:22:57 Received ACK for chunk 6877/10240
Received chunk 6878/10240: fixtures/large_file.bin
2025/04/30 15:22:57 Sent ACK for chunk 6877
2025/04/30 15:22:57 Received ACK for chunk 6878/10240
Received chunk 6879/10240: fixtures/large_file.bin
2025/04/30 15:22:57 Sent ACK for chunk 6878
2025/04/30 15:22:57 Received ACK for chunk 6879/10240
Received chunk 6880/10240: fixtures/large_file.bin
2025/04/30 15:22:57 Sent ACK for chunk 6879
2025/04/30 15:22:57 Received ACK for chunk 6880/10240
Received chunk 6881/10240: fixtures/large_file.bin
2025/04/30 15:22:57 Sent ACK for chunk 6880
2025/04/30 15:22:57 Received ACK for chunk 6881/10240
Received chunk 6882/10240: fixtures/large_file.bin
2025/04/30 15:22:57 Sent ACK for chunk 6881
2025/04/30 15:22:57 Received ACK for chunk 6882/10240
Received chunk 6883/10240: fixtures/large_file.bin
2025/04/30 15:22:57 Sent ACK for chunk 6882
2025/04/30 15:22:57 Received ACK for chunk 6883/10240
Received chunk 6884/10240: fixtures/large_file.bin
2025/04/30 15:22:57 Sent ACK for chunk 6883
2025/04/30 15:22:57 Received ACK for chunk 6884/10240
Received chunk 6885/10240: fixtures/large_file.bin
2025/04/30 15:22:57 Sent ACK for chunk 6884
2025/04/30 15:22:57 Received ACK for chunk 6885/10240
Received chunk 6886/10240: fixtures/large_file.bin
2025/04/30 15:22:57 Sent ACK for chunk 6885
2025/04/30 15:22:57 Received ACK for chunk 6886/10240
Received chunk 6887/10240: fixtures/large_file.bin
2025/04/30 15:22:57 Sent ACK for chunk 6886
2025/04/30 15:22:57 Received ACK for chunk 6887/10240
Received chunk 6888/10240: fixtures/large_file.bin
2025/04/30 15:22:57 Sent ACK for chunk 6887
2025/04/30 15:22:57 Received ACK for chunk 6888/10240
Received chunk 6889/10240: fixtures/large_file.bin
2025/04/30 15:22:57 Sent ACK for chunk 6888
2025/04/30 15:22:57 Received ACK for chunk 6889/10240
Received chunk 6890/10240: fixtures/large_file.bin
2025/04/30 15:22:57 Sent ACK for chunk 6889
2025/04/30 15:22:57 Received ACK for chunk 6890/10240
Received chunk 6891/10240: fixtures/large_file.bin
2025/04/30 15:22:57 Sent ACK for chunk 6890
2025/04/30 15:22:57 Received ACK for chunk 6891/10240
Received chunk 6892/10240: fixtures/large_file.bin
2025/04/30 15:22:57 Sent ACK for chunk 6891
2025/04/30 15:22:57 Received ACK for chunk 6892/10240
Received chunk 6893/10240: fixtures/large_file.bin
2025/04/30 15:22:57 Sent ACK for chunk 6892
2025/04/30 15:22:57 Received ACK for chunk 6893/10240
Received chunk 6894/10240: fixtures/large_file.bin
2025/04/30 15:22:57 Sent ACK for chunk 6893
2025/04/30 15:22:57 Received ACK for chunk 6894/10240
Received chunk 6895/10240: fixtures/large_file.bin
2025/04/30 15:22:57 Sent ACK for chunk 6894
2025/04/30 15:22:57 Received ACK for chunk 6895/10240
Received chunk 6896/10240: fixtures/large_file.bin
2025/04/30 15:22:57 Sent ACK for chunk 6895
2025/04/30 15:22:57 Received ACK for chunk 6896/10240
Received chunk 6897/10240: fixtures/large_file.bin
2025/04/30 15:22:57 Sent ACK for chunk 6896
2025/04/30 15:22:57 Received ACK for chunk 6897/10240
Received chunk 6898/10240: fixtures/large_file.bin
2025/04/30 15:22:57 Sent ACK for chunk 6897
2025/04/30 15:22:57 Received ACK for chunk 6898/10240
Received chunk 6899/10240: fixtures/large_file.bin
2025/04/30 15:22:57 Sent ACK for chunk 6898
2025/04/30 15:22:57 Received ACK for chunk 6899/10240
Received chunk 6900/10240: fixtures/large_file.bin
2025/04/30 15:22:57 Sent ACK for chunk 6899
2025/04/30 15:22:57 Received ACK for chunk 6900/10240
Received chunk 6901/10240: fixtures/large_file.bin
2025/04/30 15:22:57 Sent ACK for chunk 6900
2025/04/30 15:22:57 Received ACK for chunk 6901/10240
Received chunk 6902/10240: fixtures/large_file.bin
2025/04/30 15:22:57 Sent ACK for chunk 6901
2025/04/30 15:22:57 Received ACK for chunk 6902/10240
Received chunk 6903/10240: fixtures/large_file.bin
2025/04/30 15:22:57 Sent ACK for chunk 6902
2025/04/30 15:22:57 Received ACK for chunk 6903/10240
Received chunk 6904/10240: fixtures/large_file.bin
2025/04/30 15:22:57 Sent ACK for chunk 6903
2025/04/30 15:22:57 Received ACK for chunk 6904/10240
Received chunk 6905/10240: fixtures/large_file.bin
2025/04/30 15:22:57 Sent ACK for chunk 6904
2025/04/30 15:22:57 Received ACK for chunk 6905/10240
Received chunk 6906/10240: fixtures/large_file.bin
2025/04/30 15:22:57 Sent ACK for chunk 6905
2025/04/30 15:22:57 Received ACK for chunk 6906/10240
Received chunk 6907/10240: fixtures/large_file.bin
2025/04/30 15:22:57 Sent ACK for chunk 6906
2025/04/30 15:22:57 Received ACK for chunk 6907/10240
Received chunk 6908/10240: fixtures/large_file.bin
2025/04/30 15:22:57 Sent ACK for chunk 6907
2025/04/30 15:22:57 Received ACK for chunk 6908/10240
Received chunk 6909/10240: fixtures/large_file.bin
2025/04/30 15:22:57 Sent ACK for chunk 6908
2025/04/30 15:22:57 Received ACK for chunk 6909/10240
Received chunk 6910/10240: fixtures/large_file.bin
2025/04/30 15:22:57 Sent ACK for chunk 6909
2025/04/30 15:22:57 Received ACK for chunk 6910/10240
Received chunk 6911/10240: fixtures/large_file.bin
2025/04/30 15:22:57 Sent ACK for chunk 6910
2025/04/30 15:22:57 Received ACK for chunk 6911/10240
Received chunk 6912/10240: fixtures/large_file.bin
2025/04/30 15:22:57 Sent ACK for chunk 6911
2025/04/30 15:22:57 Received ACK for chunk 6912/10240
Received chunk 6913/10240: fixtures/large_file.bin
2025/04/30 15:22:57 Sent ACK for chunk 6912
2025/04/30 15:22:57 Received ACK for chunk 6913/10240
Received chunk 6914/10240: fixtures/large_file.bin
2025/04/30 15:22:57 Sent ACK for chunk 6913
2025/04/30 15:22:57 Received ACK for chunk 6914/10240
Received chunk 6915/10240: fixtures/large_file.bin
2025/04/30 15:22:57 Sent ACK for chunk 6914
2025/04/30 15:22:57 Received ACK for chunk 6915/10240
Received chunk 6916/10240: fixtures/large_file.bin
2025/04/30 15:22:57 Sent ACK for chunk 6915
2025/04/30 15:22:57 Received ACK for chunk 6916/10240
Received chunk 6917/10240: fixtures/large_file.bin
2025/04/30 15:22:57 Sent ACK for chunk 6916
2025/04/30 15:22:57 Received ACK for chunk 6917/10240
Received chunk 6918/10240: fixtures/large_file.bin
2025/04/30 15:22:57 Sent ACK for chunk 6917
2025/04/30 15:22:57 Received ACK for chunk 6918/10240
Received chunk 6919/10240: fixtures/large_file.bin
2025/04/30 15:22:57 Sent ACK for chunk 6918
2025/04/30 15:22:57 Received ACK for chunk 6919/10240
Received chunk 6920/10240: fixtures/large_file.bin
2025/04/30 15:22:57 Sent ACK for chunk 6919
2025/04/30 15:22:57 Received ACK for chunk 6920/10240
Received chunk 6921/10240: fixtures/large_file.bin
2025/04/30 15:22:57 Sent ACK for chunk 6920
2025/04/30 15:22:57 Received ACK for chunk 6921/10240
Received chunk 6922/10240: fixtures/large_file.bin
2025/04/30 15:22:57 Sent ACK for chunk 6921
2025/04/30 15:22:57 Received ACK for chunk 6922/10240
Received chunk 6923/10240: fixtures/large_file.bin
2025/04/30 15:22:57 Sent ACK for chunk 6922
2025/04/30 15:22:57 Received ACK for chunk 6923/10240
Received chunk 6924/10240: fixtures/large_file.bin
2025/04/30 15:22:57 Sent ACK for chunk 6923
2025/04/30 15:22:57 Received ACK for chunk 6924/10240
Received chunk 6925/10240: fixtures/large_file.bin
2025/04/30 15:22:57 Sent ACK for chunk 6924
2025/04/30 15:22:57 Received ACK for chunk 6925/10240
Received chunk 6926/10240: fixtures/large_file.bin
2025/04/30 15:22:57 Sent ACK for chunk 6925
2025/04/30 15:22:57 Received ACK for chunk 6926/10240
Received chunk 6927/10240: fixtures/large_file.bin
2025/04/30 15:22:57 Sent ACK for chunk 6926
2025/04/30 15:22:57 Received ACK for chunk 6927/10240
Received chunk 6928/10240: fixtures/large_file.bin
2025/04/30 15:22:57 Sent ACK for chunk 6927
2025/04/30 15:22:57 Received ACK for chunk 6928/10240
Received chunk 6929/10240: fixtures/large_file.bin
2025/04/30 15:22:57 Sent ACK for chunk 6928
2025/04/30 15:22:57 Received ACK for chunk 6929/10240
Received chunk 6930/10240: fixtures/large_file.bin
2025/04/30 15:22:57 Sent ACK for chunk 6929
2025/04/30 15:22:57 Received ACK for chunk 6930/10240
Received chunk 6931/10240: fixtures/large_file.bin
2025/04/30 15:22:57 Sent ACK for chunk 6930
2025/04/30 15:22:57 Received ACK for chunk 6931/10240
Received chunk 6932/10240: fixtures/large_file.bin
2025/04/30 15:22:57 Sent ACK for chunk 6931
2025/04/30 15:22:57 Received ACK for chunk 6932/10240
Received chunk 6933/10240: fixtures/large_file.bin
2025/04/30 15:22:57 Sent ACK for chunk 6932
2025/04/30 15:22:57 Received ACK for chunk 6933/10240
Received chunk 6934/10240: fixtures/large_file.bin
2025/04/30 15:22:57 Sent ACK for chunk 6933
2025/04/30 15:22:57 Received ACK for chunk 6934/10240
Received chunk 6935/10240: fixtures/large_file.bin
2025/04/30 15:22:57 Sent ACK for chunk 6934
2025/04/30 15:22:57 Received ACK for chunk 6935/10240
Received chunk 6936/10240: fixtures/large_file.bin
2025/04/30 15:22:57 Sent ACK for chunk 6935
2025/04/30 15:22:57 Received ACK for chunk 6936/10240
Received chunk 6937/10240: fixtures/large_file.bin
2025/04/30 15:22:57 Sent ACK for chunk 6936
2025/04/30 15:22:57 Received ACK for chunk 6937/10240
Received chunk 6938/10240: fixtures/large_file.bin
2025/04/30 15:22:57 Sent ACK for chunk 6937
2025/04/30 15:22:57 Received ACK for chunk 6938/10240
Received chunk 6939/10240: fixtures/large_file.bin
2025/04/30 15:22:57 Sent ACK for chunk 6938
2025/04/30 15:22:57 Received ACK for chunk 6939/10240
Received chunk 6940/10240: fixtures/large_file.bin
2025/04/30 15:22:57 Sent ACK for chunk 6939
2025/04/30 15:22:57 Received ACK for chunk 6940/10240
Received chunk 6941/10240: fixtures/large_file.bin
2025/04/30 15:22:57 Sent ACK for chunk 6940
2025/04/30 15:22:57 Received ACK for chunk 6941/10240
Received chunk 6942/10240: fixtures/large_file.bin
2025/04/30 15:22:57 Sent ACK for chunk 6941
2025/04/30 15:22:57 Received ACK for chunk 6942/10240
Received chunk 6943/10240: fixtures/large_file.bin
2025/04/30 15:22:57 Sent ACK for chunk 6942
2025/04/30 15:22:57 Received ACK for chunk 6943/10240
Received chunk 6944/10240: fixtures/large_file.bin
2025/04/30 15:22:57 Sent ACK for chunk 6943
2025/04/30 15:22:57 Received ACK for chunk 6944/10240
Received chunk 6945/10240: fixtures/large_file.bin
2025/04/30 15:22:57 Sent ACK for chunk 6944
2025/04/30 15:22:57 Received ACK for chunk 6945/10240
Received chunk 6946/10240: fixtures/large_file.bin
2025/04/30 15:22:57 Sent ACK for chunk 6945
2025/04/30 15:22:57 Received ACK for chunk 6946/10240
Received chunk 6947/10240: fixtures/large_file.bin
2025/04/30 15:22:57 Sent ACK for chunk 6946
2025/04/30 15:22:57 Received ACK for chunk 6947/10240
Received chunk 6948/10240: fixtures/large_file.bin
2025/04/30 15:22:57 Sent ACK for chunk 6947
2025/04/30 15:22:57 Received ACK for chunk 6948/10240
Received chunk 6949/10240: fixtures/large_file.bin
2025/04/30 15:22:57 Sent ACK for chunk 6948
2025/04/30 15:22:57 Received ACK for chunk 6949/10240
Received chunk 6950/10240: fixtures/large_file.bin
2025/04/30 15:22:57 Sent ACK for chunk 6949
2025/04/30 15:22:57 Received ACK for chunk 6950/10240
Received chunk 6951/10240: fixtures/large_file.bin
2025/04/30 15:22:57 Sent ACK for chunk 6950
2025/04/30 15:22:57 Received ACK for chunk 6951/10240
Received chunk 6952/10240: fixtures/large_file.bin
2025/04/30 15:22:57 Sent ACK for chunk 6951
2025/04/30 15:22:57 Received ACK for chunk 6952/10240
Received chunk 6953/10240: fixtures/large_file.bin
2025/04/30 15:22:57 Sent ACK for chunk 6952
2025/04/30 15:22:57 Received ACK for chunk 6953/10240
Received chunk 6954/10240: fixtures/large_file.bin
2025/04/30 15:22:57 Sent ACK for chunk 6953
2025/04/30 15:22:57 Received ACK for chunk 6954/10240
Received chunk 6955/10240: fixtures/large_file.bin
2025/04/30 15:22:57 Sent ACK for chunk 6954
2025/04/30 15:22:57 Received ACK for chunk 6955/10240
Received chunk 6956/10240: fixtures/large_file.bin
2025/04/30 15:22:57 Sent ACK for chunk 6955
2025/04/30 15:22:57 Received ACK for chunk 6956/10240
Received chunk 6957/10240: fixtures/large_file.bin
2025/04/30 15:22:57 Sent ACK for chunk 6956
2025/04/30 15:22:57 Received ACK for chunk 6957/10240
Received chunk 6958/10240: fixtures/large_file.bin
2025/04/30 15:22:57 Sent ACK for chunk 6957
2025/04/30 15:22:57 Received ACK for chunk 6958/10240
Received chunk 6959/10240: fixtures/large_file.bin
2025/04/30 15:22:57 Sent ACK for chunk 6958
2025/04/30 15:22:57 Received ACK for chunk 6959/10240
Received chunk 6960/10240: fixtures/large_file.bin
2025/04/30 15:22:57 Sent ACK for chunk 6959
2025/04/30 15:22:57 Received ACK for chunk 6960/10240
Received chunk 6961/10240: fixtures/large_file.bin
2025/04/30 15:22:57 Sent ACK for chunk 6960
2025/04/30 15:22:57 Received ACK for chunk 6961/10240
Received chunk 6962/10240: fixtures/large_file.bin
2025/04/30 15:22:57 Sent ACK for chunk 6961
2025/04/30 15:22:57 Received ACK for chunk 6962/10240
Received chunk 6963/10240: fixtures/large_file.bin
2025/04/30 15:22:57 Sent ACK for chunk 6962
2025/04/30 15:22:57 Received ACK for chunk 6963/10240
Received chunk 6964/10240: fixtures/large_file.bin
2025/04/30 15:22:57 Sent ACK for chunk 6963
2025/04/30 15:22:57 Received ACK for chunk 6964/10240
Received chunk 6965/10240: fixtures/large_file.bin
2025/04/30 15:22:57 Sent ACK for chunk 6964
2025/04/30 15:22:57 Received ACK for chunk 6965/10240
Received chunk 6966/10240: fixtures/large_file.bin
2025/04/30 15:22:57 Sent ACK for chunk 6965
2025/04/30 15:22:57 Received ACK for chunk 6966/10240
Received chunk 6967/10240: fixtures/large_file.bin
2025/04/30 15:22:57 Sent ACK for chunk 6966
2025/04/30 15:22:57 Received ACK for chunk 6967/10240
Received chunk 6968/10240: fixtures/large_file.bin
2025/04/30 15:22:57 Sent ACK for chunk 6967
2025/04/30 15:22:57 Received ACK for chunk 6968/10240
Received chunk 6969/10240: fixtures/large_file.bin
2025/04/30 15:22:57 Sent ACK for chunk 6968
2025/04/30 15:22:57 Received ACK for chunk 6969/10240
Received chunk 6970/10240: fixtures/large_file.bin
2025/04/30 15:22:57 Sent ACK for chunk 6969
2025/04/30 15:22:57 Received ACK for chunk 6970/10240
Received chunk 6971/10240: fixtures/large_file.bin
2025/04/30 15:22:57 Sent ACK for chunk 6970
2025/04/30 15:22:57 Received ACK for chunk 6971/10240
Received chunk 6972/10240: fixtures/large_file.bin
2025/04/30 15:22:57 Sent ACK for chunk 6971
2025/04/30 15:22:57 Received ACK for chunk 6972/10240
Received chunk 6973/10240: fixtures/large_file.bin
2025/04/30 15:22:57 Sent ACK for chunk 6972
2025/04/30 15:22:57 Received ACK for chunk 6973/10240
Received chunk 6974/10240: fixtures/large_file.bin
2025/04/30 15:22:57 Sent ACK for chunk 6973
2025/04/30 15:22:57 Received ACK for chunk 6974/10240
Received chunk 6975/10240: fixtures/large_file.bin
2025/04/30 15:22:57 Sent ACK for chunk 6974
2025/04/30 15:22:57 Received ACK for chunk 6975/10240
Received chunk 6976/10240: fixtures/large_file.bin
2025/04/30 15:22:57 Sent ACK for chunk 6975
2025/04/30 15:22:57 Received ACK for chunk 6976/10240
Received chunk 6977/10240: fixtures/large_file.bin
2025/04/30 15:22:57 Sent ACK for chunk 6976
2025/04/30 15:22:57 Received ACK for chunk 6977/10240
Received chunk 6978/10240: fixtures/large_file.bin
2025/04/30 15:22:57 Sent ACK for chunk 6977
2025/04/30 15:22:57 Received ACK for chunk 6978/10240
Received chunk 6979/10240: fixtures/large_file.bin
2025/04/30 15:22:57 Sent ACK for chunk 6978
2025/04/30 15:22:57 Received ACK for chunk 6979/10240
Received chunk 6980/10240: fixtures/large_file.bin
2025/04/30 15:22:57 Sent ACK for chunk 6979
2025/04/30 15:22:57 Received ACK for chunk 6980/10240
Received chunk 6981/10240: fixtures/large_file.bin
2025/04/30 15:22:57 Sent ACK for chunk 6980
2025/04/30 15:22:57 Received ACK for chunk 6981/10240
Received chunk 6982/10240: fixtures/large_file.bin
2025/04/30 15:22:57 Sent ACK for chunk 6981
2025/04/30 15:22:57 Received ACK for chunk 6982/10240
Received chunk 6983/10240: fixtures/large_file.bin
2025/04/30 15:22:57 Sent ACK for chunk 6982
2025/04/30 15:22:57 Received ACK for chunk 6983/10240
Received chunk 6984/10240: fixtures/large_file.bin
2025/04/30 15:22:57 Sent ACK for chunk 6983
2025/04/30 15:22:57 Received ACK for chunk 6984/10240
Received chunk 6985/10240: fixtures/large_file.bin
2025/04/30 15:22:57 Sent ACK for chunk 6984
2025/04/30 15:22:57 Received ACK for chunk 6985/10240
Received chunk 6986/10240: fixtures/large_file.bin
2025/04/30 15:22:57 Sent ACK for chunk 6985
2025/04/30 15:22:57 Received ACK for chunk 6986/10240
Received chunk 6987/10240: fixtures/large_file.bin
2025/04/30 15:22:57 Sent ACK for chunk 6986
2025/04/30 15:22:57 Received ACK for chunk 6987/10240
Received chunk 6988/10240: fixtures/large_file.bin
2025/04/30 15:22:57 Sent ACK for chunk 6987
2025/04/30 15:22:57 Received ACK for chunk 6988/10240
Received chunk 6989/10240: fixtures/large_file.bin
2025/04/30 15:22:57 Sent ACK for chunk 6988
2025/04/30 15:22:57 Received ACK for chunk 6989/10240
Received chunk 6990/10240: fixtures/large_file.bin
2025/04/30 15:22:57 Sent ACK for chunk 6989
2025/04/30 15:22:57 Received ACK for chunk 6990/10240
Received chunk 6991/10240: fixtures/large_file.bin
2025/04/30 15:22:57 Sent ACK for chunk 6990
2025/04/30 15:22:57 Received ACK for chunk 6991/10240
Received chunk 6992/10240: fixtures/large_file.bin
2025/04/30 15:22:57 Sent ACK for chunk 6991
2025/04/30 15:22:57 Received ACK for chunk 6992/10240
Received chunk 6993/10240: fixtures/large_file.bin
2025/04/30 15:22:57 Sent ACK for chunk 6992
2025/04/30 15:22:57 Received ACK for chunk 6993/10240
Received chunk 6994/10240: fixtures/large_file.bin
2025/04/30 15:22:57 Sent ACK for chunk 6993
2025/04/30 15:22:57 Received ACK for chunk 6994/10240
Received chunk 6995/10240: fixtures/large_file.bin
2025/04/30 15:22:57 Sent ACK for chunk 6994
2025/04/30 15:22:57 Received ACK for chunk 6995/10240
Received chunk 6996/10240: fixtures/large_file.bin
2025/04/30 15:22:57 Sent ACK for chunk 6995
2025/04/30 15:22:57 Received ACK for chunk 6996/10240
Received chunk 6997/10240: fixtures/large_file.bin
2025/04/30 15:22:57 Sent ACK for chunk 6996
2025/04/30 15:22:57 Received ACK for chunk 6997/10240
Received chunk 6998/10240: fixtures/large_file.bin
2025/04/30 15:22:57 Sent ACK for chunk 6997
2025/04/30 15:22:57 Received ACK for chunk 6998/10240
Received chunk 6999/10240: fixtures/large_file.bin
2025/04/30 15:22:57 Sent ACK for chunk 6998
2025/04/30 15:22:57 Received ACK for chunk 6999/10240
Received chunk 7000/10240: fixtures/large_file.bin
2025/04/30 15:22:57 Sent ACK for chunk 6999
2025/04/30 15:22:57 Received ACK for chunk 7000/10240
Received chunk 7001/10240: fixtures/large_file.bin
2025/04/30 15:22:57 Sent ACK for chunk 7000
2025/04/30 15:22:57 Received ACK for chunk 7001/10240
Received chunk 7002/10240: fixtures/large_file.bin
2025/04/30 15:22:57 Sent ACK for chunk 7001
2025/04/30 15:22:57 Received ACK for chunk 7002/10240
Received chunk 7003/10240: fixtures/large_file.bin
2025/04/30 15:22:57 Sent ACK for chunk 7002
2025/04/30 15:22:57 Received ACK for chunk 7003/10240
Received chunk 7004/10240: fixtures/large_file.bin
2025/04/30 15:22:57 Sent ACK for chunk 7003
2025/04/30 15:22:57 Received ACK for chunk 7004/10240
Received chunk 7005/10240: fixtures/large_file.bin
2025/04/30 15:22:57 Sent ACK for chunk 7004
2025/04/30 15:22:57 Received ACK for chunk 7005/10240
Received chunk 7006/10240: fixtures/large_file.bin
2025/04/30 15:22:57 Sent ACK for chunk 7005
2025/04/30 15:22:57 Received ACK for chunk 7006/10240
Received chunk 7007/10240: fixtures/large_file.bin
2025/04/30 15:22:57 Sent ACK for chunk 7006
2025/04/30 15:22:57 Received ACK for chunk 7007/10240
Received chunk 7008/10240: fixtures/large_file.bin
2025/04/30 15:22:57 Sent ACK for chunk 7007
2025/04/30 15:22:57 Received ACK for chunk 7008/10240
Received chunk 7009/10240: fixtures/large_file.bin
2025/04/30 15:22:57 Sent ACK for chunk 7008
2025/04/30 15:22:57 Received ACK for chunk 7009/10240
Received chunk 7010/10240: fixtures/large_file.bin
2025/04/30 15:22:57 Sent ACK for chunk 7009
2025/04/30 15:22:57 Received ACK for chunk 7010/10240
Received chunk 7011/10240: fixtures/large_file.bin
2025/04/30 15:22:57 Sent ACK for chunk 7010
2025/04/30 15:22:57 Received ACK for chunk 7011/10240
Received chunk 7012/10240: fixtures/large_file.bin
2025/04/30 15:22:57 Sent ACK for chunk 7011
2025/04/30 15:22:57 Received ACK for chunk 7012/10240
Received chunk 7013/10240: fixtures/large_file.bin
2025/04/30 15:22:57 Sent ACK for chunk 7012
2025/04/30 15:22:57 Received ACK for chunk 7013/10240
Received chunk 7014/10240: fixtures/large_file.bin
2025/04/30 15:22:57 Sent ACK for chunk 7013
2025/04/30 15:22:57 Received ACK for chunk 7014/10240
Received chunk 7015/10240: fixtures/large_file.bin
2025/04/30 15:22:57 Sent ACK for chunk 7014
2025/04/30 15:22:57 Received ACK for chunk 7015/10240
Received chunk 7016/10240: fixtures/large_file.bin
2025/04/30 15:22:57 Sent ACK for chunk 7015
2025/04/30 15:22:57 Received ACK for chunk 7016/10240
Received chunk 7017/10240: fixtures/large_file.bin
2025/04/30 15:22:57 Sent ACK for chunk 7016
2025/04/30 15:22:57 Received ACK for chunk 7017/10240
Received chunk 7018/10240: fixtures/large_file.bin
2025/04/30 15:22:57 Sent ACK for chunk 7017
2025/04/30 15:22:57 Received ACK for chunk 7018/10240
Received chunk 7019/10240: fixtures/large_file.bin
2025/04/30 15:22:57 Sent ACK for chunk 7018
2025/04/30 15:22:57 Received ACK for chunk 7019/10240
Received chunk 7020/10240: fixtures/large_file.bin
2025/04/30 15:22:57 Sent ACK for chunk 7019
2025/04/30 15:22:57 Received ACK for chunk 7020/10240
Received chunk 7021/10240: fixtures/large_file.bin
2025/04/30 15:22:57 Sent ACK for chunk 7020
2025/04/30 15:22:57 Received ACK for chunk 7021/10240
Received chunk 7022/10240: fixtures/large_file.bin
2025/04/30 15:22:57 Sent ACK for chunk 7021
2025/04/30 15:22:57 Received ACK for chunk 7022/10240
Received chunk 7023/10240: fixtures/large_file.bin
2025/04/30 15:22:57 Sent ACK for chunk 7022
2025/04/30 15:22:57 Received ACK for chunk 7023/10240
Received chunk 7024/10240: fixtures/large_file.bin
2025/04/30 15:22:57 Sent ACK for chunk 7023
2025/04/30 15:22:57 Received ACK for chunk 7024/10240
Received chunk 7025/10240: fixtures/large_file.bin
2025/04/30 15:22:57 Sent ACK for chunk 7024
2025/04/30 15:22:57 Received ACK for chunk 7025/10240
Received chunk 7026/10240: fixtures/large_file.bin
2025/04/30 15:22:57 Sent ACK for chunk 7025
2025/04/30 15:22:57 Received ACK for chunk 7026/10240
Received chunk 7027/10240: fixtures/large_file.bin
2025/04/30 15:22:57 Sent ACK for chunk 7026
2025/04/30 15:22:57 Received ACK for chunk 7027/10240
Received chunk 7028/10240: fixtures/large_file.bin
2025/04/30 15:22:57 Sent ACK for chunk 7027
2025/04/30 15:22:57 Received ACK for chunk 7028/10240
Received chunk 7029/10240: fixtures/large_file.bin
2025/04/30 15:22:57 Sent ACK for chunk 7028
2025/04/30 15:22:57 Received ACK for chunk 7029/10240
Received chunk 7030/10240: fixtures/large_file.bin
2025/04/30 15:22:57 Sent ACK for chunk 7029
2025/04/30 15:22:57 Received ACK for chunk 7030/10240
Received chunk 7031/10240: fixtures/large_file.bin
2025/04/30 15:22:57 Sent ACK for chunk 7030
2025/04/30 15:22:57 Received ACK for chunk 7031/10240
Received chunk 7032/10240: fixtures/large_file.bin
2025/04/30 15:22:57 Sent ACK for chunk 7031
2025/04/30 15:22:57 Received ACK for chunk 7032/10240
Received chunk 7033/10240: fixtures/large_file.bin
2025/04/30 15:22:57 Sent ACK for chunk 7032
2025/04/30 15:22:57 Received ACK for chunk 7033/10240
Received chunk 7034/10240: fixtures/large_file.bin
2025/04/30 15:22:57 Sent ACK for chunk 7033
2025/04/30 15:22:57 Received ACK for chunk 7034/10240
Received chunk 7035/10240: fixtures/large_file.bin
2025/04/30 15:22:57 Sent ACK for chunk 7034
2025/04/30 15:22:57 Received ACK for chunk 7035/10240
Received chunk 7036/10240: fixtures/large_file.bin
2025/04/30 15:22:57 Sent ACK for chunk 7035
2025/04/30 15:22:57 Received ACK for chunk 7036/10240
Received chunk 7037/10240: fixtures/large_file.bin
2025/04/30 15:22:57 Sent ACK for chunk 7036
2025/04/30 15:22:57 Received ACK for chunk 7037/10240
Received chunk 7038/10240: fixtures/large_file.bin
2025/04/30 15:22:57 Sent ACK for chunk 7037
2025/04/30 15:22:57 Received ACK for chunk 7038/10240
Received chunk 7039/10240: fixtures/large_file.bin
2025/04/30 15:22:57 Sent ACK for chunk 7038
2025/04/30 15:22:57 Received ACK for chunk 7039/10240
Received chunk 7040/10240: fixtures/large_file.bin
2025/04/30 15:22:57 Sent ACK for chunk 7039
2025/04/30 15:22:57 Received ACK for chunk 7040/10240
Received chunk 7041/10240: fixtures/large_file.bin
2025/04/30 15:22:57 Sent ACK for chunk 7040
2025/04/30 15:22:57 Received ACK for chunk 7041/10240
Received chunk 7042/10240: fixtures/large_file.bin
2025/04/30 15:22:57 Sent ACK for chunk 7041
2025/04/30 15:22:57 Received ACK for chunk 7042/10240
Received chunk 7043/10240: fixtures/large_file.bin
2025/04/30 15:22:57 Sent ACK for chunk 7042
2025/04/30 15:22:57 Received ACK for chunk 7043/10240
Received chunk 7044/10240: fixtures/large_file.bin
2025/04/30 15:22:57 Sent ACK for chunk 7043
2025/04/30 15:22:57 Received ACK for chunk 7044/10240
Received chunk 7045/10240: fixtures/large_file.bin
2025/04/30 15:22:57 Sent ACK for chunk 7044
2025/04/30 15:22:57 Received ACK for chunk 7045/10240
Received chunk 7046/10240: fixtures/large_file.bin
2025/04/30 15:22:57 Sent ACK for chunk 7045
2025/04/30 15:22:57 Received ACK for chunk 7046/10240
Received chunk 7047/10240: fixtures/large_file.bin
2025/04/30 15:22:57 Sent ACK for chunk 7046
2025/04/30 15:22:57 Received ACK for chunk 7047/10240
Received chunk 7048/10240: fixtures/large_file.bin
2025/04/30 15:22:57 Sent ACK for chunk 7047
2025/04/30 15:22:57 Received ACK for chunk 7048/10240
Received chunk 7049/10240: fixtures/large_file.bin
2025/04/30 15:22:57 Sent ACK for chunk 7048
2025/04/30 15:22:57 Received ACK for chunk 7049/10240
Received chunk 7050/10240: fixtures/large_file.bin
2025/04/30 15:22:57 Sent ACK for chunk 7049
2025/04/30 15:22:57 Received ACK for chunk 7050/10240
Received chunk 7051/10240: fixtures/large_file.bin
2025/04/30 15:22:57 Sent ACK for chunk 7050
2025/04/30 15:22:57 Received ACK for chunk 7051/10240
Received chunk 7052/10240: fixtures/large_file.bin
2025/04/30 15:22:57 Sent ACK for chunk 7051
2025/04/30 15:22:57 Received ACK for chunk 7052/10240
Received chunk 7053/10240: fixtures/large_file.bin
2025/04/30 15:22:57 Sent ACK for chunk 7052
2025/04/30 15:22:57 Received ACK for chunk 7053/10240
Received chunk 7054/10240: fixtures/large_file.bin
2025/04/30 15:22:57 Sent ACK for chunk 7053
2025/04/30 15:22:57 Received ACK for chunk 7054/10240
Received chunk 7055/10240: fixtures/large_file.bin
2025/04/30 15:22:57 Sent ACK for chunk 7054
2025/04/30 15:22:57 Received ACK for chunk 7055/10240
Received chunk 7056/10240: fixtures/large_file.bin
2025/04/30 15:22:57 Sent ACK for chunk 7055
2025/04/30 15:22:57 Received ACK for chunk 7056/10240
Received chunk 7057/10240: fixtures/large_file.bin
2025/04/30 15:22:57 Sent ACK for chunk 7056
2025/04/30 15:22:57 Received ACK for chunk 7057/10240
Received chunk 7058/10240: fixtures/large_file.bin
2025/04/30 15:22:57 Sent ACK for chunk 7057
2025/04/30 15:22:57 Received ACK for chunk 7058/10240
Received chunk 7059/10240: fixtures/large_file.bin
2025/04/30 15:22:57 Sent ACK for chunk 7058
2025/04/30 15:22:57 Received ACK for chunk 7059/10240
Received chunk 7060/10240: fixtures/large_file.bin
2025/04/30 15:22:57 Sent ACK for chunk 7059
2025/04/30 15:22:57 Received ACK for chunk 7060/10240
Received chunk 7061/10240: fixtures/large_file.bin
2025/04/30 15:22:57 Sent ACK for chunk 7060
2025/04/30 15:22:57 Received ACK for chunk 7061/10240
Received chunk 7062/10240: fixtures/large_file.bin
2025/04/30 15:22:57 Sent ACK for chunk 7061
2025/04/30 15:22:57 Received ACK for chunk 7062/10240
Received chunk 7063/10240: fixtures/large_file.bin
2025/04/30 15:22:57 Sent ACK for chunk 7062
2025/04/30 15:22:57 Received ACK for chunk 7063/10240
Received chunk 7064/10240: fixtures/large_file.bin
2025/04/30 15:22:57 Sent ACK for chunk 7063
2025/04/30 15:22:57 Received ACK for chunk 7064/10240
Received chunk 7065/10240: fixtures/large_file.bin
2025/04/30 15:22:57 Sent ACK for chunk 7064
2025/04/30 15:22:57 Received ACK for chunk 7065/10240
Received chunk 7066/10240: fixtures/large_file.bin
2025/04/30 15:22:57 Sent ACK for chunk 7065
2025/04/30 15:22:57 Received ACK for chunk 7066/10240
Received chunk 7067/10240: fixtures/large_file.bin
2025/04/30 15:22:57 Sent ACK for chunk 7066
2025/04/30 15:22:57 Received ACK for chunk 7067/10240
Received chunk 7068/10240: fixtures/large_file.bin
2025/04/30 15:22:57 Sent ACK for chunk 7067
2025/04/30 15:22:57 Received ACK for chunk 7068/10240
Received chunk 7069/10240: fixtures/large_file.bin
2025/04/30 15:22:57 Sent ACK for chunk 7068
2025/04/30 15:22:57 Received ACK for chunk 7069/10240
Received chunk 7070/10240: fixtures/large_file.bin
2025/04/30 15:22:57 Sent ACK for chunk 7069
2025/04/30 15:22:57 Received ACK for chunk 7070/10240
Received chunk 7071/10240: fixtures/large_file.bin
2025/04/30 15:22:57 Sent ACK for chunk 7070
2025/04/30 15:22:57 Received ACK for chunk 7071/10240
Received chunk 7072/10240: fixtures/large_file.bin
2025/04/30 15:22:57 Sent ACK for chunk 7071
2025/04/30 15:22:57 Received ACK for chunk 7072/10240
Received chunk 7073/10240: fixtures/large_file.bin
2025/04/30 15:22:57 Sent ACK for chunk 7072
2025/04/30 15:22:57 Received ACK for chunk 7073/10240
Received chunk 7074/10240: fixtures/large_file.bin
2025/04/30 15:22:57 Sent ACK for chunk 7073
2025/04/30 15:22:57 Received ACK for chunk 7074/10240
Received chunk 7075/10240: fixtures/large_file.bin
2025/04/30 15:22:57 Sent ACK for chunk 7074
2025/04/30 15:22:57 Received ACK for chunk 7075/10240
Received chunk 7076/10240: fixtures/large_file.bin
2025/04/30 15:22:57 Sent ACK for chunk 7075
2025/04/30 15:22:57 Received ACK for chunk 7076/10240
Received chunk 7077/10240: fixtures/large_file.bin
2025/04/30 15:22:57 Sent ACK for chunk 7076
2025/04/30 15:22:57 Received ACK for chunk 7077/10240
Received chunk 7078/10240: fixtures/large_file.bin
2025/04/30 15:22:57 Sent ACK for chunk 7077
2025/04/30 15:22:57 Received ACK for chunk 7078/10240
Received chunk 7079/10240: fixtures/large_file.bin
2025/04/30 15:22:57 Sent ACK for chunk 7078
2025/04/30 15:22:57 Received ACK for chunk 7079/10240
Received chunk 7080/10240: fixtures/large_file.bin
2025/04/30 15:22:57 Sent ACK for chunk 7079
2025/04/30 15:22:57 Received ACK for chunk 7080/10240
Received chunk 7081/10240: fixtures/large_file.bin
2025/04/30 15:22:57 Sent ACK for chunk 7080
2025/04/30 15:22:57 Received ACK for chunk 7081/10240
Received chunk 7082/10240: fixtures/large_file.bin
2025/04/30 15:22:57 Sent ACK for chunk 7081
2025/04/30 15:22:57 Received ACK for chunk 7082/10240
Received chunk 7083/10240: fixtures/large_file.bin
2025/04/30 15:22:57 Sent ACK for chunk 7082
2025/04/30 15:22:57 Received ACK for chunk 7083/10240
Received chunk 7084/10240: fixtures/large_file.bin
2025/04/30 15:22:57 Sent ACK for chunk 7083
2025/04/30 15:22:57 Received ACK for chunk 7084/10240
Received chunk 7085/10240: fixtures/large_file.bin
2025/04/30 15:22:57 Sent ACK for chunk 7084
2025/04/30 15:22:57 Received ACK for chunk 7085/10240
Received chunk 7086/10240: fixtures/large_file.bin
2025/04/30 15:22:57 Sent ACK for chunk 7085
2025/04/30 15:22:57 Received ACK for chunk 7086/10240
Received chunk 7087/10240: fixtures/large_file.bin
2025/04/30 15:22:57 Sent ACK for chunk 7086
2025/04/30 15:22:57 Received ACK for chunk 7087/10240
Received chunk 7088/10240: fixtures/large_file.bin
2025/04/30 15:22:57 Sent ACK for chunk 7087
2025/04/30 15:22:57 Received ACK for chunk 7088/10240
Received chunk 7089/10240: fixtures/large_file.bin
2025/04/30 15:22:57 Sent ACK for chunk 7088
2025/04/30 15:22:57 Received ACK for chunk 7089/10240
Received chunk 7090/10240: fixtures/large_file.bin
2025/04/30 15:22:57 Sent ACK for chunk 7089
2025/04/30 15:22:57 Received ACK for chunk 7090/10240
Received chunk 7091/10240: fixtures/large_file.bin
2025/04/30 15:22:57 Sent ACK for chunk 7090
2025/04/30 15:22:57 Received ACK for chunk 7091/10240
Received chunk 7092/10240: fixtures/large_file.bin
2025/04/30 15:22:57 Sent ACK for chunk 7091
2025/04/30 15:22:57 Received ACK for chunk 7092/10240
Received chunk 7093/10240: fixtures/large_file.bin
2025/04/30 15:22:57 Sent ACK for chunk 7092
2025/04/30 15:22:57 Received ACK for chunk 7093/10240
Received chunk 7094/10240: fixtures/large_file.bin
2025/04/30 15:22:57 Sent ACK for chunk 7093
2025/04/30 15:22:57 Received ACK for chunk 7094/10240
Received chunk 7095/10240: fixtures/large_file.bin
2025/04/30 15:22:57 Sent ACK for chunk 7094
2025/04/30 15:22:57 Received ACK for chunk 7095/10240
Received chunk 7096/10240: fixtures/large_file.bin
2025/04/30 15:22:57 Sent ACK for chunk 7095
2025/04/30 15:22:57 Received ACK for chunk 7096/10240
Received chunk 7097/10240: fixtures/large_file.bin
2025/04/30 15:22:57 Sent ACK for chunk 7096
2025/04/30 15:22:57 Received ACK for chunk 7097/10240
Received chunk 7098/10240: fixtures/large_file.bin
2025/04/30 15:22:57 Sent ACK for chunk 7097
2025/04/30 15:22:57 Received ACK for chunk 7098/10240
Received chunk 7099/10240: fixtures/large_file.bin
2025/04/30 15:22:57 Sent ACK for chunk 7098
2025/04/30 15:22:57 Received ACK for chunk 7099/10240
Received chunk 7100/10240: fixtures/large_file.bin
2025/04/30 15:22:57 Sent ACK for chunk 7099
2025/04/30 15:22:57 Received ACK for chunk 7100/10240
Received chunk 7101/10240: fixtures/large_file.bin
2025/04/30 15:22:57 Sent ACK for chunk 7100
2025/04/30 15:22:57 Received ACK for chunk 7101/10240
Received chunk 7102/10240: fixtures/large_file.bin
2025/04/30 15:22:57 Sent ACK for chunk 7101
2025/04/30 15:22:57 Received ACK for chunk 7102/10240
Received chunk 7103/10240: fixtures/large_file.bin
2025/04/30 15:22:57 Sent ACK for chunk 7102
2025/04/30 15:22:57 Received ACK for chunk 7103/10240
Received chunk 7104/10240: fixtures/large_file.bin
2025/04/30 15:22:57 Sent ACK for chunk 7103
2025/04/30 15:22:57 Received ACK for chunk 7104/10240
Received chunk 7105/10240: fixtures/large_file.bin
2025/04/30 15:22:57 Sent ACK for chunk 7104
2025/04/30 15:22:57 Received ACK for chunk 7105/10240
Received chunk 7106/10240: fixtures/large_file.bin
2025/04/30 15:22:57 Sent ACK for chunk 7105
2025/04/30 15:22:57 Received ACK for chunk 7106/10240
Received chunk 7107/10240: fixtures/large_file.bin
2025/04/30 15:22:57 Sent ACK for chunk 7106
2025/04/30 15:22:57 Received ACK for chunk 7107/10240
Received chunk 7108/10240: fixtures/large_file.bin
2025/04/30 15:22:57 Sent ACK for chunk 7107
2025/04/30 15:22:57 Received ACK for chunk 7108/10240
Received chunk 7109/10240: fixtures/large_file.bin
2025/04/30 15:22:57 Sent ACK for chunk 7108
2025/04/30 15:22:57 Received ACK for chunk 7109/10240
Received chunk 7110/10240: fixtures/large_file.bin
2025/04/30 15:22:57 Sent ACK for chunk 7109
2025/04/30 15:22:57 Received ACK for chunk 7110/10240
Received chunk 7111/10240: fixtures/large_file.bin
2025/04/30 15:22:57 Sent ACK for chunk 7110
2025/04/30 15:22:57 Received ACK for chunk 7111/10240
Received chunk 7112/10240: fixtures/large_file.bin
2025/04/30 15:22:57 Sent ACK for chunk 7111
2025/04/30 15:22:57 Received ACK for chunk 7112/10240
Received chunk 7113/10240: fixtures/large_file.bin
2025/04/30 15:22:57 Sent ACK for chunk 7112
2025/04/30 15:22:57 Received ACK for chunk 7113/10240
Received chunk 7114/10240: fixtures/large_file.bin
2025/04/30 15:22:57 Sent ACK for chunk 7113
2025/04/30 15:22:57 Received ACK for chunk 7114/10240
Received chunk 7115/10240: fixtures/large_file.bin
2025/04/30 15:22:57 Sent ACK for chunk 7114
2025/04/30 15:22:57 Received ACK for chunk 7115/10240
Received chunk 7116/10240: fixtures/large_file.bin
2025/04/30 15:22:57 Sent ACK for chunk 7115
2025/04/30 15:22:57 Received ACK for chunk 7116/10240
Received chunk 7117/10240: fixtures/large_file.bin
2025/04/30 15:22:57 Sent ACK for chunk 7116
2025/04/30 15:22:57 Received ACK for chunk 7117/10240
Received chunk 7118/10240: fixtures/large_file.bin
2025/04/30 15:22:57 Sent ACK for chunk 7117
2025/04/30 15:22:57 Received ACK for chunk 7118/10240
Received chunk 7119/10240: fixtures/large_file.bin
2025/04/30 15:22:57 Sent ACK for chunk 7118
2025/04/30 15:22:57 Received ACK for chunk 7119/10240
Received chunk 7120/10240: fixtures/large_file.bin
2025/04/30 15:22:57 Sent ACK for chunk 7119
2025/04/30 15:22:57 Received ACK for chunk 7120/10240
Received chunk 7121/10240: fixtures/large_file.bin
2025/04/30 15:22:57 Sent ACK for chunk 7120
2025/04/30 15:22:57 Received ACK for chunk 7121/10240
Received chunk 7122/10240: fixtures/large_file.bin
2025/04/30 15:22:57 Sent ACK for chunk 7121
2025/04/30 15:22:57 Received ACK for chunk 7122/10240
Received chunk 7123/10240: fixtures/large_file.bin
2025/04/30 15:22:57 Sent ACK for chunk 7122
2025/04/30 15:22:57 Received ACK for chunk 7123/10240
Received chunk 7124/10240: fixtures/large_file.bin
2025/04/30 15:22:57 Sent ACK for chunk 7123
2025/04/30 15:22:57 Received ACK for chunk 7124/10240
Received chunk 7125/10240: fixtures/large_file.bin
2025/04/30 15:22:57 Sent ACK for chunk 7124
2025/04/30 15:22:57 Received ACK for chunk 7125/10240
Received chunk 7126/10240: fixtures/large_file.bin
2025/04/30 15:22:57 Sent ACK for chunk 7125
2025/04/30 15:22:57 Received ACK for chunk 7126/10240
Received chunk 7127/10240: fixtures/large_file.bin
2025/04/30 15:22:57 Sent ACK for chunk 7126
2025/04/30 15:22:57 Received ACK for chunk 7127/10240
Received chunk 7128/10240: fixtures/large_file.bin
2025/04/30 15:22:57 Sent ACK for chunk 7127
2025/04/30 15:22:57 Received ACK for chunk 7128/10240
Received chunk 7129/10240: fixtures/large_file.bin
2025/04/30 15:22:57 Sent ACK for chunk 7128
2025/04/30 15:22:57 Received ACK for chunk 7129/10240
Received chunk 7130/10240: fixtures/large_file.bin
2025/04/30 15:22:57 Sent ACK for chunk 7129
2025/04/30 15:22:57 Received ACK for chunk 7130/10240
Received chunk 7131/10240: fixtures/large_file.bin
2025/04/30 15:22:57 Sent ACK for chunk 7130
2025/04/30 15:22:57 Received ACK for chunk 7131/10240
Received chunk 7132/10240: fixtures/large_file.bin
2025/04/30 15:22:57 Sent ACK for chunk 7131
2025/04/30 15:22:57 Received ACK for chunk 7132/10240
Received chunk 7133/10240: fixtures/large_file.bin
2025/04/30 15:22:57 Sent ACK for chunk 7132
2025/04/30 15:22:57 Received ACK for chunk 7133/10240
Received chunk 7134/10240: fixtures/large_file.bin
2025/04/30 15:22:57 Sent ACK for chunk 7133
2025/04/30 15:22:57 Received ACK for chunk 7134/10240
Received chunk 7135/10240: fixtures/large_file.bin
2025/04/30 15:22:57 Sent ACK for chunk 7134
2025/04/30 15:22:57 Received ACK for chunk 7135/10240
Received chunk 7136/10240: fixtures/large_file.bin
2025/04/30 15:22:57 Sent ACK for chunk 7135
2025/04/30 15:22:57 Received ACK for chunk 7136/10240
Received chunk 7137/10240: fixtures/large_file.bin
2025/04/30 15:22:57 Sent ACK for chunk 7136
2025/04/30 15:22:57 Received ACK for chunk 7137/10240
Received chunk 7138/10240: fixtures/large_file.bin
2025/04/30 15:22:57 Sent ACK for chunk 7137
2025/04/30 15:22:57 Received ACK for chunk 7138/10240
Received chunk 7139/10240: fixtures/large_file.bin
2025/04/30 15:22:57 Sent ACK for chunk 7138
2025/04/30 15:22:57 Received ACK for chunk 7139/10240
Received chunk 7140/10240: fixtures/large_file.bin
2025/04/30 15:22:57 Sent ACK for chunk 7139
2025/04/30 15:22:57 Received ACK for chunk 7140/10240
Received chunk 7141/10240: fixtures/large_file.bin
2025/04/30 15:22:57 Sent ACK for chunk 7140
2025/04/30 15:22:57 Received ACK for chunk 7141/10240
Received chunk 7142/10240: fixtures/large_file.bin
2025/04/30 15:22:57 Sent ACK for chunk 7141
2025/04/30 15:22:57 Received ACK for chunk 7142/10240
Received chunk 7143/10240: fixtures/large_file.bin
2025/04/30 15:22:57 Sent ACK for chunk 7142
2025/04/30 15:22:57 Received ACK for chunk 7143/10240
Received chunk 7144/10240: fixtures/large_file.bin
2025/04/30 15:22:57 Sent ACK for chunk 7143
2025/04/30 15:22:57 Received ACK for chunk 7144/10240
Received chunk 7145/10240: fixtures/large_file.bin
2025/04/30 15:22:57 Sent ACK for chunk 7144
2025/04/30 15:22:57 Received ACK for chunk 7145/10240
Received chunk 7146/10240: fixtures/large_file.bin
2025/04/30 15:22:57 Sent ACK for chunk 7145
2025/04/30 15:22:57 Received ACK for chunk 7146/10240
Received chunk 7147/10240: fixtures/large_file.bin
2025/04/30 15:22:57 Sent ACK for chunk 7146
2025/04/30 15:22:57 Received ACK for chunk 7147/10240
Received chunk 7148/10240: fixtures/large_file.bin
2025/04/30 15:22:57 Sent ACK for chunk 7147
2025/04/30 15:22:57 Received ACK for chunk 7148/10240
Received chunk 7149/10240: fixtures/large_file.bin
2025/04/30 15:22:57 Sent ACK for chunk 7148
2025/04/30 15:22:57 Received ACK for chunk 7149/10240
Received chunk 7150/10240: fixtures/large_file.bin
2025/04/30 15:22:57 Sent ACK for chunk 7149
2025/04/30 15:22:57 Received ACK for chunk 7150/10240
Received chunk 7151/10240: fixtures/large_file.bin
2025/04/30 15:22:57 Sent ACK for chunk 7150
2025/04/30 15:22:57 Received ACK for chunk 7151/10240
Received chunk 7152/10240: fixtures/large_file.bin
2025/04/30 15:22:57 Sent ACK for chunk 7151
2025/04/30 15:22:57 Received ACK for chunk 7152/10240
Received chunk 7153/10240: fixtures/large_file.bin
2025/04/30 15:22:57 Sent ACK for chunk 7152
2025/04/30 15:22:57 Received ACK for chunk 7153/10240
Received chunk 7154/10240: fixtures/large_file.bin
2025/04/30 15:22:57 Sent ACK for chunk 7153
2025/04/30 15:22:57 Received ACK for chunk 7154/10240
Received chunk 7155/10240: fixtures/large_file.bin
2025/04/30 15:22:57 Sent ACK for chunk 7154
2025/04/30 15:22:57 Received ACK for chunk 7155/10240
Received chunk 7156/10240: fixtures/large_file.bin
2025/04/30 15:22:57 Sent ACK for chunk 7155
2025/04/30 15:22:57 Received ACK for chunk 7156/10240
Received chunk 7157/10240: fixtures/large_file.bin
2025/04/30 15:22:57 Sent ACK for chunk 7156
2025/04/30 15:22:57 Received ACK for chunk 7157/10240
Received chunk 7158/10240: fixtures/large_file.bin
2025/04/30 15:22:57 Sent ACK for chunk 7157
2025/04/30 15:22:57 Received ACK for chunk 7158/10240
Received chunk 7159/10240: fixtures/large_file.bin
2025/04/30 15:22:57 Sent ACK for chunk 7158
2025/04/30 15:22:57 Received ACK for chunk 7159/10240
Received chunk 7160/10240: fixtures/large_file.bin
2025/04/30 15:22:57 Sent ACK for chunk 7159
2025/04/30 15:22:57 Received ACK for chunk 7160/10240
Received chunk 7161/10240: fixtures/large_file.bin
2025/04/30 15:22:57 Sent ACK for chunk 7160
2025/04/30 15:22:57 Received ACK for chunk 7161/10240
Received chunk 7162/10240: fixtures/large_file.bin
2025/04/30 15:22:57 Sent ACK for chunk 7161
2025/04/30 15:22:57 Received ACK for chunk 7162/10240
Received chunk 7163/10240: fixtures/large_file.bin
2025/04/30 15:22:57 Sent ACK for chunk 7162
2025/04/30 15:22:57 Received ACK for chunk 7163/10240
Received chunk 7164/10240: fixtures/large_file.bin
2025/04/30 15:22:57 Sent ACK for chunk 7163
2025/04/30 15:22:57 Received ACK for chunk 7164/10240
Received chunk 7165/10240: fixtures/large_file.bin
2025/04/30 15:22:57 Sent ACK for chunk 7164
2025/04/30 15:22:57 Received ACK for chunk 7165/10240
Received chunk 7166/10240: fixtures/large_file.bin
2025/04/30 15:22:57 Sent ACK for chunk 7165
2025/04/30 15:22:57 Received ACK for chunk 7166/10240
Received chunk 7167/10240: fixtures/large_file.bin
2025/04/30 15:22:57 Sent ACK for chunk 7166
2025/04/30 15:22:57 Received ACK for chunk 7167/10240
Received chunk 7168/10240: fixtures/large_file.bin
2025/04/30 15:22:57 Sent ACK for chunk 7167
2025/04/30 15:22:57 Received ACK for chunk 7168/10240
Received chunk 7169/10240: fixtures/large_file.bin
2025/04/30 15:22:57 Sent ACK for chunk 7168
2025/04/30 15:22:57 Received ACK for chunk 7169/10240
Received chunk 7170/10240: fixtures/large_file.bin
2025/04/30 15:22:57 Sent ACK for chunk 7169
2025/04/30 15:22:57 Received ACK for chunk 7170/10240
Received chunk 7171/10240: fixtures/large_file.bin
2025/04/30 15:22:57 Sent ACK for chunk 7170
2025/04/30 15:22:57 Received ACK for chunk 7171/10240
Received chunk 7172/10240: fixtures/large_file.bin
2025/04/30 15:22:57 Sent ACK for chunk 7171
2025/04/30 15:22:57 Received ACK for chunk 7172/10240
Received chunk 7173/10240: fixtures/large_file.bin
2025/04/30 15:22:57 Sent ACK for chunk 7172
2025/04/30 15:22:57 Received ACK for chunk 7173/10240
Received chunk 7174/10240: fixtures/large_file.bin
2025/04/30 15:22:57 Sent ACK for chunk 7173
2025/04/30 15:22:57 Received ACK for chunk 7174/10240
Received chunk 7175/10240: fixtures/large_file.bin
2025/04/30 15:22:57 Sent ACK for chunk 7174
2025/04/30 15:22:57 Received ACK for chunk 7175/10240
Received chunk 7176/10240: fixtures/large_file.bin
2025/04/30 15:22:57 Sent ACK for chunk 7175
2025/04/30 15:22:57 Received ACK for chunk 7176/10240
Received chunk 7177/10240: fixtures/large_file.bin
2025/04/30 15:22:57 Sent ACK for chunk 7176
2025/04/30 15:22:57 Received ACK for chunk 7177/10240
Received chunk 7178/10240: fixtures/large_file.bin
2025/04/30 15:22:57 Sent ACK for chunk 7177
2025/04/30 15:22:57 Received ACK for chunk 7178/10240
Received chunk 7179/10240: fixtures/large_file.bin
2025/04/30 15:22:57 Sent ACK for chunk 7178
2025/04/30 15:22:57 Received ACK for chunk 7179/10240
Received chunk 7180/10240: fixtures/large_file.bin
2025/04/30 15:22:57 Sent ACK for chunk 7179
2025/04/30 15:22:57 Received ACK for chunk 7180/10240
Received chunk 7181/10240: fixtures/large_file.bin
2025/04/30 15:22:57 Sent ACK for chunk 7180
2025/04/30 15:22:57 Received ACK for chunk 7181/10240
Received chunk 7182/10240: fixtures/large_file.bin
2025/04/30 15:22:57 Sent ACK for chunk 7181
2025/04/30 15:22:57 Received ACK for chunk 7182/10240
Received chunk 7183/10240: fixtures/large_file.bin
2025/04/30 15:22:57 Sent ACK for chunk 7182
2025/04/30 15:22:57 Received ACK for chunk 7183/10240
Received chunk 7184/10240: fixtures/large_file.bin
2025/04/30 15:22:57 Sent ACK for chunk 7183
2025/04/30 15:22:57 Received ACK for chunk 7184/10240
Received chunk 7185/10240: fixtures/large_file.bin
2025/04/30 15:22:57 Sent ACK for chunk 7184
2025/04/30 15:22:57 Received ACK for chunk 7185/10240
Received chunk 7186/10240: fixtures/large_file.bin
2025/04/30 15:22:57 Sent ACK for chunk 7185
2025/04/30 15:22:57 Received ACK for chunk 7186/10240
Received chunk 7187/10240: fixtures/large_file.bin
2025/04/30 15:22:57 Sent ACK for chunk 7186
2025/04/30 15:22:57 Received ACK for chunk 7187/10240
Received chunk 7188/10240: fixtures/large_file.bin
2025/04/30 15:22:57 Sent ACK for chunk 7187
2025/04/30 15:22:57 Received ACK for chunk 7188/10240
Received chunk 7189/10240: fixtures/large_file.bin
2025/04/30 15:22:57 Sent ACK for chunk 7188
2025/04/30 15:22:57 Received ACK for chunk 7189/10240
Received chunk 7190/10240: fixtures/large_file.bin
2025/04/30 15:22:57 Sent ACK for chunk 7189
2025/04/30 15:22:57 Received ACK for chunk 7190/10240
Received chunk 7191/10240: fixtures/large_file.bin
2025/04/30 15:22:57 Sent ACK for chunk 7190
2025/04/30 15:22:57 Received ACK for chunk 7191/10240
Received chunk 7192/10240: fixtures/large_file.bin
2025/04/30 15:22:57 Sent ACK for chunk 7191
2025/04/30 15:22:57 Received ACK for chunk 7192/10240
Received chunk 7193/10240: fixtures/large_file.bin
2025/04/30 15:22:57 Sent ACK for chunk 7192
2025/04/30 15:22:57 Received ACK for chunk 7193/10240
Received chunk 7194/10240: fixtures/large_file.bin
2025/04/30 15:22:57 Sent ACK for chunk 7193
2025/04/30 15:22:57 Received ACK for chunk 7194/10240
Received chunk 7195/10240: fixtures/large_file.bin
2025/04/30 15:22:57 Sent ACK for chunk 7194
2025/04/30 15:22:57 Received ACK for chunk 7195/10240
Received chunk 7196/10240: fixtures/large_file.bin
2025/04/30 15:22:57 Sent ACK for chunk 7195
2025/04/30 15:22:57 Received ACK for chunk 7196/10240
Received chunk 7197/10240: fixtures/large_file.bin
2025/04/30 15:22:57 Sent ACK for chunk 7196
2025/04/30 15:22:57 Received ACK for chunk 7197/10240
Received chunk 7198/10240: fixtures/large_file.bin
2025/04/30 15:22:57 Sent ACK for chunk 7197
2025/04/30 15:22:57 Received ACK for chunk 7198/10240
Received chunk 7199/10240: fixtures/large_file.bin
2025/04/30 15:22:57 Sent ACK for chunk 7198
2025/04/30 15:22:57 Received ACK for chunk 7199/10240
Received chunk 7200/10240: fixtures/large_file.bin
2025/04/30 15:22:57 Sent ACK for chunk 7199
2025/04/30 15:22:57 Received ACK for chunk 7200/10240
Received chunk 7201/10240: fixtures/large_file.bin
2025/04/30 15:22:57 Sent ACK for chunk 7200
2025/04/30 15:22:57 Received ACK for chunk 7201/10240
Received chunk 7202/10240: fixtures/large_file.bin
2025/04/30 15:22:57 Sent ACK for chunk 7201
2025/04/30 15:22:57 Received ACK for chunk 7202/10240
Received chunk 7203/10240: fixtures/large_file.bin
2025/04/30 15:22:57 Sent ACK for chunk 7202
2025/04/30 15:22:57 Received ACK for chunk 7203/10240
Received chunk 7204/10240: fixtures/large_file.bin
2025/04/30 15:22:57 Sent ACK for chunk 7203
2025/04/30 15:22:57 Received ACK for chunk 7204/10240
Received chunk 7205/10240: fixtures/large_file.bin
2025/04/30 15:22:57 Sent ACK for chunk 7204
2025/04/30 15:22:57 Received ACK for chunk 7205/10240
Received chunk 7206/10240: fixtures/large_file.bin
2025/04/30 15:22:57 Sent ACK for chunk 7205
2025/04/30 15:22:57 Received ACK for chunk 7206/10240
Received chunk 7207/10240: fixtures/large_file.bin
2025/04/30 15:22:57 Sent ACK for chunk 7206
2025/04/30 15:22:57 Received ACK for chunk 7207/10240
Received chunk 7208/10240: fixtures/large_file.bin
2025/04/30 15:22:57 Sent ACK for chunk 7207
2025/04/30 15:22:57 Received ACK for chunk 7208/10240
Received chunk 7209/10240: fixtures/large_file.bin
2025/04/30 15:22:57 Sent ACK for chunk 7208
2025/04/30 15:22:57 Received ACK for chunk 7209/10240
Received chunk 7210/10240: fixtures/large_file.bin
2025/04/30 15:22:57 Sent ACK for chunk 7209
2025/04/30 15:22:57 Received ACK for chunk 7210/10240
Received chunk 7211/10240: fixtures/large_file.bin
2025/04/30 15:22:57 Sent ACK for chunk 7210
2025/04/30 15:22:57 Received ACK for chunk 7211/10240
Received chunk 7212/10240: fixtures/large_file.bin
2025/04/30 15:22:57 Sent ACK for chunk 7211
2025/04/30 15:22:57 Received ACK for chunk 7212/10240
Received chunk 7213/10240: fixtures/large_file.bin
2025/04/30 15:22:57 Sent ACK for chunk 7212
2025/04/30 15:22:57 Received ACK for chunk 7213/10240
Received chunk 7214/10240: fixtures/large_file.bin
2025/04/30 15:22:57 Sent ACK for chunk 7213
2025/04/30 15:22:57 Received ACK for chunk 7214/10240
Received chunk 7215/10240: fixtures/large_file.bin
2025/04/30 15:22:57 Sent ACK for chunk 7214
2025/04/30 15:22:57 Received ACK for chunk 7215/10240
Received chunk 7216/10240: fixtures/large_file.bin
2025/04/30 15:22:57 Sent ACK for chunk 7215
2025/04/30 15:22:57 Received ACK for chunk 7216/10240
Received chunk 7217/10240: fixtures/large_file.bin
2025/04/30 15:22:57 Sent ACK for chunk 7216
2025/04/30 15:22:57 Received ACK for chunk 7217/10240
Received chunk 7218/10240: fixtures/large_file.bin
2025/04/30 15:22:57 Sent ACK for chunk 7217
2025/04/30 15:22:57 Received ACK for chunk 7218/10240
Received chunk 7219/10240: fixtures/large_file.bin
2025/04/30 15:22:57 Sent ACK for chunk 7218
2025/04/30 15:22:57 Received ACK for chunk 7219/10240
Received chunk 7220/10240: fixtures/large_file.bin
2025/04/30 15:22:57 Sent ACK for chunk 7219
2025/04/30 15:22:57 Received ACK for chunk 7220/10240
Received chunk 7221/10240: fixtures/large_file.bin
2025/04/30 15:22:57 Sent ACK for chunk 7220
2025/04/30 15:22:57 Received ACK for chunk 7221/10240
Received chunk 7222/10240: fixtures/large_file.bin
2025/04/30 15:22:57 Sent ACK for chunk 7221
2025/04/30 15:22:57 Received ACK for chunk 7222/10240
Received chunk 7223/10240: fixtures/large_file.bin
2025/04/30 15:22:57 Sent ACK for chunk 7222
2025/04/30 15:22:57 Received ACK for chunk 7223/10240
Received chunk 7224/10240: fixtures/large_file.bin
2025/04/30 15:22:57 Sent ACK for chunk 7223
2025/04/30 15:22:57 Received ACK for chunk 7224/10240
Received chunk 7225/10240: fixtures/large_file.bin
2025/04/30 15:22:57 Sent ACK for chunk 7224
2025/04/30 15:22:57 Received ACK for chunk 7225/10240
Received chunk 7226/10240: fixtures/large_file.bin
2025/04/30 15:22:57 Sent ACK for chunk 7225
2025/04/30 15:22:57 Received ACK for chunk 7226/10240
Received chunk 7227/10240: fixtures/large_file.bin
2025/04/30 15:22:57 Sent ACK for chunk 7226
2025/04/30 15:22:57 Received ACK for chunk 7227/10240
Received chunk 7228/10240: fixtures/large_file.bin
2025/04/30 15:22:57 Sent ACK for chunk 7227
2025/04/30 15:22:57 Received ACK for chunk 7228/10240
Received chunk 7229/10240: fixtures/large_file.bin
2025/04/30 15:22:57 Sent ACK for chunk 7228
2025/04/30 15:22:57 Received ACK for chunk 7229/10240
Received chunk 7230/10240: fixtures/large_file.bin
2025/04/30 15:22:57 Sent ACK for chunk 7229
2025/04/30 15:22:57 Received ACK for chunk 7230/10240
Received chunk 7231/10240: fixtures/large_file.bin
2025/04/30 15:22:57 Sent ACK for chunk 7230
2025/04/30 15:22:57 Received ACK for chunk 7231/10240
Received chunk 7232/10240: fixtures/large_file.bin
2025/04/30 15:22:57 Sent ACK for chunk 7231
2025/04/30 15:22:57 Received ACK for chunk 7232/10240
Received chunk 7233/10240: fixtures/large_file.bin
2025/04/30 15:22:57 Sent ACK for chunk 7232
2025/04/30 15:22:57 Received ACK for chunk 7233/10240
Received chunk 7234/10240: fixtures/large_file.bin
2025/04/30 15:22:57 Sent ACK for chunk 7233
2025/04/30 15:22:57 Received ACK for chunk 7234/10240
Received chunk 7235/10240: fixtures/large_file.bin
2025/04/30 15:22:57 Sent ACK for chunk 7234
2025/04/30 15:22:57 Received ACK for chunk 7235/10240
Received chunk 7236/10240: fixtures/large_file.bin
2025/04/30 15:22:57 Sent ACK for chunk 7235
2025/04/30 15:22:57 Received ACK for chunk 7236/10240
Received chunk 7237/10240: fixtures/large_file.bin
2025/04/30 15:22:57 Sent ACK for chunk 7236
2025/04/30 15:22:57 Received ACK for chunk 7237/10240
Received chunk 7238/10240: fixtures/large_file.bin
2025/04/30 15:22:57 Sent ACK for chunk 7237
2025/04/30 15:22:57 Received ACK for chunk 7238/10240
Received chunk 7239/10240: fixtures/large_file.bin
2025/04/30 15:22:57 Sent ACK for chunk 7238
2025/04/30 15:22:57 Received ACK for chunk 7239/10240
Received chunk 7240/10240: fixtures/large_file.bin
2025/04/30 15:22:57 Sent ACK for chunk 7239
2025/04/30 15:22:57 Received ACK for chunk 7240/10240
Received chunk 7241/10240: fixtures/large_file.bin
2025/04/30 15:22:57 Sent ACK for chunk 7240
2025/04/30 15:22:57 Received ACK for chunk 7241/10240
Received chunk 7242/10240: fixtures/large_file.bin
2025/04/30 15:22:57 Sent ACK for chunk 7241
2025/04/30 15:22:57 Received ACK for chunk 7242/10240
Received chunk 7243/10240: fixtures/large_file.bin
2025/04/30 15:22:57 Sent ACK for chunk 7242
2025/04/30 15:22:57 Received ACK for chunk 7243/10240
Received chunk 7244/10240: fixtures/large_file.bin
2025/04/30 15:22:57 Sent ACK for chunk 7243
2025/04/30 15:22:57 Received ACK for chunk 7244/10240
Received chunk 7245/10240: fixtures/large_file.bin
2025/04/30 15:22:57 Sent ACK for chunk 7244
2025/04/30 15:22:57 Received ACK for chunk 7245/10240
Received chunk 7246/10240: fixtures/large_file.bin
2025/04/30 15:22:57 Sent ACK for chunk 7245
2025/04/30 15:22:57 Received ACK for chunk 7246/10240
Received chunk 7247/10240: fixtures/large_file.bin
2025/04/30 15:22:57 Sent ACK for chunk 7246
2025/04/30 15:22:57 Received ACK for chunk 7247/10240
Received chunk 7248/10240: fixtures/large_file.bin
2025/04/30 15:22:57 Sent ACK for chunk 7247
2025/04/30 15:22:57 Received ACK for chunk 7248/10240
Received chunk 7249/10240: fixtures/large_file.bin
2025/04/30 15:22:57 Sent ACK for chunk 7248
2025/04/30 15:22:57 Received ACK for chunk 7249/10240
Received chunk 7250/10240: fixtures/large_file.bin
2025/04/30 15:22:57 Sent ACK for chunk 7249
2025/04/30 15:22:57 Received ACK for chunk 7250/10240
Received chunk 7251/10240: fixtures/large_file.bin
2025/04/30 15:22:57 Sent ACK for chunk 7250
2025/04/30 15:22:57 Received ACK for chunk 7251/10240
Received chunk 7252/10240: fixtures/large_file.bin
2025/04/30 15:22:57 Sent ACK for chunk 7251
2025/04/30 15:22:57 Received ACK for chunk 7252/10240
Received chunk 7253/10240: fixtures/large_file.bin
2025/04/30 15:22:57 Sent ACK for chunk 7252
2025/04/30 15:22:57 Received ACK for chunk 7253/10240
Received chunk 7254/10240: fixtures/large_file.bin
2025/04/30 15:22:57 Sent ACK for chunk 7253
2025/04/30 15:22:57 Received ACK for chunk 7254/10240
Received chunk 7255/10240: fixtures/large_file.bin
2025/04/30 15:22:57 Sent ACK for chunk 7254
2025/04/30 15:22:57 Received ACK for chunk 7255/10240
Received chunk 7256/10240: fixtures/large_file.bin
2025/04/30 15:22:57 Sent ACK for chunk 7255
2025/04/30 15:22:57 Received ACK for chunk 7256/10240
Received chunk 7257/10240: fixtures/large_file.bin
2025/04/30 15:22:57 Sent ACK for chunk 7256
2025/04/30 15:22:57 Received ACK for chunk 7257/10240
Received chunk 7258/10240: fixtures/large_file.bin
2025/04/30 15:22:57 Sent ACK for chunk 7257
2025/04/30 15:22:57 Received ACK for chunk 7258/10240
Received chunk 7259/10240: fixtures/large_file.bin
2025/04/30 15:22:57 Sent ACK for chunk 7258
2025/04/30 15:22:57 Received ACK for chunk 7259/10240
Received chunk 7260/10240: fixtures/large_file.bin
2025/04/30 15:22:57 Sent ACK for chunk 7259
2025/04/30 15:22:57 Received ACK for chunk 7260/10240
Received chunk 7261/10240: fixtures/large_file.bin
2025/04/30 15:22:57 Sent ACK for chunk 7260
2025/04/30 15:22:57 Received ACK for chunk 7261/10240
Received chunk 7262/10240: fixtures/large_file.bin
2025/04/30 15:22:57 Sent ACK for chunk 7261
2025/04/30 15:22:57 Received ACK for chunk 7262/10240
Received chunk 7263/10240: fixtures/large_file.bin
2025/04/30 15:22:57 Sent ACK for chunk 7262
2025/04/30 15:22:57 Received ACK for chunk 7263/10240
Received chunk 7264/10240: fixtures/large_file.bin
2025/04/30 15:22:57 Sent ACK for chunk 7263
2025/04/30 15:22:57 Received ACK for chunk 7264/10240
Received chunk 7265/10240: fixtures/large_file.bin
2025/04/30 15:22:57 Sent ACK for chunk 7264
2025/04/30 15:22:57 Received ACK for chunk 7265/10240
Received chunk 7266/10240: fixtures/large_file.bin
2025/04/30 15:22:57 Sent ACK for chunk 7265
2025/04/30 15:22:57 Received ACK for chunk 7266/10240
Received chunk 7267/10240: fixtures/large_file.bin
2025/04/30 15:22:57 Sent ACK for chunk 7266
2025/04/30 15:22:57 Received ACK for chunk 7267/10240
Received chunk 7268/10240: fixtures/large_file.bin
2025/04/30 15:22:57 Sent ACK for chunk 7267
2025/04/30 15:22:57 Received ACK for chunk 7268/10240
Received chunk 7269/10240: fixtures/large_file.bin
2025/04/30 15:22:57 Sent ACK for chunk 7268
2025/04/30 15:22:57 Received ACK for chunk 7269/10240
Received chunk 7270/10240: fixtures/large_file.bin
2025/04/30 15:22:57 Sent ACK for chunk 7269
2025/04/30 15:22:57 Received ACK for chunk 7270/10240
Received chunk 7271/10240: fixtures/large_file.bin
2025/04/30 15:22:57 Sent ACK for chunk 7270
2025/04/30 15:22:57 Received ACK for chunk 7271/10240
Received chunk 7272/10240: fixtures/large_file.bin
2025/04/30 15:22:57 Sent ACK for chunk 7271
2025/04/30 15:22:57 Received ACK for chunk 7272/10240
Received chunk 7273/10240: fixtures/large_file.bin
2025/04/30 15:22:57 Sent ACK for chunk 7272
2025/04/30 15:22:57 Received ACK for chunk 7273/10240
Received chunk 7274/10240: fixtures/large_file.bin
2025/04/30 15:22:57 Sent ACK for chunk 7273
2025/04/30 15:22:57 Received ACK for chunk 7274/10240
Received chunk 7275/10240: fixtures/large_file.bin
2025/04/30 15:22:57 Sent ACK for chunk 7274
2025/04/30 15:22:57 Received ACK for chunk 7275/10240
Received chunk 7276/10240: fixtures/large_file.bin
2025/04/30 15:22:57 Sent ACK for chunk 7275
2025/04/30 15:22:57 Received ACK for chunk 7276/10240
Received chunk 7277/10240: fixtures/large_file.bin
2025/04/30 15:22:57 Sent ACK for chunk 7276
2025/04/30 15:22:57 Received ACK for chunk 7277/10240
Received chunk 7278/10240: fixtures/large_file.bin
2025/04/30 15:22:57 Sent ACK for chunk 7277
2025/04/30 15:22:57 Received ACK for chunk 7278/10240
Received chunk 7279/10240: fixtures/large_file.bin
2025/04/30 15:22:57 Sent ACK for chunk 7278
2025/04/30 15:22:57 Received ACK for chunk 7279/10240
Received chunk 7280/10240: fixtures/large_file.bin
2025/04/30 15:22:57 Sent ACK for chunk 7279
2025/04/30 15:22:57 Received ACK for chunk 7280/10240
Received chunk 7281/10240: fixtures/large_file.bin
2025/04/30 15:22:57 Sent ACK for chunk 7280
2025/04/30 15:22:57 Received ACK for chunk 7281/10240
Received chunk 7282/10240: fixtures/large_file.bin
2025/04/30 15:22:57 Sent ACK for chunk 7281
2025/04/30 15:22:57 Received ACK for chunk 7282/10240
Received chunk 7283/10240: fixtures/large_file.bin
2025/04/30 15:22:57 Sent ACK for chunk 7282
2025/04/30 15:22:57 Received ACK for chunk 7283/10240
Received chunk 7284/10240: fixtures/large_file.bin
2025/04/30 15:22:57 Sent ACK for chunk 7283
2025/04/30 15:22:57 Received ACK for chunk 7284/10240
Received chunk 7285/10240: fixtures/large_file.bin
2025/04/30 15:22:57 Sent ACK for chunk 7284
2025/04/30 15:22:57 Received ACK for chunk 7285/10240
Received chunk 7286/10240: fixtures/large_file.bin
2025/04/30 15:22:57 Sent ACK for chunk 7285
2025/04/30 15:22:57 Received ACK for chunk 7286/10240
Received chunk 7287/10240: fixtures/large_file.bin
2025/04/30 15:22:57 Sent ACK for chunk 7286
2025/04/30 15:22:57 Received ACK for chunk 7287/10240
Received chunk 7288/10240: fixtures/large_file.bin
2025/04/30 15:22:57 Sent ACK for chunk 7287
2025/04/30 15:22:57 Received ACK for chunk 7288/10240
Received chunk 7289/10240: fixtures/large_file.bin
2025/04/30 15:22:57 Sent ACK for chunk 7288
2025/04/30 15:22:57 Received ACK for chunk 7289/10240
Received chunk 7290/10240: fixtures/large_file.bin
2025/04/30 15:22:57 Sent ACK for chunk 7289
2025/04/30 15:22:57 Received ACK for chunk 7290/10240
Received chunk 7291/10240: fixtures/large_file.bin
2025/04/30 15:22:57 Sent ACK for chunk 7290
2025/04/30 15:22:57 Received ACK for chunk 7291/10240
Received chunk 7292/10240: fixtures/large_file.bin
2025/04/30 15:22:57 Sent ACK for chunk 7291
2025/04/30 15:22:57 Received ACK for chunk 7292/10240
Received chunk 7293/10240: fixtures/large_file.bin
2025/04/30 15:22:57 Sent ACK for chunk 7292
2025/04/30 15:22:57 Received ACK for chunk 7293/10240
Received chunk 7294/10240: fixtures/large_file.bin
2025/04/30 15:22:57 Sent ACK for chunk 7293
2025/04/30 15:22:57 Received ACK for chunk 7294/10240
Received chunk 7295/10240: fixtures/large_file.bin
2025/04/30 15:22:57 Sent ACK for chunk 7294
2025/04/30 15:22:57 Received ACK for chunk 7295/10240
Received chunk 7296/10240: fixtures/large_file.bin
2025/04/30 15:22:57 Sent ACK for chunk 7295
2025/04/30 15:22:57 Received ACK for chunk 7296/10240
Received chunk 7297/10240: fixtures/large_file.bin
2025/04/30 15:22:57 Sent ACK for chunk 7296
2025/04/30 15:22:57 Received ACK for chunk 7297/10240
Received chunk 7298/10240: fixtures/large_file.bin
2025/04/30 15:22:57 Sent ACK for chunk 7297
2025/04/30 15:22:57 Received ACK for chunk 7298/10240
Received chunk 7299/10240: fixtures/large_file.bin
2025/04/30 15:22:57 Sent ACK for chunk 7298
2025/04/30 15:22:57 Received ACK for chunk 7299/10240
Received chunk 7300/10240: fixtures/large_file.bin
2025/04/30 15:22:57 Sent ACK for chunk 7299
2025/04/30 15:22:57 Received ACK for chunk 7300/10240
Received chunk 7301/10240: fixtures/large_file.bin
2025/04/30 15:22:57 Sent ACK for chunk 7300
2025/04/30 15:22:57 Received ACK for chunk 7301/10240
Received chunk 7302/10240: fixtures/large_file.bin
2025/04/30 15:22:57 Sent ACK for chunk 7301
2025/04/30 15:22:57 Received ACK for chunk 7302/10240
Received chunk 7303/10240: fixtures/large_file.bin
2025/04/30 15:22:57 Sent ACK for chunk 7302
2025/04/30 15:22:57 Received ACK for chunk 7303/10240
Received chunk 7304/10240: fixtures/large_file.bin
2025/04/30 15:22:57 Sent ACK for chunk 7303
2025/04/30 15:22:57 Received ACK for chunk 7304/10240
Received chunk 7305/10240: fixtures/large_file.bin
2025/04/30 15:22:57 Sent ACK for chunk 7304
2025/04/30 15:22:57 Received ACK for chunk 7305/10240
Received chunk 7306/10240: fixtures/large_file.bin
2025/04/30 15:22:57 Sent ACK for chunk 7305
2025/04/30 15:22:57 Received ACK for chunk 7306/10240
Received chunk 7307/10240: fixtures/large_file.bin
2025/04/30 15:22:57 Sent ACK for chunk 7306
2025/04/30 15:22:57 Received ACK for chunk 7307/10240
Received chunk 7308/10240: fixtures/large_file.bin
2025/04/30 15:22:57 Sent ACK for chunk 7307
2025/04/30 15:22:57 Received ACK for chunk 7308/10240
Received chunk 7309/10240: fixtures/large_file.bin
2025/04/30 15:22:57 Sent ACK for chunk 7308
2025/04/30 15:22:57 Received ACK for chunk 7309/10240
Received chunk 7310/10240: fixtures/large_file.bin
2025/04/30 15:22:57 Sent ACK for chunk 7309
2025/04/30 15:22:57 Received ACK for chunk 7310/10240
Received chunk 7311/10240: fixtures/large_file.bin
2025/04/30 15:22:57 Sent ACK for chunk 7310
2025/04/30 15:22:57 Received ACK for chunk 7311/10240
Received chunk 7312/10240: fixtures/large_file.bin
2025/04/30 15:22:57 Sent ACK for chunk 7311
2025/04/30 15:22:57 Received ACK for chunk 7312/10240
Received chunk 7313/10240: fixtures/large_file.bin
2025/04/30 15:22:57 Sent ACK for chunk 7312
2025/04/30 15:22:57 Received ACK for chunk 7313/10240
Received chunk 7314/10240: fixtures/large_file.bin
2025/04/30 15:22:57 Sent ACK for chunk 7313
2025/04/30 15:22:57 Received ACK for chunk 7314/10240
Received chunk 7315/10240: fixtures/large_file.bin
2025/04/30 15:22:57 Sent ACK for chunk 7314
2025/04/30 15:22:57 Received ACK for chunk 7315/10240
Received chunk 7316/10240: fixtures/large_file.bin
2025/04/30 15:22:57 Sent ACK for chunk 7315
2025/04/30 15:22:57 Received ACK for chunk 7316/10240
Received chunk 7317/10240: fixtures/large_file.bin
2025/04/30 15:22:57 Sent ACK for chunk 7316
2025/04/30 15:22:57 Received ACK for chunk 7317/10240
Received chunk 7318/10240: fixtures/large_file.bin
2025/04/30 15:22:57 Sent ACK for chunk 7317
2025/04/30 15:22:57 Received ACK for chunk 7318/10240
Received chunk 7319/10240: fixtures/large_file.bin
2025/04/30 15:22:57 Sent ACK for chunk 7318
2025/04/30 15:22:57 Received ACK for chunk 7319/10240
Received chunk 7320/10240: fixtures/large_file.bin
2025/04/30 15:22:57 Sent ACK for chunk 7319
2025/04/30 15:22:57 Received ACK for chunk 7320/10240
Received chunk 7321/10240: fixtures/large_file.bin
2025/04/30 15:22:57 Sent ACK for chunk 7320
2025/04/30 15:22:57 Received ACK for chunk 7321/10240
Received chunk 7322/10240: fixtures/large_file.bin
2025/04/30 15:22:57 Sent ACK for chunk 7321
2025/04/30 15:22:57 Received ACK for chunk 7322/10240
Received chunk 7323/10240: fixtures/large_file.bin
2025/04/30 15:22:57 Sent ACK for chunk 7322
2025/04/30 15:22:57 Received ACK for chunk 7323/10240
Received chunk 7324/10240: fixtures/large_file.bin
2025/04/30 15:22:57 Sent ACK for chunk 7323
2025/04/30 15:22:57 Received ACK for chunk 7324/10240
Received chunk 7325/10240: fixtures/large_file.bin
2025/04/30 15:22:57 Sent ACK for chunk 7324
2025/04/30 15:22:57 Received ACK for chunk 7325/10240
Received chunk 7326/10240: fixtures/large_file.bin
2025/04/30 15:22:57 Sent ACK for chunk 7325
2025/04/30 15:22:57 Received ACK for chunk 7326/10240
Received chunk 7327/10240: fixtures/large_file.bin
2025/04/30 15:22:57 Sent ACK for chunk 7326
2025/04/30 15:22:57 Received ACK for chunk 7327/10240
Received chunk 7328/10240: fixtures/large_file.bin
2025/04/30 15:22:57 Sent ACK for chunk 7327
2025/04/30 15:22:57 Received ACK for chunk 7328/10240
Received chunk 7329/10240: fixtures/large_file.bin
2025/04/30 15:22:57 Sent ACK for chunk 7328
2025/04/30 15:22:57 Received ACK for chunk 7329/10240
Received chunk 7330/10240: fixtures/large_file.bin
2025/04/30 15:22:57 Sent ACK for chunk 7329
2025/04/30 15:22:57 Received ACK for chunk 7330/10240
Received chunk 7331/10240: fixtures/large_file.bin
2025/04/30 15:22:57 Sent ACK for chunk 7330
2025/04/30 15:22:57 Received ACK for chunk 7331/10240
Received chunk 7332/10240: fixtures/large_file.bin
2025/04/30 15:22:57 Sent ACK for chunk 7331
2025/04/30 15:22:57 Received ACK for chunk 7332/10240
Received chunk 7333/10240: fixtures/large_file.bin
2025/04/30 15:22:57 Sent ACK for chunk 7332
2025/04/30 15:22:57 Received ACK for chunk 7333/10240
Received chunk 7334/10240: fixtures/large_file.bin
2025/04/30 15:22:57 Sent ACK for chunk 7333
2025/04/30 15:22:57 Received ACK for chunk 7334/10240
Received chunk 7335/10240: fixtures/large_file.bin
2025/04/30 15:22:57 Sent ACK for chunk 7334
2025/04/30 15:22:57 Received ACK for chunk 7335/10240
Received chunk 7336/10240: fixtures/large_file.bin
2025/04/30 15:22:57 Sent ACK for chunk 7335
2025/04/30 15:22:57 Received ACK for chunk 7336/10240
Received chunk 7337/10240: fixtures/large_file.bin
2025/04/30 15:22:57 Sent ACK for chunk 7336
2025/04/30 15:22:57 Received ACK for chunk 7337/10240
Received chunk 7338/10240: fixtures/large_file.bin
2025/04/30 15:22:57 Sent ACK for chunk 7337
2025/04/30 15:22:57 Received ACK for chunk 7338/10240
Received chunk 7339/10240: fixtures/large_file.bin
2025/04/30 15:22:57 Sent ACK for chunk 7338
2025/04/30 15:22:57 Received ACK for chunk 7339/10240
Received chunk 7340/10240: fixtures/large_file.bin
2025/04/30 15:22:57 Sent ACK for chunk 7339
2025/04/30 15:22:57 Received ACK for chunk 7340/10240
Received chunk 7341/10240: fixtures/large_file.bin
2025/04/30 15:22:57 Sent ACK for chunk 7340
2025/04/30 15:22:57 Received ACK for chunk 7341/10240
Received chunk 7342/10240: fixtures/large_file.bin
2025/04/30 15:22:57 Sent ACK for chunk 7341
2025/04/30 15:22:57 Received ACK for chunk 7342/10240
Received chunk 7343/10240: fixtures/large_file.bin
2025/04/30 15:22:57 Sent ACK for chunk 7342
2025/04/30 15:22:57 Received ACK for chunk 7343/10240
Received chunk 7344/10240: fixtures/large_file.bin
2025/04/30 15:22:57 Sent ACK for chunk 7343
2025/04/30 15:22:57 Received ACK for chunk 7344/10240
Received chunk 7345/10240: fixtures/large_file.bin
2025/04/30 15:22:57 Sent ACK for chunk 7344
2025/04/30 15:22:57 Received ACK for chunk 7345/10240
Received chunk 7346/10240: fixtures/large_file.bin
2025/04/30 15:22:57 Sent ACK for chunk 7345
2025/04/30 15:22:57 Received ACK for chunk 7346/10240
Received chunk 7347/10240: fixtures/large_file.bin
2025/04/30 15:22:57 Sent ACK for chunk 7346
2025/04/30 15:22:57 Received ACK for chunk 7347/10240
Received chunk 7348/10240: fixtures/large_file.bin
2025/04/30 15:22:57 Sent ACK for chunk 7347
2025/04/30 15:22:57 Received ACK for chunk 7348/10240
Received chunk 7349/10240: fixtures/large_file.bin
2025/04/30 15:22:57 Sent ACK for chunk 7348
2025/04/30 15:22:57 Received ACK for chunk 7349/10240
Received chunk 7350/10240: fixtures/large_file.bin
2025/04/30 15:22:57 Sent ACK for chunk 7349
2025/04/30 15:22:57 Received ACK for chunk 7350/10240
Received chunk 7351/10240: fixtures/large_file.bin
2025/04/30 15:22:57 Sent ACK for chunk 7350
2025/04/30 15:22:57 Received ACK for chunk 7351/10240
Received chunk 7352/10240: fixtures/large_file.bin
2025/04/30 15:22:57 Sent ACK for chunk 7351
2025/04/30 15:22:57 Received ACK for chunk 7352/10240
Received chunk 7353/10240: fixtures/large_file.bin
2025/04/30 15:22:57 Sent ACK for chunk 7352
2025/04/30 15:22:57 Received ACK for chunk 7353/10240
Received chunk 7354/10240: fixtures/large_file.bin
2025/04/30 15:22:57 Sent ACK for chunk 7353
2025/04/30 15:22:57 Received ACK for chunk 7354/10240
Received chunk 7355/10240: fixtures/large_file.bin
2025/04/30 15:22:57 Sent ACK for chunk 7354
2025/04/30 15:22:57 Received ACK for chunk 7355/10240
Received chunk 7356/10240: fixtures/large_file.bin
2025/04/30 15:22:57 Sent ACK for chunk 7355
2025/04/30 15:22:57 Received ACK for chunk 7356/10240
Received chunk 7357/10240: fixtures/large_file.bin
2025/04/30 15:22:57 Sent ACK for chunk 7356
2025/04/30 15:22:57 Received ACK for chunk 7357/10240
Received chunk 7358/10240: fixtures/large_file.bin
2025/04/30 15:22:57 Sent ACK for chunk 7357
2025/04/30 15:22:57 Received ACK for chunk 7358/10240
Received chunk 7359/10240: fixtures/large_file.bin
2025/04/30 15:22:57 Sent ACK for chunk 7358
2025/04/30 15:22:57 Received ACK for chunk 7359/10240
Received chunk 7360/10240: fixtures/large_file.bin
2025/04/30 15:22:57 Sent ACK for chunk 7359
2025/04/30 15:22:57 Received ACK for chunk 7360/10240
Received chunk 7361/10240: fixtures/large_file.bin
2025/04/30 15:22:57 Sent ACK for chunk 7360
2025/04/30 15:22:57 Received ACK for chunk 7361/10240
Received chunk 7362/10240: fixtures/large_file.bin
2025/04/30 15:22:57 Sent ACK for chunk 7361
2025/04/30 15:22:57 Received ACK for chunk 7362/10240
Received chunk 7363/10240: fixtures/large_file.bin
2025/04/30 15:22:57 Sent ACK for chunk 7362
2025/04/30 15:22:57 Received ACK for chunk 7363/10240
Received chunk 7364/10240: fixtures/large_file.bin
2025/04/30 15:22:57 Sent ACK for chunk 7363
2025/04/30 15:22:57 Received ACK for chunk 7364/10240
Received chunk 7365/10240: fixtures/large_file.bin
2025/04/30 15:22:57 Sent ACK for chunk 7364
2025/04/30 15:22:57 Received ACK for chunk 7365/10240
Received chunk 7366/10240: fixtures/large_file.bin
2025/04/30 15:22:57 Sent ACK for chunk 7365
2025/04/30 15:22:57 Received ACK for chunk 7366/10240
Received chunk 7367/10240: fixtures/large_file.bin
2025/04/30 15:22:57 Sent ACK for chunk 7366
2025/04/30 15:22:57 Received ACK for chunk 7367/10240
Received chunk 7368/10240: fixtures/large_file.bin
2025/04/30 15:22:57 Sent ACK for chunk 7367
2025/04/30 15:22:57 Received ACK for chunk 7368/10240
Received chunk 7369/10240: fixtures/large_file.bin
2025/04/30 15:22:57 Sent ACK for chunk 7368
2025/04/30 15:22:57 Received ACK for chunk 7369/10240
Received chunk 7370/10240: fixtures/large_file.bin
2025/04/30 15:22:57 Sent ACK for chunk 7369
2025/04/30 15:22:57 Received ACK for chunk 7370/10240
Received chunk 7371/10240: fixtures/large_file.bin
2025/04/30 15:22:57 Sent ACK for chunk 7370
2025/04/30 15:22:57 Received ACK for chunk 7371/10240
Received chunk 7372/10240: fixtures/large_file.bin
2025/04/30 15:22:57 Sent ACK for chunk 7371
2025/04/30 15:22:57 Received ACK for chunk 7372/10240
Received chunk 7373/10240: fixtures/large_file.bin
2025/04/30 15:22:57 Sent ACK for chunk 7372
2025/04/30 15:22:57 Received ACK for chunk 7373/10240
Received chunk 7374/10240: fixtures/large_file.bin
2025/04/30 15:22:57 Sent ACK for chunk 7373
2025/04/30 15:22:57 Received ACK for chunk 7374/10240
Received chunk 7375/10240: fixtures/large_file.bin
2025/04/30 15:22:57 Sent ACK for chunk 7374
2025/04/30 15:22:57 Received ACK for chunk 7375/10240
Received chunk 7376/10240: fixtures/large_file.bin
2025/04/30 15:22:57 Sent ACK for chunk 7375
2025/04/30 15:22:57 Received ACK for chunk 7376/10240
Received chunk 7377/10240: fixtures/large_file.bin
2025/04/30 15:22:57 Sent ACK for chunk 7376
2025/04/30 15:22:57 Received ACK for chunk 7377/10240
Received chunk 7378/10240: fixtures/large_file.bin
2025/04/30 15:22:57 Sent ACK for chunk 7377
2025/04/30 15:22:57 Received ACK for chunk 7378/10240
Received chunk 7379/10240: fixtures/large_file.bin
2025/04/30 15:22:57 Sent ACK for chunk 7378
2025/04/30 15:22:57 Received ACK for chunk 7379/10240
Received chunk 7380/10240: fixtures/large_file.bin
2025/04/30 15:22:57 Sent ACK for chunk 7379
2025/04/30 15:22:57 Received ACK for chunk 7380/10240
Received chunk 7381/10240: fixtures/large_file.bin
2025/04/30 15:22:57 Sent ACK for chunk 7380
2025/04/30 15:22:57 Received ACK for chunk 7381/10240
Received chunk 7382/10240: fixtures/large_file.bin
2025/04/30 15:22:57 Sent ACK for chunk 7381
2025/04/30 15:22:57 Received ACK for chunk 7382/10240
Received chunk 7383/10240: fixtures/large_file.bin
2025/04/30 15:22:57 Sent ACK for chunk 7382
2025/04/30 15:22:57 Received ACK for chunk 7383/10240
Received chunk 7384/10240: fixtures/large_file.bin
2025/04/30 15:22:57 Sent ACK for chunk 7383
2025/04/30 15:22:57 Received ACK for chunk 7384/10240
Received chunk 7385/10240: fixtures/large_file.bin
2025/04/30 15:22:57 Sent ACK for chunk 7384
2025/04/30 15:22:57 Received ACK for chunk 7385/10240
Received chunk 7386/10240: fixtures/large_file.bin
2025/04/30 15:22:57 Sent ACK for chunk 7385
2025/04/30 15:22:57 Received ACK for chunk 7386/10240
Received chunk 7387/10240: fixtures/large_file.bin
2025/04/30 15:22:57 Sent ACK for chunk 7386
2025/04/30 15:22:57 Received ACK for chunk 7387/10240
Received chunk 7388/10240: fixtures/large_file.bin
2025/04/30 15:22:57 Sent ACK for chunk 7387
2025/04/30 15:22:57 Received ACK for chunk 7388/10240
Received chunk 7389/10240: fixtures/large_file.bin
2025/04/30 15:22:57 Sent ACK for chunk 7388
2025/04/30 15:22:57 Received ACK for chunk 7389/10240
Received chunk 7390/10240: fixtures/large_file.bin
2025/04/30 15:22:57 Sent ACK for chunk 7389
2025/04/30 15:22:57 Received ACK for chunk 7390/10240
Received chunk 7391/10240: fixtures/large_file.bin
2025/04/30 15:22:57 Sent ACK for chunk 7390
2025/04/30 15:22:57 Received ACK for chunk 7391/10240
Received chunk 7392/10240: fixtures/large_file.bin
2025/04/30 15:22:57 Sent ACK for chunk 7391
2025/04/30 15:22:57 Received ACK for chunk 7392/10240
Received chunk 7393/10240: fixtures/large_file.bin
2025/04/30 15:22:57 Sent ACK for chunk 7392
2025/04/30 15:22:57 Received ACK for chunk 7393/10240
Received chunk 7394/10240: fixtures/large_file.bin
2025/04/30 15:22:57 Sent ACK for chunk 7393
2025/04/30 15:22:57 Received ACK for chunk 7394/10240
Received chunk 7395/10240: fixtures/large_file.bin
2025/04/30 15:22:57 Sent ACK for chunk 7394
2025/04/30 15:22:57 Received ACK for chunk 7395/10240
Received chunk 7396/10240: fixtures/large_file.bin
2025/04/30 15:22:57 Sent ACK for chunk 7395
2025/04/30 15:22:57 Received ACK for chunk 7396/10240
Received chunk 7397/10240: fixtures/large_file.bin
2025/04/30 15:22:57 Sent ACK for chunk 7396
2025/04/30 15:22:57 Received ACK for chunk 7397/10240
Received chunk 7398/10240: fixtures/large_file.bin
2025/04/30 15:22:57 Sent ACK for chunk 7397
2025/04/30 15:22:57 Received ACK for chunk 7398/10240
Received chunk 7399/10240: fixtures/large_file.bin
2025/04/30 15:22:57 Sent ACK for chunk 7398
2025/04/30 15:22:57 Received ACK for chunk 7399/10240
Received chunk 7400/10240: fixtures/large_file.bin
2025/04/30 15:22:57 Sent ACK for chunk 7399
2025/04/30 15:22:57 Received ACK for chunk 7400/10240
Received chunk 7401/10240: fixtures/large_file.bin
2025/04/30 15:22:57 Sent ACK for chunk 7400
2025/04/30 15:22:57 Received ACK for chunk 7401/10240
Received chunk 7402/10240: fixtures/large_file.bin
2025/04/30 15:22:57 Sent ACK for chunk 7401
2025/04/30 15:22:57 Received ACK for chunk 7402/10240
Received chunk 7403/10240: fixtures/large_file.bin
2025/04/30 15:22:57 Sent ACK for chunk 7402
2025/04/30 15:22:57 Received ACK for chunk 7403/10240
Received chunk 7404/10240: fixtures/large_file.bin
2025/04/30 15:22:57 Sent ACK for chunk 7403
2025/04/30 15:22:57 Received ACK for chunk 7404/10240
Received chunk 7405/10240: fixtures/large_file.bin
2025/04/30 15:22:57 Sent ACK for chunk 7404
2025/04/30 15:22:57 Received ACK for chunk 7405/10240
Received chunk 7406/10240: fixtures/large_file.bin
2025/04/30 15:22:57 Sent ACK for chunk 7405
2025/04/30 15:22:57 Received ACK for chunk 7406/10240
Received chunk 7407/10240: fixtures/large_file.bin
2025/04/30 15:22:57 Sent ACK for chunk 7406
2025/04/30 15:22:57 Received ACK for chunk 7407/10240
Received chunk 7408/10240: fixtures/large_file.bin
2025/04/30 15:22:57 Sent ACK for chunk 7407
2025/04/30 15:22:57 Received ACK for chunk 7408/10240
Received chunk 7409/10240: fixtures/large_file.bin
2025/04/30 15:22:57 Sent ACK for chunk 7408
2025/04/30 15:22:57 Received ACK for chunk 7409/10240
Received chunk 7410/10240: fixtures/large_file.bin
2025/04/30 15:22:57 Sent ACK for chunk 7409
2025/04/30 15:22:57 Received ACK for chunk 7410/10240
Received chunk 7411/10240: fixtures/large_file.bin
2025/04/30 15:22:57 Sent ACK for chunk 7410
2025/04/30 15:22:57 Received ACK for chunk 7411/10240
Received chunk 7412/10240: fixtures/large_file.bin
2025/04/30 15:22:57 Sent ACK for chunk 7411
2025/04/30 15:22:57 Received ACK for chunk 7412/10240
Received chunk 7413/10240: fixtures/large_file.bin
2025/04/30 15:22:57 Sent ACK for chunk 7412
2025/04/30 15:22:57 Received ACK for chunk 7413/10240
Received chunk 7414/10240: fixtures/large_file.bin
2025/04/30 15:22:57 Sent ACK for chunk 7413
2025/04/30 15:22:57 Received ACK for chunk 7414/10240
Received chunk 7415/10240: fixtures/large_file.bin
2025/04/30 15:22:57 Sent ACK for chunk 7414
2025/04/30 15:22:57 Received ACK for chunk 7415/10240
Received chunk 7416/10240: fixtures/large_file.bin
2025/04/30 15:22:57 Sent ACK for chunk 7415
2025/04/30 15:22:57 Received ACK for chunk 7416/10240
Received chunk 7417/10240: fixtures/large_file.bin
2025/04/30 15:22:57 Sent ACK for chunk 7416
2025/04/30 15:22:57 Received ACK for chunk 7417/10240
Received chunk 7418/10240: fixtures/large_file.bin
2025/04/30 15:22:57 Sent ACK for chunk 7417
2025/04/30 15:22:57 Received ACK for chunk 7418/10240
Received chunk 7419/10240: fixtures/large_file.bin
2025/04/30 15:22:57 Sent ACK for chunk 7418
2025/04/30 15:22:57 Received ACK for chunk 7419/10240
Received chunk 7420/10240: fixtures/large_file.bin
2025/04/30 15:22:57 Sent ACK for chunk 7419
2025/04/30 15:22:57 Received ACK for chunk 7420/10240
Received chunk 7421/10240: fixtures/large_file.bin
2025/04/30 15:22:57 Sent ACK for chunk 7420
2025/04/30 15:22:57 Received ACK for chunk 7421/10240
Received chunk 7422/10240: fixtures/large_file.bin
2025/04/30 15:22:57 Sent ACK for chunk 7421
2025/04/30 15:22:57 Received ACK for chunk 7422/10240
Received chunk 7423/10240: fixtures/large_file.bin
2025/04/30 15:22:57 Sent ACK for chunk 7422
2025/04/30 15:22:57 Received ACK for chunk 7423/10240
Received chunk 7424/10240: fixtures/large_file.bin
2025/04/30 15:22:57 Sent ACK for chunk 7423
2025/04/30 15:22:57 Received ACK for chunk 7424/10240
Received chunk 7425/10240: fixtures/large_file.bin
2025/04/30 15:22:57 Sent ACK for chunk 7424
2025/04/30 15:22:57 Received ACK for chunk 7425/10240
Received chunk 7426/10240: fixtures/large_file.bin
2025/04/30 15:22:57 Sent ACK for chunk 7425
2025/04/30 15:22:57 Received ACK for chunk 7426/10240
Received chunk 7427/10240: fixtures/large_file.bin
2025/04/30 15:22:57 Sent ACK for chunk 7426
2025/04/30 15:22:57 Received ACK for chunk 7427/10240
Received chunk 7428/10240: fixtures/large_file.bin
2025/04/30 15:22:57 Sent ACK for chunk 7427
2025/04/30 15:22:57 Received ACK for chunk 7428/10240
Received chunk 7429/10240: fixtures/large_file.bin
2025/04/30 15:22:57 Sent ACK for chunk 7428
2025/04/30 15:22:57 Received ACK for chunk 7429/10240
Received chunk 7430/10240: fixtures/large_file.bin
2025/04/30 15:22:57 Sent ACK for chunk 7429
2025/04/30 15:22:57 Received ACK for chunk 7430/10240
Received chunk 7431/10240: fixtures/large_file.bin
2025/04/30 15:22:57 Sent ACK for chunk 7430
2025/04/30 15:22:57 Received ACK for chunk 7431/10240
Received chunk 7432/10240: fixtures/large_file.bin
2025/04/30 15:22:57 Sent ACK for chunk 7431
2025/04/30 15:22:57 Received ACK for chunk 7432/10240
Received chunk 7433/10240: fixtures/large_file.bin
2025/04/30 15:22:57 Sent ACK for chunk 7432
2025/04/30 15:22:57 Received ACK for chunk 7433/10240
Received chunk 7434/10240: fixtures/large_file.bin
2025/04/30 15:22:57 Sent ACK for chunk 7433
2025/04/30 15:22:57 Received ACK for chunk 7434/10240
Received chunk 7435/10240: fixtures/large_file.bin
2025/04/30 15:22:57 Sent ACK for chunk 7434
2025/04/30 15:22:57 Received ACK for chunk 7435/10240
Received chunk 7436/10240: fixtures/large_file.bin
2025/04/30 15:22:57 Sent ACK for chunk 7435
2025/04/30 15:22:57 Received ACK for chunk 7436/10240
Received chunk 7437/10240: fixtures/large_file.bin
2025/04/30 15:22:57 Sent ACK for chunk 7436
2025/04/30 15:22:57 Received ACK for chunk 7437/10240
Received chunk 7438/10240: fixtures/large_file.bin
2025/04/30 15:22:57 Sent ACK for chunk 7437
2025/04/30 15:22:57 Received ACK for chunk 7438/10240
Received chunk 7439/10240: fixtures/large_file.bin
2025/04/30 15:22:57 Sent ACK for chunk 7438
2025/04/30 15:22:57 Received ACK for chunk 7439/10240
Received chunk 7440/10240: fixtures/large_file.bin
2025/04/30 15:22:57 Sent ACK for chunk 7439
2025/04/30 15:22:57 Received ACK for chunk 7440/10240
Received chunk 7441/10240: fixtures/large_file.bin
2025/04/30 15:22:57 Sent ACK for chunk 7440
2025/04/30 15:22:57 Received ACK for chunk 7441/10240
Received chunk 7442/10240: fixtures/large_file.bin
2025/04/30 15:22:57 Sent ACK for chunk 7441
2025/04/30 15:22:57 Received ACK for chunk 7442/10240
Received chunk 7443/10240: fixtures/large_file.bin
2025/04/30 15:22:57 Sent ACK for chunk 7442
2025/04/30 15:22:57 Received ACK for chunk 7443/10240
Received chunk 7444/10240: fixtures/large_file.bin
2025/04/30 15:22:57 Sent ACK for chunk 7443
2025/04/30 15:22:57 Received ACK for chunk 7444/10240
Received chunk 7445/10240: fixtures/large_file.bin
2025/04/30 15:22:57 Sent ACK for chunk 7444
2025/04/30 15:22:57 Received ACK for chunk 7445/10240
Received chunk 7446/10240: fixtures/large_file.bin
2025/04/30 15:22:57 Sent ACK for chunk 7445
2025/04/30 15:22:57 Received ACK for chunk 7446/10240
Received chunk 7447/10240: fixtures/large_file.bin
2025/04/30 15:22:57 Sent ACK for chunk 7446
2025/04/30 15:22:57 Received ACK for chunk 7447/10240
Received chunk 7448/10240: fixtures/large_file.bin
2025/04/30 15:22:57 Sent ACK for chunk 7447
2025/04/30 15:22:57 Received ACK for chunk 7448/10240
Received chunk 7449/10240: fixtures/large_file.bin
2025/04/30 15:22:57 Sent ACK for chunk 7448
2025/04/30 15:22:57 Received ACK for chunk 7449/10240
Received chunk 7450/10240: fixtures/large_file.bin
2025/04/30 15:22:57 Sent ACK for chunk 7449
2025/04/30 15:22:57 Received ACK for chunk 7450/10240
Received chunk 7451/10240: fixtures/large_file.bin
2025/04/30 15:22:57 Sent ACK for chunk 7450
2025/04/30 15:22:57 Received ACK for chunk 7451/10240
Received chunk 7452/10240: fixtures/large_file.bin
2025/04/30 15:22:57 Sent ACK for chunk 7451
2025/04/30 15:22:57 Received ACK for chunk 7452/10240
Received chunk 7453/10240: fixtures/large_file.bin
2025/04/30 15:22:57 Sent ACK for chunk 7452
2025/04/30 15:22:57 Received ACK for chunk 7453/10240
Received chunk 7454/10240: fixtures/large_file.bin
2025/04/30 15:22:57 Sent ACK for chunk 7453
2025/04/30 15:22:57 Received ACK for chunk 7454/10240
Received chunk 7455/10240: fixtures/large_file.bin
2025/04/30 15:22:57 Sent ACK for chunk 7454
2025/04/30 15:22:57 Received ACK for chunk 7455/10240
Received chunk 7456/10240: fixtures/large_file.bin
2025/04/30 15:22:57 Sent ACK for chunk 7455
2025/04/30 15:22:57 Received ACK for chunk 7456/10240
Received chunk 7457/10240: fixtures/large_file.bin
2025/04/30 15:22:57 Sent ACK for chunk 7456
2025/04/30 15:22:57 Received ACK for chunk 7457/10240
Received chunk 7458/10240: fixtures/large_file.bin
2025/04/30 15:22:57 Sent ACK for chunk 7457
2025/04/30 15:22:57 Received ACK for chunk 7458/10240
Received chunk 7459/10240: fixtures/large_file.bin
2025/04/30 15:22:57 Sent ACK for chunk 7458
2025/04/30 15:22:57 Received ACK for chunk 7459/10240
Received chunk 7460/10240: fixtures/large_file.bin
2025/04/30 15:22:57 Sent ACK for chunk 7459
2025/04/30 15:22:57 Received ACK for chunk 7460/10240
Received chunk 7461/10240: fixtures/large_file.bin
2025/04/30 15:22:57 Sent ACK for chunk 7460
2025/04/30 15:22:57 Received ACK for chunk 7461/10240
Received chunk 7462/10240: fixtures/large_file.bin
2025/04/30 15:22:57 Sent ACK for chunk 7461
2025/04/30 15:22:57 Received ACK for chunk 7462/10240
Received chunk 7463/10240: fixtures/large_file.bin
2025/04/30 15:22:57 Sent ACK for chunk 7462
2025/04/30 15:22:57 Received ACK for chunk 7463/10240
Received chunk 7464/10240: fixtures/large_file.bin
2025/04/30 15:22:57 Sent ACK for chunk 7463
2025/04/30 15:22:57 Received ACK for chunk 7464/10240
Received chunk 7465/10240: fixtures/large_file.bin
2025/04/30 15:22:57 Sent ACK for chunk 7464
2025/04/30 15:22:57 Received ACK for chunk 7465/10240
Received chunk 7466/10240: fixtures/large_file.bin
2025/04/30 15:22:57 Sent ACK for chunk 7465
2025/04/30 15:22:57 Received ACK for chunk 7466/10240
Received chunk 7467/10240: fixtures/large_file.bin
2025/04/30 15:22:57 Sent ACK for chunk 7466
2025/04/30 15:22:57 Received ACK for chunk 7467/10240
Received chunk 7468/10240: fixtures/large_file.bin
2025/04/30 15:22:57 Sent ACK for chunk 7467
2025/04/30 15:22:57 Received ACK for chunk 7468/10240
Received chunk 7469/10240: fixtures/large_file.bin
2025/04/30 15:22:57 Sent ACK for chunk 7468
2025/04/30 15:22:57 Received ACK for chunk 7469/10240
Received chunk 7470/10240: fixtures/large_file.bin
2025/04/30 15:22:57 Sent ACK for chunk 7469
2025/04/30 15:22:57 Received ACK for chunk 7470/10240
Received chunk 7471/10240: fixtures/large_file.bin
2025/04/30 15:22:57 Sent ACK for chunk 7470
2025/04/30 15:22:57 Received ACK for chunk 7471/10240
Received chunk 7472/10240: fixtures/large_file.bin
2025/04/30 15:22:57 Sent ACK for chunk 7471
2025/04/30 15:22:57 Received ACK for chunk 7472/10240
Received chunk 7473/10240: fixtures/large_file.bin
2025/04/30 15:22:57 Sent ACK for chunk 7472
2025/04/30 15:22:57 Received ACK for chunk 7473/10240
Received chunk 7474/10240: fixtures/large_file.bin
2025/04/30 15:22:57 Sent ACK for chunk 7473
2025/04/30 15:22:57 Received ACK for chunk 7474/10240
Received chunk 7475/10240: fixtures/large_file.bin
2025/04/30 15:22:57 Sent ACK for chunk 7474
2025/04/30 15:22:57 Received ACK for chunk 7475/10240
Received chunk 7476/10240: fixtures/large_file.bin
2025/04/30 15:22:57 Sent ACK for chunk 7475
2025/04/30 15:22:57 Received ACK for chunk 7476/10240
Received chunk 7477/10240: fixtures/large_file.bin
2025/04/30 15:22:57 Sent ACK for chunk 7476
2025/04/30 15:22:57 Received ACK for chunk 7477/10240
Received chunk 7478/10240: fixtures/large_file.bin
2025/04/30 15:22:57 Sent ACK for chunk 7477
2025/04/30 15:22:57 Received ACK for chunk 7478/10240
Received chunk 7479/10240: fixtures/large_file.bin
2025/04/30 15:22:57 Sent ACK for chunk 7478
2025/04/30 15:22:57 Received ACK for chunk 7479/10240
Received chunk 7480/10240: fixtures/large_file.bin
2025/04/30 15:22:57 Sent ACK for chunk 7479
2025/04/30 15:22:57 Received ACK for chunk 7480/10240
Received chunk 7481/10240: fixtures/large_file.bin
2025/04/30 15:22:57 Sent ACK for chunk 7480
2025/04/30 15:22:57 Received ACK for chunk 7481/10240
Received chunk 7482/10240: fixtures/large_file.bin
2025/04/30 15:22:57 Sent ACK for chunk 7481
2025/04/30 15:22:57 Received ACK for chunk 7482/10240
Received chunk 7483/10240: fixtures/large_file.bin
2025/04/30 15:22:57 Sent ACK for chunk 7482
2025/04/30 15:22:57 Received ACK for chunk 7483/10240
Received chunk 7484/10240: fixtures/large_file.bin
2025/04/30 15:22:57 Sent ACK for chunk 7483
2025/04/30 15:22:57 Received ACK for chunk 7484/10240
Received chunk 7485/10240: fixtures/large_file.bin
2025/04/30 15:22:57 Sent ACK for chunk 7484
2025/04/30 15:22:57 Received ACK for chunk 7485/10240
Received chunk 7486/10240: fixtures/large_file.bin
2025/04/30 15:22:57 Sent ACK for chunk 7485
2025/04/30 15:22:57 Received ACK for chunk 7486/10240
Received chunk 7487/10240: fixtures/large_file.bin
2025/04/30 15:22:57 Sent ACK for chunk 7486
2025/04/30 15:22:57 Received ACK for chunk 7487/10240
Received chunk 7488/10240: fixtures/large_file.bin
2025/04/30 15:22:57 Sent ACK for chunk 7487
2025/04/30 15:22:57 Received ACK for chunk 7488/10240
Received chunk 7489/10240: fixtures/large_file.bin
2025/04/30 15:22:57 Sent ACK for chunk 7488
2025/04/30 15:22:57 Received ACK for chunk 7489/10240
Received chunk 7490/10240: fixtures/large_file.bin
2025/04/30 15:22:57 Sent ACK for chunk 7489
2025/04/30 15:22:57 Received ACK for chunk 7490/10240
Received chunk 7491/10240: fixtures/large_file.bin
2025/04/30 15:22:57 Sent ACK for chunk 7490
2025/04/30 15:22:57 Received ACK for chunk 7491/10240
Received chunk 7492/10240: fixtures/large_file.bin
2025/04/30 15:22:57 Sent ACK for chunk 7491
2025/04/30 15:22:57 Received ACK for chunk 7492/10240
Received chunk 7493/10240: fixtures/large_file.bin
2025/04/30 15:22:57 Sent ACK for chunk 7492
2025/04/30 15:22:57 Received ACK for chunk 7493/10240
Received chunk 7494/10240: fixtures/large_file.bin
2025/04/30 15:22:57 Sent ACK for chunk 7493
2025/04/30 15:22:57 Received ACK for chunk 7494/10240
Received chunk 7495/10240: fixtures/large_file.bin
2025/04/30 15:22:57 Sent ACK for chunk 7494
2025/04/30 15:22:57 Received ACK for chunk 7495/10240
Received chunk 7496/10240: fixtures/large_file.bin
2025/04/30 15:22:57 Sent ACK for chunk 7495
2025/04/30 15:22:57 Received ACK for chunk 7496/10240
Received chunk 7497/10240: fixtures/large_file.bin
2025/04/30 15:22:57 Sent ACK for chunk 7496
2025/04/30 15:22:57 Received ACK for chunk 7497/10240
Received chunk 7498/10240: fixtures/large_file.bin
2025/04/30 15:22:57 Sent ACK for chunk 7497
2025/04/30 15:22:57 Received ACK for chunk 7498/10240
Received chunk 7499/10240: fixtures/large_file.bin
2025/04/30 15:22:57 Sent ACK for chunk 7498
2025/04/30 15:22:57 Received ACK for chunk 7499/10240
Received chunk 7500/10240: fixtures/large_file.bin
2025/04/30 15:22:57 Sent ACK for chunk 7499
2025/04/30 15:22:57 Received ACK for chunk 7500/10240
Received chunk 7501/10240: fixtures/large_file.bin
2025/04/30 15:22:57 Sent ACK for chunk 7500
2025/04/30 15:22:57 Received ACK for chunk 7501/10240
Received chunk 7502/10240: fixtures/large_file.bin
2025/04/30 15:22:57 Sent ACK for chunk 7501
2025/04/30 15:22:57 Received ACK for chunk 7502/10240
Received chunk 7503/10240: fixtures/large_file.bin
2025/04/30 15:22:57 Sent ACK for chunk 7502
2025/04/30 15:22:57 Received ACK for chunk 7503/10240
Received chunk 7504/10240: fixtures/large_file.bin
2025/04/30 15:22:57 Sent ACK for chunk 7503
2025/04/30 15:22:57 Received ACK for chunk 7504/10240
Received chunk 7505/10240: fixtures/large_file.bin
2025/04/30 15:22:57 Sent ACK for chunk 7504
2025/04/30 15:22:57 Received ACK for chunk 7505/10240
Received chunk 7506/10240: fixtures/large_file.bin
2025/04/30 15:22:57 Sent ACK for chunk 7505
2025/04/30 15:22:57 Received ACK for chunk 7506/10240
Received chunk 7507/10240: fixtures/large_file.bin
2025/04/30 15:22:57 Sent ACK for chunk 7506
2025/04/30 15:22:57 Received ACK for chunk 7507/10240
Received chunk 7508/10240: fixtures/large_file.bin
2025/04/30 15:22:57 Sent ACK for chunk 7507
2025/04/30 15:22:57 Received ACK for chunk 7508/10240
Received chunk 7509/10240: fixtures/large_file.bin
2025/04/30 15:22:57 Sent ACK for chunk 7508
2025/04/30 15:22:57 Received ACK for chunk 7509/10240
Received chunk 7510/10240: fixtures/large_file.bin
2025/04/30 15:22:57 Sent ACK for chunk 7509
2025/04/30 15:22:57 Received ACK for chunk 7510/10240
Received chunk 7511/10240: fixtures/large_file.bin
2025/04/30 15:22:57 Sent ACK for chunk 7510
2025/04/30 15:22:57 Received ACK for chunk 7511/10240
Received chunk 7512/10240: fixtures/large_file.bin
2025/04/30 15:22:57 Sent ACK for chunk 7511
2025/04/30 15:22:57 Received ACK for chunk 7512/10240
Received chunk 7513/10240: fixtures/large_file.bin
2025/04/30 15:22:57 Sent ACK for chunk 7512
2025/04/30 15:22:57 Received ACK for chunk 7513/10240
Received chunk 7514/10240: fixtures/large_file.bin
2025/04/30 15:22:57 Sent ACK for chunk 7513
2025/04/30 15:22:57 Received ACK for chunk 7514/10240
Received chunk 7515/10240: fixtures/large_file.bin
2025/04/30 15:22:57 Sent ACK for chunk 7514
2025/04/30 15:22:57 Received ACK for chunk 7515/10240
Received chunk 7516/10240: fixtures/large_file.bin
2025/04/30 15:22:57 Sent ACK for chunk 7515
2025/04/30 15:22:57 Received ACK for chunk 7516/10240
Received chunk 7517/10240: fixtures/large_file.bin
2025/04/30 15:22:57 Sent ACK for chunk 7516
2025/04/30 15:22:57 Received ACK for chunk 7517/10240
Received chunk 7518/10240: fixtures/large_file.bin
2025/04/30 15:22:57 Sent ACK for chunk 7517
2025/04/30 15:22:57 Received ACK for chunk 7518/10240
Received chunk 7519/10240: fixtures/large_file.bin
2025/04/30 15:22:57 Sent ACK for chunk 7518
2025/04/30 15:22:57 Received ACK for chunk 7519/10240
Received chunk 7520/10240: fixtures/large_file.bin
2025/04/30 15:22:57 Sent ACK for chunk 7519
2025/04/30 15:22:57 Received ACK for chunk 7520/10240
Received chunk 7521/10240: fixtures/large_file.bin
2025/04/30 15:22:57 Sent ACK for chunk 7520
2025/04/30 15:22:57 Received ACK for chunk 7521/10240
Received chunk 7522/10240: fixtures/large_file.bin
2025/04/30 15:22:57 Sent ACK for chunk 7521
2025/04/30 15:22:57 Received ACK for chunk 7522/10240
Received chunk 7523/10240: fixtures/large_file.bin
2025/04/30 15:22:57 Sent ACK for chunk 7522
2025/04/30 15:22:57 Received ACK for chunk 7523/10240
Received chunk 7524/10240: fixtures/large_file.bin
2025/04/30 15:22:57 Sent ACK for chunk 7523
2025/04/30 15:22:57 Received ACK for chunk 7524/10240
Received chunk 7525/10240: fixtures/large_file.bin
2025/04/30 15:22:57 Sent ACK for chunk 7524
2025/04/30 15:22:57 Received ACK for chunk 7525/10240
Received chunk 7526/10240: fixtures/large_file.bin
2025/04/30 15:22:57 Sent ACK for chunk 7525
2025/04/30 15:22:57 Received ACK for chunk 7526/10240
Received chunk 7527/10240: fixtures/large_file.bin
2025/04/30 15:22:57 Sent ACK for chunk 7526
2025/04/30 15:22:57 Received ACK for chunk 7527/10240
Received chunk 7528/10240: fixtures/large_file.bin
2025/04/30 15:22:57 Sent ACK for chunk 7527
2025/04/30 15:22:57 Received ACK for chunk 7528/10240
Received chunk 7529/10240: fixtures/large_file.bin
2025/04/30 15:22:57 Sent ACK for chunk 7528
2025/04/30 15:22:57 Received ACK for chunk 7529/10240
Received chunk 7530/10240: fixtures/large_file.bin
2025/04/30 15:22:57 Sent ACK for chunk 7529
2025/04/30 15:22:57 Received ACK for chunk 7530/10240
Received chunk 7531/10240: fixtures/large_file.bin
2025/04/30 15:22:57 Sent ACK for chunk 7530
2025/04/30 15:22:57 Received ACK for chunk 7531/10240
Received chunk 7532/10240: fixtures/large_file.bin
2025/04/30 15:22:57 Sent ACK for chunk 7531
2025/04/30 15:22:57 Received ACK for chunk 7532/10240
Received chunk 7533/10240: fixtures/large_file.bin
2025/04/30 15:22:57 Sent ACK for chunk 7532
2025/04/30 15:22:57 Received ACK for chunk 7533/10240
Received chunk 7534/10240: fixtures/large_file.bin
2025/04/30 15:22:57 Sent ACK for chunk 7533
2025/04/30 15:22:57 Received ACK for chunk 7534/10240
Received chunk 7535/10240: fixtures/large_file.bin
2025/04/30 15:22:57 Sent ACK for chunk 7534
2025/04/30 15:22:57 Received ACK for chunk 7535/10240
Received chunk 7536/10240: fixtures/large_file.bin
2025/04/30 15:22:57 Sent ACK for chunk 7535
2025/04/30 15:22:57 Received ACK for chunk 7536/10240
Received chunk 7537/10240: fixtures/large_file.bin
2025/04/30 15:22:57 Sent ACK for chunk 7536
2025/04/30 15:22:57 Received ACK for chunk 7537/10240
Received chunk 7538/10240: fixtures/large_file.bin
2025/04/30 15:22:57 Sent ACK for chunk 7537
2025/04/30 15:22:57 Received ACK for chunk 7538/10240
Received chunk 7539/10240: fixtures/large_file.bin
2025/04/30 15:22:57 Sent ACK for chunk 7538
2025/04/30 15:22:57 Received ACK for chunk 7539/10240
Received chunk 7540/10240: fixtures/large_file.bin
2025/04/30 15:22:57 Sent ACK for chunk 7539
2025/04/30 15:22:57 Received ACK for chunk 7540/10240
Received chunk 7541/10240: fixtures/large_file.bin
2025/04/30 15:22:57 Sent ACK for chunk 7540
2025/04/30 15:22:57 Received ACK for chunk 7541/10240
Received chunk 7542/10240: fixtures/large_file.bin
2025/04/30 15:22:57 Sent ACK for chunk 7541
2025/04/30 15:22:57 Received ACK for chunk 7542/10240
Received chunk 7543/10240: fixtures/large_file.bin
2025/04/30 15:22:57 Sent ACK for chunk 7542
2025/04/30 15:22:57 Received ACK for chunk 7543/10240
Received chunk 7544/10240: fixtures/large_file.bin
2025/04/30 15:22:57 Sent ACK for chunk 7543
2025/04/30 15:22:57 Received ACK for chunk 7544/10240
Received chunk 7545/10240: fixtures/large_file.bin
2025/04/30 15:22:57 Sent ACK for chunk 7544
2025/04/30 15:22:57 Received ACK for chunk 7545/10240
Received chunk 7546/10240: fixtures/large_file.bin
2025/04/30 15:22:57 Sent ACK for chunk 7545
2025/04/30 15:22:57 Received ACK for chunk 7546/10240
Received chunk 7547/10240: fixtures/large_file.bin
2025/04/30 15:22:57 Sent ACK for chunk 7546
2025/04/30 15:22:57 Received ACK for chunk 7547/10240
Received chunk 7548/10240: fixtures/large_file.bin
2025/04/30 15:22:57 Sent ACK for chunk 7547
2025/04/30 15:22:57 Received ACK for chunk 7548/10240
Received chunk 7549/10240: fixtures/large_file.bin
2025/04/30 15:22:57 Sent ACK for chunk 7548
2025/04/30 15:22:57 Received ACK for chunk 7549/10240
Received chunk 7550/10240: fixtures/large_file.bin
2025/04/30 15:22:57 Sent ACK for chunk 7549
2025/04/30 15:22:57 Received ACK for chunk 7550/10240
Received chunk 7551/10240: fixtures/large_file.bin
2025/04/30 15:22:57 Sent ACK for chunk 7550
2025/04/30 15:22:57 Received ACK for chunk 7551/10240
Received chunk 7552/10240: fixtures/large_file.bin
2025/04/30 15:22:57 Sent ACK for chunk 7551
2025/04/30 15:22:57 Received ACK for chunk 7552/10240
Received chunk 7553/10240: fixtures/large_file.bin
2025/04/30 15:22:57 Sent ACK for chunk 7552
2025/04/30 15:22:57 Received ACK for chunk 7553/10240
Received chunk 7554/10240: fixtures/large_file.bin
2025/04/30 15:22:57 Sent ACK for chunk 7553
2025/04/30 15:22:57 Received ACK for chunk 7554/10240
Received chunk 7555/10240: fixtures/large_file.bin
2025/04/30 15:22:57 Sent ACK for chunk 7554
2025/04/30 15:22:57 Received ACK for chunk 7555/10240
Received chunk 7556/10240: fixtures/large_file.bin
2025/04/30 15:22:57 Sent ACK for chunk 7555
2025/04/30 15:22:57 Received ACK for chunk 7556/10240
Received chunk 7557/10240: fixtures/large_file.bin
2025/04/30 15:22:57 Sent ACK for chunk 7556
2025/04/30 15:22:57 Received ACK for chunk 7557/10240
Received chunk 7558/10240: fixtures/large_file.bin
2025/04/30 15:22:57 Sent ACK for chunk 7557
2025/04/30 15:22:57 Received ACK for chunk 7558/10240
Received chunk 7559/10240: fixtures/large_file.bin
2025/04/30 15:22:57 Sent ACK for chunk 7558
2025/04/30 15:22:57 Received ACK for chunk 7559/10240
Received chunk 7560/10240: fixtures/large_file.bin
2025/04/30 15:22:57 Sent ACK for chunk 7559
2025/04/30 15:22:57 Received ACK for chunk 7560/10240
Received chunk 7561/10240: fixtures/large_file.bin
2025/04/30 15:22:57 Sent ACK for chunk 7560
2025/04/30 15:22:57 Received ACK for chunk 7561/10240
Received chunk 7562/10240: fixtures/large_file.bin
2025/04/30 15:22:57 Sent ACK for chunk 7561
2025/04/30 15:22:57 Received ACK for chunk 7562/10240
Received chunk 7563/10240: fixtures/large_file.bin
2025/04/30 15:22:57 Sent ACK for chunk 7562
2025/04/30 15:22:57 Received ACK for chunk 7563/10240
Received chunk 7564/10240: fixtures/large_file.bin
2025/04/30 15:22:57 Sent ACK for chunk 7563
2025/04/30 15:22:57 Received ACK for chunk 7564/10240
Received chunk 7565/10240: fixtures/large_file.bin
2025/04/30 15:22:57 Sent ACK for chunk 7564
2025/04/30 15:22:57 Received ACK for chunk 7565/10240
Received chunk 7566/10240: fixtures/large_file.bin
2025/04/30 15:22:57 Sent ACK for chunk 7565
2025/04/30 15:22:57 Received ACK for chunk 7566/10240
Received chunk 7567/10240: fixtures/large_file.bin
2025/04/30 15:22:57 Sent ACK for chunk 7566
2025/04/30 15:22:57 Received ACK for chunk 7567/10240
Received chunk 7568/10240: fixtures/large_file.bin
2025/04/30 15:22:57 Sent ACK for chunk 7567
2025/04/30 15:22:57 Received ACK for chunk 7568/10240
Received chunk 7569/10240: fixtures/large_file.bin
2025/04/30 15:22:57 Sent ACK for chunk 7568
2025/04/30 15:22:57 Received ACK for chunk 7569/10240
Received chunk 7570/10240: fixtures/large_file.bin
2025/04/30 15:22:57 Sent ACK for chunk 7569
2025/04/30 15:22:57 Received ACK for chunk 7570/10240
Received chunk 7571/10240: fixtures/large_file.bin
2025/04/30 15:22:57 Sent ACK for chunk 7570
2025/04/30 15:22:57 Received ACK for chunk 7571/10240
Received chunk 7572/10240: fixtures/large_file.bin
2025/04/30 15:22:57 Sent ACK for chunk 7571
2025/04/30 15:22:57 Received ACK for chunk 7572/10240
Received chunk 7573/10240: fixtures/large_file.bin
2025/04/30 15:22:57 Sent ACK for chunk 7572
2025/04/30 15:22:57 Received ACK for chunk 7573/10240
Received chunk 7574/10240: fixtures/large_file.bin
2025/04/30 15:22:57 Sent ACK for chunk 7573
2025/04/30 15:22:57 Received ACK for chunk 7574/10240
Received chunk 7575/10240: fixtures/large_file.bin
2025/04/30 15:22:57 Sent ACK for chunk 7574
2025/04/30 15:22:57 Received ACK for chunk 7575/10240
Received chunk 7576/10240: fixtures/large_file.bin
2025/04/30 15:22:57 Sent ACK for chunk 7575
2025/04/30 15:22:57 Received ACK for chunk 7576/10240
Received chunk 7577/10240: fixtures/large_file.bin
2025/04/30 15:22:57 Sent ACK for chunk 7576
2025/04/30 15:22:57 Received ACK for chunk 7577/10240
Received chunk 7578/10240: fixtures/large_file.bin
2025/04/30 15:22:57 Sent ACK for chunk 7577
2025/04/30 15:22:57 Received ACK for chunk 7578/10240
Received chunk 7579/10240: fixtures/large_file.bin
2025/04/30 15:22:57 Sent ACK for chunk 7578
2025/04/30 15:22:57 Received ACK for chunk 7579/10240
Received chunk 7580/10240: fixtures/large_file.bin
2025/04/30 15:22:57 Sent ACK for chunk 7579
2025/04/30 15:22:57 Received ACK for chunk 7580/10240
Received chunk 7581/10240: fixtures/large_file.bin
2025/04/30 15:22:57 Sent ACK for chunk 7580
2025/04/30 15:22:57 Received ACK for chunk 7581/10240
Received chunk 7582/10240: fixtures/large_file.bin
2025/04/30 15:22:57 Sent ACK for chunk 7581
2025/04/30 15:22:57 Received ACK for chunk 7582/10240
Received chunk 7583/10240: fixtures/large_file.bin
2025/04/30 15:22:57 Sent ACK for chunk 7582
2025/04/30 15:22:57 Received ACK for chunk 7583/10240
Received chunk 7584/10240: fixtures/large_file.bin
2025/04/30 15:22:57 Sent ACK for chunk 7583
2025/04/30 15:22:57 Received ACK for chunk 7584/10240
Received chunk 7585/10240: fixtures/large_file.bin
2025/04/30 15:22:57 Sent ACK for chunk 7584
2025/04/30 15:22:57 Received ACK for chunk 7585/10240
Received chunk 7586/10240: fixtures/large_file.bin
2025/04/30 15:22:57 Sent ACK for chunk 7585
2025/04/30 15:22:57 Received ACK for chunk 7586/10240
Received chunk 7587/10240: fixtures/large_file.bin
2025/04/30 15:22:57 Sent ACK for chunk 7586
2025/04/30 15:22:57 Received ACK for chunk 7587/10240
Received chunk 7588/10240: fixtures/large_file.bin
2025/04/30 15:22:57 Sent ACK for chunk 7587
2025/04/30 15:22:57 Received ACK for chunk 7588/10240
Received chunk 7589/10240: fixtures/large_file.bin
2025/04/30 15:22:57 Sent ACK for chunk 7588
2025/04/30 15:22:57 Received ACK for chunk 7589/10240
Received chunk 7590/10240: fixtures/large_file.bin
2025/04/30 15:22:57 Sent ACK for chunk 7589
2025/04/30 15:22:57 Received ACK for chunk 7590/10240
Received chunk 7591/10240: fixtures/large_file.bin
2025/04/30 15:22:57 Sent ACK for chunk 7590
2025/04/30 15:22:57 Received ACK for chunk 7591/10240
Received chunk 7592/10240: fixtures/large_file.bin
2025/04/30 15:22:57 Sent ACK for chunk 7591
2025/04/30 15:22:57 Received ACK for chunk 7592/10240
Received chunk 7593/10240: fixtures/large_file.bin
2025/04/30 15:22:57 Sent ACK for chunk 7592
2025/04/30 15:22:57 Received ACK for chunk 7593/10240
Received chunk 7594/10240: fixtures/large_file.bin
2025/04/30 15:22:57 Sent ACK for chunk 7593
2025/04/30 15:22:57 Received ACK for chunk 7594/10240
Received chunk 7595/10240: fixtures/large_file.bin
2025/04/30 15:22:57 Sent ACK for chunk 7594
2025/04/30 15:22:57 Received ACK for chunk 7595/10240
Received chunk 7596/10240: fixtures/large_file.bin
2025/04/30 15:22:57 Sent ACK for chunk 7595
2025/04/30 15:22:57 Received ACK for chunk 7596/10240
Received chunk 7597/10240: fixtures/large_file.bin
2025/04/30 15:22:57 Sent ACK for chunk 7596
2025/04/30 15:22:57 Received ACK for chunk 7597/10240
Received chunk 7598/10240: fixtures/large_file.bin
2025/04/30 15:22:57 Sent ACK for chunk 7597
2025/04/30 15:22:57 Received ACK for chunk 7598/10240
Received chunk 7599/10240: fixtures/large_file.bin
2025/04/30 15:22:57 Sent ACK for chunk 7598
2025/04/30 15:22:57 Received ACK for chunk 7599/10240
Received chunk 7600/10240: fixtures/large_file.bin
2025/04/30 15:22:57 Sent ACK for chunk 7599
2025/04/30 15:22:57 Received ACK for chunk 7600/10240
Received chunk 7601/10240: fixtures/large_file.bin
2025/04/30 15:22:57 Sent ACK for chunk 7600
2025/04/30 15:22:57 Received ACK for chunk 7601/10240
Received chunk 7602/10240: fixtures/large_file.bin
2025/04/30 15:22:57 Sent ACK for chunk 7601
2025/04/30 15:22:57 Received ACK for chunk 7602/10240
Received chunk 7603/10240: fixtures/large_file.bin
2025/04/30 15:22:57 Sent ACK for chunk 7602
2025/04/30 15:22:57 Received ACK for chunk 7603/10240
Received chunk 7604/10240: fixtures/large_file.bin
2025/04/30 15:22:57 Sent ACK for chunk 7603
2025/04/30 15:22:57 Received ACK for chunk 7604/10240
Received chunk 7605/10240: fixtures/large_file.bin
2025/04/30 15:22:57 Sent ACK for chunk 7604
2025/04/30 15:22:57 Received ACK for chunk 7605/10240
Received chunk 7606/10240: fixtures/large_file.bin
2025/04/30 15:22:57 Sent ACK for chunk 7605
2025/04/30 15:22:57 Received ACK for chunk 7606/10240
Received chunk 7607/10240: fixtures/large_file.bin
2025/04/30 15:22:57 Sent ACK for chunk 7606
2025/04/30 15:22:57 Received ACK for chunk 7607/10240
Received chunk 7608/10240: fixtures/large_file.bin
2025/04/30 15:22:57 Sent ACK for chunk 7607
2025/04/30 15:22:57 Received ACK for chunk 7608/10240
Received chunk 7609/10240: fixtures/large_file.bin
2025/04/30 15:22:57 Sent ACK for chunk 7608
2025/04/30 15:22:57 Received ACK for chunk 7609/10240
Received chunk 7610/10240: fixtures/large_file.bin
2025/04/30 15:22:57 Sent ACK for chunk 7609
2025/04/30 15:22:57 Received ACK for chunk 7610/10240
Received chunk 7611/10240: fixtures/large_file.bin
2025/04/30 15:22:57 Sent ACK for chunk 7610
2025/04/30 15:22:57 Received ACK for chunk 7611/10240
Received chunk 7612/10240: fixtures/large_file.bin
2025/04/30 15:22:57 Sent ACK for chunk 7611
2025/04/30 15:22:57 Received ACK for chunk 7612/10240
Received chunk 7613/10240: fixtures/large_file.bin
2025/04/30 15:22:57 Sent ACK for chunk 7612
2025/04/30 15:22:57 Received ACK for chunk 7613/10240
Received chunk 7614/10240: fixtures/large_file.bin
2025/04/30 15:22:57 Sent ACK for chunk 7613
2025/04/30 15:22:57 Received ACK for chunk 7614/10240
Received chunk 7615/10240: fixtures/large_file.bin
2025/04/30 15:22:57 Sent ACK for chunk 7614
2025/04/30 15:22:57 Received ACK for chunk 7615/10240
Received chunk 7616/10240: fixtures/large_file.bin
2025/04/30 15:22:57 Sent ACK for chunk 7615
2025/04/30 15:22:57 Received ACK for chunk 7616/10240
Received chunk 7617/10240: fixtures/large_file.bin
2025/04/30 15:22:57 Sent ACK for chunk 7616
2025/04/30 15:22:57 Received ACK for chunk 7617/10240
Received chunk 7618/10240: fixtures/large_file.bin
2025/04/30 15:22:57 Sent ACK for chunk 7617
2025/04/30 15:22:57 Received ACK for chunk 7618/10240
Received chunk 7619/10240: fixtures/large_file.bin
2025/04/30 15:22:57 Sent ACK for chunk 7618
2025/04/30 15:22:57 Received ACK for chunk 7619/10240
Received chunk 7620/10240: fixtures/large_file.bin
2025/04/30 15:22:57 Sent ACK for chunk 7619
2025/04/30 15:22:57 Received ACK for chunk 7620/10240
Received chunk 7621/10240: fixtures/large_file.bin
2025/04/30 15:22:57 Sent ACK for chunk 7620
2025/04/30 15:22:57 Received ACK for chunk 7621/10240
Received chunk 7622/10240: fixtures/large_file.bin
2025/04/30 15:22:57 Sent ACK for chunk 7621
2025/04/30 15:22:57 Received ACK for chunk 7622/10240
Received chunk 7623/10240: fixtures/large_file.bin
2025/04/30 15:22:57 Sent ACK for chunk 7622
2025/04/30 15:22:57 Received ACK for chunk 7623/10240
Received chunk 7624/10240: fixtures/large_file.bin
2025/04/30 15:22:57 Sent ACK for chunk 7623
2025/04/30 15:22:57 Received ACK for chunk 7624/10240
Received chunk 7625/10240: fixtures/large_file.bin
2025/04/30 15:22:57 Sent ACK for chunk 7624
2025/04/30 15:22:57 Received ACK for chunk 7625/10240
Received chunk 7626/10240: fixtures/large_file.bin
2025/04/30 15:22:57 Sent ACK for chunk 7625
2025/04/30 15:22:57 Received ACK for chunk 7626/10240
Received chunk 7627/10240: fixtures/large_file.bin
2025/04/30 15:22:57 Sent ACK for chunk 7626
2025/04/30 15:22:57 Received ACK for chunk 7627/10240
Received chunk 7628/10240: fixtures/large_file.bin
2025/04/30 15:22:57 Sent ACK for chunk 7627
2025/04/30 15:22:57 Received ACK for chunk 7628/10240
Received chunk 7629/10240: fixtures/large_file.bin
2025/04/30 15:22:57 Sent ACK for chunk 7628
2025/04/30 15:22:57 Received ACK for chunk 7629/10240
Received chunk 7630/10240: fixtures/large_file.bin
2025/04/30 15:22:57 Sent ACK for chunk 7629
2025/04/30 15:22:57 Received ACK for chunk 7630/10240
Received chunk 7631/10240: fixtures/large_file.bin
2025/04/30 15:22:57 Sent ACK for chunk 7630
2025/04/30 15:22:57 Received ACK for chunk 7631/10240
Received chunk 7632/10240: fixtures/large_file.bin
2025/04/30 15:22:57 Sent ACK for chunk 7631
2025/04/30 15:22:57 Received ACK for chunk 7632/10240
Received chunk 7633/10240: fixtures/large_file.bin
2025/04/30 15:22:57 Sent ACK for chunk 7632
2025/04/30 15:22:57 Received ACK for chunk 7633/10240
Received chunk 7634/10240: fixtures/large_file.bin
2025/04/30 15:22:57 Sent ACK for chunk 7633
2025/04/30 15:22:57 Received ACK for chunk 7634/10240
Received chunk 7635/10240: fixtures/large_file.bin
2025/04/30 15:22:57 Sent ACK for chunk 7634
2025/04/30 15:22:57 Received ACK for chunk 7635/10240
Received chunk 7636/10240: fixtures/large_file.bin
2025/04/30 15:22:57 Sent ACK for chunk 7635
2025/04/30 15:22:57 Received ACK for chunk 7636/10240
Received chunk 7637/10240: fixtures/large_file.bin
2025/04/30 15:22:57 Sent ACK for chunk 7636
2025/04/30 15:22:57 Received ACK for chunk 7637/10240
Received chunk 7638/10240: fixtures/large_file.bin
2025/04/30 15:22:57 Sent ACK for chunk 7637
2025/04/30 15:22:57 Received ACK for chunk 7638/10240
Received chunk 7639/10240: fixtures/large_file.bin
2025/04/30 15:22:57 Sent ACK for chunk 7638
2025/04/30 15:22:57 Received ACK for chunk 7639/10240
Received chunk 7640/10240: fixtures/large_file.bin
2025/04/30 15:22:57 Sent ACK for chunk 7639
2025/04/30 15:22:57 Received ACK for chunk 7640/10240
Received chunk 7641/10240: fixtures/large_file.bin
2025/04/30 15:22:57 Sent ACK for chunk 7640
2025/04/30 15:22:57 Received ACK for chunk 7641/10240
Received chunk 7642/10240: fixtures/large_file.bin
2025/04/30 15:22:57 Sent ACK for chunk 7641
2025/04/30 15:22:57 Received ACK for chunk 7642/10240
Received chunk 7643/10240: fixtures/large_file.bin
2025/04/30 15:22:57 Sent ACK for chunk 7642
2025/04/30 15:22:57 Received ACK for chunk 7643/10240
Received chunk 7644/10240: fixtures/large_file.bin
2025/04/30 15:22:57 Sent ACK for chunk 7643
2025/04/30 15:22:57 Received ACK for chunk 7644/10240
Received chunk 7645/10240: fixtures/large_file.bin
2025/04/30 15:22:57 Sent ACK for chunk 7644
2025/04/30 15:22:57 Received ACK for chunk 7645/10240
Received chunk 7646/10240: fixtures/large_file.bin
2025/04/30 15:22:57 Sent ACK for chunk 7645
2025/04/30 15:22:57 Received ACK for chunk 7646/10240
Received chunk 7647/10240: fixtures/large_file.bin
2025/04/30 15:22:57 Sent ACK for chunk 7646
2025/04/30 15:22:57 Received ACK for chunk 7647/10240
Received chunk 7648/10240: fixtures/large_file.bin
2025/04/30 15:22:57 Sent ACK for chunk 7647
2025/04/30 15:22:57 Received ACK for chunk 7648/10240
Received chunk 7649/10240: fixtures/large_file.bin
2025/04/30 15:22:57 Sent ACK for chunk 7648
2025/04/30 15:22:57 Received ACK for chunk 7649/10240
Received chunk 7650/10240: fixtures/large_file.bin
2025/04/30 15:22:57 Sent ACK for chunk 7649
2025/04/30 15:22:57 Received ACK for chunk 7650/10240
Received chunk 7651/10240: fixtures/large_file.bin
2025/04/30 15:22:57 Sent ACK for chunk 7650
2025/04/30 15:22:57 Received ACK for chunk 7651/10240
Received chunk 7652/10240: fixtures/large_file.bin
2025/04/30 15:22:57 Sent ACK for chunk 7651
2025/04/30 15:22:57 Received ACK for chunk 7652/10240
Received chunk 7653/10240: fixtures/large_file.bin
2025/04/30 15:22:57 Sent ACK for chunk 7652
2025/04/30 15:22:57 Received ACK for chunk 7653/10240
Received chunk 7654/10240: fixtures/large_file.bin
2025/04/30 15:22:57 Sent ACK for chunk 7653
2025/04/30 15:22:57 Received ACK for chunk 7654/10240
Received chunk 7655/10240: fixtures/large_file.bin
2025/04/30 15:22:57 Sent ACK for chunk 7654
2025/04/30 15:22:57 Received ACK for chunk 7655/10240
Received chunk 7656/10240: fixtures/large_file.bin
2025/04/30 15:22:57 Sent ACK for chunk 7655
2025/04/30 15:22:57 Received ACK for chunk 7656/10240
Received chunk 7657/10240: fixtures/large_file.bin
2025/04/30 15:22:57 Sent ACK for chunk 7656
2025/04/30 15:22:57 Received ACK for chunk 7657/10240
Received chunk 7658/10240: fixtures/large_file.bin
2025/04/30 15:22:57 Sent ACK for chunk 7657
2025/04/30 15:22:57 Received ACK for chunk 7658/10240
Received chunk 7659/10240: fixtures/large_file.bin
2025/04/30 15:22:57 Sent ACK for chunk 7658
2025/04/30 15:22:57 Received ACK for chunk 7659/10240
Received chunk 7660/10240: fixtures/large_file.bin
2025/04/30 15:22:57 Sent ACK for chunk 7659
2025/04/30 15:22:57 Received ACK for chunk 7660/10240
Received chunk 7661/10240: fixtures/large_file.bin
2025/04/30 15:22:57 Sent ACK for chunk 7660
2025/04/30 15:22:57 Received ACK for chunk 7661/10240
Received chunk 7662/10240: fixtures/large_file.bin
2025/04/30 15:22:57 Sent ACK for chunk 7661
2025/04/30 15:22:57 Received ACK for chunk 7662/10240
Received chunk 7663/10240: fixtures/large_file.bin
2025/04/30 15:22:57 Sent ACK for chunk 7662
2025/04/30 15:22:57 Received ACK for chunk 7663/10240
Received chunk 7664/10240: fixtures/large_file.bin
2025/04/30 15:22:57 Sent ACK for chunk 7663
2025/04/30 15:22:57 Received ACK for chunk 7664/10240
Received chunk 7665/10240: fixtures/large_file.bin
2025/04/30 15:22:57 Sent ACK for chunk 7664
2025/04/30 15:22:57 Received ACK for chunk 7665/10240
Received chunk 7666/10240: fixtures/large_file.bin
2025/04/30 15:22:57 Sent ACK for chunk 7665
2025/04/30 15:22:57 Received ACK for chunk 7666/10240
Received chunk 7667/10240: fixtures/large_file.bin
2025/04/30 15:22:57 Sent ACK for chunk 7666
2025/04/30 15:22:57 Received ACK for chunk 7667/10240
Received chunk 7668/10240: fixtures/large_file.bin
2025/04/30 15:22:57 Sent ACK for chunk 7667
2025/04/30 15:22:57 Received ACK for chunk 7668/10240
Received chunk 7669/10240: fixtures/large_file.bin
2025/04/30 15:22:57 Sent ACK for chunk 7668
2025/04/30 15:22:57 Received ACK for chunk 7669/10240
Received chunk 7670/10240: fixtures/large_file.bin
2025/04/30 15:22:57 Sent ACK for chunk 7669
2025/04/30 15:22:57 Received ACK for chunk 7670/10240
Received chunk 7671/10240: fixtures/large_file.bin
2025/04/30 15:22:57 Sent ACK for chunk 7670
2025/04/30 15:22:57 Received ACK for chunk 7671/10240
Received chunk 7672/10240: fixtures/large_file.bin
2025/04/30 15:22:57 Sent ACK for chunk 7671
2025/04/30 15:22:57 Received ACK for chunk 7672/10240
Received chunk 7673/10240: fixtures/large_file.bin
2025/04/30 15:22:57 Sent ACK for chunk 7672
2025/04/30 15:22:57 Received ACK for chunk 7673/10240
Received chunk 7674/10240: fixtures/large_file.bin
2025/04/30 15:22:57 Sent ACK for chunk 7673
2025/04/30 15:22:57 Received ACK for chunk 7674/10240
Received chunk 7675/10240: fixtures/large_file.bin
2025/04/30 15:22:57 Sent ACK for chunk 7674
2025/04/30 15:22:57 Received ACK for chunk 7675/10240
Received chunk 7676/10240: fixtures/large_file.bin
2025/04/30 15:22:57 Sent ACK for chunk 7675
2025/04/30 15:22:57 Received ACK for chunk 7676/10240
Received chunk 7677/10240: fixtures/large_file.bin
2025/04/30 15:22:57 Sent ACK for chunk 7676
2025/04/30 15:22:57 Received ACK for chunk 7677/10240
Received chunk 7678/10240: fixtures/large_file.bin
2025/04/30 15:22:57 Sent ACK for chunk 7677
2025/04/30 15:22:57 Received ACK for chunk 7678/10240
Received chunk 7679/10240: fixtures/large_file.bin
2025/04/30 15:22:57 Sent ACK for chunk 7678
2025/04/30 15:22:57 Received ACK for chunk 7679/10240
Received chunk 7680/10240: fixtures/large_file.bin
2025/04/30 15:22:57 Sent ACK for chunk 7679
2025/04/30 15:22:57 Received ACK for chunk 7680/10240
Received chunk 7681/10240: fixtures/large_file.bin
2025/04/30 15:22:57 Sent ACK for chunk 7680
2025/04/30 15:22:57 Received ACK for chunk 7681/10240
Received chunk 7682/10240: fixtures/large_file.bin
2025/04/30 15:22:57 Sent ACK for chunk 7681
2025/04/30 15:22:57 Received ACK for chunk 7682/10240
Received chunk 7683/10240: fixtures/large_file.bin
2025/04/30 15:22:57 Sent ACK for chunk 7682
2025/04/30 15:22:57 Received ACK for chunk 7683/10240
Received chunk 7684/10240: fixtures/large_file.bin
2025/04/30 15:22:57 Sent ACK for chunk 7683
2025/04/30 15:22:57 Received ACK for chunk 7684/10240
Received chunk 7685/10240: fixtures/large_file.bin
2025/04/30 15:22:57 Sent ACK for chunk 7684
2025/04/30 15:22:57 Received ACK for chunk 7685/10240
Received chunk 7686/10240: fixtures/large_file.bin
2025/04/30 15:22:57 Sent ACK for chunk 7685
2025/04/30 15:22:57 Received ACK for chunk 7686/10240
Received chunk 7687/10240: fixtures/large_file.bin
2025/04/30 15:22:57 Sent ACK for chunk 7686
2025/04/30 15:22:57 Received ACK for chunk 7687/10240
Received chunk 7688/10240: fixtures/large_file.bin
2025/04/30 15:22:57 Sent ACK for chunk 7687
2025/04/30 15:22:57 Received ACK for chunk 7688/10240
Received chunk 7689/10240: fixtures/large_file.bin
2025/04/30 15:22:57 Sent ACK for chunk 7688
2025/04/30 15:22:57 Received ACK for chunk 7689/10240
Received chunk 7690/10240: fixtures/large_file.bin
2025/04/30 15:22:57 Sent ACK for chunk 7689
2025/04/30 15:22:57 Received ACK for chunk 7690/10240
Received chunk 7691/10240: fixtures/large_file.bin
2025/04/30 15:22:57 Sent ACK for chunk 7690
2025/04/30 15:22:57 Received ACK for chunk 7691/10240
Received chunk 7692/10240: fixtures/large_file.bin
2025/04/30 15:22:57 Sent ACK for chunk 7691
2025/04/30 15:22:57 Received ACK for chunk 7692/10240
Received chunk 7693/10240: fixtures/large_file.bin
2025/04/30 15:22:57 Sent ACK for chunk 7692
2025/04/30 15:22:57 Received ACK for chunk 7693/10240
Received chunk 7694/10240: fixtures/large_file.bin
2025/04/30 15:22:57 Sent ACK for chunk 7693
2025/04/30 15:22:57 Received ACK for chunk 7694/10240
Received chunk 7695/10240: fixtures/large_file.bin
2025/04/30 15:22:57 Sent ACK for chunk 7694
2025/04/30 15:22:57 Received ACK for chunk 7695/10240
Received chunk 7696/10240: fixtures/large_file.bin
2025/04/30 15:22:57 Sent ACK for chunk 7695
2025/04/30 15:22:57 Received ACK for chunk 7696/10240
Received chunk 7697/10240: fixtures/large_file.bin
2025/04/30 15:22:57 Sent ACK for chunk 7696
2025/04/30 15:22:57 Received ACK for chunk 7697/10240
Received chunk 7698/10240: fixtures/large_file.bin
2025/04/30 15:22:57 Sent ACK for chunk 7697
2025/04/30 15:22:57 Received ACK for chunk 7698/10240
Received chunk 7699/10240: fixtures/large_file.bin
2025/04/30 15:22:57 Sent ACK for chunk 7698
2025/04/30 15:22:57 Received ACK for chunk 7699/10240
Received chunk 7700/10240: fixtures/large_file.bin
2025/04/30 15:22:57 Sent ACK for chunk 7699
2025/04/30 15:22:57 Received ACK for chunk 7700/10240
Received chunk 7701/10240: fixtures/large_file.bin
2025/04/30 15:22:57 Sent ACK for chunk 7700
2025/04/30 15:22:57 Received ACK for chunk 7701/10240
Received chunk 7702/10240: fixtures/large_file.bin
2025/04/30 15:22:57 Sent ACK for chunk 7701
2025/04/30 15:22:57 Received ACK for chunk 7702/10240
Received chunk 7703/10240: fixtures/large_file.bin
2025/04/30 15:22:57 Sent ACK for chunk 7702
2025/04/30 15:22:57 Received ACK for chunk 7703/10240
Received chunk 7704/10240: fixtures/large_file.bin
2025/04/30 15:22:57 Sent ACK for chunk 7703
2025/04/30 15:22:57 Received ACK for chunk 7704/10240
Received chunk 7705/10240: fixtures/large_file.bin
2025/04/30 15:22:57 Sent ACK for chunk 7704
2025/04/30 15:22:57 Received ACK for chunk 7705/10240
Received chunk 7706/10240: fixtures/large_file.bin
2025/04/30 15:22:57 Sent ACK for chunk 7705
2025/04/30 15:22:57 Received ACK for chunk 7706/10240
Received chunk 7707/10240: fixtures/large_file.bin
2025/04/30 15:22:57 Sent ACK for chunk 7706
2025/04/30 15:22:57 Received ACK for chunk 7707/10240
Received chunk 7708/10240: fixtures/large_file.bin
2025/04/30 15:22:57 Sent ACK for chunk 7707
2025/04/30 15:22:57 Received ACK for chunk 7708/10240
Received chunk 7709/10240: fixtures/large_file.bin
2025/04/30 15:22:57 Sent ACK for chunk 7708
2025/04/30 15:22:57 Received ACK for chunk 7709/10240
Received chunk 7710/10240: fixtures/large_file.bin
2025/04/30 15:22:57 Sent ACK for chunk 7709
2025/04/30 15:22:57 Received ACK for chunk 7710/10240
Received chunk 7711/10240: fixtures/large_file.bin
2025/04/30 15:22:57 Sent ACK for chunk 7710
2025/04/30 15:22:57 Received ACK for chunk 7711/10240
Received chunk 7712/10240: fixtures/large_file.bin
2025/04/30 15:22:57 Sent ACK for chunk 7711
2025/04/30 15:22:57 Received ACK for chunk 7712/10240
Received chunk 7713/10240: fixtures/large_file.bin
2025/04/30 15:22:57 Sent ACK for chunk 7712
2025/04/30 15:22:57 Received ACK for chunk 7713/10240
Received chunk 7714/10240: fixtures/large_file.bin
2025/04/30 15:22:57 Sent ACK for chunk 7713
2025/04/30 15:22:57 Received ACK for chunk 7714/10240
Received chunk 7715/10240: fixtures/large_file.bin
2025/04/30 15:22:57 Sent ACK for chunk 7714
2025/04/30 15:22:57 Received ACK for chunk 7715/10240
Received chunk 7716/10240: fixtures/large_file.bin
2025/04/30 15:22:57 Sent ACK for chunk 7715
2025/04/30 15:22:57 Received ACK for chunk 7716/10240
Received chunk 7717/10240: fixtures/large_file.bin
2025/04/30 15:22:57 Sent ACK for chunk 7716
2025/04/30 15:22:57 Received ACK for chunk 7717/10240
Received chunk 7718/10240: fixtures/large_file.bin
2025/04/30 15:22:57 Sent ACK for chunk 7717
2025/04/30 15:22:57 Received ACK for chunk 7718/10240
Received chunk 7719/10240: fixtures/large_file.bin
2025/04/30 15:22:57 Sent ACK for chunk 7718
2025/04/30 15:22:57 Received ACK for chunk 7719/10240
Received chunk 7720/10240: fixtures/large_file.bin
2025/04/30 15:22:57 Sent ACK for chunk 7719
2025/04/30 15:22:57 Received ACK for chunk 7720/10240
Received chunk 7721/10240: fixtures/large_file.bin
2025/04/30 15:22:57 Sent ACK for chunk 7720
2025/04/30 15:22:57 Received ACK for chunk 7721/10240
Received chunk 7722/10240: fixtures/large_file.bin
2025/04/30 15:22:57 Sent ACK for chunk 7721
2025/04/30 15:22:57 Received ACK for chunk 7722/10240
Received chunk 7723/10240: fixtures/large_file.bin
2025/04/30 15:22:57 Sent ACK for chunk 7722
2025/04/30 15:22:57 Received ACK for chunk 7723/10240
Received chunk 7724/10240: fixtures/large_file.bin
2025/04/30 15:22:57 Sent ACK for chunk 7723
2025/04/30 15:22:57 Received ACK for chunk 7724/10240
Received chunk 7725/10240: fixtures/large_file.bin
2025/04/30 15:22:57 Sent ACK for chunk 7724
2025/04/30 15:22:57 Received ACK for chunk 7725/10240
Received chunk 7726/10240: fixtures/large_file.bin
2025/04/30 15:22:57 Sent ACK for chunk 7725
2025/04/30 15:22:57 Received ACK for chunk 7726/10240
Received chunk 7727/10240: fixtures/large_file.bin
2025/04/30 15:22:57 Sent ACK for chunk 7726
2025/04/30 15:22:57 Received ACK for chunk 7727/10240
Received chunk 7728/10240: fixtures/large_file.bin
2025/04/30 15:22:57 Sent ACK for chunk 7727
2025/04/30 15:22:57 Received ACK for chunk 7728/10240
Received chunk 7729/10240: fixtures/large_file.bin
2025/04/30 15:22:57 Sent ACK for chunk 7728
2025/04/30 15:22:57 Received ACK for chunk 7729/10240
Received chunk 7730/10240: fixtures/large_file.bin
2025/04/30 15:22:57 Sent ACK for chunk 7729
2025/04/30 15:22:57 Received ACK for chunk 7730/10240
Received chunk 7731/10240: fixtures/large_file.bin
2025/04/30 15:22:57 Sent ACK for chunk 7730
2025/04/30 15:22:57 Received ACK for chunk 7731/10240
Received chunk 7732/10240: fixtures/large_file.bin
2025/04/30 15:22:57 Sent ACK for chunk 7731
2025/04/30 15:22:57 Received ACK for chunk 7732/10240
Received chunk 7733/10240: fixtures/large_file.bin
2025/04/30 15:22:57 Sent ACK for chunk 7732
2025/04/30 15:22:57 Received ACK for chunk 7733/10240
Received chunk 7734/10240: fixtures/large_file.bin
2025/04/30 15:22:57 Sent ACK for chunk 7733
2025/04/30 15:22:57 Received ACK for chunk 7734/10240
Received chunk 7735/10240: fixtures/large_file.bin
2025/04/30 15:22:57 Sent ACK for chunk 7734
2025/04/30 15:22:57 Received ACK for chunk 7735/10240
Received chunk 7736/10240: fixtures/large_file.bin
2025/04/30 15:22:57 Sent ACK for chunk 7735
2025/04/30 15:22:57 Received ACK for chunk 7736/10240
Received chunk 7737/10240: fixtures/large_file.bin
2025/04/30 15:22:57 Sent ACK for chunk 7736
2025/04/30 15:22:57 Received ACK for chunk 7737/10240
Received chunk 7738/10240: fixtures/large_file.bin
2025/04/30 15:22:57 Sent ACK for chunk 7737
2025/04/30 15:22:57 Received ACK for chunk 7738/10240
Received chunk 7739/10240: fixtures/large_file.bin
2025/04/30 15:22:57 Sent ACK for chunk 7738
2025/04/30 15:22:57 Received ACK for chunk 7739/10240
Received chunk 7740/10240: fixtures/large_file.bin
2025/04/30 15:22:57 Sent ACK for chunk 7739
2025/04/30 15:22:57 Received ACK for chunk 7740/10240
Received chunk 7741/10240: fixtures/large_file.bin
2025/04/30 15:22:57 Sent ACK for chunk 7740
2025/04/30 15:22:57 Received ACK for chunk 7741/10240
Received chunk 7742/10240: fixtures/large_file.bin
2025/04/30 15:22:57 Sent ACK for chunk 7741
2025/04/30 15:22:57 Received ACK for chunk 7742/10240
Received chunk 7743/10240: fixtures/large_file.bin
2025/04/30 15:22:57 Sent ACK for chunk 7742
2025/04/30 15:22:57 Received ACK for chunk 7743/10240
Received chunk 7744/10240: fixtures/large_file.bin
2025/04/30 15:22:57 Sent ACK for chunk 7743
2025/04/30 15:22:57 Received ACK for chunk 7744/10240
Received chunk 7745/10240: fixtures/large_file.bin
2025/04/30 15:22:57 Sent ACK for chunk 7744
2025/04/30 15:22:57 Received ACK for chunk 7745/10240
Received chunk 7746/10240: fixtures/large_file.bin
2025/04/30 15:22:57 Sent ACK for chunk 7745
2025/04/30 15:22:57 Received ACK for chunk 7746/10240
Received chunk 7747/10240: fixtures/large_file.bin
2025/04/30 15:22:57 Sent ACK for chunk 7746
2025/04/30 15:22:57 Received ACK for chunk 7747/10240
Received chunk 7748/10240: fixtures/large_file.bin
2025/04/30 15:22:57 Sent ACK for chunk 7747
2025/04/30 15:22:57 Received ACK for chunk 7748/10240
Received chunk 7749/10240: fixtures/large_file.bin
2025/04/30 15:22:57 Sent ACK for chunk 7748
2025/04/30 15:22:57 Received ACK for chunk 7749/10240
Received chunk 7750/10240: fixtures/large_file.bin
2025/04/30 15:22:57 Sent ACK for chunk 7749
2025/04/30 15:22:57 Received ACK for chunk 7750/10240
Received chunk 7751/10240: fixtures/large_file.bin
2025/04/30 15:22:57 Sent ACK for chunk 7750
2025/04/30 15:22:57 Received ACK for chunk 7751/10240
Received chunk 7752/10240: fixtures/large_file.bin
2025/04/30 15:22:57 Sent ACK for chunk 7751
2025/04/30 15:22:57 Received ACK for chunk 7752/10240
Received chunk 7753/10240: fixtures/large_file.bin
2025/04/30 15:22:57 Sent ACK for chunk 7752
2025/04/30 15:22:57 Received ACK for chunk 7753/10240
Received chunk 7754/10240: fixtures/large_file.bin
2025/04/30 15:22:57 Sent ACK for chunk 7753
2025/04/30 15:22:57 Received ACK for chunk 7754/10240
Received chunk 7755/10240: fixtures/large_file.bin
2025/04/30 15:22:57 Sent ACK for chunk 7754
2025/04/30 15:22:57 Received ACK for chunk 7755/10240
Received chunk 7756/10240: fixtures/large_file.bin
2025/04/30 15:22:57 Sent ACK for chunk 7755
2025/04/30 15:22:57 Received ACK for chunk 7756/10240
Received chunk 7757/10240: fixtures/large_file.bin
2025/04/30 15:22:57 Sent ACK for chunk 7756
2025/04/30 15:22:57 Received ACK for chunk 7757/10240
Received chunk 7758/10240: fixtures/large_file.bin
2025/04/30 15:22:57 Sent ACK for chunk 7757
2025/04/30 15:22:57 Received ACK for chunk 7758/10240
Received chunk 7759/10240: fixtures/large_file.bin
2025/04/30 15:22:57 Sent ACK for chunk 7758
2025/04/30 15:22:57 Received ACK for chunk 7759/10240
Received chunk 7760/10240: fixtures/large_file.bin
2025/04/30 15:22:57 Sent ACK for chunk 7759
2025/04/30 15:22:57 Received ACK for chunk 7760/10240
Received chunk 7761/10240: fixtures/large_file.bin
2025/04/30 15:22:57 Sent ACK for chunk 7760
2025/04/30 15:22:57 Received ACK for chunk 7761/10240
Received chunk 7762/10240: fixtures/large_file.bin
2025/04/30 15:22:57 Sent ACK for chunk 7761
2025/04/30 15:22:57 Received ACK for chunk 7762/10240
Received chunk 7763/10240: fixtures/large_file.bin
2025/04/30 15:22:57 Sent ACK for chunk 7762
2025/04/30 15:22:57 Received ACK for chunk 7763/10240
Received chunk 7764/10240: fixtures/large_file.bin
2025/04/30 15:22:57 Sent ACK for chunk 7763
2025/04/30 15:22:57 Received ACK for chunk 7764/10240
Received chunk 7765/10240: fixtures/large_file.bin
2025/04/30 15:22:57 Sent ACK for chunk 7764
2025/04/30 15:22:57 Received ACK for chunk 7765/10240
Received chunk 7766/10240: fixtures/large_file.bin
2025/04/30 15:22:57 Sent ACK for chunk 7765
2025/04/30 15:22:57 Received ACK for chunk 7766/10240
Received chunk 7767/10240: fixtures/large_file.bin
2025/04/30 15:22:57 Sent ACK for chunk 7766
2025/04/30 15:22:57 Received ACK for chunk 7767/10240
Received chunk 7768/10240: fixtures/large_file.bin
2025/04/30 15:22:57 Sent ACK for chunk 7767
2025/04/30 15:22:57 Received ACK for chunk 7768/10240
Received chunk 7769/10240: fixtures/large_file.bin
2025/04/30 15:22:57 Sent ACK for chunk 7768
2025/04/30 15:22:57 Received ACK for chunk 7769/10240
Received chunk 7770/10240: fixtures/large_file.bin
2025/04/30 15:22:57 Sent ACK for chunk 7769
2025/04/30 15:22:57 Received ACK for chunk 7770/10240
Received chunk 7771/10240: fixtures/large_file.bin
2025/04/30 15:22:57 Sent ACK for chunk 7770
2025/04/30 15:22:57 Received ACK for chunk 7771/10240
Received chunk 7772/10240: fixtures/large_file.bin
2025/04/30 15:22:57 Sent ACK for chunk 7771
2025/04/30 15:22:57 Received ACK for chunk 7772/10240
Received chunk 7773/10240: fixtures/large_file.bin
2025/04/30 15:22:57 Sent ACK for chunk 7772
2025/04/30 15:22:57 Received ACK for chunk 7773/10240
Received chunk 7774/10240: fixtures/large_file.bin
2025/04/30 15:22:57 Sent ACK for chunk 7773
2025/04/30 15:22:57 Received ACK for chunk 7774/10240
Received chunk 7775/10240: fixtures/large_file.bin
2025/04/30 15:22:57 Sent ACK for chunk 7774
2025/04/30 15:22:57 Received ACK for chunk 7775/10240
Received chunk 7776/10240: fixtures/large_file.bin
2025/04/30 15:22:57 Sent ACK for chunk 7775
2025/04/30 15:22:57 Received ACK for chunk 7776/10240
Received chunk 7777/10240: fixtures/large_file.bin
2025/04/30 15:22:57 Sent ACK for chunk 7776
2025/04/30 15:22:57 Received ACK for chunk 7777/10240
Received chunk 7778/10240: fixtures/large_file.bin
2025/04/30 15:22:57 Sent ACK for chunk 7777
2025/04/30 15:22:57 Received ACK for chunk 7778/10240
Received chunk 7779/10240: fixtures/large_file.bin
2025/04/30 15:22:57 Sent ACK for chunk 7778
2025/04/30 15:22:57 Received ACK for chunk 7779/10240
Received chunk 7780/10240: fixtures/large_file.bin
2025/04/30 15:22:57 Sent ACK for chunk 7779
2025/04/30 15:22:57 Received ACK for chunk 7780/10240
Received chunk 7781/10240: fixtures/large_file.bin
2025/04/30 15:22:57 Sent ACK for chunk 7780
2025/04/30 15:22:57 Received ACK for chunk 7781/10240
Received chunk 7782/10240: fixtures/large_file.bin
2025/04/30 15:22:57 Sent ACK for chunk 7781
2025/04/30 15:22:57 Received ACK for chunk 7782/10240
Received chunk 7783/10240: fixtures/large_file.bin
2025/04/30 15:22:57 Sent ACK for chunk 7782
2025/04/30 15:22:57 Received ACK for chunk 7783/10240
Received chunk 7784/10240: fixtures/large_file.bin
2025/04/30 15:22:57 Sent ACK for chunk 7783
2025/04/30 15:22:57 Received ACK for chunk 7784/10240
Received chunk 7785/10240: fixtures/large_file.bin
2025/04/30 15:22:57 Sent ACK for chunk 7784
2025/04/30 15:22:57 Received ACK for chunk 7785/10240
Received chunk 7786/10240: fixtures/large_file.bin
2025/04/30 15:22:57 Sent ACK for chunk 7785
2025/04/30 15:22:57 Received ACK for chunk 7786/10240
Received chunk 7787/10240: fixtures/large_file.bin
2025/04/30 15:22:57 Sent ACK for chunk 7786
2025/04/30 15:22:57 Received ACK for chunk 7787/10240
Received chunk 7788/10240: fixtures/large_file.bin
2025/04/30 15:22:57 Sent ACK for chunk 7787
2025/04/30 15:22:57 Received ACK for chunk 7788/10240
Received chunk 7789/10240: fixtures/large_file.bin
2025/04/30 15:22:57 Sent ACK for chunk 7788
2025/04/30 15:22:57 Received ACK for chunk 7789/10240
Received chunk 7790/10240: fixtures/large_file.bin
2025/04/30 15:22:57 Sent ACK for chunk 7789
2025/04/30 15:22:57 Received ACK for chunk 7790/10240
Received chunk 7791/10240: fixtures/large_file.bin
2025/04/30 15:22:57 Sent ACK for chunk 7790
2025/04/30 15:22:57 Received ACK for chunk 7791/10240
Received chunk 7792/10240: fixtures/large_file.bin
2025/04/30 15:22:57 Sent ACK for chunk 7791
2025/04/30 15:22:57 Received ACK for chunk 7792/10240
Received chunk 7793/10240: fixtures/large_file.bin
2025/04/30 15:22:57 Sent ACK for chunk 7792
2025/04/30 15:22:57 Received ACK for chunk 7793/10240
Received chunk 7794/10240: fixtures/large_file.bin
2025/04/30 15:22:57 Sent ACK for chunk 7793
2025/04/30 15:22:57 Received ACK for chunk 7794/10240
Received chunk 7795/10240: fixtures/large_file.bin
2025/04/30 15:22:57 Sent ACK for chunk 7794
2025/04/30 15:22:57 Received ACK for chunk 7795/10240
Received chunk 7796/10240: fixtures/large_file.bin
2025/04/30 15:22:57 Sent ACK for chunk 7795
2025/04/30 15:22:57 Received ACK for chunk 7796/10240
Received chunk 7797/10240: fixtures/large_file.bin
2025/04/30 15:22:57 Sent ACK for chunk 7796
2025/04/30 15:22:57 Received ACK for chunk 7797/10240
Received chunk 7798/10240: fixtures/large_file.bin
2025/04/30 15:22:57 Sent ACK for chunk 7797
2025/04/30 15:22:57 Received ACK for chunk 7798/10240
Received chunk 7799/10240: fixtures/large_file.bin
2025/04/30 15:22:57 Sent ACK for chunk 7798
2025/04/30 15:22:57 Received ACK for chunk 7799/10240
Received chunk 7800/10240: fixtures/large_file.bin
2025/04/30 15:22:57 Sent ACK for chunk 7799
2025/04/30 15:22:57 Received ACK for chunk 7800/10240
Received chunk 7801/10240: fixtures/large_file.bin
2025/04/30 15:22:57 Sent ACK for chunk 7800
2025/04/30 15:22:57 Received ACK for chunk 7801/10240
Received chunk 7802/10240: fixtures/large_file.bin
2025/04/30 15:22:57 Sent ACK for chunk 7801
2025/04/30 15:22:57 Received ACK for chunk 7802/10240
Received chunk 7803/10240: fixtures/large_file.bin
2025/04/30 15:22:57 Sent ACK for chunk 7802
2025/04/30 15:22:57 Received ACK for chunk 7803/10240
Received chunk 7804/10240: fixtures/large_file.bin
2025/04/30 15:22:57 Sent ACK for chunk 7803
2025/04/30 15:22:57 Received ACK for chunk 7804/10240
Received chunk 7805/10240: fixtures/large_file.bin
2025/04/30 15:22:57 Sent ACK for chunk 7804
2025/04/30 15:22:57 Received ACK for chunk 7805/10240
Received chunk 7806/10240: fixtures/large_file.bin
2025/04/30 15:22:57 Sent ACK for chunk 7805
2025/04/30 15:22:57 Received ACK for chunk 7806/10240
Received chunk 7807/10240: fixtures/large_file.bin
2025/04/30 15:22:57 Sent ACK for chunk 7806
2025/04/30 15:22:57 Received ACK for chunk 7807/10240
Received chunk 7808/10240: fixtures/large_file.bin
2025/04/30 15:22:57 Sent ACK for chunk 7807
2025/04/30 15:22:57 Received ACK for chunk 7808/10240
Received chunk 7809/10240: fixtures/large_file.bin
2025/04/30 15:22:57 Sent ACK for chunk 7808
2025/04/30 15:22:57 Received ACK for chunk 7809/10240
Received chunk 7810/10240: fixtures/large_file.bin
2025/04/30 15:22:57 Sent ACK for chunk 7809
2025/04/30 15:22:57 Received ACK for chunk 7810/10240
Received chunk 7811/10240: fixtures/large_file.bin
2025/04/30 15:22:57 Sent ACK for chunk 7810
2025/04/30 15:22:57 Received ACK for chunk 7811/10240
Received chunk 7812/10240: fixtures/large_file.bin
2025/04/30 15:22:57 Sent ACK for chunk 7811
2025/04/30 15:22:57 Received ACK for chunk 7812/10240
Received chunk 7813/10240: fixtures/large_file.bin
2025/04/30 15:22:57 Sent ACK for chunk 7812
2025/04/30 15:22:57 Received ACK for chunk 7813/10240
Received chunk 7814/10240: fixtures/large_file.bin
2025/04/30 15:22:57 Sent ACK for chunk 7813
2025/04/30 15:22:57 Received ACK for chunk 7814/10240
Received chunk 7815/10240: fixtures/large_file.bin
2025/04/30 15:22:57 Sent ACK for chunk 7814
2025/04/30 15:22:57 Received ACK for chunk 7815/10240
Received chunk 7816/10240: fixtures/large_file.bin
2025/04/30 15:22:57 Sent ACK for chunk 7815
2025/04/30 15:22:57 Received ACK for chunk 7816/10240
Received chunk 7817/10240: fixtures/large_file.bin
2025/04/30 15:22:57 Sent ACK for chunk 7816
2025/04/30 15:22:57 Received ACK for chunk 7817/10240
Received chunk 7818/10240: fixtures/large_file.bin
2025/04/30 15:22:57 Sent ACK for chunk 7817
2025/04/30 15:22:57 Received ACK for chunk 7818/10240
Received chunk 7819/10240: fixtures/large_file.bin
2025/04/30 15:22:57 Sent ACK for chunk 7818
2025/04/30 15:22:57 Received ACK for chunk 7819/10240
Received chunk 7820/10240: fixtures/large_file.bin
2025/04/30 15:22:57 Sent ACK for chunk 7819
2025/04/30 15:22:57 Received ACK for chunk 7820/10240
Received chunk 7821/10240: fixtures/large_file.bin
2025/04/30 15:22:57 Sent ACK for chunk 7820
2025/04/30 15:22:57 Received ACK for chunk 7821/10240
Received chunk 7822/10240: fixtures/large_file.bin
2025/04/30 15:22:57 Sent ACK for chunk 7821
2025/04/30 15:22:57 Received ACK for chunk 7822/10240
Received chunk 7823/10240: fixtures/large_file.bin
2025/04/30 15:22:57 Sent ACK for chunk 7822
2025/04/30 15:22:57 Received ACK for chunk 7823/10240
Received chunk 7824/10240: fixtures/large_file.bin
2025/04/30 15:22:57 Sent ACK for chunk 7823
2025/04/30 15:22:57 Received ACK for chunk 7824/10240
Received chunk 7825/10240: fixtures/large_file.bin
2025/04/30 15:22:57 Sent ACK for chunk 7824
2025/04/30 15:22:57 Received ACK for chunk 7825/10240
Received chunk 7826/10240: fixtures/large_file.bin
2025/04/30 15:22:57 Sent ACK for chunk 7825
2025/04/30 15:22:57 Received ACK for chunk 7826/10240
Received chunk 7827/10240: fixtures/large_file.bin
2025/04/30 15:22:57 Sent ACK for chunk 7826
2025/04/30 15:22:57 Received ACK for chunk 7827/10240
Received chunk 7828/10240: fixtures/large_file.bin
2025/04/30 15:22:57 Sent ACK for chunk 7827
2025/04/30 15:22:57 Received ACK for chunk 7828/10240
Received chunk 7829/10240: fixtures/large_file.bin
2025/04/30 15:22:57 Sent ACK for chunk 7828
2025/04/30 15:22:57 Received ACK for chunk 7829/10240
Received chunk 7830/10240: fixtures/large_file.bin
2025/04/30 15:22:57 Sent ACK for chunk 7829
2025/04/30 15:22:57 Received ACK for chunk 7830/10240
Received chunk 7831/10240: fixtures/large_file.bin
2025/04/30 15:22:57 Sent ACK for chunk 7830
2025/04/30 15:22:57 Received ACK for chunk 7831/10240
Received chunk 7832/10240: fixtures/large_file.bin
2025/04/30 15:22:57 Sent ACK for chunk 7831
2025/04/30 15:22:57 Received ACK for chunk 7832/10240
Received chunk 7833/10240: fixtures/large_file.bin
2025/04/30 15:22:57 Sent ACK for chunk 7832
2025/04/30 15:22:57 Received ACK for chunk 7833/10240
Received chunk 7834/10240: fixtures/large_file.bin
2025/04/30 15:22:57 Sent ACK for chunk 7833
2025/04/30 15:22:57 Received ACK for chunk 7834/10240
Received chunk 7835/10240: fixtures/large_file.bin
2025/04/30 15:22:57 Sent ACK for chunk 7834
2025/04/30 15:22:57 Received ACK for chunk 7835/10240
Received chunk 7836/10240: fixtures/large_file.bin
2025/04/30 15:22:57 Sent ACK for chunk 7835
2025/04/30 15:22:57 Received ACK for chunk 7836/10240
Received chunk 7837/10240: fixtures/large_file.bin
2025/04/30 15:22:57 Sent ACK for chunk 7836
2025/04/30 15:22:57 Received ACK for chunk 7837/10240
Received chunk 7838/10240: fixtures/large_file.bin
2025/04/30 15:22:57 Sent ACK for chunk 7837
2025/04/30 15:22:57 Received ACK for chunk 7838/10240
Received chunk 7839/10240: fixtures/large_file.bin
2025/04/30 15:22:57 Sent ACK for chunk 7838
2025/04/30 15:22:57 Received ACK for chunk 7839/10240
Received chunk 7840/10240: fixtures/large_file.bin
2025/04/30 15:22:57 Sent ACK for chunk 7839
2025/04/30 15:22:57 Received ACK for chunk 7840/10240
Received chunk 7841/10240: fixtures/large_file.bin
2025/04/30 15:22:57 Sent ACK for chunk 7840
2025/04/30 15:22:57 Received ACK for chunk 7841/10240
Received chunk 7842/10240: fixtures/large_file.bin
2025/04/30 15:22:57 Sent ACK for chunk 7841
2025/04/30 15:22:57 Received ACK for chunk 7842/10240
Received chunk 7843/10240: fixtures/large_file.bin
2025/04/30 15:22:57 Sent ACK for chunk 7842
2025/04/30 15:22:57 Received ACK for chunk 7843/10240
Received chunk 7844/10240: fixtures/large_file.bin
2025/04/30 15:22:57 Sent ACK for chunk 7843
2025/04/30 15:22:57 Received ACK for chunk 7844/10240
Received chunk 7845/10240: fixtures/large_file.bin
2025/04/30 15:22:57 Sent ACK for chunk 7844
2025/04/30 15:22:57 Received ACK for chunk 7845/10240
Received chunk 7846/10240: fixtures/large_file.bin
2025/04/30 15:22:57 Sent ACK for chunk 7845
2025/04/30 15:22:57 Received ACK for chunk 7846/10240
Received chunk 7847/10240: fixtures/large_file.bin
2025/04/30 15:22:57 Sent ACK for chunk 7846
2025/04/30 15:22:57 Received ACK for chunk 7847/10240
Received chunk 7848/10240: fixtures/large_file.bin
2025/04/30 15:22:57 Sent ACK for chunk 7847
2025/04/30 15:22:57 Received ACK for chunk 7848/10240
Received chunk 7849/10240: fixtures/large_file.bin
2025/04/30 15:22:57 Sent ACK for chunk 7848
2025/04/30 15:22:57 Received ACK for chunk 7849/10240
Received chunk 7850/10240: fixtures/large_file.bin
2025/04/30 15:22:57 Sent ACK for chunk 7849
2025/04/30 15:22:57 Received ACK for chunk 7850/10240
Received chunk 7851/10240: fixtures/large_file.bin
2025/04/30 15:22:57 Sent ACK for chunk 7850
2025/04/30 15:22:57 Received ACK for chunk 7851/10240
Received chunk 7852/10240: fixtures/large_file.bin
2025/04/30 15:22:57 Sent ACK for chunk 7851
2025/04/30 15:22:57 Received ACK for chunk 7852/10240
Received chunk 7853/10240: fixtures/large_file.bin
2025/04/30 15:22:57 Sent ACK for chunk 7852
2025/04/30 15:22:57 Received ACK for chunk 7853/10240
Received chunk 7854/10240: fixtures/large_file.bin
2025/04/30 15:22:57 Sent ACK for chunk 7853
2025/04/30 15:22:57 Received ACK for chunk 7854/10240
Received chunk 7855/10240: fixtures/large_file.bin
2025/04/30 15:22:57 Sent ACK for chunk 7854
2025/04/30 15:22:57 Received ACK for chunk 7855/10240
Received chunk 7856/10240: fixtures/large_file.bin
2025/04/30 15:22:57 Sent ACK for chunk 7855
2025/04/30 15:22:57 Received ACK for chunk 7856/10240
Received chunk 7857/10240: fixtures/large_file.bin
2025/04/30 15:22:57 Sent ACK for chunk 7856
2025/04/30 15:22:57 Received ACK for chunk 7857/10240
Received chunk 7858/10240: fixtures/large_file.bin
2025/04/30 15:22:57 Sent ACK for chunk 7857
2025/04/30 15:22:57 Received ACK for chunk 7858/10240
Received chunk 7859/10240: fixtures/large_file.bin
2025/04/30 15:22:57 Sent ACK for chunk 7858
2025/04/30 15:22:57 Received ACK for chunk 7859/10240
Received chunk 7860/10240: fixtures/large_file.bin
2025/04/30 15:22:57 Sent ACK for chunk 7859
2025/04/30 15:22:57 Received ACK for chunk 7860/10240
Received chunk 7861/10240: fixtures/large_file.bin
2025/04/30 15:22:57 Sent ACK for chunk 7860
2025/04/30 15:22:57 Received ACK for chunk 7861/10240
Received chunk 7862/10240: fixtures/large_file.bin
2025/04/30 15:22:57 Sent ACK for chunk 7861
2025/04/30 15:22:57 Received ACK for chunk 7862/10240
Received chunk 7863/10240: fixtures/large_file.bin
2025/04/30 15:22:57 Sent ACK for chunk 7862
2025/04/30 15:22:57 Received ACK for chunk 7863/10240
Received chunk 7864/10240: fixtures/large_file.bin
2025/04/30 15:22:57 Sent ACK for chunk 7863
2025/04/30 15:22:57 Received ACK for chunk 7864/10240
Received chunk 7865/10240: fixtures/large_file.bin
2025/04/30 15:22:57 Sent ACK for chunk 7864
2025/04/30 15:22:57 Received ACK for chunk 7865/10240
Received chunk 7866/10240: fixtures/large_file.bin
2025/04/30 15:22:57 Sent ACK for chunk 7865
2025/04/30 15:22:57 Received ACK for chunk 7866/10240
Received chunk 7867/10240: fixtures/large_file.bin
2025/04/30 15:22:57 Sent ACK for chunk 7866
2025/04/30 15:22:57 Received ACK for chunk 7867/10240
Received chunk 7868/10240: fixtures/large_file.bin
2025/04/30 15:22:57 Sent ACK for chunk 7867
2025/04/30 15:22:57 Received ACK for chunk 7868/10240
Received chunk 7869/10240: fixtures/large_file.bin
2025/04/30 15:22:57 Sent ACK for chunk 7868
2025/04/30 15:22:57 Received ACK for chunk 7869/10240
Received chunk 7870/10240: fixtures/large_file.bin
2025/04/30 15:22:57 Sent ACK for chunk 7869
2025/04/30 15:22:57 Received ACK for chunk 7870/10240
Received chunk 7871/10240: fixtures/large_file.bin
2025/04/30 15:22:57 Sent ACK for chunk 7870
2025/04/30 15:22:57 Received ACK for chunk 7871/10240
Received chunk 7872/10240: fixtures/large_file.bin
2025/04/30 15:22:57 Sent ACK for chunk 7871
2025/04/30 15:22:57 Received ACK for chunk 7872/10240
Received chunk 7873/10240: fixtures/large_file.bin
2025/04/30 15:22:57 Sent ACK for chunk 7872
2025/04/30 15:22:57 Received ACK for chunk 7873/10240
Received chunk 7874/10240: fixtures/large_file.bin
2025/04/30 15:22:57 Sent ACK for chunk 7873
2025/04/30 15:22:57 Received ACK for chunk 7874/10240
Received chunk 7875/10240: fixtures/large_file.bin
2025/04/30 15:22:57 Sent ACK for chunk 7874
2025/04/30 15:22:57 Received ACK for chunk 7875/10240
Received chunk 7876/10240: fixtures/large_file.bin
2025/04/30 15:22:57 Sent ACK for chunk 7875
2025/04/30 15:22:57 Received ACK for chunk 7876/10240
Received chunk 7877/10240: fixtures/large_file.bin
2025/04/30 15:22:57 Sent ACK for chunk 7876
2025/04/30 15:22:57 Received ACK for chunk 7877/10240
Received chunk 7878/10240: fixtures/large_file.bin
2025/04/30 15:22:57 Sent ACK for chunk 7877
2025/04/30 15:22:57 Received ACK for chunk 7878/10240
Received chunk 7879/10240: fixtures/large_file.bin
2025/04/30 15:22:57 Sent ACK for chunk 7878
2025/04/30 15:22:57 Received ACK for chunk 7879/10240
Received chunk 7880/10240: fixtures/large_file.bin
2025/04/30 15:22:57 Sent ACK for chunk 7879
2025/04/30 15:22:57 Received ACK for chunk 7880/10240
Received chunk 7881/10240: fixtures/large_file.bin
2025/04/30 15:22:57 Sent ACK for chunk 7880
2025/04/30 15:22:57 Received ACK for chunk 7881/10240
Received chunk 7882/10240: fixtures/large_file.bin
2025/04/30 15:22:57 Sent ACK for chunk 7881
2025/04/30 15:22:57 Received ACK for chunk 7882/10240
Received chunk 7883/10240: fixtures/large_file.bin
2025/04/30 15:22:57 Sent ACK for chunk 7882
2025/04/30 15:22:57 Received ACK for chunk 7883/10240
Received chunk 7884/10240: fixtures/large_file.bin
2025/04/30 15:22:57 Sent ACK for chunk 7883
2025/04/30 15:22:57 Received ACK for chunk 7884/10240
Received chunk 7885/10240: fixtures/large_file.bin
2025/04/30 15:22:57 Sent ACK for chunk 7884
2025/04/30 15:22:57 Received ACK for chunk 7885/10240
Received chunk 7886/10240: fixtures/large_file.bin
2025/04/30 15:22:57 Sent ACK for chunk 7885
2025/04/30 15:22:57 Received ACK for chunk 7886/10240
Received chunk 7887/10240: fixtures/large_file.bin
2025/04/30 15:22:57 Sent ACK for chunk 7886
2025/04/30 15:22:57 Received ACK for chunk 7887/10240
Received chunk 7888/10240: fixtures/large_file.bin
2025/04/30 15:22:57 Sent ACK for chunk 7887
2025/04/30 15:22:57 Received ACK for chunk 7888/10240
Received chunk 7889/10240: fixtures/large_file.bin
2025/04/30 15:22:57 Sent ACK for chunk 7888
2025/04/30 15:22:57 Received ACK for chunk 7889/10240
Received chunk 7890/10240: fixtures/large_file.bin
2025/04/30 15:22:57 Sent ACK for chunk 7889
2025/04/30 15:22:57 Received ACK for chunk 7890/10240
Received chunk 7891/10240: fixtures/large_file.bin
2025/04/30 15:22:57 Sent ACK for chunk 7890
2025/04/30 15:22:57 Received ACK for chunk 7891/10240
Received chunk 7892/10240: fixtures/large_file.bin
2025/04/30 15:22:57 Sent ACK for chunk 7891
2025/04/30 15:22:57 Received ACK for chunk 7892/10240
Received chunk 7893/10240: fixtures/large_file.bin
2025/04/30 15:22:57 Sent ACK for chunk 7892
2025/04/30 15:22:57 Received ACK for chunk 7893/10240
Received chunk 7894/10240: fixtures/large_file.bin
2025/04/30 15:22:57 Sent ACK for chunk 7893
2025/04/30 15:22:57 Received ACK for chunk 7894/10240
Received chunk 7895/10240: fixtures/large_file.bin
2025/04/30 15:22:57 Sent ACK for chunk 7894
2025/04/30 15:22:57 Received ACK for chunk 7895/10240
Received chunk 7896/10240: fixtures/large_file.bin
2025/04/30 15:22:57 Sent ACK for chunk 7895
2025/04/30 15:22:57 Received ACK for chunk 7896/10240
Received chunk 7897/10240: fixtures/large_file.bin
2025/04/30 15:22:57 Sent ACK for chunk 7896
2025/04/30 15:22:57 Received ACK for chunk 7897/10240
Received chunk 7898/10240: fixtures/large_file.bin
2025/04/30 15:22:57 Sent ACK for chunk 7897
2025/04/30 15:22:57 Received ACK for chunk 7898/10240
Received chunk 7899/10240: fixtures/large_file.bin
2025/04/30 15:22:57 Sent ACK for chunk 7898
2025/04/30 15:22:57 Received ACK for chunk 7899/10240
Received chunk 7900/10240: fixtures/large_file.bin
2025/04/30 15:22:57 Sent ACK for chunk 7899
2025/04/30 15:22:57 Received ACK for chunk 7900/10240
Received chunk 7901/10240: fixtures/large_file.bin
2025/04/30 15:22:57 Sent ACK for chunk 7900
2025/04/30 15:22:57 Received ACK for chunk 7901/10240
Received chunk 7902/10240: fixtures/large_file.bin
2025/04/30 15:22:57 Sent ACK for chunk 7901
2025/04/30 15:22:57 Received ACK for chunk 7902/10240
Received chunk 7903/10240: fixtures/large_file.bin
2025/04/30 15:22:57 Sent ACK for chunk 7902
2025/04/30 15:22:57 Received ACK for chunk 7903/10240
Received chunk 7904/10240: fixtures/large_file.bin
2025/04/30 15:22:57 Sent ACK for chunk 7903
2025/04/30 15:22:57 Received ACK for chunk 7904/10240
Received chunk 7905/10240: fixtures/large_file.bin
2025/04/30 15:22:57 Sent ACK for chunk 7904
2025/04/30 15:22:57 Received ACK for chunk 7905/10240
Received chunk 7906/10240: fixtures/large_file.bin
2025/04/30 15:22:57 Sent ACK for chunk 7905
2025/04/30 15:22:57 Received ACK for chunk 7906/10240
Received chunk 7907/10240: fixtures/large_file.bin
2025/04/30 15:22:57 Sent ACK for chunk 7906
2025/04/30 15:22:57 Received ACK for chunk 7907/10240
Received chunk 7908/10240: fixtures/large_file.bin
2025/04/30 15:22:57 Sent ACK for chunk 7907
2025/04/30 15:22:57 Received ACK for chunk 7908/10240
Received chunk 7909/10240: fixtures/large_file.bin
2025/04/30 15:22:57 Sent ACK for chunk 7908
2025/04/30 15:22:57 Received ACK for chunk 7909/10240
Received chunk 7910/10240: fixtures/large_file.bin
2025/04/30 15:22:57 Sent ACK for chunk 7909
2025/04/30 15:22:57 Received ACK for chunk 7910/10240
Received chunk 7911/10240: fixtures/large_file.bin
2025/04/30 15:22:57 Sent ACK for chunk 7910
2025/04/30 15:22:57 Received ACK for chunk 7911/10240
Received chunk 7912/10240: fixtures/large_file.bin
2025/04/30 15:22:57 Sent ACK for chunk 7911
2025/04/30 15:22:57 Received ACK for chunk 7912/10240
Received chunk 7913/10240: fixtures/large_file.bin
2025/04/30 15:22:57 Sent ACK for chunk 7912
2025/04/30 15:22:57 Received ACK for chunk 7913/10240
Received chunk 7914/10240: fixtures/large_file.bin
2025/04/30 15:22:57 Sent ACK for chunk 7913
2025/04/30 15:22:57 Received ACK for chunk 7914/10240
Received chunk 7915/10240: fixtures/large_file.bin
2025/04/30 15:22:57 Sent ACK for chunk 7914
2025/04/30 15:22:57 Received ACK for chunk 7915/10240
Received chunk 7916/10240: fixtures/large_file.bin
2025/04/30 15:22:57 Sent ACK for chunk 7915
2025/04/30 15:22:57 Received ACK for chunk 7916/10240
Received chunk 7917/10240: fixtures/large_file.bin
2025/04/30 15:22:57 Sent ACK for chunk 7916
2025/04/30 15:22:57 Received ACK for chunk 7917/10240
Received chunk 7918/10240: fixtures/large_file.bin
2025/04/30 15:22:57 Sent ACK for chunk 7917
2025/04/30 15:22:57 Received ACK for chunk 7918/10240
Received chunk 7919/10240: fixtures/large_file.bin
2025/04/30 15:22:57 Sent ACK for chunk 7918
2025/04/30 15:22:57 Received ACK for chunk 7919/10240
Received chunk 7920/10240: fixtures/large_file.bin
2025/04/30 15:22:57 Sent ACK for chunk 7919
2025/04/30 15:22:57 Received ACK for chunk 7920/10240
Received chunk 7921/10240: fixtures/large_file.bin
2025/04/30 15:22:57 Sent ACK for chunk 7920
2025/04/30 15:22:57 Received ACK for chunk 7921/10240
Received chunk 7922/10240: fixtures/large_file.bin
2025/04/30 15:22:57 Sent ACK for chunk 7921
2025/04/30 15:22:57 Received ACK for chunk 7922/10240
Received chunk 7923/10240: fixtures/large_file.bin
2025/04/30 15:22:57 Sent ACK for chunk 7922
2025/04/30 15:22:57 Received ACK for chunk 7923/10240
Received chunk 7924/10240: fixtures/large_file.bin
2025/04/30 15:22:57 Sent ACK for chunk 7923
2025/04/30 15:22:57 Received ACK for chunk 7924/10240
Received chunk 7925/10240: fixtures/large_file.bin
2025/04/30 15:22:57 Sent ACK for chunk 7924
2025/04/30 15:22:57 Received ACK for chunk 7925/10240
Received chunk 7926/10240: fixtures/large_file.bin
2025/04/30 15:22:57 Sent ACK for chunk 7925
2025/04/30 15:22:57 Received ACK for chunk 7926/10240
Received chunk 7927/10240: fixtures/large_file.bin
2025/04/30 15:22:57 Sent ACK for chunk 7926
2025/04/30 15:22:57 Received ACK for chunk 7927/10240
Received chunk 7928/10240: fixtures/large_file.bin
2025/04/30 15:22:57 Sent ACK for chunk 7927
2025/04/30 15:22:57 Received ACK for chunk 7928/10240
Received chunk 7929/10240: fixtures/large_file.bin
2025/04/30 15:22:57 Sent ACK for chunk 7928
2025/04/30 15:22:57 Received ACK for chunk 7929/10240
Received chunk 7930/10240: fixtures/large_file.bin
2025/04/30 15:22:57 Sent ACK for chunk 7929
2025/04/30 15:22:57 Received ACK for chunk 7930/10240
Received chunk 7931/10240: fixtures/large_file.bin
2025/04/30 15:22:57 Sent ACK for chunk 7930
2025/04/30 15:22:57 Received ACK for chunk 7931/10240
Received chunk 7932/10240: fixtures/large_file.bin
2025/04/30 15:22:57 Sent ACK for chunk 7931
2025/04/30 15:22:57 Received ACK for chunk 7932/10240
Received chunk 7933/10240: fixtures/large_file.bin
2025/04/30 15:22:57 Sent ACK for chunk 7932
2025/04/30 15:22:57 Received ACK for chunk 7933/10240
Received chunk 7934/10240: fixtures/large_file.bin
2025/04/30 15:22:57 Sent ACK for chunk 7933
2025/04/30 15:22:57 Received ACK for chunk 7934/10240
Received chunk 7935/10240: fixtures/large_file.bin
2025/04/30 15:22:57 Sent ACK for chunk 7934
2025/04/30 15:22:57 Received ACK for chunk 7935/10240
Received chunk 7936/10240: fixtures/large_file.bin
2025/04/30 15:22:57 Sent ACK for chunk 7935
2025/04/30 15:22:57 Received ACK for chunk 7936/10240
Received chunk 7937/10240: fixtures/large_file.bin
2025/04/30 15:22:57 Sent ACK for chunk 7936
2025/04/30 15:22:57 Received ACK for chunk 7937/10240
Received chunk 7938/10240: fixtures/large_file.bin
2025/04/30 15:22:57 Sent ACK for chunk 7937
2025/04/30 15:22:57 Received ACK for chunk 7938/10240
Received chunk 7939/10240: fixtures/large_file.bin
2025/04/30 15:22:57 Sent ACK for chunk 7938
2025/04/30 15:22:57 Received ACK for chunk 7939/10240
Received chunk 7940/10240: fixtures/large_file.bin
2025/04/30 15:22:57 Sent ACK for chunk 7939
2025/04/30 15:22:57 Received ACK for chunk 7940/10240
Received chunk 7941/10240: fixtures/large_file.bin
2025/04/30 15:22:57 Sent ACK for chunk 7940
2025/04/30 15:22:57 Received ACK for chunk 7941/10240
Received chunk 7942/10240: fixtures/large_file.bin
2025/04/30 15:22:57 Sent ACK for chunk 7941
2025/04/30 15:22:57 Received ACK for chunk 7942/10240
Received chunk 7943/10240: fixtures/large_file.bin
2025/04/30 15:22:57 Sent ACK for chunk 7942
2025/04/30 15:22:57 Received ACK for chunk 7943/10240
Received chunk 7944/10240: fixtures/large_file.bin
2025/04/30 15:22:57 Sent ACK for chunk 7943
2025/04/30 15:22:57 Received ACK for chunk 7944/10240
Received chunk 7945/10240: fixtures/large_file.bin
2025/04/30 15:22:57 Sent ACK for chunk 7944
2025/04/30 15:22:57 Received ACK for chunk 7945/10240
Received chunk 7946/10240: fixtures/large_file.bin
2025/04/30 15:22:57 Sent ACK for chunk 7945
2025/04/30 15:22:57 Received ACK for chunk 7946/10240
Received chunk 7947/10240: fixtures/large_file.bin
2025/04/30 15:22:57 Sent ACK for chunk 7946
2025/04/30 15:22:57 Received ACK for chunk 7947/10240
Received chunk 7948/10240: fixtures/large_file.bin
2025/04/30 15:22:57 Sent ACK for chunk 7947
2025/04/30 15:22:57 Received ACK for chunk 7948/10240
Received chunk 7949/10240: fixtures/large_file.bin
2025/04/30 15:22:57 Sent ACK for chunk 7948
2025/04/30 15:22:57 Received ACK for chunk 7949/10240
Received chunk 7950/10240: fixtures/large_file.bin
2025/04/30 15:22:57 Sent ACK for chunk 7949
2025/04/30 15:22:57 Received ACK for chunk 7950/10240
Received chunk 7951/10240: fixtures/large_file.bin
2025/04/30 15:22:57 Sent ACK for chunk 7950
2025/04/30 15:22:57 Received ACK for chunk 7951/10240
Received chunk 7952/10240: fixtures/large_file.bin
2025/04/30 15:22:57 Sent ACK for chunk 7951
2025/04/30 15:22:57 Received ACK for chunk 7952/10240
Received chunk 7953/10240: fixtures/large_file.bin
2025/04/30 15:22:57 Sent ACK for chunk 7952
2025/04/30 15:22:57 Received ACK for chunk 7953/10240
Received chunk 7954/10240: fixtures/large_file.bin
2025/04/30 15:22:57 Sent ACK for chunk 7953
2025/04/30 15:22:57 Received ACK for chunk 7954/10240
Received chunk 7955/10240: fixtures/large_file.bin
2025/04/30 15:22:57 Sent ACK for chunk 7954
2025/04/30 15:22:57 Received ACK for chunk 7955/10240
Received chunk 7956/10240: fixtures/large_file.bin
2025/04/30 15:22:57 Sent ACK for chunk 7955
2025/04/30 15:22:57 Received ACK for chunk 7956/10240
Received chunk 7957/10240: fixtures/large_file.bin
2025/04/30 15:22:57 Sent ACK for chunk 7956
2025/04/30 15:22:57 Received ACK for chunk 7957/10240
Received chunk 7958/10240: fixtures/large_file.bin
2025/04/30 15:22:57 Sent ACK for chunk 7957
2025/04/30 15:22:57 Received ACK for chunk 7958/10240
Received chunk 7959/10240: fixtures/large_file.bin
2025/04/30 15:22:57 Sent ACK for chunk 7958
2025/04/30 15:22:57 Received ACK for chunk 7959/10240
Received chunk 7960/10240: fixtures/large_file.bin
2025/04/30 15:22:57 Sent ACK for chunk 7959
2025/04/30 15:22:57 Received ACK for chunk 7960/10240
Received chunk 7961/10240: fixtures/large_file.bin
2025/04/30 15:22:57 Sent ACK for chunk 7960
2025/04/30 15:22:57 Received ACK for chunk 7961/10240
Received chunk 7962/10240: fixtures/large_file.bin
2025/04/30 15:22:57 Sent ACK for chunk 7961
2025/04/30 15:22:57 Received ACK for chunk 7962/10240
Received chunk 7963/10240: fixtures/large_file.bin
2025/04/30 15:22:57 Sent ACK for chunk 7962
2025/04/30 15:22:57 Received ACK for chunk 7963/10240
Received chunk 7964/10240: fixtures/large_file.bin
2025/04/30 15:22:57 Sent ACK for chunk 7963
2025/04/30 15:22:57 Received ACK for chunk 7964/10240
Received chunk 7965/10240: fixtures/large_file.bin
2025/04/30 15:22:57 Sent ACK for chunk 7964
2025/04/30 15:22:57 Received ACK for chunk 7965/10240
Received chunk 7966/10240: fixtures/large_file.bin
2025/04/30 15:22:57 Sent ACK for chunk 7965
2025/04/30 15:22:57 Received ACK for chunk 7966/10240
Received chunk 7967/10240: fixtures/large_file.bin
2025/04/30 15:22:57 Sent ACK for chunk 7966
2025/04/30 15:22:57 Received ACK for chunk 7967/10240
Received chunk 7968/10240: fixtures/large_file.bin
2025/04/30 15:22:57 Sent ACK for chunk 7967
2025/04/30 15:22:57 Received ACK for chunk 7968/10240
Received chunk 7969/10240: fixtures/large_file.bin
2025/04/30 15:22:57 Sent ACK for chunk 7968
2025/04/30 15:22:57 Received ACK for chunk 7969/10240
Received chunk 7970/10240: fixtures/large_file.bin
2025/04/30 15:22:57 Sent ACK for chunk 7969
2025/04/30 15:22:57 Received ACK for chunk 7970/10240
Received chunk 7971/10240: fixtures/large_file.bin
2025/04/30 15:22:57 Sent ACK for chunk 7970
2025/04/30 15:22:57 Received ACK for chunk 7971/10240
Received chunk 7972/10240: fixtures/large_file.bin
2025/04/30 15:22:57 Sent ACK for chunk 7971
2025/04/30 15:22:57 Received ACK for chunk 7972/10240
Received chunk 7973/10240: fixtures/large_file.bin
2025/04/30 15:22:57 Sent ACK for chunk 7972
2025/04/30 15:22:57 Received ACK for chunk 7973/10240
Received chunk 7974/10240: fixtures/large_file.bin
2025/04/30 15:22:57 Sent ACK for chunk 7973
2025/04/30 15:22:57 Received ACK for chunk 7974/10240
Received chunk 7975/10240: fixtures/large_file.bin
2025/04/30 15:22:57 Sent ACK for chunk 7974
2025/04/30 15:22:57 Received ACK for chunk 7975/10240
Received chunk 7976/10240: fixtures/large_file.bin
2025/04/30 15:22:57 Sent ACK for chunk 7975
2025/04/30 15:22:57 Received ACK for chunk 7976/10240
Received chunk 7977/10240: fixtures/large_file.bin
2025/04/30 15:22:57 Sent ACK for chunk 7976
2025/04/30 15:22:57 Received ACK for chunk 7977/10240
Received chunk 7978/10240: fixtures/large_file.bin
2025/04/30 15:22:57 Sent ACK for chunk 7977
2025/04/30 15:22:57 Received ACK for chunk 7978/10240
Received chunk 7979/10240: fixtures/large_file.bin
2025/04/30 15:22:57 Sent ACK for chunk 7978
2025/04/30 15:22:57 Received ACK for chunk 7979/10240
Received chunk 7980/10240: fixtures/large_file.bin
2025/04/30 15:22:57 Sent ACK for chunk 7979
2025/04/30 15:22:57 Received ACK for chunk 7980/10240
Received chunk 7981/10240: fixtures/large_file.bin
2025/04/30 15:22:57 Sent ACK for chunk 7980
2025/04/30 15:22:57 Received ACK for chunk 7981/10240
Received chunk 7982/10240: fixtures/large_file.bin
2025/04/30 15:22:57 Sent ACK for chunk 7981
2025/04/30 15:22:57 Received ACK for chunk 7982/10240
Received chunk 7983/10240: fixtures/large_file.bin
2025/04/30 15:22:57 Sent ACK for chunk 7982
2025/04/30 15:22:57 Received ACK for chunk 7983/10240
Received chunk 7984/10240: fixtures/large_file.bin
2025/04/30 15:22:57 Sent ACK for chunk 7983
2025/04/30 15:22:57 Received ACK for chunk 7984/10240
Received chunk 7985/10240: fixtures/large_file.bin
2025/04/30 15:22:57 Sent ACK for chunk 7984
2025/04/30 15:22:57 Received ACK for chunk 7985/10240
Received chunk 7986/10240: fixtures/large_file.bin
2025/04/30 15:22:57 Sent ACK for chunk 7985
2025/04/30 15:22:57 Received ACK for chunk 7986/10240
Received chunk 7987/10240: fixtures/large_file.bin
2025/04/30 15:22:57 Sent ACK for chunk 7986
2025/04/30 15:22:57 Received ACK for chunk 7987/10240
Received chunk 7988/10240: fixtures/large_file.bin
2025/04/30 15:22:57 Sent ACK for chunk 7987
2025/04/30 15:22:57 Received ACK for chunk 7988/10240
Received chunk 7989/10240: fixtures/large_file.bin
2025/04/30 15:22:57 Sent ACK for chunk 7988
2025/04/30 15:22:57 Received ACK for chunk 7989/10240
Received chunk 7990/10240: fixtures/large_file.bin
2025/04/30 15:22:57 Sent ACK for chunk 7989
2025/04/30 15:22:57 Received ACK for chunk 7990/10240
Received chunk 7991/10240: fixtures/large_file.bin
2025/04/30 15:22:57 Sent ACK for chunk 7990
2025/04/30 15:22:57 Received ACK for chunk 7991/10240
Received chunk 7992/10240: fixtures/large_file.bin
2025/04/30 15:22:57 Sent ACK for chunk 7991
2025/04/30 15:22:57 Received ACK for chunk 7992/10240
Received chunk 7993/10240: fixtures/large_file.bin
2025/04/30 15:22:57 Sent ACK for chunk 7992
2025/04/30 15:22:57 Received ACK for chunk 7993/10240
Received chunk 7994/10240: fixtures/large_file.bin
2025/04/30 15:22:57 Sent ACK for chunk 7993
2025/04/30 15:22:57 Received ACK for chunk 7994/10240
Received chunk 7995/10240: fixtures/large_file.bin
2025/04/30 15:22:57 Sent ACK for chunk 7994
2025/04/30 15:22:57 Received ACK for chunk 7995/10240
Received chunk 7996/10240: fixtures/large_file.bin
2025/04/30 15:22:57 Sent ACK for chunk 7995
2025/04/30 15:22:57 Received ACK for chunk 7996/10240
Received chunk 7997/10240: fixtures/large_file.bin
2025/04/30 15:22:57 Sent ACK for chunk 7996
2025/04/30 15:22:57 Received ACK for chunk 7997/10240
Received chunk 7998/10240: fixtures/large_file.bin
2025/04/30 15:22:57 Sent ACK for chunk 7997
2025/04/30 15:22:57 Received ACK for chunk 7998/10240
Received chunk 7999/10240: fixtures/large_file.bin
2025/04/30 15:22:57 Sent ACK for chunk 7998
2025/04/30 15:22:57 Received ACK for chunk 7999/10240
Received chunk 8000/10240: fixtures/large_file.bin
2025/04/30 15:22:57 Sent ACK for chunk 7999
2025/04/30 15:22:57 Received ACK for chunk 8000/10240
Received chunk 8001/10240: fixtures/large_file.bin
2025/04/30 15:22:57 Sent ACK for chunk 8000
2025/04/30 15:22:57 Received ACK for chunk 8001/10240
Received chunk 8002/10240: fixtures/large_file.bin
2025/04/30 15:22:57 Sent ACK for chunk 8001
2025/04/30 15:22:57 Received ACK for chunk 8002/10240
Received chunk 8003/10240: fixtures/large_file.bin
2025/04/30 15:22:57 Sent ACK for chunk 8002
2025/04/30 15:22:57 Received ACK for chunk 8003/10240
Received chunk 8004/10240: fixtures/large_file.bin
2025/04/30 15:22:57 Sent ACK for chunk 8003
2025/04/30 15:22:57 Received ACK for chunk 8004/10240
Received chunk 8005/10240: fixtures/large_file.bin
2025/04/30 15:22:57 Sent ACK for chunk 8004
2025/04/30 15:22:57 Received ACK for chunk 8005/10240
Received chunk 8006/10240: fixtures/large_file.bin
2025/04/30 15:22:57 Sent ACK for chunk 8005
2025/04/30 15:22:57 Received ACK for chunk 8006/10240
Received chunk 8007/10240: fixtures/large_file.bin
2025/04/30 15:22:57 Sent ACK for chunk 8006
2025/04/30 15:22:57 Received ACK for chunk 8007/10240
Received chunk 8008/10240: fixtures/large_file.bin
2025/04/30 15:22:57 Sent ACK for chunk 8007
2025/04/30 15:22:57 Received ACK for chunk 8008/10240
Received chunk 8009/10240: fixtures/large_file.bin
2025/04/30 15:22:57 Sent ACK for chunk 8008
2025/04/30 15:22:57 Received ACK for chunk 8009/10240
Received chunk 8010/10240: fixtures/large_file.bin
2025/04/30 15:22:57 Sent ACK for chunk 8009
2025/04/30 15:22:57 Received ACK for chunk 8010/10240
Received chunk 8011/10240: fixtures/large_file.bin
2025/04/30 15:22:57 Sent ACK for chunk 8010
2025/04/30 15:22:57 Received ACK for chunk 8011/10240
Received chunk 8012/10240: fixtures/large_file.bin
2025/04/30 15:22:57 Sent ACK for chunk 8011
2025/04/30 15:22:57 Received ACK for chunk 8012/10240
Received chunk 8013/10240: fixtures/large_file.bin
2025/04/30 15:22:57 Sent ACK for chunk 8012
2025/04/30 15:22:57 Received ACK for chunk 8013/10240
Received chunk 8014/10240: fixtures/large_file.bin
2025/04/30 15:22:57 Sent ACK for chunk 8013
2025/04/30 15:22:57 Received ACK for chunk 8014/10240
Received chunk 8015/10240: fixtures/large_file.bin
2025/04/30 15:22:57 Sent ACK for chunk 8014
2025/04/30 15:22:57 Received ACK for chunk 8015/10240
Received chunk 8016/10240: fixtures/large_file.bin
2025/04/30 15:22:57 Sent ACK for chunk 8015
2025/04/30 15:22:57 Received ACK for chunk 8016/10240
Received chunk 8017/10240: fixtures/large_file.bin
2025/04/30 15:22:57 Sent ACK for chunk 8016
2025/04/30 15:22:57 Received ACK for chunk 8017/10240
Received chunk 8018/10240: fixtures/large_file.bin
2025/04/30 15:22:57 Sent ACK for chunk 8017
2025/04/30 15:22:57 Received ACK for chunk 8018/10240
Received chunk 8019/10240: fixtures/large_file.bin
2025/04/30 15:22:57 Sent ACK for chunk 8018
2025/04/30 15:22:57 Received ACK for chunk 8019/10240
Received chunk 8020/10240: fixtures/large_file.bin
2025/04/30 15:22:57 Sent ACK for chunk 8019
2025/04/30 15:22:57 Received ACK for chunk 8020/10240
Received chunk 8021/10240: fixtures/large_file.bin
2025/04/30 15:22:57 Sent ACK for chunk 8020
2025/04/30 15:22:57 Received ACK for chunk 8021/10240
Received chunk 8022/10240: fixtures/large_file.bin
2025/04/30 15:22:57 Sent ACK for chunk 8021
2025/04/30 15:22:57 Received ACK for chunk 8022/10240
Received chunk 8023/10240: fixtures/large_file.bin
2025/04/30 15:22:57 Sent ACK for chunk 8022
2025/04/30 15:22:57 Received ACK for chunk 8023/10240
Received chunk 8024/10240: fixtures/large_file.bin
2025/04/30 15:22:57 Sent ACK for chunk 8023
2025/04/30 15:22:57 Received ACK for chunk 8024/10240
Received chunk 8025/10240: fixtures/large_file.bin
2025/04/30 15:22:57 Sent ACK for chunk 8024
2025/04/30 15:22:57 Received ACK for chunk 8025/10240
Received chunk 8026/10240: fixtures/large_file.bin
2025/04/30 15:22:57 Sent ACK for chunk 8025
2025/04/30 15:22:57 Received ACK for chunk 8026/10240
Received chunk 8027/10240: fixtures/large_file.bin
2025/04/30 15:22:57 Sent ACK for chunk 8026
2025/04/30 15:22:57 Received ACK for chunk 8027/10240
Received chunk 8028/10240: fixtures/large_file.bin
2025/04/30 15:22:57 Sent ACK for chunk 8027
2025/04/30 15:22:57 Received ACK for chunk 8028/10240
Received chunk 8029/10240: fixtures/large_file.bin
2025/04/30 15:22:57 Sent ACK for chunk 8028
2025/04/30 15:22:57 Received ACK for chunk 8029/10240
Received chunk 8030/10240: fixtures/large_file.bin
2025/04/30 15:22:57 Sent ACK for chunk 8029
2025/04/30 15:22:57 Received ACK for chunk 8030/10240
Received chunk 8031/10240: fixtures/large_file.bin
2025/04/30 15:22:57 Sent ACK for chunk 8030
2025/04/30 15:22:57 Received ACK for chunk 8031/10240
Received chunk 8032/10240: fixtures/large_file.bin
2025/04/30 15:22:57 Sent ACK for chunk 8031
2025/04/30 15:22:57 Received ACK for chunk 8032/10240
Received chunk 8033/10240: fixtures/large_file.bin
2025/04/30 15:22:57 Sent ACK for chunk 8032
2025/04/30 15:22:57 Received ACK for chunk 8033/10240
Received chunk 8034/10240: fixtures/large_file.bin
2025/04/30 15:22:57 Sent ACK for chunk 8033
2025/04/30 15:22:57 Received ACK for chunk 8034/10240
Received chunk 8035/10240: fixtures/large_file.bin
2025/04/30 15:22:57 Sent ACK for chunk 8034
2025/04/30 15:22:57 Received ACK for chunk 8035/10240
Received chunk 8036/10240: fixtures/large_file.bin
2025/04/30 15:22:57 Sent ACK for chunk 8035
2025/04/30 15:22:57 Received ACK for chunk 8036/10240
Received chunk 8037/10240: fixtures/large_file.bin
2025/04/30 15:22:57 Sent ACK for chunk 8036
2025/04/30 15:22:57 Received ACK for chunk 8037/10240
Received chunk 8038/10240: fixtures/large_file.bin
2025/04/30 15:22:57 Sent ACK for chunk 8037
2025/04/30 15:22:57 Received ACK for chunk 8038/10240
Received chunk 8039/10240: fixtures/large_file.bin
2025/04/30 15:22:57 Sent ACK for chunk 8038
2025/04/30 15:22:57 Received ACK for chunk 8039/10240
Received chunk 8040/10240: fixtures/large_file.bin
2025/04/30 15:22:57 Sent ACK for chunk 8039
2025/04/30 15:22:57 Received ACK for chunk 8040/10240
Received chunk 8041/10240: fixtures/large_file.bin
2025/04/30 15:22:57 Sent ACK for chunk 8040
2025/04/30 15:22:57 Received ACK for chunk 8041/10240
Received chunk 8042/10240: fixtures/large_file.bin
2025/04/30 15:22:57 Sent ACK for chunk 8041
2025/04/30 15:22:57 Received ACK for chunk 8042/10240
Received chunk 8043/10240: fixtures/large_file.bin
2025/04/30 15:22:57 Sent ACK for chunk 8042
2025/04/30 15:22:57 Received ACK for chunk 8043/10240
Received chunk 8044/10240: fixtures/large_file.bin
2025/04/30 15:22:57 Sent ACK for chunk 8043
2025/04/30 15:22:57 Received ACK for chunk 8044/10240
Received chunk 8045/10240: fixtures/large_file.bin
2025/04/30 15:22:57 Sent ACK for chunk 8044
2025/04/30 15:22:57 Received ACK for chunk 8045/10240
Received chunk 8046/10240: fixtures/large_file.bin
2025/04/30 15:22:57 Sent ACK for chunk 8045
2025/04/30 15:22:57 Received ACK for chunk 8046/10240
Received chunk 8047/10240: fixtures/large_file.bin
2025/04/30 15:22:57 Sent ACK for chunk 8046
2025/04/30 15:22:57 Received ACK for chunk 8047/10240
Received chunk 8048/10240: fixtures/large_file.bin
2025/04/30 15:22:57 Sent ACK for chunk 8047
2025/04/30 15:22:57 Received ACK for chunk 8048/10240
Received chunk 8049/10240: fixtures/large_file.bin
2025/04/30 15:22:57 Sent ACK for chunk 8048
2025/04/30 15:22:57 Received ACK for chunk 8049/10240
Received chunk 8050/10240: fixtures/large_file.bin
2025/04/30 15:22:57 Sent ACK for chunk 8049
2025/04/30 15:22:57 Received ACK for chunk 8050/10240
Received chunk 8051/10240: fixtures/large_file.bin
2025/04/30 15:22:57 Sent ACK for chunk 8050
2025/04/30 15:22:57 Received ACK for chunk 8051/10240
Received chunk 8052/10240: fixtures/large_file.bin
2025/04/30 15:22:57 Sent ACK for chunk 8051
2025/04/30 15:22:57 Received ACK for chunk 8052/10240
Received chunk 8053/10240: fixtures/large_file.bin
2025/04/30 15:22:57 Sent ACK for chunk 8052
2025/04/30 15:22:57 Received ACK for chunk 8053/10240
Received chunk 8054/10240: fixtures/large_file.bin
2025/04/30 15:22:57 Sent ACK for chunk 8053
2025/04/30 15:22:57 Received ACK for chunk 8054/10240
Received chunk 8055/10240: fixtures/large_file.bin
2025/04/30 15:22:57 Sent ACK for chunk 8054
2025/04/30 15:22:57 Received ACK for chunk 8055/10240
Received chunk 8056/10240: fixtures/large_file.bin
2025/04/30 15:22:57 Sent ACK for chunk 8055
2025/04/30 15:22:57 Received ACK for chunk 8056/10240
Received chunk 8057/10240: fixtures/large_file.bin
2025/04/30 15:22:57 Sent ACK for chunk 8056
2025/04/30 15:22:57 Received ACK for chunk 8057/10240
Received chunk 8058/10240: fixtures/large_file.bin
2025/04/30 15:22:57 Sent ACK for chunk 8057
2025/04/30 15:22:57 Received ACK for chunk 8058/10240
Received chunk 8059/10240: fixtures/large_file.bin
2025/04/30 15:22:57 Sent ACK for chunk 8058
2025/04/30 15:22:57 Received ACK for chunk 8059/10240
Received chunk 8060/10240: fixtures/large_file.bin
2025/04/30 15:22:57 Sent ACK for chunk 8059
2025/04/30 15:22:57 Received ACK for chunk 8060/10240
Received chunk 8061/10240: fixtures/large_file.bin
2025/04/30 15:22:57 Sent ACK for chunk 8060
2025/04/30 15:22:57 Received ACK for chunk 8061/10240
Received chunk 8062/10240: fixtures/large_file.bin
2025/04/30 15:22:57 Sent ACK for chunk 8061
2025/04/30 15:22:57 Received ACK for chunk 8062/10240
Received chunk 8063/10240: fixtures/large_file.bin
2025/04/30 15:22:57 Sent ACK for chunk 8062
2025/04/30 15:22:57 Received ACK for chunk 8063/10240
Received chunk 8064/10240: fixtures/large_file.bin
2025/04/30 15:22:57 Sent ACK for chunk 8063
2025/04/30 15:22:57 Received ACK for chunk 8064/10240
Received chunk 8065/10240: fixtures/large_file.bin
2025/04/30 15:22:57 Sent ACK for chunk 8064
2025/04/30 15:22:57 Received ACK for chunk 8065/10240
Received chunk 8066/10240: fixtures/large_file.bin
2025/04/30 15:22:57 Sent ACK for chunk 8065
2025/04/30 15:22:57 Received ACK for chunk 8066/10240
Received chunk 8067/10240: fixtures/large_file.bin
2025/04/30 15:22:57 Sent ACK for chunk 8066
2025/04/30 15:22:57 Received ACK for chunk 8067/10240
Received chunk 8068/10240: fixtures/large_file.bin
2025/04/30 15:22:57 Sent ACK for chunk 8067
2025/04/30 15:22:57 Received ACK for chunk 8068/10240
Received chunk 8069/10240: fixtures/large_file.bin
2025/04/30 15:22:57 Sent ACK for chunk 8068
2025/04/30 15:22:57 Received ACK for chunk 8069/10240
Received chunk 8070/10240: fixtures/large_file.bin
2025/04/30 15:22:57 Sent ACK for chunk 8069
2025/04/30 15:22:57 Received ACK for chunk 8070/10240
Received chunk 8071/10240: fixtures/large_file.bin
2025/04/30 15:22:57 Sent ACK for chunk 8070
2025/04/30 15:22:57 Received ACK for chunk 8071/10240
Received chunk 8072/10240: fixtures/large_file.bin
2025/04/30 15:22:57 Sent ACK for chunk 8071
2025/04/30 15:22:57 Received ACK for chunk 8072/10240
Received chunk 8073/10240: fixtures/large_file.bin
2025/04/30 15:22:57 Sent ACK for chunk 8072
2025/04/30 15:22:57 Received ACK for chunk 8073/10240
Received chunk 8074/10240: fixtures/large_file.bin
2025/04/30 15:22:57 Sent ACK for chunk 8073
2025/04/30 15:22:57 Received ACK for chunk 8074/10240
Received chunk 8075/10240: fixtures/large_file.bin
2025/04/30 15:22:57 Sent ACK for chunk 8074
2025/04/30 15:22:57 Received ACK for chunk 8075/10240
Received chunk 8076/10240: fixtures/large_file.bin
2025/04/30 15:22:57 Sent ACK for chunk 8075
2025/04/30 15:22:57 Received ACK for chunk 8076/10240
Received chunk 8077/10240: fixtures/large_file.bin
2025/04/30 15:22:57 Sent ACK for chunk 8076
2025/04/30 15:22:57 Received ACK for chunk 8077/10240
Received chunk 8078/10240: fixtures/large_file.bin
2025/04/30 15:22:57 Sent ACK for chunk 8077
2025/04/30 15:22:57 Received ACK for chunk 8078/10240
Received chunk 8079/10240: fixtures/large_file.bin
2025/04/30 15:22:57 Sent ACK for chunk 8078
2025/04/30 15:22:57 Received ACK for chunk 8079/10240
Received chunk 8080/10240: fixtures/large_file.bin
2025/04/30 15:22:57 Sent ACK for chunk 8079
2025/04/30 15:22:57 Received ACK for chunk 8080/10240
Received chunk 8081/10240: fixtures/large_file.bin
2025/04/30 15:22:57 Sent ACK for chunk 8080
2025/04/30 15:22:57 Received ACK for chunk 8081/10240
Received chunk 8082/10240: fixtures/large_file.bin
2025/04/30 15:22:57 Sent ACK for chunk 8081
2025/04/30 15:22:57 Received ACK for chunk 8082/10240
Received chunk 8083/10240: fixtures/large_file.bin
2025/04/30 15:22:57 Sent ACK for chunk 8082
2025/04/30 15:22:57 Received ACK for chunk 8083/10240
Received chunk 8084/10240: fixtures/large_file.bin
2025/04/30 15:22:57 Sent ACK for chunk 8083
2025/04/30 15:22:57 Received ACK for chunk 8084/10240
Received chunk 8085/10240: fixtures/large_file.bin
2025/04/30 15:22:57 Sent ACK for chunk 8084
2025/04/30 15:22:57 Received ACK for chunk 8085/10240
Received chunk 8086/10240: fixtures/large_file.bin
2025/04/30 15:22:57 Sent ACK for chunk 8085
2025/04/30 15:22:57 Received ACK for chunk 8086/10240
Received chunk 8087/10240: fixtures/large_file.bin
2025/04/30 15:22:57 Sent ACK for chunk 8086
2025/04/30 15:22:57 Received ACK for chunk 8087/10240
Received chunk 8088/10240: fixtures/large_file.bin
2025/04/30 15:22:57 Sent ACK for chunk 8087
2025/04/30 15:22:57 Received ACK for chunk 8088/10240
Received chunk 8089/10240: fixtures/large_file.bin
2025/04/30 15:22:57 Sent ACK for chunk 8088
2025/04/30 15:22:57 Received ACK for chunk 8089/10240
Received chunk 8090/10240: fixtures/large_file.bin
2025/04/30 15:22:57 Sent ACK for chunk 8089
2025/04/30 15:22:57 Received ACK for chunk 8090/10240
Received chunk 8091/10240: fixtures/large_file.bin
2025/04/30 15:22:57 Sent ACK for chunk 8090
2025/04/30 15:22:57 Received ACK for chunk 8091/10240
Received chunk 8092/10240: fixtures/large_file.bin
2025/04/30 15:22:57 Sent ACK for chunk 8091
2025/04/30 15:22:57 Received ACK for chunk 8092/10240
Received chunk 8093/10240: fixtures/large_file.bin
2025/04/30 15:22:57 Sent ACK for chunk 8092
2025/04/30 15:22:57 Received ACK for chunk 8093/10240
Received chunk 8094/10240: fixtures/large_file.bin
2025/04/30 15:22:57 Sent ACK for chunk 8093
2025/04/30 15:22:57 Received ACK for chunk 8094/10240
Received chunk 8095/10240: fixtures/large_file.bin
2025/04/30 15:22:57 Sent ACK for chunk 8094
2025/04/30 15:22:57 Received ACK for chunk 8095/10240
Received chunk 8096/10240: fixtures/large_file.bin
2025/04/30 15:22:57 Sent ACK for chunk 8095
2025/04/30 15:22:57 Received ACK for chunk 8096/10240
Received chunk 8097/10240: fixtures/large_file.bin
2025/04/30 15:22:57 Sent ACK for chunk 8096
2025/04/30 15:22:57 Received ACK for chunk 8097/10240
Received chunk 8098/10240: fixtures/large_file.bin
2025/04/30 15:22:57 Sent ACK for chunk 8097
2025/04/30 15:22:57 Received ACK for chunk 8098/10240
Received chunk 8099/10240: fixtures/large_file.bin
2025/04/30 15:22:57 Sent ACK for chunk 8098
2025/04/30 15:22:57 Received ACK for chunk 8099/10240
Received chunk 8100/10240: fixtures/large_file.bin
2025/04/30 15:22:57 Sent ACK for chunk 8099
2025/04/30 15:22:57 Received ACK for chunk 8100/10240
Received chunk 8101/10240: fixtures/large_file.bin
2025/04/30 15:22:57 Sent ACK for chunk 8100
2025/04/30 15:22:57 Received ACK for chunk 8101/10240
Received chunk 8102/10240: fixtures/large_file.bin
2025/04/30 15:22:57 Sent ACK for chunk 8101
2025/04/30 15:22:57 Received ACK for chunk 8102/10240
Received chunk 8103/10240: fixtures/large_file.bin
2025/04/30 15:22:57 Sent ACK for chunk 8102
2025/04/30 15:22:57 Received ACK for chunk 8103/10240
Received chunk 8104/10240: fixtures/large_file.bin
2025/04/30 15:22:57 Sent ACK for chunk 8103
2025/04/30 15:22:57 Received ACK for chunk 8104/10240
Received chunk 8105/10240: fixtures/large_file.bin
2025/04/30 15:22:57 Sent ACK for chunk 8104
2025/04/30 15:22:57 Received ACK for chunk 8105/10240
Received chunk 8106/10240: fixtures/large_file.bin
2025/04/30 15:22:57 Sent ACK for chunk 8105
2025/04/30 15:22:57 Received ACK for chunk 8106/10240
Received chunk 8107/10240: fixtures/large_file.bin
2025/04/30 15:22:57 Sent ACK for chunk 8106
2025/04/30 15:22:57 Received ACK for chunk 8107/10240
Received chunk 8108/10240: fixtures/large_file.bin
2025/04/30 15:22:57 Sent ACK for chunk 8107
2025/04/30 15:22:57 Received ACK for chunk 8108/10240
Received chunk 8109/10240: fixtures/large_file.bin
2025/04/30 15:22:57 Sent ACK for chunk 8108
2025/04/30 15:22:57 Received ACK for chunk 8109/10240
Received chunk 8110/10240: fixtures/large_file.bin
2025/04/30 15:22:57 Sent ACK for chunk 8109
2025/04/30 15:22:57 Received ACK for chunk 8110/10240
Received chunk 8111/10240: fixtures/large_file.bin
2025/04/30 15:22:57 Sent ACK for chunk 8110
2025/04/30 15:22:57 Received ACK for chunk 8111/10240
Received chunk 8112/10240: fixtures/large_file.bin
2025/04/30 15:22:57 Sent ACK for chunk 8111
2025/04/30 15:22:57 Received ACK for chunk 8112/10240
Received chunk 8113/10240: fixtures/large_file.bin
2025/04/30 15:22:57 Sent ACK for chunk 8112
2025/04/30 15:22:57 Received ACK for chunk 8113/10240
Received chunk 8114/10240: fixtures/large_file.bin
2025/04/30 15:22:57 Sent ACK for chunk 8113
2025/04/30 15:22:57 Received ACK for chunk 8114/10240
Received chunk 8115/10240: fixtures/large_file.bin
2025/04/30 15:22:57 Sent ACK for chunk 8114
2025/04/30 15:22:57 Received ACK for chunk 8115/10240
Received chunk 8116/10240: fixtures/large_file.bin
2025/04/30 15:22:57 Sent ACK for chunk 8115
2025/04/30 15:22:57 Received ACK for chunk 8116/10240
Received chunk 8117/10240: fixtures/large_file.bin
2025/04/30 15:22:57 Sent ACK for chunk 8116
2025/04/30 15:22:57 Received ACK for chunk 8117/10240
Received chunk 8118/10240: fixtures/large_file.bin
2025/04/30 15:22:57 Sent ACK for chunk 8117
2025/04/30 15:22:57 Received ACK for chunk 8118/10240
Received chunk 8119/10240: fixtures/large_file.bin
2025/04/30 15:22:57 Sent ACK for chunk 8118
2025/04/30 15:22:57 Received ACK for chunk 8119/10240
Received chunk 8120/10240: fixtures/large_file.bin
2025/04/30 15:22:57 Sent ACK for chunk 8119
2025/04/30 15:22:57 Received ACK for chunk 8120/10240
Received chunk 8121/10240: fixtures/large_file.bin
2025/04/30 15:22:57 Sent ACK for chunk 8120
2025/04/30 15:22:57 Received ACK for chunk 8121/10240
Received chunk 8122/10240: fixtures/large_file.bin
2025/04/30 15:22:57 Sent ACK for chunk 8121
2025/04/30 15:22:57 Received ACK for chunk 8122/10240
Received chunk 8123/10240: fixtures/large_file.bin
2025/04/30 15:22:57 Sent ACK for chunk 8122
2025/04/30 15:22:57 Received ACK for chunk 8123/10240
Received chunk 8124/10240: fixtures/large_file.bin
2025/04/30 15:22:57 Sent ACK for chunk 8123
2025/04/30 15:22:57 Received ACK for chunk 8124/10240
Received chunk 8125/10240: fixtures/large_file.bin
2025/04/30 15:22:57 Sent ACK for chunk 8124
2025/04/30 15:22:57 Received ACK for chunk 8125/10240
Received chunk 8126/10240: fixtures/large_file.bin
2025/04/30 15:22:57 Sent ACK for chunk 8125
2025/04/30 15:22:57 Received ACK for chunk 8126/10240
Received chunk 8127/10240: fixtures/large_file.bin
2025/04/30 15:22:57 Sent ACK for chunk 8126
2025/04/30 15:22:57 Received ACK for chunk 8127/10240
Received chunk 8128/10240: fixtures/large_file.bin
2025/04/30 15:22:57 Sent ACK for chunk 8127
2025/04/30 15:22:57 Received ACK for chunk 8128/10240
Received chunk 8129/10240: fixtures/large_file.bin
2025/04/30 15:22:57 Sent ACK for chunk 8128
2025/04/30 15:22:57 Received ACK for chunk 8129/10240
Received chunk 8130/10240: fixtures/large_file.bin
2025/04/30 15:22:57 Sent ACK for chunk 8129
2025/04/30 15:22:57 Received ACK for chunk 8130/10240
Received chunk 8131/10240: fixtures/large_file.bin
2025/04/30 15:22:57 Sent ACK for chunk 8130
2025/04/30 15:22:57 Received ACK for chunk 8131/10240
Received chunk 8132/10240: fixtures/large_file.bin
2025/04/30 15:22:57 Sent ACK for chunk 8131
2025/04/30 15:22:57 Received ACK for chunk 8132/10240
Received chunk 8133/10240: fixtures/large_file.bin
2025/04/30 15:22:57 Sent ACK for chunk 8132
2025/04/30 15:22:57 Received ACK for chunk 8133/10240
Received chunk 8134/10240: fixtures/large_file.bin
2025/04/30 15:22:57 Sent ACK for chunk 8133
2025/04/30 15:22:57 Received ACK for chunk 8134/10240
Received chunk 8135/10240: fixtures/large_file.bin
2025/04/30 15:22:57 Sent ACK for chunk 8134
2025/04/30 15:22:57 Received ACK for chunk 8135/10240
Received chunk 8136/10240: fixtures/large_file.bin
2025/04/30 15:22:57 Sent ACK for chunk 8135
2025/04/30 15:22:57 Received ACK for chunk 8136/10240
Received chunk 8137/10240: fixtures/large_file.bin
2025/04/30 15:22:57 Sent ACK for chunk 8136
2025/04/30 15:22:57 Received ACK for chunk 8137/10240
Received chunk 8138/10240: fixtures/large_file.bin
2025/04/30 15:22:57 Sent ACK for chunk 8137
2025/04/30 15:22:57 Received ACK for chunk 8138/10240
Received chunk 8139/10240: fixtures/large_file.bin
2025/04/30 15:22:57 Sent ACK for chunk 8138
2025/04/30 15:22:57 Received ACK for chunk 8139/10240
Received chunk 8140/10240: fixtures/large_file.bin
2025/04/30 15:22:57 Sent ACK for chunk 8139
2025/04/30 15:22:57 Received ACK for chunk 8140/10240
Received chunk 8141/10240: fixtures/large_file.bin
2025/04/30 15:22:57 Sent ACK for chunk 8140
2025/04/30 15:22:57 Received ACK for chunk 8141/10240
Received chunk 8142/10240: fixtures/large_file.bin
2025/04/30 15:22:57 Sent ACK for chunk 8141
2025/04/30 15:22:57 Received ACK for chunk 8142/10240
Received chunk 8143/10240: fixtures/large_file.bin
2025/04/30 15:22:57 Sent ACK for chunk 8142
2025/04/30 15:22:57 Received ACK for chunk 8143/10240
Received chunk 8144/10240: fixtures/large_file.bin
2025/04/30 15:22:57 Sent ACK for chunk 8143
2025/04/30 15:22:57 Received ACK for chunk 8144/10240
Received chunk 8145/10240: fixtures/large_file.bin
2025/04/30 15:22:57 Sent ACK for chunk 8144
2025/04/30 15:22:57 Received ACK for chunk 8145/10240
Received chunk 8146/10240: fixtures/large_file.bin
2025/04/30 15:22:57 Sent ACK for chunk 8145
2025/04/30 15:22:57 Received ACK for chunk 8146/10240
Received chunk 8147/10240: fixtures/large_file.bin
2025/04/30 15:22:57 Sent ACK for chunk 8146
2025/04/30 15:22:57 Received ACK for chunk 8147/10240
Received chunk 8148/10240: fixtures/large_file.bin
2025/04/30 15:22:57 Sent ACK for chunk 8147
2025/04/30 15:22:57 Received ACK for chunk 8148/10240
Received chunk 8149/10240: fixtures/large_file.bin
2025/04/30 15:22:57 Sent ACK for chunk 8148
2025/04/30 15:22:57 Received ACK for chunk 8149/10240
Received chunk 8150/10240: fixtures/large_file.bin
2025/04/30 15:22:57 Sent ACK for chunk 8149
2025/04/30 15:22:57 Received ACK for chunk 8150/10240
Received chunk 8151/10240: fixtures/large_file.bin
2025/04/30 15:22:57 Sent ACK for chunk 8150
2025/04/30 15:22:57 Received ACK for chunk 8151/10240
Received chunk 8152/10240: fixtures/large_file.bin
2025/04/30 15:22:57 Sent ACK for chunk 8151
2025/04/30 15:22:57 Received ACK for chunk 8152/10240
Received chunk 8153/10240: fixtures/large_file.bin
2025/04/30 15:22:57 Sent ACK for chunk 8152
2025/04/30 15:22:57 Received ACK for chunk 8153/10240
Received chunk 8154/10240: fixtures/large_file.bin
2025/04/30 15:22:57 Sent ACK for chunk 8153
2025/04/30 15:22:57 Received ACK for chunk 8154/10240
Received chunk 8155/10240: fixtures/large_file.bin
2025/04/30 15:22:57 Sent ACK for chunk 8154
2025/04/30 15:22:57 Received ACK for chunk 8155/10240
Received chunk 8156/10240: fixtures/large_file.bin
2025/04/30 15:22:57 Sent ACK for chunk 8155
2025/04/30 15:22:57 Received ACK for chunk 8156/10240
Received chunk 8157/10240: fixtures/large_file.bin
2025/04/30 15:22:57 Sent ACK for chunk 8156
2025/04/30 15:22:57 Received ACK for chunk 8157/10240
Received chunk 8158/10240: fixtures/large_file.bin
2025/04/30 15:22:57 Sent ACK for chunk 8157
2025/04/30 15:22:57 Received ACK for chunk 8158/10240
Received chunk 8159/10240: fixtures/large_file.bin
2025/04/30 15:22:57 Sent ACK for chunk 8158
2025/04/30 15:22:57 Received ACK for chunk 8159/10240
Received chunk 8160/10240: fixtures/large_file.bin
2025/04/30 15:22:57 Sent ACK for chunk 8159
2025/04/30 15:22:57 Received ACK for chunk 8160/10240
Received chunk 8161/10240: fixtures/large_file.bin
2025/04/30 15:22:57 Sent ACK for chunk 8160
2025/04/30 15:22:57 Received ACK for chunk 8161/10240
Received chunk 8162/10240: fixtures/large_file.bin
2025/04/30 15:22:57 Sent ACK for chunk 8161
2025/04/30 15:22:57 Received ACK for chunk 8162/10240
Received chunk 8163/10240: fixtures/large_file.bin
2025/04/30 15:22:57 Sent ACK for chunk 8162
2025/04/30 15:22:57 Received ACK for chunk 8163/10240
Received chunk 8164/10240: fixtures/large_file.bin
2025/04/30 15:22:57 Sent ACK for chunk 8163
2025/04/30 15:22:57 Received ACK for chunk 8164/10240
Received chunk 8165/10240: fixtures/large_file.bin
2025/04/30 15:22:57 Sent ACK for chunk 8164
2025/04/30 15:22:57 Received ACK for chunk 8165/10240
Received chunk 8166/10240: fixtures/large_file.bin
2025/04/30 15:22:57 Sent ACK for chunk 8165
2025/04/30 15:22:57 Received ACK for chunk 8166/10240
Received chunk 8167/10240: fixtures/large_file.bin
2025/04/30 15:22:57 Sent ACK for chunk 8166
2025/04/30 15:22:57 Received ACK for chunk 8167/10240
Received chunk 8168/10240: fixtures/large_file.bin
2025/04/30 15:22:57 Sent ACK for chunk 8167
2025/04/30 15:22:57 Received ACK for chunk 8168/10240
Received chunk 8169/10240: fixtures/large_file.bin
2025/04/30 15:22:57 Sent ACK for chunk 8168
2025/04/30 15:22:57 Received ACK for chunk 8169/10240
Received chunk 8170/10240: fixtures/large_file.bin
2025/04/30 15:22:57 Sent ACK for chunk 8169
2025/04/30 15:22:57 Received ACK for chunk 8170/10240
Received chunk 8171/10240: fixtures/large_file.bin
2025/04/30 15:22:57 Sent ACK for chunk 8170
2025/04/30 15:22:57 Received ACK for chunk 8171/10240
Received chunk 8172/10240: fixtures/large_file.bin
2025/04/30 15:22:57 Sent ACK for chunk 8171
2025/04/30 15:22:57 Received ACK for chunk 8172/10240
Received chunk 8173/10240: fixtures/large_file.bin
2025/04/30 15:22:57 Sent ACK for chunk 8172
2025/04/30 15:22:57 Received ACK for chunk 8173/10240
Received chunk 8174/10240: fixtures/large_file.bin
2025/04/30 15:22:57 Sent ACK for chunk 8173
2025/04/30 15:22:57 Received ACK for chunk 8174/10240
Received chunk 8175/10240: fixtures/large_file.bin
2025/04/30 15:22:57 Sent ACK for chunk 8174
2025/04/30 15:22:57 Received ACK for chunk 8175/10240
Received chunk 8176/10240: fixtures/large_file.bin
2025/04/30 15:22:57 Sent ACK for chunk 8175
2025/04/30 15:22:57 Received ACK for chunk 8176/10240
Received chunk 8177/10240: fixtures/large_file.bin
2025/04/30 15:22:57 Sent ACK for chunk 8176
2025/04/30 15:22:57 Received ACK for chunk 8177/10240
Received chunk 8178/10240: fixtures/large_file.bin
2025/04/30 15:22:57 Sent ACK for chunk 8177
2025/04/30 15:22:57 Received ACK for chunk 8178/10240
Received chunk 8179/10240: fixtures/large_file.bin
2025/04/30 15:22:57 Sent ACK for chunk 8178
2025/04/30 15:22:57 Received ACK for chunk 8179/10240
Received chunk 8180/10240: fixtures/large_file.bin
2025/04/30 15:22:57 Sent ACK for chunk 8179
2025/04/30 15:22:57 Received ACK for chunk 8180/10240
Received chunk 8181/10240: fixtures/large_file.bin
2025/04/30 15:22:57 Sent ACK for chunk 8180
2025/04/30 15:22:57 Received ACK for chunk 8181/10240
Received chunk 8182/10240: fixtures/large_file.bin
2025/04/30 15:22:57 Sent ACK for chunk 8181
2025/04/30 15:22:57 Received ACK for chunk 8182/10240
Received chunk 8183/10240: fixtures/large_file.bin
2025/04/30 15:22:57 Sent ACK for chunk 8182
2025/04/30 15:22:57 Received ACK for chunk 8183/10240
Received chunk 8184/10240: fixtures/large_file.bin
2025/04/30 15:22:57 Sent ACK for chunk 8183
2025/04/30 15:22:57 Received ACK for chunk 8184/10240
Received chunk 8185/10240: fixtures/large_file.bin
2025/04/30 15:22:57 Sent ACK for chunk 8184
2025/04/30 15:22:57 Received ACK for chunk 8185/10240
Received chunk 8186/10240: fixtures/large_file.bin
2025/04/30 15:22:57 Sent ACK for chunk 8185
2025/04/30 15:22:57 Received ACK for chunk 8186/10240
Received chunk 8187/10240: fixtures/large_file.bin
2025/04/30 15:22:57 Sent ACK for chunk 8186
2025/04/30 15:22:57 Received ACK for chunk 8187/10240
Received chunk 8188/10240: fixtures/large_file.bin
2025/04/30 15:22:57 Sent ACK for chunk 8187
2025/04/30 15:22:57 Received ACK for chunk 8188/10240
Received chunk 8189/10240: fixtures/large_file.bin
2025/04/30 15:22:57 Sent ACK for chunk 8188
2025/04/30 15:22:57 Received ACK for chunk 8189/10240
Received chunk 8190/10240: fixtures/large_file.bin
2025/04/30 15:22:57 Sent ACK for chunk 8189
2025/04/30 15:22:57 Received ACK for chunk 8190/10240
Received chunk 8191/10240: fixtures/large_file.bin
2025/04/30 15:22:57 Sent ACK for chunk 8190
2025/04/30 15:22:57 Received ACK for chunk 8191/10240
Received chunk 8192/10240: fixtures/large_file.bin
2025/04/30 15:22:57 Sent ACK for chunk 8191
2025/04/30 15:22:57 Received ACK for chunk 8192/10240
Received chunk 8193/10240: fixtures/large_file.bin
2025/04/30 15:22:57 Sent ACK for chunk 8192
2025/04/30 15:22:57 Received ACK for chunk 8193/10240
Received chunk 8194/10240: fixtures/large_file.bin
2025/04/30 15:22:57 Sent ACK for chunk 8193
2025/04/30 15:22:57 Received ACK for chunk 8194/10240
Received chunk 8195/10240: fixtures/large_file.bin
2025/04/30 15:22:57 Sent ACK for chunk 8194
2025/04/30 15:22:57 Received ACK for chunk 8195/10240
Received chunk 8196/10240: fixtures/large_file.bin
2025/04/30 15:22:57 Sent ACK for chunk 8195
2025/04/30 15:22:57 Received ACK for chunk 8196/10240
Received chunk 8197/10240: fixtures/large_file.bin
2025/04/30 15:22:57 Sent ACK for chunk 8196
2025/04/30 15:22:57 Received ACK for chunk 8197/10240
Received chunk 8198/10240: fixtures/large_file.bin
2025/04/30 15:22:57 Sent ACK for chunk 8197
2025/04/30 15:22:57 Received ACK for chunk 8198/10240
Received chunk 8199/10240: fixtures/large_file.bin
2025/04/30 15:22:57 Sent ACK for chunk 8198
2025/04/30 15:22:57 Received ACK for chunk 8199/10240
Received chunk 8200/10240: fixtures/large_file.bin
2025/04/30 15:22:57 Sent ACK for chunk 8199
2025/04/30 15:22:57 Received ACK for chunk 8200/10240
Received chunk 8201/10240: fixtures/large_file.bin
2025/04/30 15:22:57 Sent ACK for chunk 8200
2025/04/30 15:22:57 Received ACK for chunk 8201/10240
Received chunk 8202/10240: fixtures/large_file.bin
2025/04/30 15:22:57 Sent ACK for chunk 8201
2025/04/30 15:22:57 Received ACK for chunk 8202/10240
Received chunk 8203/10240: fixtures/large_file.bin
2025/04/30 15:22:57 Sent ACK for chunk 8202
2025/04/30 15:22:57 Received ACK for chunk 8203/10240
Received chunk 8204/10240: fixtures/large_file.bin
2025/04/30 15:22:57 Sent ACK for chunk 8203
2025/04/30 15:22:57 Received ACK for chunk 8204/10240
Received chunk 8205/10240: fixtures/large_file.bin
2025/04/30 15:22:57 Sent ACK for chunk 8204
2025/04/30 15:22:57 Received ACK for chunk 8205/10240
Received chunk 8206/10240: fixtures/large_file.bin
2025/04/30 15:22:57 Sent ACK for chunk 8205
2025/04/30 15:22:57 Received ACK for chunk 8206/10240
Received chunk 8207/10240: fixtures/large_file.bin
2025/04/30 15:22:57 Sent ACK for chunk 8206
2025/04/30 15:22:57 Received ACK for chunk 8207/10240
Received chunk 8208/10240: fixtures/large_file.bin
2025/04/30 15:22:57 Sent ACK for chunk 8207
2025/04/30 15:22:57 Received ACK for chunk 8208/10240
Received chunk 8209/10240: fixtures/large_file.bin
2025/04/30 15:22:57 Sent ACK for chunk 8208
2025/04/30 15:22:57 Received ACK for chunk 8209/10240
Received chunk 8210/10240: fixtures/large_file.bin
2025/04/30 15:22:57 Sent ACK for chunk 8209
2025/04/30 15:22:57 Received ACK for chunk 8210/10240
Received chunk 8211/10240: fixtures/large_file.bin
2025/04/30 15:22:57 Sent ACK for chunk 8210
2025/04/30 15:22:57 Received ACK for chunk 8211/10240
Received chunk 8212/10240: fixtures/large_file.bin
2025/04/30 15:22:57 Sent ACK for chunk 8211
2025/04/30 15:22:57 Received ACK for chunk 8212/10240
Received chunk 8213/10240: fixtures/large_file.bin
2025/04/30 15:22:57 Sent ACK for chunk 8212
2025/04/30 15:22:57 Received ACK for chunk 8213/10240
Received chunk 8214/10240: fixtures/large_file.bin
2025/04/30 15:22:57 Sent ACK for chunk 8213
2025/04/30 15:22:57 Received ACK for chunk 8214/10240
Received chunk 8215/10240: fixtures/large_file.bin
2025/04/30 15:22:57 Sent ACK for chunk 8214
2025/04/30 15:22:57 Received ACK for chunk 8215/10240
Received chunk 8216/10240: fixtures/large_file.bin
2025/04/30 15:22:57 Sent ACK for chunk 8215
2025/04/30 15:22:57 Received ACK for chunk 8216/10240
Received chunk 8217/10240: fixtures/large_file.bin
2025/04/30 15:22:57 Sent ACK for chunk 8216
2025/04/30 15:22:57 Received ACK for chunk 8217/10240
Received chunk 8218/10240: fixtures/large_file.bin
2025/04/30 15:22:57 Sent ACK for chunk 8217
2025/04/30 15:22:57 Received ACK for chunk 8218/10240
Received chunk 8219/10240: fixtures/large_file.bin
2025/04/30 15:22:57 Sent ACK for chunk 8218
2025/04/30 15:22:57 Received ACK for chunk 8219/10240
Received chunk 8220/10240: fixtures/large_file.bin
2025/04/30 15:22:57 Sent ACK for chunk 8219
2025/04/30 15:22:57 Received ACK for chunk 8220/10240
Received chunk 8221/10240: fixtures/large_file.bin
2025/04/30 15:22:57 Sent ACK for chunk 8220
2025/04/30 15:22:57 Received ACK for chunk 8221/10240
Received chunk 8222/10240: fixtures/large_file.bin
2025/04/30 15:22:57 Sent ACK for chunk 8221
2025/04/30 15:22:57 Received ACK for chunk 8222/10240
Received chunk 8223/10240: fixtures/large_file.bin
2025/04/30 15:22:57 Sent ACK for chunk 8222
2025/04/30 15:22:57 Received ACK for chunk 8223/10240
Received chunk 8224/10240: fixtures/large_file.bin
2025/04/30 15:22:57 Sent ACK for chunk 8223
2025/04/30 15:22:57 Received ACK for chunk 8224/10240
Received chunk 8225/10240: fixtures/large_file.bin
2025/04/30 15:22:57 Sent ACK for chunk 8224
2025/04/30 15:22:57 Received ACK for chunk 8225/10240
Received chunk 8226/10240: fixtures/large_file.bin
2025/04/30 15:22:57 Sent ACK for chunk 8225
2025/04/30 15:22:57 Received ACK for chunk 8226/10240
Received chunk 8227/10240: fixtures/large_file.bin
2025/04/30 15:22:57 Sent ACK for chunk 8226
2025/04/30 15:22:57 Received ACK for chunk 8227/10240
Received chunk 8228/10240: fixtures/large_file.bin
2025/04/30 15:22:57 Sent ACK for chunk 8227
2025/04/30 15:22:57 Received ACK for chunk 8228/10240
Received chunk 8229/10240: fixtures/large_file.bin
2025/04/30 15:22:57 Sent ACK for chunk 8228
2025/04/30 15:22:57 Received ACK for chunk 8229/10240
Received chunk 8230/10240: fixtures/large_file.bin
2025/04/30 15:22:57 Sent ACK for chunk 8229
2025/04/30 15:22:57 Received ACK for chunk 8230/10240
Received chunk 8231/10240: fixtures/large_file.bin
2025/04/30 15:22:57 Sent ACK for chunk 8230
2025/04/30 15:22:57 Received ACK for chunk 8231/10240
Received chunk 8232/10240: fixtures/large_file.bin
2025/04/30 15:22:57 Sent ACK for chunk 8231
2025/04/30 15:22:57 Received ACK for chunk 8232/10240
Received chunk 8233/10240: fixtures/large_file.bin
2025/04/30 15:22:57 Sent ACK for chunk 8232
2025/04/30 15:22:57 Received ACK for chunk 8233/10240
Received chunk 8234/10240: fixtures/large_file.bin
2025/04/30 15:22:57 Sent ACK for chunk 8233
2025/04/30 15:22:57 Received ACK for chunk 8234/10240
Received chunk 8235/10240: fixtures/large_file.bin
2025/04/30 15:22:57 Sent ACK for chunk 8234
2025/04/30 15:22:57 Received ACK for chunk 8235/10240
Received chunk 8236/10240: fixtures/large_file.bin
2025/04/30 15:22:57 Sent ACK for chunk 8235
2025/04/30 15:22:57 Received ACK for chunk 8236/10240
Received chunk 8237/10240: fixtures/large_file.bin
2025/04/30 15:22:57 Sent ACK for chunk 8236
2025/04/30 15:22:57 Received ACK for chunk 8237/10240
Received chunk 8238/10240: fixtures/large_file.bin
2025/04/30 15:22:57 Sent ACK for chunk 8237
2025/04/30 15:22:57 Received ACK for chunk 8238/10240
Received chunk 8239/10240: fixtures/large_file.bin
2025/04/30 15:22:57 Sent ACK for chunk 8238
2025/04/30 15:22:57 Received ACK for chunk 8239/10240
Received chunk 8240/10240: fixtures/large_file.bin
2025/04/30 15:22:57 Sent ACK for chunk 8239
2025/04/30 15:22:57 Received ACK for chunk 8240/10240
Received chunk 8241/10240: fixtures/large_file.bin
2025/04/30 15:22:57 Sent ACK for chunk 8240
2025/04/30 15:22:57 Received ACK for chunk 8241/10240
Received chunk 8242/10240: fixtures/large_file.bin
2025/04/30 15:22:57 Sent ACK for chunk 8241
2025/04/30 15:22:57 Received ACK for chunk 8242/10240
Received chunk 8243/10240: fixtures/large_file.bin
2025/04/30 15:22:57 Sent ACK for chunk 8242
2025/04/30 15:22:57 Received ACK for chunk 8243/10240
Received chunk 8244/10240: fixtures/large_file.bin
2025/04/30 15:22:57 Sent ACK for chunk 8243
2025/04/30 15:22:57 Received ACK for chunk 8244/10240
Received chunk 8245/10240: fixtures/large_file.bin
2025/04/30 15:22:57 Sent ACK for chunk 8244
2025/04/30 15:22:57 Received ACK for chunk 8245/10240
Received chunk 8246/10240: fixtures/large_file.bin
2025/04/30 15:22:57 Sent ACK for chunk 8245
2025/04/30 15:22:57 Received ACK for chunk 8246/10240
Received chunk 8247/10240: fixtures/large_file.bin
2025/04/30 15:22:57 Sent ACK for chunk 8246
2025/04/30 15:22:57 Received ACK for chunk 8247/10240
Received chunk 8248/10240: fixtures/large_file.bin
2025/04/30 15:22:57 Sent ACK for chunk 8247
2025/04/30 15:22:57 Received ACK for chunk 8248/10240
Received chunk 8249/10240: fixtures/large_file.bin
2025/04/30 15:22:57 Sent ACK for chunk 8248
2025/04/30 15:22:57 Received ACK for chunk 8249/10240
Received chunk 8250/10240: fixtures/large_file.bin
2025/04/30 15:22:57 Sent ACK for chunk 8249
2025/04/30 15:22:57 Received ACK for chunk 8250/10240
Received chunk 8251/10240: fixtures/large_file.bin
2025/04/30 15:22:57 Sent ACK for chunk 8250
2025/04/30 15:22:57 Received ACK for chunk 8251/10240
Received chunk 8252/10240: fixtures/large_file.bin
2025/04/30 15:22:57 Sent ACK for chunk 8251
2025/04/30 15:22:57 Received ACK for chunk 8252/10240
Received chunk 8253/10240: fixtures/large_file.bin
2025/04/30 15:22:57 Sent ACK for chunk 8252
2025/04/30 15:22:57 Received ACK for chunk 8253/10240
Received chunk 8254/10240: fixtures/large_file.bin
2025/04/30 15:22:57 Sent ACK for chunk 8253
2025/04/30 15:22:57 Received ACK for chunk 8254/10240
Received chunk 8255/10240: fixtures/large_file.bin
2025/04/30 15:22:57 Sent ACK for chunk 8254
2025/04/30 15:22:57 Received ACK for chunk 8255/10240
Received chunk 8256/10240: fixtures/large_file.bin
2025/04/30 15:22:57 Sent ACK for chunk 8255
2025/04/30 15:22:57 Received ACK for chunk 8256/10240
Received chunk 8257/10240: fixtures/large_file.bin
2025/04/30 15:22:57 Sent ACK for chunk 8256
2025/04/30 15:22:57 Received ACK for chunk 8257/10240
Received chunk 8258/10240: fixtures/large_file.bin
2025/04/30 15:22:57 Sent ACK for chunk 8257
2025/04/30 15:22:57 Received ACK for chunk 8258/10240
Received chunk 8259/10240: fixtures/large_file.bin
2025/04/30 15:22:57 Sent ACK for chunk 8258
2025/04/30 15:22:57 Received ACK for chunk 8259/10240
Received chunk 8260/10240: fixtures/large_file.bin
2025/04/30 15:22:57 Sent ACK for chunk 8259
2025/04/30 15:22:57 Received ACK for chunk 8260/10240
Received chunk 8261/10240: fixtures/large_file.bin
2025/04/30 15:22:57 Sent ACK for chunk 8260
2025/04/30 15:22:57 Received ACK for chunk 8261/10240
Received chunk 8262/10240: fixtures/large_file.bin
2025/04/30 15:22:57 Sent ACK for chunk 8261
2025/04/30 15:22:57 Received ACK for chunk 8262/10240
Received chunk 8263/10240: fixtures/large_file.bin
2025/04/30 15:22:57 Sent ACK for chunk 8262
2025/04/30 15:22:57 Received ACK for chunk 8263/10240
Received chunk 8264/10240: fixtures/large_file.bin
2025/04/30 15:22:57 Sent ACK for chunk 8263
2025/04/30 15:22:57 Received ACK for chunk 8264/10240
Received chunk 8265/10240: fixtures/large_file.bin
2025/04/30 15:22:57 Sent ACK for chunk 8264
2025/04/30 15:22:57 Received ACK for chunk 8265/10240
Received chunk 8266/10240: fixtures/large_file.bin
2025/04/30 15:22:57 Sent ACK for chunk 8265
2025/04/30 15:22:57 Received ACK for chunk 8266/10240
Received chunk 8267/10240: fixtures/large_file.bin
2025/04/30 15:22:57 Sent ACK for chunk 8266
2025/04/30 15:22:57 Received ACK for chunk 8267/10240
Received chunk 8268/10240: fixtures/large_file.bin
2025/04/30 15:22:57 Sent ACK for chunk 8267
2025/04/30 15:22:57 Received ACK for chunk 8268/10240
Received chunk 8269/10240: fixtures/large_file.bin
2025/04/30 15:22:57 Sent ACK for chunk 8268
2025/04/30 15:22:57 Received ACK for chunk 8269/10240
Received chunk 8270/10240: fixtures/large_file.bin
2025/04/30 15:22:57 Sent ACK for chunk 8269
2025/04/30 15:22:57 Received ACK for chunk 8270/10240
Received chunk 8271/10240: fixtures/large_file.bin
2025/04/30 15:22:57 Sent ACK for chunk 8270
2025/04/30 15:22:57 Received ACK for chunk 8271/10240
Received chunk 8272/10240: fixtures/large_file.bin
2025/04/30 15:22:57 Sent ACK for chunk 8271
2025/04/30 15:22:57 Received ACK for chunk 8272/10240
Received chunk 8273/10240: fixtures/large_file.bin
2025/04/30 15:22:57 Sent ACK for chunk 8272
2025/04/30 15:22:57 Received ACK for chunk 8273/10240
Received chunk 8274/10240: fixtures/large_file.bin
2025/04/30 15:22:57 Sent ACK for chunk 8273
2025/04/30 15:22:57 Received ACK for chunk 8274/10240
Received chunk 8275/10240: fixtures/large_file.bin
2025/04/30 15:22:57 Sent ACK for chunk 8274
2025/04/30 15:22:57 Received ACK for chunk 8275/10240
Received chunk 8276/10240: fixtures/large_file.bin
2025/04/30 15:22:57 Sent ACK for chunk 8275
2025/04/30 15:22:57 Received ACK for chunk 8276/10240
Received chunk 8277/10240: fixtures/large_file.bin
2025/04/30 15:22:57 Sent ACK for chunk 8276
2025/04/30 15:22:57 Received ACK for chunk 8277/10240
Received chunk 8278/10240: fixtures/large_file.bin
2025/04/30 15:22:57 Sent ACK for chunk 8277
2025/04/30 15:22:57 Received ACK for chunk 8278/10240
Received chunk 8279/10240: fixtures/large_file.bin
2025/04/30 15:22:57 Sent ACK for chunk 8278
2025/04/30 15:22:57 Received ACK for chunk 8279/10240
Received chunk 8280/10240: fixtures/large_file.bin
2025/04/30 15:22:57 Sent ACK for chunk 8279
2025/04/30 15:22:57 Received ACK for chunk 8280/10240
Received chunk 8281/10240: fixtures/large_file.bin
2025/04/30 15:22:57 Sent ACK for chunk 8280
2025/04/30 15:22:57 Received ACK for chunk 8281/10240
Received chunk 8282/10240: fixtures/large_file.bin
2025/04/30 15:22:57 Sent ACK for chunk 8281
2025/04/30 15:22:57 Received ACK for chunk 8282/10240
Received chunk 8283/10240: fixtures/large_file.bin
2025/04/30 15:22:57 Sent ACK for chunk 8282
2025/04/30 15:22:57 Received ACK for chunk 8283/10240
Received chunk 8284/10240: fixtures/large_file.bin
2025/04/30 15:22:57 Sent ACK for chunk 8283
2025/04/30 15:22:57 Received ACK for chunk 8284/10240
Received chunk 8285/10240: fixtures/large_file.bin
2025/04/30 15:22:57 Sent ACK for chunk 8284
2025/04/30 15:22:57 Received ACK for chunk 8285/10240
Received chunk 8286/10240: fixtures/large_file.bin
2025/04/30 15:22:57 Sent ACK for chunk 8285
2025/04/30 15:22:57 Received ACK for chunk 8286/10240
Received chunk 8287/10240: fixtures/large_file.bin
2025/04/30 15:22:57 Sent ACK for chunk 8286
2025/04/30 15:22:57 Received ACK for chunk 8287/10240
Received chunk 8288/10240: fixtures/large_file.bin
2025/04/30 15:22:57 Sent ACK for chunk 8287
2025/04/30 15:22:57 Received ACK for chunk 8288/10240
Received chunk 8289/10240: fixtures/large_file.bin
2025/04/30 15:22:57 Sent ACK for chunk 8288
2025/04/30 15:22:57 Received ACK for chunk 8289/10240
Received chunk 8290/10240: fixtures/large_file.bin
2025/04/30 15:22:57 Sent ACK for chunk 8289
2025/04/30 15:22:57 Received ACK for chunk 8290/10240
Received chunk 8291/10240: fixtures/large_file.bin
2025/04/30 15:22:57 Sent ACK for chunk 8290
2025/04/30 15:22:57 Received ACK for chunk 8291/10240
Received chunk 8292/10240: fixtures/large_file.bin
2025/04/30 15:22:57 Sent ACK for chunk 8291
2025/04/30 15:22:57 Received ACK for chunk 8292/10240
Received chunk 8293/10240: fixtures/large_file.bin
2025/04/30 15:22:57 Sent ACK for chunk 8292
2025/04/30 15:22:57 Received ACK for chunk 8293/10240
Received chunk 8294/10240: fixtures/large_file.bin
2025/04/30 15:22:57 Sent ACK for chunk 8293
2025/04/30 15:22:57 Received ACK for chunk 8294/10240
Received chunk 8295/10240: fixtures/large_file.bin
2025/04/30 15:22:57 Sent ACK for chunk 8294
2025/04/30 15:22:57 Received ACK for chunk 8295/10240
Received chunk 8296/10240: fixtures/large_file.bin
2025/04/30 15:22:57 Sent ACK for chunk 8295
2025/04/30 15:22:57 Received ACK for chunk 8296/10240
Received chunk 8297/10240: fixtures/large_file.bin
2025/04/30 15:22:57 Sent ACK for chunk 8296
2025/04/30 15:22:57 Received ACK for chunk 8297/10240
Received chunk 8298/10240: fixtures/large_file.bin
2025/04/30 15:22:57 Sent ACK for chunk 8297
2025/04/30 15:22:57 Received ACK for chunk 8298/10240
Received chunk 8299/10240: fixtures/large_file.bin
2025/04/30 15:22:57 Sent ACK for chunk 8298
2025/04/30 15:22:57 Received ACK for chunk 8299/10240
Received chunk 8300/10240: fixtures/large_file.bin
2025/04/30 15:22:57 Sent ACK for chunk 8299
2025/04/30 15:22:57 Received ACK for chunk 8300/10240
Received chunk 8301/10240: fixtures/large_file.bin
2025/04/30 15:22:57 Sent ACK for chunk 8300
2025/04/30 15:22:57 Received ACK for chunk 8301/10240
Received chunk 8302/10240: fixtures/large_file.bin
2025/04/30 15:22:57 Sent ACK for chunk 8301
2025/04/30 15:22:57 Received ACK for chunk 8302/10240
Received chunk 8303/10240: fixtures/large_file.bin
2025/04/30 15:22:57 Sent ACK for chunk 8302
2025/04/30 15:22:57 Received ACK for chunk 8303/10240
Received chunk 8304/10240: fixtures/large_file.bin
2025/04/30 15:22:57 Sent ACK for chunk 8303
2025/04/30 15:22:57 Received ACK for chunk 8304/10240
Received chunk 8305/10240: fixtures/large_file.bin
2025/04/30 15:22:57 Sent ACK for chunk 8304
2025/04/30 15:22:57 Received ACK for chunk 8305/10240
Received chunk 8306/10240: fixtures/large_file.bin
2025/04/30 15:22:57 Sent ACK for chunk 8305
2025/04/30 15:22:57 Received ACK for chunk 8306/10240
Received chunk 8307/10240: fixtures/large_file.bin
2025/04/30 15:22:57 Sent ACK for chunk 8306
2025/04/30 15:22:57 Received ACK for chunk 8307/10240
Received chunk 8308/10240: fixtures/large_file.bin
2025/04/30 15:22:57 Sent ACK for chunk 8307
2025/04/30 15:22:57 Received ACK for chunk 8308/10240
Received chunk 8309/10240: fixtures/large_file.bin
2025/04/30 15:22:57 Sent ACK for chunk 8308
2025/04/30 15:22:57 Received ACK for chunk 8309/10240
Received chunk 8310/10240: fixtures/large_file.bin
2025/04/30 15:22:57 Sent ACK for chunk 8309
2025/04/30 15:22:57 Received ACK for chunk 8310/10240
Received chunk 8311/10240: fixtures/large_file.bin
2025/04/30 15:22:57 Sent ACK for chunk 8310
2025/04/30 15:22:57 Received ACK for chunk 8311/10240
Received chunk 8312/10240: fixtures/large_file.bin
2025/04/30 15:22:57 Sent ACK for chunk 8311
2025/04/30 15:22:57 Received ACK for chunk 8312/10240
Received chunk 8313/10240: fixtures/large_file.bin
2025/04/30 15:22:57 Sent ACK for chunk 8312
2025/04/30 15:22:57 Received ACK for chunk 8313/10240
Received chunk 8314/10240: fixtures/large_file.bin
2025/04/30 15:22:57 Sent ACK for chunk 8313
2025/04/30 15:22:57 Received ACK for chunk 8314/10240
Received chunk 8315/10240: fixtures/large_file.bin
2025/04/30 15:22:57 Sent ACK for chunk 8314
2025/04/30 15:22:57 Received ACK for chunk 8315/10240
Received chunk 8316/10240: fixtures/large_file.bin
2025/04/30 15:22:57 Sent ACK for chunk 8315
2025/04/30 15:22:57 Received ACK for chunk 8316/10240
Received chunk 8317/10240: fixtures/large_file.bin
2025/04/30 15:22:57 Sent ACK for chunk 8316
2025/04/30 15:22:57 Received ACK for chunk 8317/10240
Received chunk 8318/10240: fixtures/large_file.bin
2025/04/30 15:22:57 Sent ACK for chunk 8317
2025/04/30 15:22:57 Received ACK for chunk 8318/10240
Received chunk 8319/10240: fixtures/large_file.bin
2025/04/30 15:22:57 Sent ACK for chunk 8318
2025/04/30 15:22:57 Received ACK for chunk 8319/10240
Received chunk 8320/10240: fixtures/large_file.bin
2025/04/30 15:22:57 Sent ACK for chunk 8319
2025/04/30 15:22:57 Received ACK for chunk 8320/10240
Received chunk 8321/10240: fixtures/large_file.bin
2025/04/30 15:22:57 Sent ACK for chunk 8320
2025/04/30 15:22:57 Received ACK for chunk 8321/10240
Received chunk 8322/10240: fixtures/large_file.bin
2025/04/30 15:22:57 Sent ACK for chunk 8321
2025/04/30 15:22:57 Received ACK for chunk 8322/10240
Received chunk 8323/10240: fixtures/large_file.bin
2025/04/30 15:22:57 Sent ACK for chunk 8322
2025/04/30 15:22:57 Received ACK for chunk 8323/10240
Received chunk 8324/10240: fixtures/large_file.bin
2025/04/30 15:22:57 Sent ACK for chunk 8323
2025/04/30 15:22:57 Received ACK for chunk 8324/10240
Received chunk 8325/10240: fixtures/large_file.bin
2025/04/30 15:22:57 Sent ACK for chunk 8324
2025/04/30 15:22:57 Received ACK for chunk 8325/10240
Received chunk 8326/10240: fixtures/large_file.bin
2025/04/30 15:22:57 Sent ACK for chunk 8325
2025/04/30 15:22:57 Received ACK for chunk 8326/10240
Received chunk 8327/10240: fixtures/large_file.bin
2025/04/30 15:22:57 Sent ACK for chunk 8326
2025/04/30 15:22:57 Received ACK for chunk 8327/10240
Received chunk 8328/10240: fixtures/large_file.bin
2025/04/30 15:22:57 Sent ACK for chunk 8327
2025/04/30 15:22:57 Received ACK for chunk 8328/10240
Received chunk 8329/10240: fixtures/large_file.bin
2025/04/30 15:22:57 Sent ACK for chunk 8328
2025/04/30 15:22:57 Received ACK for chunk 8329/10240
Received chunk 8330/10240: fixtures/large_file.bin
2025/04/30 15:22:57 Sent ACK for chunk 8329
2025/04/30 15:22:57 Received ACK for chunk 8330/10240
Received chunk 8331/10240: fixtures/large_file.bin
2025/04/30 15:22:57 Sent ACK for chunk 8330
2025/04/30 15:22:57 Received ACK for chunk 8331/10240
Received chunk 8332/10240: fixtures/large_file.bin
2025/04/30 15:22:57 Sent ACK for chunk 8331
2025/04/30 15:22:57 Received ACK for chunk 8332/10240
Received chunk 8333/10240: fixtures/large_file.bin
2025/04/30 15:22:57 Sent ACK for chunk 8332
2025/04/30 15:22:57 Received ACK for chunk 8333/10240
Received chunk 8334/10240: fixtures/large_file.bin
2025/04/30 15:22:57 Sent ACK for chunk 8333
2025/04/30 15:22:57 Received ACK for chunk 8334/10240
Received chunk 8335/10240: fixtures/large_file.bin
2025/04/30 15:22:57 Sent ACK for chunk 8334
2025/04/30 15:22:57 Received ACK for chunk 8335/10240
Received chunk 8336/10240: fixtures/large_file.bin
2025/04/30 15:22:57 Sent ACK for chunk 8335
2025/04/30 15:22:57 Received ACK for chunk 8336/10240
Received chunk 8337/10240: fixtures/large_file.bin
2025/04/30 15:22:57 Sent ACK for chunk 8336
2025/04/30 15:22:57 Received ACK for chunk 8337/10240
Received chunk 8338/10240: fixtures/large_file.bin
2025/04/30 15:22:57 Sent ACK for chunk 8337
2025/04/30 15:22:57 Received ACK for chunk 8338/10240
Received chunk 8339/10240: fixtures/large_file.bin
2025/04/30 15:22:57 Sent ACK for chunk 8338
2025/04/30 15:22:57 Received ACK for chunk 8339/10240
Received chunk 8340/10240: fixtures/large_file.bin
2025/04/30 15:22:57 Sent ACK for chunk 8339
2025/04/30 15:22:57 Received ACK for chunk 8340/10240
Received chunk 8341/10240: fixtures/large_file.bin
2025/04/30 15:22:57 Sent ACK for chunk 8340
2025/04/30 15:22:57 Received ACK for chunk 8341/10240
Received chunk 8342/10240: fixtures/large_file.bin
2025/04/30 15:22:57 Sent ACK for chunk 8341
2025/04/30 15:22:57 Received ACK for chunk 8342/10240
Received chunk 8343/10240: fixtures/large_file.bin
2025/04/30 15:22:57 Sent ACK for chunk 8342
2025/04/30 15:22:57 Received ACK for chunk 8343/10240
Received chunk 8344/10240: fixtures/large_file.bin
2025/04/30 15:22:57 Sent ACK for chunk 8343
2025/04/30 15:22:57 Received ACK for chunk 8344/10240
Received chunk 8345/10240: fixtures/large_file.bin
2025/04/30 15:22:57 Sent ACK for chunk 8344
2025/04/30 15:22:57 Received ACK for chunk 8345/10240
Received chunk 8346/10240: fixtures/large_file.bin
2025/04/30 15:22:57 Sent ACK for chunk 8345
2025/04/30 15:22:57 Received ACK for chunk 8346/10240
Received chunk 8347/10240: fixtures/large_file.bin
2025/04/30 15:22:57 Sent ACK for chunk 8346
2025/04/30 15:22:57 Received ACK for chunk 8347/10240
Received chunk 8348/10240: fixtures/large_file.bin
2025/04/30 15:22:57 Sent ACK for chunk 8347
2025/04/30 15:22:57 Received ACK for chunk 8348/10240
Received chunk 8349/10240: fixtures/large_file.bin
2025/04/30 15:22:57 Sent ACK for chunk 8348
2025/04/30 15:22:57 Received ACK for chunk 8349/10240
Received chunk 8350/10240: fixtures/large_file.bin
2025/04/30 15:22:57 Sent ACK for chunk 8349
2025/04/30 15:22:57 Received ACK for chunk 8350/10240
Received chunk 8351/10240: fixtures/large_file.bin
2025/04/30 15:22:57 Sent ACK for chunk 8350
2025/04/30 15:22:57 Received ACK for chunk 8351/10240
Received chunk 8352/10240: fixtures/large_file.bin
2025/04/30 15:22:57 Sent ACK for chunk 8351
2025/04/30 15:22:57 Received ACK for chunk 8352/10240
Received chunk 8353/10240: fixtures/large_file.bin
2025/04/30 15:22:57 Sent ACK for chunk 8352
2025/04/30 15:22:57 Received ACK for chunk 8353/10240
Received chunk 8354/10240: fixtures/large_file.bin
2025/04/30 15:22:57 Sent ACK for chunk 8353
2025/04/30 15:22:57 Received ACK for chunk 8354/10240
Received chunk 8355/10240: fixtures/large_file.bin
2025/04/30 15:22:57 Sent ACK for chunk 8354
2025/04/30 15:22:57 Received ACK for chunk 8355/10240
Received chunk 8356/10240: fixtures/large_file.bin
2025/04/30 15:22:57 Sent ACK for chunk 8355
2025/04/30 15:22:57 Received ACK for chunk 8356/10240
Received chunk 8357/10240: fixtures/large_file.bin
2025/04/30 15:22:57 Sent ACK for chunk 8356
2025/04/30 15:22:57 Received ACK for chunk 8357/10240
Received chunk 8358/10240: fixtures/large_file.bin
2025/04/30 15:22:57 Sent ACK for chunk 8357
2025/04/30 15:22:57 Received ACK for chunk 8358/10240
Received chunk 8359/10240: fixtures/large_file.bin
2025/04/30 15:22:57 Sent ACK for chunk 8358
2025/04/30 15:22:57 Received ACK for chunk 8359/10240
Received chunk 8360/10240: fixtures/large_file.bin
2025/04/30 15:22:57 Sent ACK for chunk 8359
2025/04/30 15:22:57 Received ACK for chunk 8360/10240
Received chunk 8361/10240: fixtures/large_file.bin
2025/04/30 15:22:57 Sent ACK for chunk 8360
2025/04/30 15:22:57 Received ACK for chunk 8361/10240
Received chunk 8362/10240: fixtures/large_file.bin
2025/04/30 15:22:57 Sent ACK for chunk 8361
2025/04/30 15:22:57 Received ACK for chunk 8362/10240
Received chunk 8363/10240: fixtures/large_file.bin
2025/04/30 15:22:57 Sent ACK for chunk 8362
2025/04/30 15:22:57 Received ACK for chunk 8363/10240
Received chunk 8364/10240: fixtures/large_file.bin
2025/04/30 15:22:57 Sent ACK for chunk 8363
2025/04/30 15:22:57 Received ACK for chunk 8364/10240
Received chunk 8365/10240: fixtures/large_file.bin
2025/04/30 15:22:57 Sent ACK for chunk 8364
2025/04/30 15:22:57 Received ACK for chunk 8365/10240
Received chunk 8366/10240: fixtures/large_file.bin
2025/04/30 15:22:57 Sent ACK for chunk 8365
2025/04/30 15:22:57 Received ACK for chunk 8366/10240
Received chunk 8367/10240: fixtures/large_file.bin
2025/04/30 15:22:57 Sent ACK for chunk 8366
2025/04/30 15:22:57 Received ACK for chunk 8367/10240
Received chunk 8368/10240: fixtures/large_file.bin
2025/04/30 15:22:57 Sent ACK for chunk 8367
2025/04/30 15:22:57 Received ACK for chunk 8368/10240
Received chunk 8369/10240: fixtures/large_file.bin
2025/04/30 15:22:57 Sent ACK for chunk 8368
2025/04/30 15:22:57 Received ACK for chunk 8369/10240
Received chunk 8370/10240: fixtures/large_file.bin
2025/04/30 15:22:57 Sent ACK for chunk 8369
2025/04/30 15:22:57 Received ACK for chunk 8370/10240
Received chunk 8371/10240: fixtures/large_file.bin
2025/04/30 15:22:57 Sent ACK for chunk 8370
2025/04/30 15:22:57 Received ACK for chunk 8371/10240
Received chunk 8372/10240: fixtures/large_file.bin
2025/04/30 15:22:57 Sent ACK for chunk 8371
2025/04/30 15:22:57 Received ACK for chunk 8372/10240
Received chunk 8373/10240: fixtures/large_file.bin
2025/04/30 15:22:57 Sent ACK for chunk 8372
2025/04/30 15:22:57 Received ACK for chunk 8373/10240
Received chunk 8374/10240: fixtures/large_file.bin
2025/04/30 15:22:57 Sent ACK for chunk 8373
2025/04/30 15:22:57 Received ACK for chunk 8374/10240
Received chunk 8375/10240: fixtures/large_file.bin
2025/04/30 15:22:57 Sent ACK for chunk 8374
2025/04/30 15:22:57 Received ACK for chunk 8375/10240
Received chunk 8376/10240: fixtures/large_file.bin
2025/04/30 15:22:57 Sent ACK for chunk 8375
2025/04/30 15:22:57 Received ACK for chunk 8376/10240
Received chunk 8377/10240: fixtures/large_file.bin
2025/04/30 15:22:57 Sent ACK for chunk 8376
2025/04/30 15:22:57 Received ACK for chunk 8377/10240
Received chunk 8378/10240: fixtures/large_file.bin
2025/04/30 15:22:57 Sent ACK for chunk 8377
2025/04/30 15:22:57 Received ACK for chunk 8378/10240
Received chunk 8379/10240: fixtures/large_file.bin
2025/04/30 15:22:57 Sent ACK for chunk 8378
2025/04/30 15:22:57 Received ACK for chunk 8379/10240
Received chunk 8380/10240: fixtures/large_file.bin
2025/04/30 15:22:57 Sent ACK for chunk 8379
2025/04/30 15:22:57 Received ACK for chunk 8380/10240
Received chunk 8381/10240: fixtures/large_file.bin
2025/04/30 15:22:57 Sent ACK for chunk 8380
2025/04/30 15:22:57 Received ACK for chunk 8381/10240
Received chunk 8382/10240: fixtures/large_file.bin
2025/04/30 15:22:57 Sent ACK for chunk 8381
2025/04/30 15:22:57 Received ACK for chunk 8382/10240
Received chunk 8383/10240: fixtures/large_file.bin
2025/04/30 15:22:57 Sent ACK for chunk 8382
2025/04/30 15:22:57 Received ACK for chunk 8383/10240
Received chunk 8384/10240: fixtures/large_file.bin
2025/04/30 15:22:57 Sent ACK for chunk 8383
2025/04/30 15:22:57 Received ACK for chunk 8384/10240
Received chunk 8385/10240: fixtures/large_file.bin
2025/04/30 15:22:57 Sent ACK for chunk 8384
2025/04/30 15:22:57 Received ACK for chunk 8385/10240
Received chunk 8386/10240: fixtures/large_file.bin
2025/04/30 15:22:57 Sent ACK for chunk 8385
2025/04/30 15:22:57 Received ACK for chunk 8386/10240
Received chunk 8387/10240: fixtures/large_file.bin
2025/04/30 15:22:57 Sent ACK for chunk 8386
2025/04/30 15:22:57 Received ACK for chunk 8387/10240
Received chunk 8388/10240: fixtures/large_file.bin
2025/04/30 15:22:57 Sent ACK for chunk 8387
2025/04/30 15:22:57 Received ACK for chunk 8388/10240
Received chunk 8389/10240: fixtures/large_file.bin
2025/04/30 15:22:57 Sent ACK for chunk 8388
2025/04/30 15:22:57 Received ACK for chunk 8389/10240
Received chunk 8390/10240: fixtures/large_file.bin
2025/04/30 15:22:57 Sent ACK for chunk 8389
2025/04/30 15:22:57 Received ACK for chunk 8390/10240
Received chunk 8391/10240: fixtures/large_file.bin
2025/04/30 15:22:57 Sent ACK for chunk 8390
2025/04/30 15:22:57 Received ACK for chunk 8391/10240
Received chunk 8392/10240: fixtures/large_file.bin
2025/04/30 15:22:57 Sent ACK for chunk 8391
2025/04/30 15:22:57 Received ACK for chunk 8392/10240
Received chunk 8393/10240: fixtures/large_file.bin
2025/04/30 15:22:57 Sent ACK for chunk 8392
2025/04/30 15:22:57 Received ACK for chunk 8393/10240
Received chunk 8394/10240: fixtures/large_file.bin
2025/04/30 15:22:57 Sent ACK for chunk 8393
2025/04/30 15:22:57 Received ACK for chunk 8394/10240
Received chunk 8395/10240: fixtures/large_file.bin
2025/04/30 15:22:57 Sent ACK for chunk 8394
2025/04/30 15:22:57 Received ACK for chunk 8395/10240
Received chunk 8396/10240: fixtures/large_file.bin
2025/04/30 15:22:57 Sent ACK for chunk 8395
2025/04/30 15:22:57 Received ACK for chunk 8396/10240
Received chunk 8397/10240: fixtures/large_file.bin
2025/04/30 15:22:57 Sent ACK for chunk 8396
2025/04/30 15:22:57 Received ACK for chunk 8397/10240
Received chunk 8398/10240: fixtures/large_file.bin
2025/04/30 15:22:57 Sent ACK for chunk 8397
2025/04/30 15:22:57 Received ACK for chunk 8398/10240
Received chunk 8399/10240: fixtures/large_file.bin
2025/04/30 15:22:57 Sent ACK for chunk 8398
2025/04/30 15:22:57 Received ACK for chunk 8399/10240
Received chunk 8400/10240: fixtures/large_file.bin
2025/04/30 15:22:57 Sent ACK for chunk 8399
2025/04/30 15:22:57 Received ACK for chunk 8400/10240
Received chunk 8401/10240: fixtures/large_file.bin
2025/04/30 15:22:57 Sent ACK for chunk 8400
2025/04/30 15:22:57 Received ACK for chunk 8401/10240
Received chunk 8402/10240: fixtures/large_file.bin
2025/04/30 15:22:57 Sent ACK for chunk 8401
2025/04/30 15:22:57 Received ACK for chunk 8402/10240
Received chunk 8403/10240: fixtures/large_file.bin
2025/04/30 15:22:57 Sent ACK for chunk 8402
2025/04/30 15:22:57 Received ACK for chunk 8403/10240
Received chunk 8404/10240: fixtures/large_file.bin
2025/04/30 15:22:57 Sent ACK for chunk 8403
2025/04/30 15:22:57 Received ACK for chunk 8404/10240
Received chunk 8405/10240: fixtures/large_file.bin
2025/04/30 15:22:57 Sent ACK for chunk 8404
2025/04/30 15:22:57 Received ACK for chunk 8405/10240
Received chunk 8406/10240: fixtures/large_file.bin
2025/04/30 15:22:57 Sent ACK for chunk 8405
2025/04/30 15:22:57 Received ACK for chunk 8406/10240
Received chunk 8407/10240: fixtures/large_file.bin
2025/04/30 15:22:57 Sent ACK for chunk 8406
2025/04/30 15:22:57 Received ACK for chunk 8407/10240
Received chunk 8408/10240: fixtures/large_file.bin
2025/04/30 15:22:57 Sent ACK for chunk 8407
2025/04/30 15:22:57 Received ACK for chunk 8408/10240
Received chunk 8409/10240: fixtures/large_file.bin
2025/04/30 15:22:57 Sent ACK for chunk 8408
2025/04/30 15:22:57 Received ACK for chunk 8409/10240
Received chunk 8410/10240: fixtures/large_file.bin
2025/04/30 15:22:57 Sent ACK for chunk 8409
2025/04/30 15:22:57 Received ACK for chunk 8410/10240
Received chunk 8411/10240: fixtures/large_file.bin
2025/04/30 15:22:57 Sent ACK for chunk 8410
2025/04/30 15:22:57 Received ACK for chunk 8411/10240
Received chunk 8412/10240: fixtures/large_file.bin
2025/04/30 15:22:57 Sent ACK for chunk 8411
2025/04/30 15:22:57 Received ACK for chunk 8412/10240
Received chunk 8413/10240: fixtures/large_file.bin
2025/04/30 15:22:57 Sent ACK for chunk 8412
2025/04/30 15:22:57 Received ACK for chunk 8413/10240
Received chunk 8414/10240: fixtures/large_file.bin
2025/04/30 15:22:57 Sent ACK for chunk 8413
2025/04/30 15:22:57 Received ACK for chunk 8414/10240
Received chunk 8415/10240: fixtures/large_file.bin
2025/04/30 15:22:57 Sent ACK for chunk 8414
2025/04/30 15:22:57 Received ACK for chunk 8415/10240
Received chunk 8416/10240: fixtures/large_file.bin
2025/04/30 15:22:57 Sent ACK for chunk 8415
2025/04/30 15:22:57 Received ACK for chunk 8416/10240
Received chunk 8417/10240: fixtures/large_file.bin
2025/04/30 15:22:57 Sent ACK for chunk 8416
2025/04/30 15:22:57 Received ACK for chunk 8417/10240
Received chunk 8418/10240: fixtures/large_file.bin
2025/04/30 15:22:57 Sent ACK for chunk 8417
2025/04/30 15:22:57 Received ACK for chunk 8418/10240
Received chunk 8419/10240: fixtures/large_file.bin
2025/04/30 15:22:57 Sent ACK for chunk 8418
2025/04/30 15:22:57 Received ACK for chunk 8419/10240
Received chunk 8420/10240: fixtures/large_file.bin
2025/04/30 15:22:57 Sent ACK for chunk 8419
2025/04/30 15:22:57 Received ACK for chunk 8420/10240
Received chunk 8421/10240: fixtures/large_file.bin
2025/04/30 15:22:57 Sent ACK for chunk 8420
2025/04/30 15:22:57 Received ACK for chunk 8421/10240
Received chunk 8422/10240: fixtures/large_file.bin
2025/04/30 15:22:57 Sent ACK for chunk 8421
2025/04/30 15:22:57 Received ACK for chunk 8422/10240
Received chunk 8423/10240: fixtures/large_file.bin
2025/04/30 15:22:57 Sent ACK for chunk 8422
2025/04/30 15:22:57 Received ACK for chunk 8423/10240
Received chunk 8424/10240: fixtures/large_file.bin
2025/04/30 15:22:57 Sent ACK for chunk 8423
2025/04/30 15:22:57 Received ACK for chunk 8424/10240
Received chunk 8425/10240: fixtures/large_file.bin
2025/04/30 15:22:57 Sent ACK for chunk 8424
2025/04/30 15:22:57 Received ACK for chunk 8425/10240
Received chunk 8426/10240: fixtures/large_file.bin
2025/04/30 15:22:57 Sent ACK for chunk 8425
2025/04/30 15:22:57 Received ACK for chunk 8426/10240
Received chunk 8427/10240: fixtures/large_file.bin
2025/04/30 15:22:57 Sent ACK for chunk 8426
2025/04/30 15:22:57 Received ACK for chunk 8427/10240
Received chunk 8428/10240: fixtures/large_file.bin
2025/04/30 15:22:57 Sent ACK for chunk 8427
2025/04/30 15:22:57 Received ACK for chunk 8428/10240
Received chunk 8429/10240: fixtures/large_file.bin
2025/04/30 15:22:57 Sent ACK for chunk 8428
2025/04/30 15:22:57 Received ACK for chunk 8429/10240
Received chunk 8430/10240: fixtures/large_file.bin
2025/04/30 15:22:57 Sent ACK for chunk 8429
2025/04/30 15:22:57 Received ACK for chunk 8430/10240
Received chunk 8431/10240: fixtures/large_file.bin
2025/04/30 15:22:57 Sent ACK for chunk 8430
2025/04/30 15:22:57 Received ACK for chunk 8431/10240
Received chunk 8432/10240: fixtures/large_file.bin
2025/04/30 15:22:57 Sent ACK for chunk 8431
2025/04/30 15:22:57 Received ACK for chunk 8432/10240
Received chunk 8433/10240: fixtures/large_file.bin
2025/04/30 15:22:57 Sent ACK for chunk 8432
2025/04/30 15:22:57 Received ACK for chunk 8433/10240
Received chunk 8434/10240: fixtures/large_file.bin
2025/04/30 15:22:57 Sent ACK for chunk 8433
2025/04/30 15:22:57 Received ACK for chunk 8434/10240
Received chunk 8435/10240: fixtures/large_file.bin
2025/04/30 15:22:57 Sent ACK for chunk 8434
2025/04/30 15:22:57 Received ACK for chunk 8435/10240
Received chunk 8436/10240: fixtures/large_file.bin
2025/04/30 15:22:57 Sent ACK for chunk 8435
2025/04/30 15:22:57 Received ACK for chunk 8436/10240
Received chunk 8437/10240: fixtures/large_file.bin
2025/04/30 15:22:57 Sent ACK for chunk 8436
2025/04/30 15:22:57 Received ACK for chunk 8437/10240
Received chunk 8438/10240: fixtures/large_file.bin
2025/04/30 15:22:57 Sent ACK for chunk 8437
2025/04/30 15:22:57 Received ACK for chunk 8438/10240
Received chunk 8439/10240: fixtures/large_file.bin
2025/04/30 15:22:57 Sent ACK for chunk 8438
2025/04/30 15:22:57 Received ACK for chunk 8439/10240
Received chunk 8440/10240: fixtures/large_file.bin
2025/04/30 15:22:57 Sent ACK for chunk 8439
2025/04/30 15:22:57 Received ACK for chunk 8440/10240
Received chunk 8441/10240: fixtures/large_file.bin
2025/04/30 15:22:57 Sent ACK for chunk 8440
2025/04/30 15:22:57 Received ACK for chunk 8441/10240
Received chunk 8442/10240: fixtures/large_file.bin
2025/04/30 15:22:57 Sent ACK for chunk 8441
2025/04/30 15:22:57 Received ACK for chunk 8442/10240
Received chunk 8443/10240: fixtures/large_file.bin
2025/04/30 15:22:57 Sent ACK for chunk 8442
2025/04/30 15:22:57 Received ACK for chunk 8443/10240
Received chunk 8444/10240: fixtures/large_file.bin
2025/04/30 15:22:57 Sent ACK for chunk 8443
2025/04/30 15:22:57 Received ACK for chunk 8444/10240
Received chunk 8445/10240: fixtures/large_file.bin
2025/04/30 15:22:57 Sent ACK for chunk 8444
2025/04/30 15:22:57 Received ACK for chunk 8445/10240
Received chunk 8446/10240: fixtures/large_file.bin
2025/04/30 15:22:57 Sent ACK for chunk 8445
2025/04/30 15:22:57 Received ACK for chunk 8446/10240
Received chunk 8447/10240: fixtures/large_file.bin
2025/04/30 15:22:57 Sent ACK for chunk 8446
2025/04/30 15:22:57 Received ACK for chunk 8447/10240
Received chunk 8448/10240: fixtures/large_file.bin
2025/04/30 15:22:57 Sent ACK for chunk 8447
2025/04/30 15:22:57 Received ACK for chunk 8448/10240
Received chunk 8449/10240: fixtures/large_file.bin
2025/04/30 15:22:57 Sent ACK for chunk 8448
2025/04/30 15:22:57 Received ACK for chunk 8449/10240
Received chunk 8450/10240: fixtures/large_file.bin
2025/04/30 15:22:57 Sent ACK for chunk 8449
2025/04/30 15:22:57 Received ACK for chunk 8450/10240
Received chunk 8451/10240: fixtures/large_file.bin
2025/04/30 15:22:57 Sent ACK for chunk 8450
2025/04/30 15:22:57 Received ACK for chunk 8451/10240
Received chunk 8452/10240: fixtures/large_file.bin
2025/04/30 15:22:57 Sent ACK for chunk 8451
2025/04/30 15:22:57 Received ACK for chunk 8452/10240
Received chunk 8453/10240: fixtures/large_file.bin
2025/04/30 15:22:57 Sent ACK for chunk 8452
2025/04/30 15:22:57 Received ACK for chunk 8453/10240
Received chunk 8454/10240: fixtures/large_file.bin
2025/04/30 15:22:57 Sent ACK for chunk 8453
2025/04/30 15:22:57 Received ACK for chunk 8454/10240
Received chunk 8455/10240: fixtures/large_file.bin
2025/04/30 15:22:57 Sent ACK for chunk 8454
2025/04/30 15:22:57 Received ACK for chunk 8455/10240
Received chunk 8456/10240: fixtures/large_file.bin
2025/04/30 15:22:57 Sent ACK for chunk 8455
2025/04/30 15:22:57 Received ACK for chunk 8456/10240
Received chunk 8457/10240: fixtures/large_file.bin
2025/04/30 15:22:57 Sent ACK for chunk 8456
2025/04/30 15:22:57 Received ACK for chunk 8457/10240
Received chunk 8458/10240: fixtures/large_file.bin
2025/04/30 15:22:57 Sent ACK for chunk 8457
2025/04/30 15:22:57 Received ACK for chunk 8458/10240
Received chunk 8459/10240: fixtures/large_file.bin
2025/04/30 15:22:57 Sent ACK for chunk 8458
2025/04/30 15:22:57 Received ACK for chunk 8459/10240
Received chunk 8460/10240: fixtures/large_file.bin
2025/04/30 15:22:57 Sent ACK for chunk 8459
2025/04/30 15:22:57 Received ACK for chunk 8460/10240
Received chunk 8461/10240: fixtures/large_file.bin
2025/04/30 15:22:57 Sent ACK for chunk 8460
2025/04/30 15:22:57 Received ACK for chunk 8461/10240
Received chunk 8462/10240: fixtures/large_file.bin
2025/04/30 15:22:57 Sent ACK for chunk 8461
2025/04/30 15:22:57 Received ACK for chunk 8462/10240
Received chunk 8463/10240: fixtures/large_file.bin
2025/04/30 15:22:57 Sent ACK for chunk 8462
2025/04/30 15:22:57 Received ACK for chunk 8463/10240
Received chunk 8464/10240: fixtures/large_file.bin
2025/04/30 15:22:57 Sent ACK for chunk 8463
2025/04/30 15:22:57 Received ACK for chunk 8464/10240
Received chunk 8465/10240: fixtures/large_file.bin
2025/04/30 15:22:57 Sent ACK for chunk 8464
2025/04/30 15:22:57 Received ACK for chunk 8465/10240
Received chunk 8466/10240: fixtures/large_file.bin
2025/04/30 15:22:57 Sent ACK for chunk 8465
2025/04/30 15:22:57 Received ACK for chunk 8466/10240
Received chunk 8467/10240: fixtures/large_file.bin
2025/04/30 15:22:57 Sent ACK for chunk 8466
2025/04/30 15:22:57 Received ACK for chunk 8467/10240
Received chunk 8468/10240: fixtures/large_file.bin
2025/04/30 15:22:57 Sent ACK for chunk 8467
2025/04/30 15:22:57 Received ACK for chunk 8468/10240
Received chunk 8469/10240: fixtures/large_file.bin
2025/04/30 15:22:57 Sent ACK for chunk 8468
2025/04/30 15:22:57 Received ACK for chunk 8469/10240
Received chunk 8470/10240: fixtures/large_file.bin
2025/04/30 15:22:57 Sent ACK for chunk 8469
2025/04/30 15:22:57 Received ACK for chunk 8470/10240
Received chunk 8471/10240: fixtures/large_file.bin
2025/04/30 15:22:57 Sent ACK for chunk 8470
2025/04/30 15:22:57 Received ACK for chunk 8471/10240
Received chunk 8472/10240: fixtures/large_file.bin
2025/04/30 15:22:57 Sent ACK for chunk 8471
2025/04/30 15:22:57 Received ACK for chunk 8472/10240
Received chunk 8473/10240: fixtures/large_file.bin
2025/04/30 15:22:57 Sent ACK for chunk 8472
2025/04/30 15:22:57 Received ACK for chunk 8473/10240
Received chunk 8474/10240: fixtures/large_file.bin
2025/04/30 15:22:57 Sent ACK for chunk 8473
2025/04/30 15:22:57 Received ACK for chunk 8474/10240
Received chunk 8475/10240: fixtures/large_file.bin
2025/04/30 15:22:57 Sent ACK for chunk 8474
2025/04/30 15:22:57 Received ACK for chunk 8475/10240
Received chunk 8476/10240: fixtures/large_file.bin
2025/04/30 15:22:57 Sent ACK for chunk 8475
2025/04/30 15:22:57 Received ACK for chunk 8476/10240
Received chunk 8477/10240: fixtures/large_file.bin
2025/04/30 15:22:57 Sent ACK for chunk 8476
2025/04/30 15:22:57 Received ACK for chunk 8477/10240
Received chunk 8478/10240: fixtures/large_file.bin
2025/04/30 15:22:57 Sent ACK for chunk 8477
2025/04/30 15:22:57 Received ACK for chunk 8478/10240
Received chunk 8479/10240: fixtures/large_file.bin
2025/04/30 15:22:57 Sent ACK for chunk 8478
2025/04/30 15:22:57 Received ACK for chunk 8479/10240
Received chunk 8480/10240: fixtures/large_file.bin
2025/04/30 15:22:57 Sent ACK for chunk 8479
2025/04/30 15:22:57 Received ACK for chunk 8480/10240
Received chunk 8481/10240: fixtures/large_file.bin
2025/04/30 15:22:57 Sent ACK for chunk 8480
2025/04/30 15:22:57 Received ACK for chunk 8481/10240
Received chunk 8482/10240: fixtures/large_file.bin
2025/04/30 15:22:57 Sent ACK for chunk 8481
2025/04/30 15:22:57 Received ACK for chunk 8482/10240
Received chunk 8483/10240: fixtures/large_file.bin
2025/04/30 15:22:57 Sent ACK for chunk 8482
2025/04/30 15:22:57 Received ACK for chunk 8483/10240
Received chunk 8484/10240: fixtures/large_file.bin
2025/04/30 15:22:57 Sent ACK for chunk 8483
2025/04/30 15:22:57 Received ACK for chunk 8484/10240
Received chunk 8485/10240: fixtures/large_file.bin
2025/04/30 15:22:57 Sent ACK for chunk 8484
2025/04/30 15:22:57 Received ACK for chunk 8485/10240
Received chunk 8486/10240: fixtures/large_file.bin
2025/04/30 15:22:57 Sent ACK for chunk 8485
2025/04/30 15:22:57 Received ACK for chunk 8486/10240
Received chunk 8487/10240: fixtures/large_file.bin
2025/04/30 15:22:57 Sent ACK for chunk 8486
2025/04/30 15:22:57 Received ACK for chunk 8487/10240
Received chunk 8488/10240: fixtures/large_file.bin
2025/04/30 15:22:57 Sent ACK for chunk 8487
2025/04/30 15:22:57 Received ACK for chunk 8488/10240
Received chunk 8489/10240: fixtures/large_file.bin
2025/04/30 15:22:57 Sent ACK for chunk 8488
2025/04/30 15:22:57 Received ACK for chunk 8489/10240
Received chunk 8490/10240: fixtures/large_file.bin
2025/04/30 15:22:57 Sent ACK for chunk 8489
2025/04/30 15:22:57 Received ACK for chunk 8490/10240
Received chunk 8491/10240: fixtures/large_file.bin
2025/04/30 15:22:57 Sent ACK for chunk 8490
2025/04/30 15:22:57 Received ACK for chunk 8491/10240
Received chunk 8492/10240: fixtures/large_file.bin
2025/04/30 15:22:57 Sent ACK for chunk 8491
2025/04/30 15:22:57 Received ACK for chunk 8492/10240
Received chunk 8493/10240: fixtures/large_file.bin
2025/04/30 15:22:57 Sent ACK for chunk 8492
2025/04/30 15:22:57 Received ACK for chunk 8493/10240
Received chunk 8494/10240: fixtures/large_file.bin
2025/04/30 15:22:57 Sent ACK for chunk 8493
2025/04/30 15:22:57 Received ACK for chunk 8494/10240
Received chunk 8495/10240: fixtures/large_file.bin
2025/04/30 15:22:57 Sent ACK for chunk 8494
2025/04/30 15:22:57 Received ACK for chunk 8495/10240
Received chunk 8496/10240: fixtures/large_file.bin
2025/04/30 15:22:57 Sent ACK for chunk 8495
2025/04/30 15:22:57 Received ACK for chunk 8496/10240
Received chunk 8497/10240: fixtures/large_file.bin
2025/04/30 15:22:57 Sent ACK for chunk 8496
2025/04/30 15:22:57 Received ACK for chunk 8497/10240
Received chunk 8498/10240: fixtures/large_file.bin
2025/04/30 15:22:57 Sent ACK for chunk 8497
2025/04/30 15:22:57 Received ACK for chunk 8498/10240
Received chunk 8499/10240: fixtures/large_file.bin
2025/04/30 15:22:57 Sent ACK for chunk 8498
2025/04/30 15:22:57 Received ACK for chunk 8499/10240
Received chunk 8500/10240: fixtures/large_file.bin
2025/04/30 15:22:57 Sent ACK for chunk 8499
2025/04/30 15:22:57 Received ACK for chunk 8500/10240
Received chunk 8501/10240: fixtures/large_file.bin
2025/04/30 15:22:57 Sent ACK for chunk 8500
2025/04/30 15:22:57 Received ACK for chunk 8501/10240
Received chunk 8502/10240: fixtures/large_file.bin
2025/04/30 15:22:57 Sent ACK for chunk 8501
2025/04/30 15:22:57 Received ACK for chunk 8502/10240
Received chunk 8503/10240: fixtures/large_file.bin
2025/04/30 15:22:57 Sent ACK for chunk 8502
2025/04/30 15:22:57 Received ACK for chunk 8503/10240
Received chunk 8504/10240: fixtures/large_file.bin
2025/04/30 15:22:57 Sent ACK for chunk 8503
2025/04/30 15:22:57 Received ACK for chunk 8504/10240
Received chunk 8505/10240: fixtures/large_file.bin
2025/04/30 15:22:57 Sent ACK for chunk 8504
2025/04/30 15:22:57 Received ACK for chunk 8505/10240
Received chunk 8506/10240: fixtures/large_file.bin
2025/04/30 15:22:57 Sent ACK for chunk 8505
2025/04/30 15:22:57 Received ACK for chunk 8506/10240
Received chunk 8507/10240: fixtures/large_file.bin
2025/04/30 15:22:57 Sent ACK for chunk 8506
2025/04/30 15:22:57 Received ACK for chunk 8507/10240
Received chunk 8508/10240: fixtures/large_file.bin
2025/04/30 15:22:57 Sent ACK for chunk 8507
2025/04/30 15:22:57 Received ACK for chunk 8508/10240
Received chunk 8509/10240: fixtures/large_file.bin
2025/04/30 15:22:57 Sent ACK for chunk 8508
2025/04/30 15:22:57 Received ACK for chunk 8509/10240
Received chunk 8510/10240: fixtures/large_file.bin
2025/04/30 15:22:57 Sent ACK for chunk 8509
2025/04/30 15:22:57 Received ACK for chunk 8510/10240
Received chunk 8511/10240: fixtures/large_file.bin
2025/04/30 15:22:57 Sent ACK for chunk 8510
2025/04/30 15:22:57 Received ACK for chunk 8511/10240
Received chunk 8512/10240: fixtures/large_file.bin
2025/04/30 15:22:57 Sent ACK for chunk 8511
2025/04/30 15:22:57 Received ACK for chunk 8512/10240
Received chunk 8513/10240: fixtures/large_file.bin
2025/04/30 15:22:57 Sent ACK for chunk 8512
2025/04/30 15:22:57 Received ACK for chunk 8513/10240
Received chunk 8514/10240: fixtures/large_file.bin
2025/04/30 15:22:57 Sent ACK for chunk 8513
2025/04/30 15:22:57 Received ACK for chunk 8514/10240
Received chunk 8515/10240: fixtures/large_file.bin
2025/04/30 15:22:57 Sent ACK for chunk 8514
2025/04/30 15:22:57 Received ACK for chunk 8515/10240
Received chunk 8516/10240: fixtures/large_file.bin
2025/04/30 15:22:57 Sent ACK for chunk 8515
2025/04/30 15:22:57 Received ACK for chunk 8516/10240
Received chunk 8517/10240: fixtures/large_file.bin
2025/04/30 15:22:57 Sent ACK for chunk 8516
2025/04/30 15:22:57 Received ACK for chunk 8517/10240
Received chunk 8518/10240: fixtures/large_file.bin
2025/04/30 15:22:57 Sent ACK for chunk 8517
2025/04/30 15:22:57 Received ACK for chunk 8518/10240
Received chunk 8519/10240: fixtures/large_file.bin
2025/04/30 15:22:57 Sent ACK for chunk 8518
2025/04/30 15:22:57 Received ACK for chunk 8519/10240
Received chunk 8520/10240: fixtures/large_file.bin
2025/04/30 15:22:57 Sent ACK for chunk 8519
2025/04/30 15:22:57 Received ACK for chunk 8520/10240
Received chunk 8521/10240: fixtures/large_file.bin
2025/04/30 15:22:57 Sent ACK for chunk 8520
2025/04/30 15:22:57 Received ACK for chunk 8521/10240
Received chunk 8522/10240: fixtures/large_file.bin
2025/04/30 15:22:57 Sent ACK for chunk 8521
2025/04/30 15:22:57 Received ACK for chunk 8522/10240
Received chunk 8523/10240: fixtures/large_file.bin
2025/04/30 15:22:57 Sent ACK for chunk 8522
2025/04/30 15:22:57 Received ACK for chunk 8523/10240
Received chunk 8524/10240: fixtures/large_file.bin
2025/04/30 15:22:57 Sent ACK for chunk 8523
2025/04/30 15:22:57 Received ACK for chunk 8524/10240
Received chunk 8525/10240: fixtures/large_file.bin
2025/04/30 15:22:57 Sent ACK for chunk 8524
2025/04/30 15:22:57 Received ACK for chunk 8525/10240
Received chunk 8526/10240: fixtures/large_file.bin
2025/04/30 15:22:57 Sent ACK for chunk 8525
2025/04/30 15:22:57 Received ACK for chunk 8526/10240
Received chunk 8527/10240: fixtures/large_file.bin
2025/04/30 15:22:57 Sent ACK for chunk 8526
2025/04/30 15:22:57 Received ACK for chunk 8527/10240
Received chunk 8528/10240: fixtures/large_file.bin
2025/04/30 15:22:57 Sent ACK for chunk 8527
2025/04/30 15:22:57 Received ACK for chunk 8528/10240
Received chunk 8529/10240: fixtures/large_file.bin
2025/04/30 15:22:57 Sent ACK for chunk 8528
2025/04/30 15:22:57 Received ACK for chunk 8529/10240
Received chunk 8530/10240: fixtures/large_file.bin
2025/04/30 15:22:57 Sent ACK for chunk 8529
2025/04/30 15:22:57 Received ACK for chunk 8530/10240
Received chunk 8531/10240: fixtures/large_file.bin
2025/04/30 15:22:57 Sent ACK for chunk 8530
2025/04/30 15:22:57 Received ACK for chunk 8531/10240
Received chunk 8532/10240: fixtures/large_file.bin
2025/04/30 15:22:57 Sent ACK for chunk 8531
2025/04/30 15:22:57 Received ACK for chunk 8532/10240
Received chunk 8533/10240: fixtures/large_file.bin
2025/04/30 15:22:57 Sent ACK for chunk 8532
2025/04/30 15:22:57 Received ACK for chunk 8533/10240
Received chunk 8534/10240: fixtures/large_file.bin
2025/04/30 15:22:57 Sent ACK for chunk 8533
2025/04/30 15:22:57 Received ACK for chunk 8534/10240
Received chunk 8535/10240: fixtures/large_file.bin
2025/04/30 15:22:57 Sent ACK for chunk 8534
2025/04/30 15:22:57 Received ACK for chunk 8535/10240
Received chunk 8536/10240: fixtures/large_file.bin
2025/04/30 15:22:57 Sent ACK for chunk 8535
2025/04/30 15:22:57 Received ACK for chunk 8536/10240
Received chunk 8537/10240: fixtures/large_file.bin
2025/04/30 15:22:57 Sent ACK for chunk 8536
2025/04/30 15:22:57 Received ACK for chunk 8537/10240
Received chunk 8538/10240: fixtures/large_file.bin
2025/04/30 15:22:57 Sent ACK for chunk 8537
2025/04/30 15:22:57 Received ACK for chunk 8538/10240
Received chunk 8539/10240: fixtures/large_file.bin
2025/04/30 15:22:57 Sent ACK for chunk 8538
2025/04/30 15:22:57 Received ACK for chunk 8539/10240
Received chunk 8540/10240: fixtures/large_file.bin
2025/04/30 15:22:57 Sent ACK for chunk 8539
2025/04/30 15:22:57 Received ACK for chunk 8540/10240
Received chunk 8541/10240: fixtures/large_file.bin
2025/04/30 15:22:57 Sent ACK for chunk 8540
2025/04/30 15:22:57 Received ACK for chunk 8541/10240
Received chunk 8542/10240: fixtures/large_file.bin
2025/04/30 15:22:57 Sent ACK for chunk 8541
2025/04/30 15:22:57 Received ACK for chunk 8542/10240
Received chunk 8543/10240: fixtures/large_file.bin
2025/04/30 15:22:57 Sent ACK for chunk 8542
2025/04/30 15:22:57 Received ACK for chunk 8543/10240
Received chunk 8544/10240: fixtures/large_file.bin
2025/04/30 15:22:57 Sent ACK for chunk 8543
2025/04/30 15:22:57 Received ACK for chunk 8544/10240
Received chunk 8545/10240: fixtures/large_file.bin
2025/04/30 15:22:57 Sent ACK for chunk 8544
2025/04/30 15:22:57 Received ACK for chunk 8545/10240
Received chunk 8546/10240: fixtures/large_file.bin
2025/04/30 15:22:57 Sent ACK for chunk 8545
2025/04/30 15:22:57 Received ACK for chunk 8546/10240
Received chunk 8547/10240: fixtures/large_file.bin
2025/04/30 15:22:57 Sent ACK for chunk 8546
2025/04/30 15:22:57 Received ACK for chunk 8547/10240
Received chunk 8548/10240: fixtures/large_file.bin
2025/04/30 15:22:57 Sent ACK for chunk 8547
2025/04/30 15:22:57 Received ACK for chunk 8548/10240
Received chunk 8549/10240: fixtures/large_file.bin
2025/04/30 15:22:57 Sent ACK for chunk 8548
2025/04/30 15:22:57 Received ACK for chunk 8549/10240
Received chunk 8550/10240: fixtures/large_file.bin
2025/04/30 15:22:57 Sent ACK for chunk 8549
2025/04/30 15:22:57 Received ACK for chunk 8550/10240
Received chunk 8551/10240: fixtures/large_file.bin
2025/04/30 15:22:57 Sent ACK for chunk 8550
2025/04/30 15:22:57 Received ACK for chunk 8551/10240
Received chunk 8552/10240: fixtures/large_file.bin
2025/04/30 15:22:57 Sent ACK for chunk 8551
2025/04/30 15:22:57 Received ACK for chunk 8552/10240
Received chunk 8553/10240: fixtures/large_file.bin
2025/04/30 15:22:57 Sent ACK for chunk 8552
2025/04/30 15:22:57 Received ACK for chunk 8553/10240
Received chunk 8554/10240: fixtures/large_file.bin
2025/04/30 15:22:57 Sent ACK for chunk 8553
2025/04/30 15:22:57 Received ACK for chunk 8554/10240
Received chunk 8555/10240: fixtures/large_file.bin
2025/04/30 15:22:57 Sent ACK for chunk 8554
2025/04/30 15:22:57 Received ACK for chunk 8555/10240
Received chunk 8556/10240: fixtures/large_file.bin
2025/04/30 15:22:57 Sent ACK for chunk 8555
2025/04/30 15:22:57 Received ACK for chunk 8556/10240
Received chunk 8557/10240: fixtures/large_file.bin
2025/04/30 15:22:57 Sent ACK for chunk 8556
2025/04/30 15:22:57 Received ACK for chunk 8557/10240
Received chunk 8558/10240: fixtures/large_file.bin
2025/04/30 15:22:57 Sent ACK for chunk 8557
2025/04/30 15:22:57 Received ACK for chunk 8558/10240
Received chunk 8559/10240: fixtures/large_file.bin
2025/04/30 15:22:57 Sent ACK for chunk 8558
2025/04/30 15:22:57 Received ACK for chunk 8559/10240
Received chunk 8560/10240: fixtures/large_file.bin
2025/04/30 15:22:57 Sent ACK for chunk 8559
2025/04/30 15:22:57 Received ACK for chunk 8560/10240
Received chunk 8561/10240: fixtures/large_file.bin
2025/04/30 15:22:57 Sent ACK for chunk 8560
2025/04/30 15:22:57 Received ACK for chunk 8561/10240
Received chunk 8562/10240: fixtures/large_file.bin
2025/04/30 15:22:57 Sent ACK for chunk 8561
2025/04/30 15:22:57 Received ACK for chunk 8562/10240
Received chunk 8563/10240: fixtures/large_file.bin
2025/04/30 15:22:57 Sent ACK for chunk 8562
2025/04/30 15:22:57 Received ACK for chunk 8563/10240
Received chunk 8564/10240: fixtures/large_file.bin
2025/04/30 15:22:57 Sent ACK for chunk 8563
2025/04/30 15:22:57 Received ACK for chunk 8564/10240
Received chunk 8565/10240: fixtures/large_file.bin
2025/04/30 15:22:57 Sent ACK for chunk 8564
2025/04/30 15:22:57 Received ACK for chunk 8565/10240
Received chunk 8566/10240: fixtures/large_file.bin
2025/04/30 15:22:57 Sent ACK for chunk 8565
2025/04/30 15:22:57 Received ACK for chunk 8566/10240
Received chunk 8567/10240: fixtures/large_file.bin
2025/04/30 15:22:57 Sent ACK for chunk 8566
2025/04/30 15:22:57 Received ACK for chunk 8567/10240
Received chunk 8568/10240: fixtures/large_file.bin
2025/04/30 15:22:57 Sent ACK for chunk 8567
2025/04/30 15:22:57 Received ACK for chunk 8568/10240
Received chunk 8569/10240: fixtures/large_file.bin
2025/04/30 15:22:57 Sent ACK for chunk 8568
2025/04/30 15:22:57 Received ACK for chunk 8569/10240
Received chunk 8570/10240: fixtures/large_file.bin
2025/04/30 15:22:57 Sent ACK for chunk 8569
2025/04/30 15:22:57 Received ACK for chunk 8570/10240
Received chunk 8571/10240: fixtures/large_file.bin
2025/04/30 15:22:57 Sent ACK for chunk 8570
2025/04/30 15:22:57 Received ACK for chunk 8571/10240
Received chunk 8572/10240: fixtures/large_file.bin
2025/04/30 15:22:57 Sent ACK for chunk 8571
2025/04/30 15:22:57 Received ACK for chunk 8572/10240
Received chunk 8573/10240: fixtures/large_file.bin
2025/04/30 15:22:57 Sent ACK for chunk 8572
2025/04/30 15:22:57 Received ACK for chunk 8573/10240
Received chunk 8574/10240: fixtures/large_file.bin
2025/04/30 15:22:57 Sent ACK for chunk 8573
2025/04/30 15:22:57 Received ACK for chunk 8574/10240
Received chunk 8575/10240: fixtures/large_file.bin
2025/04/30 15:22:57 Sent ACK for chunk 8574
2025/04/30 15:22:57 Received ACK for chunk 8575/10240
Received chunk 8576/10240: fixtures/large_file.bin
2025/04/30 15:22:57 Sent ACK for chunk 8575
2025/04/30 15:22:57 Received ACK for chunk 8576/10240
Received chunk 8577/10240: fixtures/large_file.bin
2025/04/30 15:22:57 Sent ACK for chunk 8576
2025/04/30 15:22:57 Received ACK for chunk 8577/10240
Received chunk 8578/10240: fixtures/large_file.bin
2025/04/30 15:22:57 Sent ACK for chunk 8577
2025/04/30 15:22:57 Received ACK for chunk 8578/10240
Received chunk 8579/10240: fixtures/large_file.bin
2025/04/30 15:22:57 Sent ACK for chunk 8578
2025/04/30 15:22:57 Received ACK for chunk 8579/10240
Received chunk 8580/10240: fixtures/large_file.bin
2025/04/30 15:22:57 Sent ACK for chunk 8579
2025/04/30 15:22:57 Received ACK for chunk 8580/10240
Received chunk 8581/10240: fixtures/large_file.bin
2025/04/30 15:22:57 Sent ACK for chunk 8580
2025/04/30 15:22:57 Received ACK for chunk 8581/10240
Received chunk 8582/10240: fixtures/large_file.bin
2025/04/30 15:22:57 Sent ACK for chunk 8581
2025/04/30 15:22:57 Received ACK for chunk 8582/10240
Received chunk 8583/10240: fixtures/large_file.bin
2025/04/30 15:22:57 Sent ACK for chunk 8582
2025/04/30 15:22:57 Received ACK for chunk 8583/10240
Received chunk 8584/10240: fixtures/large_file.bin
2025/04/30 15:22:57 Sent ACK for chunk 8583
2025/04/30 15:22:57 Received ACK for chunk 8584/10240
Received chunk 8585/10240: fixtures/large_file.bin
2025/04/30 15:22:57 Sent ACK for chunk 8584
2025/04/30 15:22:57 Received ACK for chunk 8585/10240
Received chunk 8586/10240: fixtures/large_file.bin
2025/04/30 15:22:57 Sent ACK for chunk 8585
2025/04/30 15:22:57 Received ACK for chunk 8586/10240
Received chunk 8587/10240: fixtures/large_file.bin
2025/04/30 15:22:57 Sent ACK for chunk 8586
2025/04/30 15:22:57 Received ACK for chunk 8587/10240
Received chunk 8588/10240: fixtures/large_file.bin
2025/04/30 15:22:57 Sent ACK for chunk 8587
2025/04/30 15:22:57 Received ACK for chunk 8588/10240
Received chunk 8589/10240: fixtures/large_file.bin
2025/04/30 15:22:57 Sent ACK for chunk 8588
2025/04/30 15:22:57 Received ACK for chunk 8589/10240
Received chunk 8590/10240: fixtures/large_file.bin
2025/04/30 15:22:57 Sent ACK for chunk 8589
2025/04/30 15:22:57 Received ACK for chunk 8590/10240
Received chunk 8591/10240: fixtures/large_file.bin
2025/04/30 15:22:57 Sent ACK for chunk 8590
2025/04/30 15:22:57 Received ACK for chunk 8591/10240
Received chunk 8592/10240: fixtures/large_file.bin
2025/04/30 15:22:57 Sent ACK for chunk 8591
2025/04/30 15:22:57 Received ACK for chunk 8592/10240
Received chunk 8593/10240: fixtures/large_file.bin
2025/04/30 15:22:57 Sent ACK for chunk 8592
2025/04/30 15:22:57 Received ACK for chunk 8593/10240
Received chunk 8594/10240: fixtures/large_file.bin
2025/04/30 15:22:57 Sent ACK for chunk 8593
2025/04/30 15:22:57 Received ACK for chunk 8594/10240
Received chunk 8595/10240: fixtures/large_file.bin
2025/04/30 15:22:57 Sent ACK for chunk 8594
2025/04/30 15:22:57 Received ACK for chunk 8595/10240
Received chunk 8596/10240: fixtures/large_file.bin
2025/04/30 15:22:57 Sent ACK for chunk 8595
2025/04/30 15:22:57 Received ACK for chunk 8596/10240
Received chunk 8597/10240: fixtures/large_file.bin
2025/04/30 15:22:57 Sent ACK for chunk 8596
2025/04/30 15:22:57 Received ACK for chunk 8597/10240
Received chunk 8598/10240: fixtures/large_file.bin
2025/04/30 15:22:57 Sent ACK for chunk 8597
2025/04/30 15:22:57 Received ACK for chunk 8598/10240
Received chunk 8599/10240: fixtures/large_file.bin
2025/04/30 15:22:57 Sent ACK for chunk 8598
2025/04/30 15:22:57 Received ACK for chunk 8599/10240
Received chunk 8600/10240: fixtures/large_file.bin
2025/04/30 15:22:57 Sent ACK for chunk 8599
2025/04/30 15:22:57 Received ACK for chunk 8600/10240
Received chunk 8601/10240: fixtures/large_file.bin
2025/04/30 15:22:57 Sent ACK for chunk 8600
2025/04/30 15:22:57 Received ACK for chunk 8601/10240
Received chunk 8602/10240: fixtures/large_file.bin
2025/04/30 15:22:57 Sent ACK for chunk 8601
2025/04/30 15:22:57 Received ACK for chunk 8602/10240
Received chunk 8603/10240: fixtures/large_file.bin
2025/04/30 15:22:57 Sent ACK for chunk 8602
2025/04/30 15:22:57 Received ACK for chunk 8603/10240
Received chunk 8604/10240: fixtures/large_file.bin
2025/04/30 15:22:57 Sent ACK for chunk 8603
2025/04/30 15:22:57 Received ACK for chunk 8604/10240
Received chunk 8605/10240: fixtures/large_file.bin
2025/04/30 15:22:57 Sent ACK for chunk 8604
2025/04/30 15:22:57 Received ACK for chunk 8605/10240
Received chunk 8606/10240: fixtures/large_file.bin
2025/04/30 15:22:57 Sent ACK for chunk 8605
2025/04/30 15:22:57 Received ACK for chunk 8606/10240
Received chunk 8607/10240: fixtures/large_file.bin
2025/04/30 15:22:57 Sent ACK for chunk 8606
2025/04/30 15:22:57 Received ACK for chunk 8607/10240
Received chunk 8608/10240: fixtures/large_file.bin
2025/04/30 15:22:57 Sent ACK for chunk 8607
2025/04/30 15:22:57 Received ACK for chunk 8608/10240
Received chunk 8609/10240: fixtures/large_file.bin
2025/04/30 15:22:57 Sent ACK for chunk 8608
2025/04/30 15:22:57 Received ACK for chunk 8609/10240
Received chunk 8610/10240: fixtures/large_file.bin
2025/04/30 15:22:57 Sent ACK for chunk 8609
2025/04/30 15:22:57 Received ACK for chunk 8610/10240
Received chunk 8611/10240: fixtures/large_file.bin
2025/04/30 15:22:57 Sent ACK for chunk 8610
2025/04/30 15:22:57 Received ACK for chunk 8611/10240
Received chunk 8612/10240: fixtures/large_file.bin
2025/04/30 15:22:57 Sent ACK for chunk 8611
2025/04/30 15:22:57 Received ACK for chunk 8612/10240
Received chunk 8613/10240: fixtures/large_file.bin
2025/04/30 15:22:57 Sent ACK for chunk 8612
2025/04/30 15:22:57 Received ACK for chunk 8613/10240
Received chunk 8614/10240: fixtures/large_file.bin
2025/04/30 15:22:57 Sent ACK for chunk 8613
2025/04/30 15:22:57 Received ACK for chunk 8614/10240
Received chunk 8615/10240: fixtures/large_file.bin
2025/04/30 15:22:57 Sent ACK for chunk 8614
2025/04/30 15:22:57 Received ACK for chunk 8615/10240
Received chunk 8616/10240: fixtures/large_file.bin
2025/04/30 15:22:57 Sent ACK for chunk 8615
2025/04/30 15:22:57 Received ACK for chunk 8616/10240
Received chunk 8617/10240: fixtures/large_file.bin
2025/04/30 15:22:57 Sent ACK for chunk 8616
2025/04/30 15:22:57 Received ACK for chunk 8617/10240
Received chunk 8618/10240: fixtures/large_file.bin
2025/04/30 15:22:57 Sent ACK for chunk 8617
2025/04/30 15:22:57 Received ACK for chunk 8618/10240
Received chunk 8619/10240: fixtures/large_file.bin
2025/04/30 15:22:57 Sent ACK for chunk 8618
2025/04/30 15:22:57 Received ACK for chunk 8619/10240
Received chunk 8620/10240: fixtures/large_file.bin
2025/04/30 15:22:57 Sent ACK for chunk 8619
2025/04/30 15:22:57 Received ACK for chunk 8620/10240
Received chunk 8621/10240: fixtures/large_file.bin
2025/04/30 15:22:57 Sent ACK for chunk 8620
2025/04/30 15:22:57 Received ACK for chunk 8621/10240
Received chunk 8622/10240: fixtures/large_file.bin
2025/04/30 15:22:57 Sent ACK for chunk 8621
2025/04/30 15:22:57 Received ACK for chunk 8622/10240
Received chunk 8623/10240: fixtures/large_file.bin
2025/04/30 15:22:57 Sent ACK for chunk 8622
2025/04/30 15:22:57 Received ACK for chunk 8623/10240
Received chunk 8624/10240: fixtures/large_file.bin
2025/04/30 15:22:57 Sent ACK for chunk 8623
2025/04/30 15:22:57 Received ACK for chunk 8624/10240
Received chunk 8625/10240: fixtures/large_file.bin
2025/04/30 15:22:57 Sent ACK for chunk 8624
2025/04/30 15:22:57 Received ACK for chunk 8625/10240
Received chunk 8626/10240: fixtures/large_file.bin
2025/04/30 15:22:57 Sent ACK for chunk 8625
2025/04/30 15:22:57 Received ACK for chunk 8626/10240
Received chunk 8627/10240: fixtures/large_file.bin
2025/04/30 15:22:57 Sent ACK for chunk 8626
2025/04/30 15:22:57 Received ACK for chunk 8627/10240
Received chunk 8628/10240: fixtures/large_file.bin
2025/04/30 15:22:57 Sent ACK for chunk 8627
2025/04/30 15:22:57 Received ACK for chunk 8628/10240
Received chunk 8629/10240: fixtures/large_file.bin
2025/04/30 15:22:57 Sent ACK for chunk 8628
2025/04/30 15:22:57 Received ACK for chunk 8629/10240
Received chunk 8630/10240: fixtures/large_file.bin
2025/04/30 15:22:57 Sent ACK for chunk 8629
2025/04/30 15:22:57 Received ACK for chunk 8630/10240
Received chunk 8631/10240: fixtures/large_file.bin
2025/04/30 15:22:57 Sent ACK for chunk 8630
2025/04/30 15:22:57 Received ACK for chunk 8631/10240
Received chunk 8632/10240: fixtures/large_file.bin
2025/04/30 15:22:57 Sent ACK for chunk 8631
2025/04/30 15:22:57 Received ACK for chunk 8632/10240
Received chunk 8633/10240: fixtures/large_file.bin
2025/04/30 15:22:57 Sent ACK for chunk 8632
2025/04/30 15:22:57 Received ACK for chunk 8633/10240
Received chunk 8634/10240: fixtures/large_file.bin
2025/04/30 15:22:57 Sent ACK for chunk 8633
2025/04/30 15:22:57 Received ACK for chunk 8634/10240
Received chunk 8635/10240: fixtures/large_file.bin
2025/04/30 15:22:57 Sent ACK for chunk 8634
2025/04/30 15:22:57 Received ACK for chunk 8635/10240
Received chunk 8636/10240: fixtures/large_file.bin
2025/04/30 15:22:57 Sent ACK for chunk 8635
2025/04/30 15:22:57 Received ACK for chunk 8636/10240
Received chunk 8637/10240: fixtures/large_file.bin
2025/04/30 15:22:57 Sent ACK for chunk 8636
2025/04/30 15:22:57 Received ACK for chunk 8637/10240
Received chunk 8638/10240: fixtures/large_file.bin
2025/04/30 15:22:57 Sent ACK for chunk 8637
2025/04/30 15:22:57 Received ACK for chunk 8638/10240
Received chunk 8639/10240: fixtures/large_file.bin
2025/04/30 15:22:57 Sent ACK for chunk 8638
2025/04/30 15:22:57 Received ACK for chunk 8639/10240
Received chunk 8640/10240: fixtures/large_file.bin
2025/04/30 15:22:57 Sent ACK for chunk 8639
2025/04/30 15:22:57 Received ACK for chunk 8640/10240
Received chunk 8641/10240: fixtures/large_file.bin
2025/04/30 15:22:57 Sent ACK for chunk 8640
2025/04/30 15:22:57 Received ACK for chunk 8641/10240
Received chunk 8642/10240: fixtures/large_file.bin
2025/04/30 15:22:57 Sent ACK for chunk 8641
2025/04/30 15:22:57 Received ACK for chunk 8642/10240
Received chunk 8643/10240: fixtures/large_file.bin
2025/04/30 15:22:57 Sent ACK for chunk 8642
2025/04/30 15:22:57 Received ACK for chunk 8643/10240
Received chunk 8644/10240: fixtures/large_file.bin
2025/04/30 15:22:57 Sent ACK for chunk 8643
2025/04/30 15:22:57 Received ACK for chunk 8644/10240
Received chunk 8645/10240: fixtures/large_file.bin
2025/04/30 15:22:57 Sent ACK for chunk 8644
2025/04/30 15:22:57 Received ACK for chunk 8645/10240
Received chunk 8646/10240: fixtures/large_file.bin
2025/04/30 15:22:57 Sent ACK for chunk 8645
2025/04/30 15:22:57 Received ACK for chunk 8646/10240
Received chunk 8647/10240: fixtures/large_file.bin
2025/04/30 15:22:57 Sent ACK for chunk 8646
2025/04/30 15:22:57 Received ACK for chunk 8647/10240
Received chunk 8648/10240: fixtures/large_file.bin
2025/04/30 15:22:57 Sent ACK for chunk 8647
2025/04/30 15:22:57 Received ACK for chunk 8648/10240
Received chunk 8649/10240: fixtures/large_file.bin
2025/04/30 15:22:57 Sent ACK for chunk 8648
2025/04/30 15:22:57 Received ACK for chunk 8649/10240
Received chunk 8650/10240: fixtures/large_file.bin
2025/04/30 15:22:57 Sent ACK for chunk 8649
2025/04/30 15:22:57 Received ACK for chunk 8650/10240
Received chunk 8651/10240: fixtures/large_file.bin
2025/04/30 15:22:57 Sent ACK for chunk 8650
2025/04/30 15:22:57 Received ACK for chunk 8651/10240
Received chunk 8652/10240: fixtures/large_file.bin
2025/04/30 15:22:57 Sent ACK for chunk 8651
2025/04/30 15:22:57 Received ACK for chunk 8652/10240
Received chunk 8653/10240: fixtures/large_file.bin
2025/04/30 15:22:57 Sent ACK for chunk 8652
2025/04/30 15:22:57 Received ACK for chunk 8653/10240
Received chunk 8654/10240: fixtures/large_file.bin
2025/04/30 15:22:57 Sent ACK for chunk 8653
2025/04/30 15:22:57 Received ACK for chunk 8654/10240
Received chunk 8655/10240: fixtures/large_file.bin
2025/04/30 15:22:57 Sent ACK for chunk 8654
2025/04/30 15:22:57 Received ACK for chunk 8655/10240
Received chunk 8656/10240: fixtures/large_file.bin
2025/04/30 15:22:57 Sent ACK for chunk 8655
2025/04/30 15:22:57 Received ACK for chunk 8656/10240
Received chunk 8657/10240: fixtures/large_file.bin
2025/04/30 15:22:57 Sent ACK for chunk 8656
2025/04/30 15:22:57 Received ACK for chunk 8657/10240
Received chunk 8658/10240: fixtures/large_file.bin
2025/04/30 15:22:57 Sent ACK for chunk 8657
2025/04/30 15:22:57 Received ACK for chunk 8658/10240
Received chunk 8659/10240: fixtures/large_file.bin
2025/04/30 15:22:57 Sent ACK for chunk 8658
2025/04/30 15:22:57 Received ACK for chunk 8659/10240
Received chunk 8660/10240: fixtures/large_file.bin
2025/04/30 15:22:57 Sent ACK for chunk 8659
2025/04/30 15:22:57 Received ACK for chunk 8660/10240
Received chunk 8661/10240: fixtures/large_file.bin
2025/04/30 15:22:57 Sent ACK for chunk 8660
2025/04/30 15:22:57 Received ACK for chunk 8661/10240
Received chunk 8662/10240: fixtures/large_file.bin
2025/04/30 15:22:57 Sent ACK for chunk 8661
2025/04/30 15:22:57 Received ACK for chunk 8662/10240
Received chunk 8663/10240: fixtures/large_file.bin
2025/04/30 15:22:57 Sent ACK for chunk 8662
2025/04/30 15:22:57 Received ACK for chunk 8663/10240
Received chunk 8664/10240: fixtures/large_file.bin
2025/04/30 15:22:57 Sent ACK for chunk 8663
2025/04/30 15:22:57 Received ACK for chunk 8664/10240
Received chunk 8665/10240: fixtures/large_file.bin
2025/04/30 15:22:57 Sent ACK for chunk 8664
2025/04/30 15:22:57 Received ACK for chunk 8665/10240
Received chunk 8666/10240: fixtures/large_file.bin
2025/04/30 15:22:57 Sent ACK for chunk 8665
2025/04/30 15:22:57 Received ACK for chunk 8666/10240
Received chunk 8667/10240: fixtures/large_file.bin
2025/04/30 15:22:57 Sent ACK for chunk 8666
2025/04/30 15:22:57 Received ACK for chunk 8667/10240
Received chunk 8668/10240: fixtures/large_file.bin
2025/04/30 15:22:57 Sent ACK for chunk 8667
2025/04/30 15:22:57 Received ACK for chunk 8668/10240
Received chunk 8669/10240: fixtures/large_file.bin
2025/04/30 15:22:57 Sent ACK for chunk 8668
2025/04/30 15:22:57 Received ACK for chunk 8669/10240
Received chunk 8670/10240: fixtures/large_file.bin
2025/04/30 15:22:57 Sent ACK for chunk 8669
2025/04/30 15:22:57 Received ACK for chunk 8670/10240
Received chunk 8671/10240: fixtures/large_file.bin
2025/04/30 15:22:57 Sent ACK for chunk 8670
2025/04/30 15:22:57 Received ACK for chunk 8671/10240
Received chunk 8672/10240: fixtures/large_file.bin
2025/04/30 15:22:57 Sent ACK for chunk 8671
2025/04/30 15:22:57 Received ACK for chunk 8672/10240
Received chunk 8673/10240: fixtures/large_file.bin
2025/04/30 15:22:57 Sent ACK for chunk 8672
2025/04/30 15:22:57 Received ACK for chunk 8673/10240
Received chunk 8674/10240: fixtures/large_file.bin
2025/04/30 15:22:57 Sent ACK for chunk 8673
2025/04/30 15:22:57 Received ACK for chunk 8674/10240
Received chunk 8675/10240: fixtures/large_file.bin
2025/04/30 15:22:57 Sent ACK for chunk 8674
2025/04/30 15:22:57 Received ACK for chunk 8675/10240
Received chunk 8676/10240: fixtures/large_file.bin
2025/04/30 15:22:57 Sent ACK for chunk 8675
2025/04/30 15:22:57 Received ACK for chunk 8676/10240
Received chunk 8677/10240: fixtures/large_file.bin
2025/04/30 15:22:57 Sent ACK for chunk 8676
2025/04/30 15:22:57 Received ACK for chunk 8677/10240
Received chunk 8678/10240: fixtures/large_file.bin
2025/04/30 15:22:57 Sent ACK for chunk 8677
2025/04/30 15:22:57 Received ACK for chunk 8678/10240
Received chunk 8679/10240: fixtures/large_file.bin
2025/04/30 15:22:57 Sent ACK for chunk 8678
2025/04/30 15:22:57 Received ACK for chunk 8679/10240
Received chunk 8680/10240: fixtures/large_file.bin
2025/04/30 15:22:57 Sent ACK for chunk 8679
2025/04/30 15:22:57 Received ACK for chunk 8680/10240
Received chunk 8681/10240: fixtures/large_file.bin
2025/04/30 15:22:57 Sent ACK for chunk 8680
2025/04/30 15:22:57 Received ACK for chunk 8681/10240
Received chunk 8682/10240: fixtures/large_file.bin
2025/04/30 15:22:57 Sent ACK for chunk 8681
2025/04/30 15:22:57 Received ACK for chunk 8682/10240
Received chunk 8683/10240: fixtures/large_file.bin
2025/04/30 15:22:57 Sent ACK for chunk 8682
2025/04/30 15:22:57 Received ACK for chunk 8683/10240
Received chunk 8684/10240: fixtures/large_file.bin
2025/04/30 15:22:57 Sent ACK for chunk 8683
2025/04/30 15:22:57 Received ACK for chunk 8684/10240
Received chunk 8685/10240: fixtures/large_file.bin
2025/04/30 15:22:57 Sent ACK for chunk 8684
2025/04/30 15:22:57 Received ACK for chunk 8685/10240
Received chunk 8686/10240: fixtures/large_file.bin
2025/04/30 15:22:57 Sent ACK for chunk 8685
2025/04/30 15:22:57 Received ACK for chunk 8686/10240
Received chunk 8687/10240: fixtures/large_file.bin
2025/04/30 15:22:57 Sent ACK for chunk 8686
2025/04/30 15:22:57 Received ACK for chunk 8687/10240
Received chunk 8688/10240: fixtures/large_file.bin
2025/04/30 15:22:57 Sent ACK for chunk 8687
2025/04/30 15:22:57 Received ACK for chunk 8688/10240
Received chunk 8689/10240: fixtures/large_file.bin
2025/04/30 15:22:57 Sent ACK for chunk 8688
2025/04/30 15:22:57 Received ACK for chunk 8689/10240
Received chunk 8690/10240: fixtures/large_file.bin
2025/04/30 15:22:57 Sent ACK for chunk 8689
2025/04/30 15:22:57 Received ACK for chunk 8690/10240
Received chunk 8691/10240: fixtures/large_file.bin
2025/04/30 15:22:57 Sent ACK for chunk 8690
2025/04/30 15:22:57 Received ACK for chunk 8691/10240
Received chunk 8692/10240: fixtures/large_file.bin
2025/04/30 15:22:57 Sent ACK for chunk 8691
2025/04/30 15:22:57 Received ACK for chunk 8692/10240
Received chunk 8693/10240: fixtures/large_file.bin
2025/04/30 15:22:57 Sent ACK for chunk 8692
2025/04/30 15:22:57 Received ACK for chunk 8693/10240
Received chunk 8694/10240: fixtures/large_file.bin
2025/04/30 15:22:57 Sent ACK for chunk 8693
2025/04/30 15:22:57 Received ACK for chunk 8694/10240
Received chunk 8695/10240: fixtures/large_file.bin
2025/04/30 15:22:57 Sent ACK for chunk 8694
2025/04/30 15:22:57 Received ACK for chunk 8695/10240
Received chunk 8696/10240: fixtures/large_file.bin
2025/04/30 15:22:57 Sent ACK for chunk 8695
2025/04/30 15:22:57 Received ACK for chunk 8696/10240
Received chunk 8697/10240: fixtures/large_file.bin
2025/04/30 15:22:57 Sent ACK for chunk 8696
2025/04/30 15:22:57 Received ACK for chunk 8697/10240
Received chunk 8698/10240: fixtures/large_file.bin
2025/04/30 15:22:57 Sent ACK for chunk 8697
2025/04/30 15:22:57 Received ACK for chunk 8698/10240
Received chunk 8699/10240: fixtures/large_file.bin
2025/04/30 15:22:57 Sent ACK for chunk 8698
2025/04/30 15:22:57 Received ACK for chunk 8699/10240
Received chunk 8700/10240: fixtures/large_file.bin
2025/04/30 15:22:57 Sent ACK for chunk 8699
2025/04/30 15:22:57 Received ACK for chunk 8700/10240
Received chunk 8701/10240: fixtures/large_file.bin
2025/04/30 15:22:57 Sent ACK for chunk 8700
2025/04/30 15:22:57 Received ACK for chunk 8701/10240
Received chunk 8702/10240: fixtures/large_file.bin
2025/04/30 15:22:57 Sent ACK for chunk 8701
2025/04/30 15:22:57 Received ACK for chunk 8702/10240
Received chunk 8703/10240: fixtures/large_file.bin
2025/04/30 15:22:57 Sent ACK for chunk 8702
2025/04/30 15:22:57 Received ACK for chunk 8703/10240
Received chunk 8704/10240: fixtures/large_file.bin
2025/04/30 15:22:57 Sent ACK for chunk 8703
2025/04/30 15:22:57 Received ACK for chunk 8704/10240
Received chunk 8705/10240: fixtures/large_file.bin
2025/04/30 15:22:57 Sent ACK for chunk 8704
2025/04/30 15:22:57 Received ACK for chunk 8705/10240
Received chunk 8706/10240: fixtures/large_file.bin
2025/04/30 15:22:57 Sent ACK for chunk 8705
2025/04/30 15:22:57 Received ACK for chunk 8706/10240
Received chunk 8707/10240: fixtures/large_file.bin
2025/04/30 15:22:57 Sent ACK for chunk 8706
2025/04/30 15:22:57 Received ACK for chunk 8707/10240
Received chunk 8708/10240: fixtures/large_file.bin
2025/04/30 15:22:57 Sent ACK for chunk 8707
2025/04/30 15:22:57 Received ACK for chunk 8708/10240
Received chunk 8709/10240: fixtures/large_file.bin
2025/04/30 15:22:57 Sent ACK for chunk 8708
2025/04/30 15:22:57 Received ACK for chunk 8709/10240
Received chunk 8710/10240: fixtures/large_file.bin
2025/04/30 15:22:57 Sent ACK for chunk 8709
2025/04/30 15:22:57 Received ACK for chunk 8710/10240
Received chunk 8711/10240: fixtures/large_file.bin
2025/04/30 15:22:57 Sent ACK for chunk 8710
2025/04/30 15:22:57 Received ACK for chunk 8711/10240
Received chunk 8712/10240: fixtures/large_file.bin
2025/04/30 15:22:57 Sent ACK for chunk 8711
2025/04/30 15:22:57 Received ACK for chunk 8712/10240
Received chunk 8713/10240: fixtures/large_file.bin
2025/04/30 15:22:57 Sent ACK for chunk 8712
2025/04/30 15:22:57 Received ACK for chunk 8713/10240
Received chunk 8714/10240: fixtures/large_file.bin
2025/04/30 15:22:57 Sent ACK for chunk 8713
2025/04/30 15:22:57 Received ACK for chunk 8714/10240
Received chunk 8715/10240: fixtures/large_file.bin
2025/04/30 15:22:57 Sent ACK for chunk 8714
2025/04/30 15:22:57 Received ACK for chunk 8715/10240
Received chunk 8716/10240: fixtures/large_file.bin
2025/04/30 15:22:57 Sent ACK for chunk 8715
2025/04/30 15:22:57 Received ACK for chunk 8716/10240
Received chunk 8717/10240: fixtures/large_file.bin
2025/04/30 15:22:57 Sent ACK for chunk 8716
2025/04/30 15:22:57 Received ACK for chunk 8717/10240
Received chunk 8718/10240: fixtures/large_file.bin
2025/04/30 15:22:57 Sent ACK for chunk 8717
2025/04/30 15:22:57 Received ACK for chunk 8718/10240
Received chunk 8719/10240: fixtures/large_file.bin
2025/04/30 15:22:57 Sent ACK for chunk 8718
2025/04/30 15:22:57 Received ACK for chunk 8719/10240
Received chunk 8720/10240: fixtures/large_file.bin
2025/04/30 15:22:57 Sent ACK for chunk 8719
2025/04/30 15:22:57 Received ACK for chunk 8720/10240
Received chunk 8721/10240: fixtures/large_file.bin
2025/04/30 15:22:57 Sent ACK for chunk 8720
2025/04/30 15:22:57 Received ACK for chunk 8721/10240
Received chunk 8722/10240: fixtures/large_file.bin
2025/04/30 15:22:57 Sent ACK for chunk 8721
2025/04/30 15:22:57 Received ACK for chunk 8722/10240
Received chunk 8723/10240: fixtures/large_file.bin
2025/04/30 15:22:57 Sent ACK for chunk 8722
2025/04/30 15:22:57 Received ACK for chunk 8723/10240
Received chunk 8724/10240: fixtures/large_file.bin
2025/04/30 15:22:57 Sent ACK for chunk 8723
2025/04/30 15:22:57 Received ACK for chunk 8724/10240
Received chunk 8725/10240: fixtures/large_file.bin
2025/04/30 15:22:57 Sent ACK for chunk 8724
2025/04/30 15:22:57 Received ACK for chunk 8725/10240
Received chunk 8726/10240: fixtures/large_file.bin
2025/04/30 15:22:57 Sent ACK for chunk 8725
2025/04/30 15:22:57 Received ACK for chunk 8726/10240
Received chunk 8727/10240: fixtures/large_file.bin
2025/04/30 15:22:57 Sent ACK for chunk 8726
2025/04/30 15:22:57 Received ACK for chunk 8727/10240
Received chunk 8728/10240: fixtures/large_file.bin
2025/04/30 15:22:57 Sent ACK for chunk 8727
2025/04/30 15:22:57 Received ACK for chunk 8728/10240
Received chunk 8729/10240: fixtures/large_file.bin
2025/04/30 15:22:57 Sent ACK for chunk 8728
2025/04/30 15:22:57 Received ACK for chunk 8729/10240
Received chunk 8730/10240: fixtures/large_file.bin
2025/04/30 15:22:57 Sent ACK for chunk 8729
2025/04/30 15:22:57 Received ACK for chunk 8730/10240
Received chunk 8731/10240: fixtures/large_file.bin
2025/04/30 15:22:57 Sent ACK for chunk 8730
2025/04/30 15:22:57 Received ACK for chunk 8731/10240
Received chunk 8732/10240: fixtures/large_file.bin
2025/04/30 15:22:57 Sent ACK for chunk 8731
2025/04/30 15:22:57 Received ACK for chunk 8732/10240
Received chunk 8733/10240: fixtures/large_file.bin
2025/04/30 15:22:57 Sent ACK for chunk 8732
2025/04/30 15:22:57 Received ACK for chunk 8733/10240
Received chunk 8734/10240: fixtures/large_file.bin
2025/04/30 15:22:57 Sent ACK for chunk 8733
2025/04/30 15:22:57 Received ACK for chunk 8734/10240
Received chunk 8735/10240: fixtures/large_file.bin
2025/04/30 15:22:57 Sent ACK for chunk 8734
2025/04/30 15:22:57 Received ACK for chunk 8735/10240
Received chunk 8736/10240: fixtures/large_file.bin
2025/04/30 15:22:57 Sent ACK for chunk 8735
2025/04/30 15:22:57 Received ACK for chunk 8736/10240
Received chunk 8737/10240: fixtures/large_file.bin
2025/04/30 15:22:57 Sent ACK for chunk 8736
2025/04/30 15:22:57 Received ACK for chunk 8737/10240
Received chunk 8738/10240: fixtures/large_file.bin
2025/04/30 15:22:57 Sent ACK for chunk 8737
2025/04/30 15:22:57 Received ACK for chunk 8738/10240
Received chunk 8739/10240: fixtures/large_file.bin
2025/04/30 15:22:57 Sent ACK for chunk 8738
2025/04/30 15:22:57 Received ACK for chunk 8739/10240
Received chunk 8740/10240: fixtures/large_file.bin
2025/04/30 15:22:57 Sent ACK for chunk 8739
2025/04/30 15:22:57 Received ACK for chunk 8740/10240
Received chunk 8741/10240: fixtures/large_file.bin
2025/04/30 15:22:57 Sent ACK for chunk 8740
2025/04/30 15:22:57 Received ACK for chunk 8741/10240
Received chunk 8742/10240: fixtures/large_file.bin
2025/04/30 15:22:57 Sent ACK for chunk 8741
2025/04/30 15:22:57 Received ACK for chunk 8742/10240
Received chunk 8743/10240: fixtures/large_file.bin
2025/04/30 15:22:57 Sent ACK for chunk 8742
2025/04/30 15:22:57 Received ACK for chunk 8743/10240
Received chunk 8744/10240: fixtures/large_file.bin
2025/04/30 15:22:57 Sent ACK for chunk 8743
2025/04/30 15:22:57 Received ACK for chunk 8744/10240
Received chunk 8745/10240: fixtures/large_file.bin
2025/04/30 15:22:57 Sent ACK for chunk 8744
2025/04/30 15:22:57 Received ACK for chunk 8745/10240
Received chunk 8746/10240: fixtures/large_file.bin
2025/04/30 15:22:57 Sent ACK for chunk 8745
2025/04/30 15:22:57 Received ACK for chunk 8746/10240
Received chunk 8747/10240: fixtures/large_file.bin
2025/04/30 15:22:57 Sent ACK for chunk 8746
2025/04/30 15:22:57 Received ACK for chunk 8747/10240
Received chunk 8748/10240: fixtures/large_file.bin
2025/04/30 15:22:57 Sent ACK for chunk 8747
2025/04/30 15:22:57 Received ACK for chunk 8748/10240
Received chunk 8749/10240: fixtures/large_file.bin
2025/04/30 15:22:57 Sent ACK for chunk 8748
2025/04/30 15:22:57 Received ACK for chunk 8749/10240
Received chunk 8750/10240: fixtures/large_file.bin
2025/04/30 15:22:57 Sent ACK for chunk 8749
2025/04/30 15:22:57 Received ACK for chunk 8750/10240
Received chunk 8751/10240: fixtures/large_file.bin
2025/04/30 15:22:57 Sent ACK for chunk 8750
2025/04/30 15:22:57 Received ACK for chunk 8751/10240
Received chunk 8752/10240: fixtures/large_file.bin
2025/04/30 15:22:57 Sent ACK for chunk 8751
2025/04/30 15:22:57 Received ACK for chunk 8752/10240
Received chunk 8753/10240: fixtures/large_file.bin
2025/04/30 15:22:57 Sent ACK for chunk 8752
2025/04/30 15:22:57 Received ACK for chunk 8753/10240
Received chunk 8754/10240: fixtures/large_file.bin
2025/04/30 15:22:57 Sent ACK for chunk 8753
2025/04/30 15:22:57 Received ACK for chunk 8754/10240
Received chunk 8755/10240: fixtures/large_file.bin
2025/04/30 15:22:57 Sent ACK for chunk 8754
2025/04/30 15:22:57 Received ACK for chunk 8755/10240
Received chunk 8756/10240: fixtures/large_file.bin
2025/04/30 15:22:57 Sent ACK for chunk 8755
2025/04/30 15:22:57 Received ACK for chunk 8756/10240
Received chunk 8757/10240: fixtures/large_file.bin
2025/04/30 15:22:57 Sent ACK for chunk 8756
2025/04/30 15:22:57 Received ACK for chunk 8757/10240
Received chunk 8758/10240: fixtures/large_file.bin
2025/04/30 15:22:57 Sent ACK for chunk 8757
2025/04/30 15:22:57 Received ACK for chunk 8758/10240
Received chunk 8759/10240: fixtures/large_file.bin
2025/04/30 15:22:57 Sent ACK for chunk 8758
2025/04/30 15:22:57 Received ACK for chunk 8759/10240
Received chunk 8760/10240: fixtures/large_file.bin
2025/04/30 15:22:57 Sent ACK for chunk 8759
2025/04/30 15:22:57 Received ACK for chunk 8760/10240
Received chunk 8761/10240: fixtures/large_file.bin
2025/04/30 15:22:57 Sent ACK for chunk 8760
2025/04/30 15:22:57 Received ACK for chunk 8761/10240
Received chunk 8762/10240: fixtures/large_file.bin
2025/04/30 15:22:57 Sent ACK for chunk 8761
2025/04/30 15:22:57 Received ACK for chunk 8762/10240
Received chunk 8763/10240: fixtures/large_file.bin
2025/04/30 15:22:57 Sent ACK for chunk 8762
2025/04/30 15:22:57 Received ACK for chunk 8763/10240
Received chunk 8764/10240: fixtures/large_file.bin
2025/04/30 15:22:57 Sent ACK for chunk 8763
2025/04/30 15:22:57 Received ACK for chunk 8764/10240
Received chunk 8765/10240: fixtures/large_file.bin
2025/04/30 15:22:57 Sent ACK for chunk 8764
2025/04/30 15:22:57 Received ACK for chunk 8765/10240
Received chunk 8766/10240: fixtures/large_file.bin
2025/04/30 15:22:57 Sent ACK for chunk 8765
2025/04/30 15:22:57 Received ACK for chunk 8766/10240
Received chunk 8767/10240: fixtures/large_file.bin
2025/04/30 15:22:57 Sent ACK for chunk 8766
2025/04/30 15:22:57 Received ACK for chunk 8767/10240
Received chunk 8768/10240: fixtures/large_file.bin
2025/04/30 15:22:57 Sent ACK for chunk 8767
2025/04/30 15:22:57 Received ACK for chunk 8768/10240
Received chunk 8769/10240: fixtures/large_file.bin
2025/04/30 15:22:57 Sent ACK for chunk 8768
2025/04/30 15:22:57 Received ACK for chunk 8769/10240
Received chunk 8770/10240: fixtures/large_file.bin
2025/04/30 15:22:57 Sent ACK for chunk 8769
2025/04/30 15:22:57 Received ACK for chunk 8770/10240
Received chunk 8771/10240: fixtures/large_file.bin
2025/04/30 15:22:57 Sent ACK for chunk 8770
2025/04/30 15:22:57 Received ACK for chunk 8771/10240
Received chunk 8772/10240: fixtures/large_file.bin
2025/04/30 15:22:57 Sent ACK for chunk 8771
2025/04/30 15:22:57 Received ACK for chunk 8772/10240
Received chunk 8773/10240: fixtures/large_file.bin
2025/04/30 15:22:57 Sent ACK for chunk 8772
2025/04/30 15:22:57 Received ACK for chunk 8773/10240
Received chunk 8774/10240: fixtures/large_file.bin
2025/04/30 15:22:57 Sent ACK for chunk 8773
2025/04/30 15:22:57 Received ACK for chunk 8774/10240
Received chunk 8775/10240: fixtures/large_file.bin
2025/04/30 15:22:57 Sent ACK for chunk 8774
2025/04/30 15:22:57 Received ACK for chunk 8775/10240
Received chunk 8776/10240: fixtures/large_file.bin
2025/04/30 15:22:57 Sent ACK for chunk 8775
2025/04/30 15:22:57 Received ACK for chunk 8776/10240
Received chunk 8777/10240: fixtures/large_file.bin
2025/04/30 15:22:57 Sent ACK for chunk 8776
2025/04/30 15:22:57 Received ACK for chunk 8777/10240
Received chunk 8778/10240: fixtures/large_file.bin
2025/04/30 15:22:57 Sent ACK for chunk 8777
2025/04/30 15:22:57 Received ACK for chunk 8778/10240
Received chunk 8779/10240: fixtures/large_file.bin
2025/04/30 15:22:57 Sent ACK for chunk 8778
2025/04/30 15:22:57 Received ACK for chunk 8779/10240
Received chunk 8780/10240: fixtures/large_file.bin
2025/04/30 15:22:57 Sent ACK for chunk 8779
2025/04/30 15:22:57 Received ACK for chunk 8780/10240
Received chunk 8781/10240: fixtures/large_file.bin
2025/04/30 15:22:57 Sent ACK for chunk 8780
2025/04/30 15:22:57 Received ACK for chunk 8781/10240
Received chunk 8782/10240: fixtures/large_file.bin
2025/04/30 15:22:57 Sent ACK for chunk 8781
2025/04/30 15:22:57 Received ACK for chunk 8782/10240
Received chunk 8783/10240: fixtures/large_file.bin
2025/04/30 15:22:57 Sent ACK for chunk 8782
2025/04/30 15:22:57 Received ACK for chunk 8783/10240
Received chunk 8784/10240: fixtures/large_file.bin
2025/04/30 15:22:57 Sent ACK for chunk 8783
2025/04/30 15:22:57 Received ACK for chunk 8784/10240
Received chunk 8785/10240: fixtures/large_file.bin
2025/04/30 15:22:57 Sent ACK for chunk 8784
2025/04/30 15:22:57 Received ACK for chunk 8785/10240
Received chunk 8786/10240: fixtures/large_file.bin
2025/04/30 15:22:57 Sent ACK for chunk 8785
2025/04/30 15:22:57 Received ACK for chunk 8786/10240
Received chunk 8787/10240: fixtures/large_file.bin
2025/04/30 15:22:57 Sent ACK for chunk 8786
2025/04/30 15:22:57 Received ACK for chunk 8787/10240
Received chunk 8788/10240: fixtures/large_file.bin
2025/04/30 15:22:57 Sent ACK for chunk 8787
2025/04/30 15:22:57 Received ACK for chunk 8788/10240
Received chunk 8789/10240: fixtures/large_file.bin
2025/04/30 15:22:57 Sent ACK for chunk 8788
2025/04/30 15:22:57 Received ACK for chunk 8789/10240
Received chunk 8790/10240: fixtures/large_file.bin
2025/04/30 15:22:57 Sent ACK for chunk 8789
2025/04/30 15:22:57 Received ACK for chunk 8790/10240
Received chunk 8791/10240: fixtures/large_file.bin
2025/04/30 15:22:57 Sent ACK for chunk 8790
2025/04/30 15:22:57 Received ACK for chunk 8791/10240
Received chunk 8792/10240: fixtures/large_file.bin
2025/04/30 15:22:57 Sent ACK for chunk 8791
2025/04/30 15:22:57 Received ACK for chunk 8792/10240
Received chunk 8793/10240: fixtures/large_file.bin
2025/04/30 15:22:57 Sent ACK for chunk 8792
2025/04/30 15:22:57 Received ACK for chunk 8793/10240
Received chunk 8794/10240: fixtures/large_file.bin
2025/04/30 15:22:57 Sent ACK for chunk 8793
2025/04/30 15:22:57 Received ACK for chunk 8794/10240
Received chunk 8795/10240: fixtures/large_file.bin
2025/04/30 15:22:57 Sent ACK for chunk 8794
2025/04/30 15:22:57 Received ACK for chunk 8795/10240
Received chunk 8796/10240: fixtures/large_file.bin
2025/04/30 15:22:57 Sent ACK for chunk 8795
2025/04/30 15:22:57 Received ACK for chunk 8796/10240
Received chunk 8797/10240: fixtures/large_file.bin
2025/04/30 15:22:57 Sent ACK for chunk 8796
2025/04/30 15:22:57 Received ACK for chunk 8797/10240
Received chunk 8798/10240: fixtures/large_file.bin
2025/04/30 15:22:57 Sent ACK for chunk 8797
2025/04/30 15:22:57 Received ACK for chunk 8798/10240
Received chunk 8799/10240: fixtures/large_file.bin
2025/04/30 15:22:57 Sent ACK for chunk 8798
2025/04/30 15:22:57 Received ACK for chunk 8799/10240
Received chunk 8800/10240: fixtures/large_file.bin
2025/04/30 15:22:57 Sent ACK for chunk 8799
2025/04/30 15:22:57 Received ACK for chunk 8800/10240
Received chunk 8801/10240: fixtures/large_file.bin
2025/04/30 15:22:57 Sent ACK for chunk 8800
2025/04/30 15:22:57 Received ACK for chunk 8801/10240
Received chunk 8802/10240: fixtures/large_file.bin
2025/04/30 15:22:57 Sent ACK for chunk 8801
2025/04/30 15:22:57 Received ACK for chunk 8802/10240
Received chunk 8803/10240: fixtures/large_file.bin
2025/04/30 15:22:57 Sent ACK for chunk 8802
2025/04/30 15:22:57 Received ACK for chunk 8803/10240
Received chunk 8804/10240: fixtures/large_file.bin
2025/04/30 15:22:57 Sent ACK for chunk 8803
2025/04/30 15:22:57 Received ACK for chunk 8804/10240
Received chunk 8805/10240: fixtures/large_file.bin
2025/04/30 15:22:57 Sent ACK for chunk 8804
2025/04/30 15:22:57 Received ACK for chunk 8805/10240
Received chunk 8806/10240: fixtures/large_file.bin
2025/04/30 15:22:57 Sent ACK for chunk 8805
2025/04/30 15:22:57 Received ACK for chunk 8806/10240
Received chunk 8807/10240: fixtures/large_file.bin
2025/04/30 15:22:57 Sent ACK for chunk 8806
2025/04/30 15:22:57 Received ACK for chunk 8807/10240
Received chunk 8808/10240: fixtures/large_file.bin
2025/04/30 15:22:57 Sent ACK for chunk 8807
2025/04/30 15:22:57 Received ACK for chunk 8808/10240
Received chunk 8809/10240: fixtures/large_file.bin
2025/04/30 15:22:57 Sent ACK for chunk 8808
2025/04/30 15:22:57 Received ACK for chunk 8809/10240
Received chunk 8810/10240: fixtures/large_file.bin
2025/04/30 15:22:57 Sent ACK for chunk 8809
2025/04/30 15:22:57 Received ACK for chunk 8810/10240
Received chunk 8811/10240: fixtures/large_file.bin
2025/04/30 15:22:57 Sent ACK for chunk 8810
2025/04/30 15:22:57 Received ACK for chunk 8811/10240
Received chunk 8812/10240: fixtures/large_file.bin
2025/04/30 15:22:57 Sent ACK for chunk 8811
2025/04/30 15:22:57 Received ACK for chunk 8812/10240
Received chunk 8813/10240: fixtures/large_file.bin
2025/04/30 15:22:57 Sent ACK for chunk 8812
2025/04/30 15:22:57 Received ACK for chunk 8813/10240
Received chunk 8814/10240: fixtures/large_file.bin
2025/04/30 15:22:57 Sent ACK for chunk 8813
2025/04/30 15:22:57 Received ACK for chunk 8814/10240
Received chunk 8815/10240: fixtures/large_file.bin
2025/04/30 15:22:57 Sent ACK for chunk 8814
2025/04/30 15:22:57 Received ACK for chunk 8815/10240
Received chunk 8816/10240: fixtures/large_file.bin
2025/04/30 15:22:57 Sent ACK for chunk 8815
2025/04/30 15:22:57 Received ACK for chunk 8816/10240
Received chunk 8817/10240: fixtures/large_file.bin
2025/04/30 15:22:57 Sent ACK for chunk 8816
2025/04/30 15:22:57 Received ACK for chunk 8817/10240
Received chunk 8818/10240: fixtures/large_file.bin
2025/04/30 15:22:57 Sent ACK for chunk 8817
2025/04/30 15:22:57 Received ACK for chunk 8818/10240
Received chunk 8819/10240: fixtures/large_file.bin
2025/04/30 15:22:57 Sent ACK for chunk 8818
2025/04/30 15:22:57 Received ACK for chunk 8819/10240
Received chunk 8820/10240: fixtures/large_file.bin
2025/04/30 15:22:57 Sent ACK for chunk 8819
2025/04/30 15:22:57 Received ACK for chunk 8820/10240
Received chunk 8821/10240: fixtures/large_file.bin
2025/04/30 15:22:57 Sent ACK for chunk 8820
2025/04/30 15:22:57 Received ACK for chunk 8821/10240
Received chunk 8822/10240: fixtures/large_file.bin
2025/04/30 15:22:57 Sent ACK for chunk 8821
2025/04/30 15:22:57 Received ACK for chunk 8822/10240
Received chunk 8823/10240: fixtures/large_file.bin
2025/04/30 15:22:57 Sent ACK for chunk 8822
2025/04/30 15:22:57 Received ACK for chunk 8823/10240
Received chunk 8824/10240: fixtures/large_file.bin
2025/04/30 15:22:57 Sent ACK for chunk 8823
2025/04/30 15:22:57 Received ACK for chunk 8824/10240
Received chunk 8825/10240: fixtures/large_file.bin
2025/04/30 15:22:57 Sent ACK for chunk 8824
2025/04/30 15:22:57 Received ACK for chunk 8825/10240
Received chunk 8826/10240: fixtures/large_file.bin
2025/04/30 15:22:57 Sent ACK for chunk 8825
2025/04/30 15:22:57 Received ACK for chunk 8826/10240
Received chunk 8827/10240: fixtures/large_file.bin
2025/04/30 15:22:57 Sent ACK for chunk 8826
2025/04/30 15:22:57 Received ACK for chunk 8827/10240
Received chunk 8828/10240: fixtures/large_file.bin
2025/04/30 15:22:57 Sent ACK for chunk 8827
2025/04/30 15:22:57 Received ACK for chunk 8828/10240
Received chunk 8829/10240: fixtures/large_file.bin
2025/04/30 15:22:57 Sent ACK for chunk 8828
2025/04/30 15:22:57 Received ACK for chunk 8829/10240
Received chunk 8830/10240: fixtures/large_file.bin
2025/04/30 15:22:57 Sent ACK for chunk 8829
2025/04/30 15:22:57 Received ACK for chunk 8830/10240
Received chunk 8831/10240: fixtures/large_file.bin
2025/04/30 15:22:57 Sent ACK for chunk 8830
2025/04/30 15:22:57 Received ACK for chunk 8831/10240
Received chunk 8832/10240: fixtures/large_file.bin
2025/04/30 15:22:57 Sent ACK for chunk 8831
2025/04/30 15:22:57 Received ACK for chunk 8832/10240
Received chunk 8833/10240: fixtures/large_file.bin
2025/04/30 15:22:57 Sent ACK for chunk 8832
2025/04/30 15:22:57 Received ACK for chunk 8833/10240
Received chunk 8834/10240: fixtures/large_file.bin
2025/04/30 15:22:57 Sent ACK for chunk 8833
2025/04/30 15:22:57 Received ACK for chunk 8834/10240
Received chunk 8835/10240: fixtures/large_file.bin
2025/04/30 15:22:57 Sent ACK for chunk 8834
2025/04/30 15:22:57 Received ACK for chunk 8835/10240
Received chunk 8836/10240: fixtures/large_file.bin
2025/04/30 15:22:57 Sent ACK for chunk 8835
2025/04/30 15:22:57 Received ACK for chunk 8836/10240
Received chunk 8837/10240: fixtures/large_file.bin
2025/04/30 15:22:57 Sent ACK for chunk 8836
2025/04/30 15:22:57 Received ACK for chunk 8837/10240
Received chunk 8838/10240: fixtures/large_file.bin
2025/04/30 15:22:57 Sent ACK for chunk 8837
2025/04/30 15:22:57 Received ACK for chunk 8838/10240
Received chunk 8839/10240: fixtures/large_file.bin
2025/04/30 15:22:57 Sent ACK for chunk 8838
2025/04/30 15:22:57 Received ACK for chunk 8839/10240
Received chunk 8840/10240: fixtures/large_file.bin
2025/04/30 15:22:57 Sent ACK for chunk 8839
2025/04/30 15:22:57 Received ACK for chunk 8840/10240
Received chunk 8841/10240: fixtures/large_file.bin
2025/04/30 15:22:57 Sent ACK for chunk 8840
2025/04/30 15:22:57 Received ACK for chunk 8841/10240
Received chunk 8842/10240: fixtures/large_file.bin
2025/04/30 15:22:57 Sent ACK for chunk 8841
2025/04/30 15:22:57 Received ACK for chunk 8842/10240
Received chunk 8843/10240: fixtures/large_file.bin
2025/04/30 15:22:57 Sent ACK for chunk 8842
2025/04/30 15:22:57 Received ACK for chunk 8843/10240
Received chunk 8844/10240: fixtures/large_file.bin
2025/04/30 15:22:57 Sent ACK for chunk 8843
2025/04/30 15:22:57 Received ACK for chunk 8844/10240
Received chunk 8845/10240: fixtures/large_file.bin
2025/04/30 15:22:57 Sent ACK for chunk 8844
2025/04/30 15:22:57 Received ACK for chunk 8845/10240
Received chunk 8846/10240: fixtures/large_file.bin
2025/04/30 15:22:57 Sent ACK for chunk 8845
2025/04/30 15:22:57 Received ACK for chunk 8846/10240
Received chunk 8847/10240: fixtures/large_file.bin
2025/04/30 15:22:57 Sent ACK for chunk 8846
2025/04/30 15:22:57 Received ACK for chunk 8847/10240
Received chunk 8848/10240: fixtures/large_file.bin
2025/04/30 15:22:57 Sent ACK for chunk 8847
2025/04/30 15:22:57 Received ACK for chunk 8848/10240
Received chunk 8849/10240: fixtures/large_file.bin
2025/04/30 15:22:57 Sent ACK for chunk 8848
2025/04/30 15:22:57 Received ACK for chunk 8849/10240
Received chunk 8850/10240: fixtures/large_file.bin
2025/04/30 15:22:57 Sent ACK for chunk 8849
2025/04/30 15:22:57 Received ACK for chunk 8850/10240
Received chunk 8851/10240: fixtures/large_file.bin
2025/04/30 15:22:57 Sent ACK for chunk 8850
2025/04/30 15:22:57 Received ACK for chunk 8851/10240
Received chunk 8852/10240: fixtures/large_file.bin
2025/04/30 15:22:57 Sent ACK for chunk 8851
2025/04/30 15:22:57 Received ACK for chunk 8852/10240
Received chunk 8853/10240: fixtures/large_file.bin
2025/04/30 15:22:57 Sent ACK for chunk 8852
2025/04/30 15:22:57 Received ACK for chunk 8853/10240
Received chunk 8854/10240: fixtures/large_file.bin
2025/04/30 15:22:57 Sent ACK for chunk 8853
2025/04/30 15:22:57 Received ACK for chunk 8854/10240
Received chunk 8855/10240: fixtures/large_file.bin
2025/04/30 15:22:57 Sent ACK for chunk 8854
2025/04/30 15:22:57 Received ACK for chunk 8855/10240
Received chunk 8856/10240: fixtures/large_file.bin
2025/04/30 15:22:57 Sent ACK for chunk 8855
2025/04/30 15:22:57 Received ACK for chunk 8856/10240
Received chunk 8857/10240: fixtures/large_file.bin
2025/04/30 15:22:57 Sent ACK for chunk 8856
2025/04/30 15:22:57 Received ACK for chunk 8857/10240
Received chunk 8858/10240: fixtures/large_file.bin
2025/04/30 15:22:57 Sent ACK for chunk 8857
2025/04/30 15:22:57 Received ACK for chunk 8858/10240
Received chunk 8859/10240: fixtures/large_file.bin
2025/04/30 15:22:57 Sent ACK for chunk 8858
2025/04/30 15:22:57 Received ACK for chunk 8859/10240
Received chunk 8860/10240: fixtures/large_file.bin
2025/04/30 15:22:57 Sent ACK for chunk 8859
2025/04/30 15:22:57 Received ACK for chunk 8860/10240
Received chunk 8861/10240: fixtures/large_file.bin
2025/04/30 15:22:57 Sent ACK for chunk 8860
2025/04/30 15:22:57 Received ACK for chunk 8861/10240
Received chunk 8862/10240: fixtures/large_file.bin
2025/04/30 15:22:57 Sent ACK for chunk 8861
2025/04/30 15:22:57 Received ACK for chunk 8862/10240
Received chunk 8863/10240: fixtures/large_file.bin
2025/04/30 15:22:57 Sent ACK for chunk 8862
2025/04/30 15:22:57 Received ACK for chunk 8863/10240
Received chunk 8864/10240: fixtures/large_file.bin
2025/04/30 15:22:57 Sent ACK for chunk 8863
2025/04/30 15:22:57 Received ACK for chunk 8864/10240
Received chunk 8865/10240: fixtures/large_file.bin
2025/04/30 15:22:57 Sent ACK for chunk 8864
2025/04/30 15:22:57 Received ACK for chunk 8865/10240
Received chunk 8866/10240: fixtures/large_file.bin
2025/04/30 15:22:57 Sent ACK for chunk 8865
2025/04/30 15:22:57 Received ACK for chunk 8866/10240
Received chunk 8867/10240: fixtures/large_file.bin
2025/04/30 15:22:57 Sent ACK for chunk 8866
2025/04/30 15:22:57 Received ACK for chunk 8867/10240
Received chunk 8868/10240: fixtures/large_file.bin
2025/04/30 15:22:57 Sent ACK for chunk 8867
2025/04/30 15:22:57 Received ACK for chunk 8868/10240
Received chunk 8869/10240: fixtures/large_file.bin
2025/04/30 15:22:57 Sent ACK for chunk 8868
2025/04/30 15:22:57 Received ACK for chunk 8869/10240
Received chunk 8870/10240: fixtures/large_file.bin
2025/04/30 15:22:57 Sent ACK for chunk 8869
2025/04/30 15:22:57 Received ACK for chunk 8870/10240
Received chunk 8871/10240: fixtures/large_file.bin
2025/04/30 15:22:57 Sent ACK for chunk 8870
2025/04/30 15:22:57 Received ACK for chunk 8871/10240
Received chunk 8872/10240: fixtures/large_file.bin
2025/04/30 15:22:57 Sent ACK for chunk 8871
2025/04/30 15:22:57 Received ACK for chunk 8872/10240
Received chunk 8873/10240: fixtures/large_file.bin
2025/04/30 15:22:57 Sent ACK for chunk 8872
2025/04/30 15:22:57 Received ACK for chunk 8873/10240
Received chunk 8874/10240: fixtures/large_file.bin
2025/04/30 15:22:57 Sent ACK for chunk 8873
2025/04/30 15:22:57 Received ACK for chunk 8874/10240
Received chunk 8875/10240: fixtures/large_file.bin
2025/04/30 15:22:57 Sent ACK for chunk 8874
2025/04/30 15:22:57 Received ACK for chunk 8875/10240
Received chunk 8876/10240: fixtures/large_file.bin
2025/04/30 15:22:57 Sent ACK for chunk 8875
2025/04/30 15:22:57 Received ACK for chunk 8876/10240
Received chunk 8877/10240: fixtures/large_file.bin
2025/04/30 15:22:57 Sent ACK for chunk 8876
2025/04/30 15:22:57 Received ACK for chunk 8877/10240
Received chunk 8878/10240: fixtures/large_file.bin
2025/04/30 15:22:57 Sent ACK for chunk 8877
2025/04/30 15:22:57 Received ACK for chunk 8878/10240
Received chunk 8879/10240: fixtures/large_file.bin
2025/04/30 15:22:57 Sent ACK for chunk 8878
2025/04/30 15:22:57 Received ACK for chunk 8879/10240
Received chunk 8880/10240: fixtures/large_file.bin
2025/04/30 15:22:57 Sent ACK for chunk 8879
2025/04/30 15:22:57 Received ACK for chunk 8880/10240
Received chunk 8881/10240: fixtures/large_file.bin
2025/04/30 15:22:57 Sent ACK for chunk 8880
2025/04/30 15:22:57 Received ACK for chunk 8881/10240
Received chunk 8882/10240: fixtures/large_file.bin
2025/04/30 15:22:57 Sent ACK for chunk 8881
2025/04/30 15:22:57 Received ACK for chunk 8882/10240
Received chunk 8883/10240: fixtures/large_file.bin
2025/04/30 15:22:57 Sent ACK for chunk 8882
2025/04/30 15:22:57 Received ACK for chunk 8883/10240
Received chunk 8884/10240: fixtures/large_file.bin
2025/04/30 15:22:57 Sent ACK for chunk 8883
2025/04/30 15:22:57 Received ACK for chunk 8884/10240
Received chunk 8885/10240: fixtures/large_file.bin
2025/04/30 15:22:57 Sent ACK for chunk 8884
2025/04/30 15:22:57 Received ACK for chunk 8885/10240
Received chunk 8886/10240: fixtures/large_file.bin
2025/04/30 15:22:57 Sent ACK for chunk 8885
2025/04/30 15:22:57 Received ACK for chunk 8886/10240
Received chunk 8887/10240: fixtures/large_file.bin
2025/04/30 15:22:57 Sent ACK for chunk 8886
2025/04/30 15:22:57 Received ACK for chunk 8887/10240
Received chunk 8888/10240: fixtures/large_file.bin
2025/04/30 15:22:57 Sent ACK for chunk 8887
2025/04/30 15:22:57 Received ACK for chunk 8888/10240
Received chunk 8889/10240: fixtures/large_file.bin
2025/04/30 15:22:57 Sent ACK for chunk 8888
2025/04/30 15:22:57 Received ACK for chunk 8889/10240
Received chunk 8890/10240: fixtures/large_file.bin
2025/04/30 15:22:57 Sent ACK for chunk 8889
2025/04/30 15:22:57 Received ACK for chunk 8890/10240
Received chunk 8891/10240: fixtures/large_file.bin
2025/04/30 15:22:57 Sent ACK for chunk 8890
2025/04/30 15:22:57 Received ACK for chunk 8891/10240
Received chunk 8892/10240: fixtures/large_file.bin
2025/04/30 15:22:57 Sent ACK for chunk 8891
2025/04/30 15:22:57 Received ACK for chunk 8892/10240
Received chunk 8893/10240: fixtures/large_file.bin
2025/04/30 15:22:57 Sent ACK for chunk 8892
2025/04/30 15:22:57 Received ACK for chunk 8893/10240
Received chunk 8894/10240: fixtures/large_file.bin
2025/04/30 15:22:57 Sent ACK for chunk 8893
2025/04/30 15:22:57 Received ACK for chunk 8894/10240
Received chunk 8895/10240: fixtures/large_file.bin
2025/04/30 15:22:57 Sent ACK for chunk 8894
2025/04/30 15:22:57 Received ACK for chunk 8895/10240
Received chunk 8896/10240: fixtures/large_file.bin
2025/04/30 15:22:57 Sent ACK for chunk 8895
2025/04/30 15:22:57 Received ACK for chunk 8896/10240
Received chunk 8897/10240: fixtures/large_file.bin
2025/04/30 15:22:57 Sent ACK for chunk 8896
2025/04/30 15:22:57 Received ACK for chunk 8897/10240
Received chunk 8898/10240: fixtures/large_file.bin
2025/04/30 15:22:57 Sent ACK for chunk 8897
2025/04/30 15:22:57 Received ACK for chunk 8898/10240
Received chunk 8899/10240: fixtures/large_file.bin
2025/04/30 15:22:57 Sent ACK for chunk 8898
2025/04/30 15:22:57 Received ACK for chunk 8899/10240
Received chunk 8900/10240: fixtures/large_file.bin
2025/04/30 15:22:57 Sent ACK for chunk 8899
2025/04/30 15:22:57 Received ACK for chunk 8900/10240
Received chunk 8901/10240: fixtures/large_file.bin
2025/04/30 15:22:57 Sent ACK for chunk 8900
2025/04/30 15:22:57 Received ACK for chunk 8901/10240
Received chunk 8902/10240: fixtures/large_file.bin
2025/04/30 15:22:57 Sent ACK for chunk 8901
2025/04/30 15:22:57 Received ACK for chunk 8902/10240
Received chunk 8903/10240: fixtures/large_file.bin
2025/04/30 15:22:57 Sent ACK for chunk 8902
2025/04/30 15:22:57 Received ACK for chunk 8903/10240
Received chunk 8904/10240: fixtures/large_file.bin
2025/04/30 15:22:57 Sent ACK for chunk 8903
2025/04/30 15:22:57 Received ACK for chunk 8904/10240
Received chunk 8905/10240: fixtures/large_file.bin
2025/04/30 15:22:57 Sent ACK for chunk 8904
2025/04/30 15:22:57 Received ACK for chunk 8905/10240
Received chunk 8906/10240: fixtures/large_file.bin
2025/04/30 15:22:57 Sent ACK for chunk 8905
2025/04/30 15:22:57 Received ACK for chunk 8906/10240
Received chunk 8907/10240: fixtures/large_file.bin
2025/04/30 15:22:57 Sent ACK for chunk 8906
2025/04/30 15:22:57 Received ACK for chunk 8907/10240
Received chunk 8908/10240: fixtures/large_file.bin
2025/04/30 15:22:57 Sent ACK for chunk 8907
2025/04/30 15:22:57 Received ACK for chunk 8908/10240
Received chunk 8909/10240: fixtures/large_file.bin
2025/04/30 15:22:57 Sent ACK for chunk 8908
2025/04/30 15:22:57 Received ACK for chunk 8909/10240
Received chunk 8910/10240: fixtures/large_file.bin
2025/04/30 15:22:57 Sent ACK for chunk 8909
2025/04/30 15:22:57 Received ACK for chunk 8910/10240
Received chunk 8911/10240: fixtures/large_file.bin
2025/04/30 15:22:57 Sent ACK for chunk 8910
2025/04/30 15:22:57 Received ACK for chunk 8911/10240
Received chunk 8912/10240: fixtures/large_file.bin
2025/04/30 15:22:57 Sent ACK for chunk 8911
2025/04/30 15:22:57 Received ACK for chunk 8912/10240
Received chunk 8913/10240: fixtures/large_file.bin
2025/04/30 15:22:57 Sent ACK for chunk 8912
2025/04/30 15:22:57 Received ACK for chunk 8913/10240
Received chunk 8914/10240: fixtures/large_file.bin
2025/04/30 15:22:57 Sent ACK for chunk 8913
2025/04/30 15:22:57 Received ACK for chunk 8914/10240
Received chunk 8915/10240: fixtures/large_file.bin
2025/04/30 15:22:57 Sent ACK for chunk 8914
2025/04/30 15:22:57 Received ACK for chunk 8915/10240
Received chunk 8916/10240: fixtures/large_file.bin
2025/04/30 15:22:57 Sent ACK for chunk 8915
2025/04/30 15:22:57 Received ACK for chunk 8916/10240
Received chunk 8917/10240: fixtures/large_file.bin
2025/04/30 15:22:57 Sent ACK for chunk 8916
2025/04/30 15:22:57 Received ACK for chunk 8917/10240
Received chunk 8918/10240: fixtures/large_file.bin
2025/04/30 15:22:57 Sent ACK for chunk 8917
2025/04/30 15:22:57 Received ACK for chunk 8918/10240
Received chunk 8919/10240: fixtures/large_file.bin
2025/04/30 15:22:57 Sent ACK for chunk 8918
2025/04/30 15:22:57 Received ACK for chunk 8919/10240
Received chunk 8920/10240: fixtures/large_file.bin
2025/04/30 15:22:57 Sent ACK for chunk 8919
2025/04/30 15:22:57 Received ACK for chunk 8920/10240
Received chunk 8921/10240: fixtures/large_file.bin
2025/04/30 15:22:57 Sent ACK for chunk 8920
2025/04/30 15:22:57 Received ACK for chunk 8921/10240
Received chunk 8922/10240: fixtures/large_file.bin
2025/04/30 15:22:57 Sent ACK for chunk 8921
2025/04/30 15:22:57 Received ACK for chunk 8922/10240
Received chunk 8923/10240: fixtures/large_file.bin
2025/04/30 15:22:57 Sent ACK for chunk 8922
2025/04/30 15:22:57 Received ACK for chunk 8923/10240
Received chunk 8924/10240: fixtures/large_file.bin
2025/04/30 15:22:57 Sent ACK for chunk 8923
2025/04/30 15:22:57 Received ACK for chunk 8924/10240
Received chunk 8925/10240: fixtures/large_file.bin
2025/04/30 15:22:57 Sent ACK for chunk 8924
2025/04/30 15:22:57 Received ACK for chunk 8925/10240
Received chunk 8926/10240: fixtures/large_file.bin
2025/04/30 15:22:57 Sent ACK for chunk 8925
2025/04/30 15:22:57 Received ACK for chunk 8926/10240
Received chunk 8927/10240: fixtures/large_file.bin
2025/04/30 15:22:57 Sent ACK for chunk 8926
2025/04/30 15:22:57 Received ACK for chunk 8927/10240
Received chunk 8928/10240: fixtures/large_file.bin
2025/04/30 15:22:57 Sent ACK for chunk 8927
2025/04/30 15:22:57 Received ACK for chunk 8928/10240
Received chunk 8929/10240: fixtures/large_file.bin
2025/04/30 15:22:57 Sent ACK for chunk 8928
2025/04/30 15:22:57 Received ACK for chunk 8929/10240
Received chunk 8930/10240: fixtures/large_file.bin
2025/04/30 15:22:57 Sent ACK for chunk 8929
2025/04/30 15:22:57 Received ACK for chunk 8930/10240
Received chunk 8931/10240: fixtures/large_file.bin
2025/04/30 15:22:57 Sent ACK for chunk 8930
2025/04/30 15:22:57 Received ACK for chunk 8931/10240
Received chunk 8932/10240: fixtures/large_file.bin
2025/04/30 15:22:57 Sent ACK for chunk 8931
2025/04/30 15:22:57 Received ACK for chunk 8932/10240
Received chunk 8933/10240: fixtures/large_file.bin
2025/04/30 15:22:57 Sent ACK for chunk 8932
2025/04/30 15:22:57 Received ACK for chunk 8933/10240
Received chunk 8934/10240: fixtures/large_file.bin
2025/04/30 15:22:57 Sent ACK for chunk 8933
2025/04/30 15:22:57 Received ACK for chunk 8934/10240
Received chunk 8935/10240: fixtures/large_file.bin
2025/04/30 15:22:57 Sent ACK for chunk 8934
2025/04/30 15:22:57 Received ACK for chunk 8935/10240
Received chunk 8936/10240: fixtures/large_file.bin
2025/04/30 15:22:57 Sent ACK for chunk 8935
2025/04/30 15:22:57 Received ACK for chunk 8936/10240
Received chunk 8937/10240: fixtures/large_file.bin
2025/04/30 15:22:57 Sent ACK for chunk 8936
2025/04/30 15:22:57 Received ACK for chunk 8937/10240
Received chunk 8938/10240: fixtures/large_file.bin
2025/04/30 15:22:57 Sent ACK for chunk 8937
2025/04/30 15:22:57 Received ACK for chunk 8938/10240
Received chunk 8939/10240: fixtures/large_file.bin
2025/04/30 15:22:57 Sent ACK for chunk 8938
2025/04/30 15:22:57 Received ACK for chunk 8939/10240
Received chunk 8940/10240: fixtures/large_file.bin
2025/04/30 15:22:57 Sent ACK for chunk 8939
2025/04/30 15:22:57 Received ACK for chunk 8940/10240
Received chunk 8941/10240: fixtures/large_file.bin
2025/04/30 15:22:57 Sent ACK for chunk 8940
2025/04/30 15:22:57 Received ACK for chunk 8941/10240
Received chunk 8942/10240: fixtures/large_file.bin
2025/04/30 15:22:57 Sent ACK for chunk 8941
2025/04/30 15:22:57 Received ACK for chunk 8942/10240
Received chunk 8943/10240: fixtures/large_file.bin
2025/04/30 15:22:57 Sent ACK for chunk 8942
2025/04/30 15:22:57 Received ACK for chunk 8943/10240
Received chunk 8944/10240: fixtures/large_file.bin
2025/04/30 15:22:57 Sent ACK for chunk 8943
2025/04/30 15:22:57 Received ACK for chunk 8944/10240
Received chunk 8945/10240: fixtures/large_file.bin
2025/04/30 15:22:57 Sent ACK for chunk 8944
2025/04/30 15:22:57 Received ACK for chunk 8945/10240
Received chunk 8946/10240: fixtures/large_file.bin
2025/04/30 15:22:57 Sent ACK for chunk 8945
2025/04/30 15:22:57 Received ACK for chunk 8946/10240
Received chunk 8947/10240: fixtures/large_file.bin
2025/04/30 15:22:57 Sent ACK for chunk 8946
2025/04/30 15:22:57 Received ACK for chunk 8947/10240
Received chunk 8948/10240: fixtures/large_file.bin
2025/04/30 15:22:57 Sent ACK for chunk 8947
2025/04/30 15:22:57 Received ACK for chunk 8948/10240
Received chunk 8949/10240: fixtures/large_file.bin
2025/04/30 15:22:57 Sent ACK for chunk 8948
2025/04/30 15:22:57 Received ACK for chunk 8949/10240
Received chunk 8950/10240: fixtures/large_file.bin
2025/04/30 15:22:57 Sent ACK for chunk 8949
2025/04/30 15:22:57 Received ACK for chunk 8950/10240
Received chunk 8951/10240: fixtures/large_file.bin
2025/04/30 15:22:57 Sent ACK for chunk 8950
2025/04/30 15:22:57 Received ACK for chunk 8951/10240
Received chunk 8952/10240: fixtures/large_file.bin
2025/04/30 15:22:57 Sent ACK for chunk 8951
2025/04/30 15:22:57 Received ACK for chunk 8952/10240
Received chunk 8953/10240: fixtures/large_file.bin
2025/04/30 15:22:57 Sent ACK for chunk 8952
2025/04/30 15:22:57 Received ACK for chunk 8953/10240
Received chunk 8954/10240: fixtures/large_file.bin
2025/04/30 15:22:57 Sent ACK for chunk 8953
2025/04/30 15:22:57 Received ACK for chunk 8954/10240
Received chunk 8955/10240: fixtures/large_file.bin
2025/04/30 15:22:57 Sent ACK for chunk 8954
2025/04/30 15:22:57 Received ACK for chunk 8955/10240
Received chunk 8956/10240: fixtures/large_file.bin
2025/04/30 15:22:57 Sent ACK for chunk 8955
2025/04/30 15:22:57 Received ACK for chunk 8956/10240
Received chunk 8957/10240: fixtures/large_file.bin
2025/04/30 15:22:57 Sent ACK for chunk 8956
2025/04/30 15:22:57 Received ACK for chunk 8957/10240
Received chunk 8958/10240: fixtures/large_file.bin
2025/04/30 15:22:57 Sent ACK for chunk 8957
2025/04/30 15:22:57 Received ACK for chunk 8958/10240
Received chunk 8959/10240: fixtures/large_file.bin
2025/04/30 15:22:57 Sent ACK for chunk 8958
2025/04/30 15:22:57 Received ACK for chunk 8959/10240
Received chunk 8960/10240: fixtures/large_file.bin
2025/04/30 15:22:57 Sent ACK for chunk 8959
2025/04/30 15:22:57 Received ACK for chunk 8960/10240
Received chunk 8961/10240: fixtures/large_file.bin
2025/04/30 15:22:57 Sent ACK for chunk 8960
2025/04/30 15:22:57 Received ACK for chunk 8961/10240
Received chunk 8962/10240: fixtures/large_file.bin
2025/04/30 15:22:57 Sent ACK for chunk 8961
2025/04/30 15:22:57 Received ACK for chunk 8962/10240
Received chunk 8963/10240: fixtures/large_file.bin
2025/04/30 15:22:57 Sent ACK for chunk 8962
2025/04/30 15:22:57 Received ACK for chunk 8963/10240
Received chunk 8964/10240: fixtures/large_file.bin
2025/04/30 15:22:57 Sent ACK for chunk 8963
2025/04/30 15:22:57 Received ACK for chunk 8964/10240
Received chunk 8965/10240: fixtures/large_file.bin
2025/04/30 15:22:57 Sent ACK for chunk 8964
2025/04/30 15:22:57 Received ACK for chunk 8965/10240
Received chunk 8966/10240: fixtures/large_file.bin
2025/04/30 15:22:57 Sent ACK for chunk 8965
2025/04/30 15:22:57 Received ACK for chunk 8966/10240
Received chunk 8967/10240: fixtures/large_file.bin
2025/04/30 15:22:57 Sent ACK for chunk 8966
2025/04/30 15:22:57 Received ACK for chunk 8967/10240
Received chunk 8968/10240: fixtures/large_file.bin
2025/04/30 15:22:57 Sent ACK for chunk 8967
2025/04/30 15:22:57 Received ACK for chunk 8968/10240
Received chunk 8969/10240: fixtures/large_file.bin
2025/04/30 15:22:57 Sent ACK for chunk 8968
2025/04/30 15:22:57 Received ACK for chunk 8969/10240
Received chunk 8970/10240: fixtures/large_file.bin
2025/04/30 15:22:57 Sent ACK for chunk 8969
2025/04/30 15:22:57 Received ACK for chunk 8970/10240
Received chunk 8971/10240: fixtures/large_file.bin
2025/04/30 15:22:57 Sent ACK for chunk 8970
2025/04/30 15:22:57 Received ACK for chunk 8971/10240
Received chunk 8972/10240: fixtures/large_file.bin
2025/04/30 15:22:57 Sent ACK for chunk 8971
2025/04/30 15:22:57 Received ACK for chunk 8972/10240
Received chunk 8973/10240: fixtures/large_file.bin
2025/04/30 15:22:57 Sent ACK for chunk 8972
2025/04/30 15:22:57 Received ACK for chunk 8973/10240
Received chunk 8974/10240: fixtures/large_file.bin
2025/04/30 15:22:57 Sent ACK for chunk 8973
2025/04/30 15:22:57 Received ACK for chunk 8974/10240
Received chunk 8975/10240: fixtures/large_file.bin
2025/04/30 15:22:57 Sent ACK for chunk 8974
2025/04/30 15:22:57 Received ACK for chunk 8975/10240
Received chunk 8976/10240: fixtures/large_file.bin
2025/04/30 15:22:57 Sent ACK for chunk 8975
2025/04/30 15:22:57 Received ACK for chunk 8976/10240
Received chunk 8977/10240: fixtures/large_file.bin
2025/04/30 15:22:57 Sent ACK for chunk 8976
2025/04/30 15:22:57 Received ACK for chunk 8977/10240
Received chunk 8978/10240: fixtures/large_file.bin
2025/04/30 15:22:57 Sent ACK for chunk 8977
2025/04/30 15:22:57 Received ACK for chunk 8978/10240
Received chunk 8979/10240: fixtures/large_file.bin
2025/04/30 15:22:57 Sent ACK for chunk 8978
2025/04/30 15:22:57 Received ACK for chunk 8979/10240
Received chunk 8980/10240: fixtures/large_file.bin
2025/04/30 15:22:57 Sent ACK for chunk 8979
2025/04/30 15:22:57 Received ACK for chunk 8980/10240
Received chunk 8981/10240: fixtures/large_file.bin
2025/04/30 15:22:57 Sent ACK for chunk 8980
2025/04/30 15:22:57 Received ACK for chunk 8981/10240
Received chunk 8982/10240: fixtures/large_file.bin
2025/04/30 15:22:57 Sent ACK for chunk 8981
2025/04/30 15:22:57 Received ACK for chunk 8982/10240
Received chunk 8983/10240: fixtures/large_file.bin
2025/04/30 15:22:57 Sent ACK for chunk 8982
2025/04/30 15:22:57 Received ACK for chunk 8983/10240
Received chunk 8984/10240: fixtures/large_file.bin
2025/04/30 15:22:57 Sent ACK for chunk 8983
2025/04/30 15:22:57 Received ACK for chunk 8984/10240
Received chunk 8985/10240: fixtures/large_file.bin
2025/04/30 15:22:57 Sent ACK for chunk 8984
2025/04/30 15:22:57 Received ACK for chunk 8985/10240
Received chunk 8986/10240: fixtures/large_file.bin
2025/04/30 15:22:57 Sent ACK for chunk 8985
2025/04/30 15:22:57 Received ACK for chunk 8986/10240
Received chunk 8987/10240: fixtures/large_file.bin
2025/04/30 15:22:57 Sent ACK for chunk 8986
2025/04/30 15:22:57 Received ACK for chunk 8987/10240
Received chunk 8988/10240: fixtures/large_file.bin
2025/04/30 15:22:57 Sent ACK for chunk 8987
2025/04/30 15:22:57 Received ACK for chunk 8988/10240
Received chunk 8989/10240: fixtures/large_file.bin
2025/04/30 15:22:57 Sent ACK for chunk 8988
2025/04/30 15:22:57 Received ACK for chunk 8989/10240
Received chunk 8990/10240: fixtures/large_file.bin
2025/04/30 15:22:57 Sent ACK for chunk 8989
2025/04/30 15:22:57 Received ACK for chunk 8990/10240
Received chunk 8991/10240: fixtures/large_file.bin
2025/04/30 15:22:57 Sent ACK for chunk 8990
2025/04/30 15:22:57 Received ACK for chunk 8991/10240
Received chunk 8992/10240: fixtures/large_file.bin
2025/04/30 15:22:57 Sent ACK for chunk 8991
2025/04/30 15:22:57 Received ACK for chunk 8992/10240
Received chunk 8993/10240: fixtures/large_file.bin
2025/04/30 15:22:57 Sent ACK for chunk 8992
2025/04/30 15:22:57 Received ACK for chunk 8993/10240
Received chunk 8994/10240: fixtures/large_file.bin
2025/04/30 15:22:57 Sent ACK for chunk 8993
2025/04/30 15:22:57 Received ACK for chunk 8994/10240
Received chunk 8995/10240: fixtures/large_file.bin
2025/04/30 15:22:57 Sent ACK for chunk 8994
2025/04/30 15:22:57 Received ACK for chunk 8995/10240
Received chunk 8996/10240: fixtures/large_file.bin
2025/04/30 15:22:57 Sent ACK for chunk 8995
2025/04/30 15:22:57 Received ACK for chunk 8996/10240
Received chunk 8997/10240: fixtures/large_file.bin
2025/04/30 15:22:57 Sent ACK for chunk 8996
2025/04/30 15:22:57 Received ACK for chunk 8997/10240
Received chunk 8998/10240: fixtures/large_file.bin
2025/04/30 15:22:57 Sent ACK for chunk 8997
2025/04/30 15:22:57 Received ACK for chunk 8998/10240
Received chunk 8999/10240: fixtures/large_file.bin
2025/04/30 15:22:57 Sent ACK for chunk 8998
2025/04/30 15:22:57 Received ACK for chunk 8999/10240
Received chunk 9000/10240: fixtures/large_file.bin
2025/04/30 15:22:57 Sent ACK for chunk 8999
2025/04/30 15:22:57 Received ACK for chunk 9000/10240
Received chunk 9001/10240: fixtures/large_file.bin
2025/04/30 15:22:57 Sent ACK for chunk 9000
2025/04/30 15:22:57 Received ACK for chunk 9001/10240
Received chunk 9002/10240: fixtures/large_file.bin
2025/04/30 15:22:57 Sent ACK for chunk 9001
2025/04/30 15:22:57 Received ACK for chunk 9002/10240
Received chunk 9003/10240: fixtures/large_file.bin
2025/04/30 15:22:57 Sent ACK for chunk 9002
2025/04/30 15:22:57 Received ACK for chunk 9003/10240
Received chunk 9004/10240: fixtures/large_file.bin
2025/04/30 15:22:57 Sent ACK for chunk 9003
2025/04/30 15:22:57 Received ACK for chunk 9004/10240
Received chunk 9005/10240: fixtures/large_file.bin
2025/04/30 15:22:57 Sent ACK for chunk 9004
2025/04/30 15:22:57 Received ACK for chunk 9005/10240
Received chunk 9006/10240: fixtures/large_file.bin
2025/04/30 15:22:57 Sent ACK for chunk 9005
2025/04/30 15:22:57 Received ACK for chunk 9006/10240
Received chunk 9007/10240: fixtures/large_file.bin
2025/04/30 15:22:57 Sent ACK for chunk 9006
2025/04/30 15:22:57 Received ACK for chunk 9007/10240
Received chunk 9008/10240: fixtures/large_file.bin
2025/04/30 15:22:57 Sent ACK for chunk 9007
2025/04/30 15:22:57 Received ACK for chunk 9008/10240
Received chunk 9009/10240: fixtures/large_file.bin
2025/04/30 15:22:57 Sent ACK for chunk 9008
2025/04/30 15:22:57 Received ACK for chunk 9009/10240
Received chunk 9010/10240: fixtures/large_file.bin
2025/04/30 15:22:57 Sent ACK for chunk 9009
2025/04/30 15:22:57 Received ACK for chunk 9010/10240
Received chunk 9011/10240: fixtures/large_file.bin
2025/04/30 15:22:57 Sent ACK for chunk 9010
2025/04/30 15:22:57 Received ACK for chunk 9011/10240
Received chunk 9012/10240: fixtures/large_file.bin
2025/04/30 15:22:57 Sent ACK for chunk 9011
2025/04/30 15:22:57 Received ACK for chunk 9012/10240
Received chunk 9013/10240: fixtures/large_file.bin
2025/04/30 15:22:57 Sent ACK for chunk 9012
2025/04/30 15:22:57 Received ACK for chunk 9013/10240
Received chunk 9014/10240: fixtures/large_file.bin
2025/04/30 15:22:57 Sent ACK for chunk 9013
2025/04/30 15:22:57 Received ACK for chunk 9014/10240
Received chunk 9015/10240: fixtures/large_file.bin
2025/04/30 15:22:57 Sent ACK for chunk 9014
2025/04/30 15:22:57 Received ACK for chunk 9015/10240
Received chunk 9016/10240: fixtures/large_file.bin
2025/04/30 15:22:57 Sent ACK for chunk 9015
2025/04/30 15:22:57 Received ACK for chunk 9016/10240
Received chunk 9017/10240: fixtures/large_file.bin
2025/04/30 15:22:57 Sent ACK for chunk 9016
2025/04/30 15:22:57 Received ACK for chunk 9017/10240
Received chunk 9018/10240: fixtures/large_file.bin
2025/04/30 15:22:57 Sent ACK for chunk 9017
2025/04/30 15:22:57 Received ACK for chunk 9018/10240
Received chunk 9019/10240: fixtures/large_file.bin
2025/04/30 15:22:57 Sent ACK for chunk 9018
2025/04/30 15:22:57 Received ACK for chunk 9019/10240
Received chunk 9020/10240: fixtures/large_file.bin
2025/04/30 15:22:57 Sent ACK for chunk 9019
2025/04/30 15:22:57 Received ACK for chunk 9020/10240
Received chunk 9021/10240: fixtures/large_file.bin
2025/04/30 15:22:57 Sent ACK for chunk 9020
2025/04/30 15:22:57 Received ACK for chunk 9021/10240
Received chunk 9022/10240: fixtures/large_file.bin
2025/04/30 15:22:57 Sent ACK for chunk 9021
2025/04/30 15:22:57 Received ACK for chunk 9022/10240
Received chunk 9023/10240: fixtures/large_file.bin
2025/04/30 15:22:57 Sent ACK for chunk 9022
2025/04/30 15:22:57 Received ACK for chunk 9023/10240
Received chunk 9024/10240: fixtures/large_file.bin
2025/04/30 15:22:57 Sent ACK for chunk 9023
2025/04/30 15:22:57 Received ACK for chunk 9024/10240
Received chunk 9025/10240: fixtures/large_file.bin
2025/04/30 15:22:57 Sent ACK for chunk 9024
2025/04/30 15:22:57 Received ACK for chunk 9025/10240
Received chunk 9026/10240: fixtures/large_file.bin
2025/04/30 15:22:57 Sent ACK for chunk 9025
2025/04/30 15:22:57 Received ACK for chunk 9026/10240
Received chunk 9027/10240: fixtures/large_file.bin
2025/04/30 15:22:57 Sent ACK for chunk 9026
2025/04/30 15:22:57 Received ACK for chunk 9027/10240
Received chunk 9028/10240: fixtures/large_file.bin
2025/04/30 15:22:57 Sent ACK for chunk 9027
2025/04/30 15:22:57 Received ACK for chunk 9028/10240
Received chunk 9029/10240: fixtures/large_file.bin
2025/04/30 15:22:57 Sent ACK for chunk 9028
2025/04/30 15:22:57 Received ACK for chunk 9029/10240
Received chunk 9030/10240: fixtures/large_file.bin
2025/04/30 15:22:57 Sent ACK for chunk 9029
2025/04/30 15:22:57 Received ACK for chunk 9030/10240
Received chunk 9031/10240: fixtures/large_file.bin
2025/04/30 15:22:57 Sent ACK for chunk 9030
2025/04/30 15:22:57 Received ACK for chunk 9031/10240
Received chunk 9032/10240: fixtures/large_file.bin
2025/04/30 15:22:57 Sent ACK for chunk 9031
2025/04/30 15:22:57 Received ACK for chunk 9032/10240
Received chunk 9033/10240: fixtures/large_file.bin
2025/04/30 15:22:57 Sent ACK for chunk 9032
2025/04/30 15:22:57 Received ACK for chunk 9033/10240
Received chunk 9034/10240: fixtures/large_file.bin
2025/04/30 15:22:57 Sent ACK for chunk 9033
2025/04/30 15:22:57 Received ACK for chunk 9034/10240
Received chunk 9035/10240: fixtures/large_file.bin
2025/04/30 15:22:57 Sent ACK for chunk 9034
2025/04/30 15:22:57 Received ACK for chunk 9035/10240
Received chunk 9036/10240: fixtures/large_file.bin
2025/04/30 15:22:57 Sent ACK for chunk 9035
2025/04/30 15:22:57 Received ACK for chunk 9036/10240
Received chunk 9037/10240: fixtures/large_file.bin
2025/04/30 15:22:57 Sent ACK for chunk 9036
2025/04/30 15:22:57 Received ACK for chunk 9037/10240
Received chunk 9038/10240: fixtures/large_file.bin
2025/04/30 15:22:57 Sent ACK for chunk 9037
2025/04/30 15:22:57 Received ACK for chunk 9038/10240
Received chunk 9039/10240: fixtures/large_file.bin
2025/04/30 15:22:57 Sent ACK for chunk 9038
2025/04/30 15:22:57 Received ACK for chunk 9039/10240
Received chunk 9040/10240: fixtures/large_file.bin
2025/04/30 15:22:57 Sent ACK for chunk 9039
2025/04/30 15:22:57 Received ACK for chunk 9040/10240
Received chunk 9041/10240: fixtures/large_file.bin
2025/04/30 15:22:57 Sent ACK for chunk 9040
2025/04/30 15:22:57 Received ACK for chunk 9041/10240
Received chunk 9042/10240: fixtures/large_file.bin
2025/04/30 15:22:57 Sent ACK for chunk 9041
2025/04/30 15:22:57 Received ACK for chunk 9042/10240
Received chunk 9043/10240: fixtures/large_file.bin
2025/04/30 15:22:57 Sent ACK for chunk 9042
2025/04/30 15:22:57 Received ACK for chunk 9043/10240
Received chunk 9044/10240: fixtures/large_file.bin
2025/04/30 15:22:57 Sent ACK for chunk 9043
2025/04/30 15:22:57 Received ACK for chunk 9044/10240
Received chunk 9045/10240: fixtures/large_file.bin
2025/04/30 15:22:57 Sent ACK for chunk 9044
2025/04/30 15:22:57 Received ACK for chunk 9045/10240
Received chunk 9046/10240: fixtures/large_file.bin
2025/04/30 15:22:57 Sent ACK for chunk 9045
2025/04/30 15:22:57 Received ACK for chunk 9046/10240
Received chunk 9047/10240: fixtures/large_file.bin
2025/04/30 15:22:57 Sent ACK for chunk 9046
2025/04/30 15:22:57 Received ACK for chunk 9047/10240
Received chunk 9048/10240: fixtures/large_file.bin
2025/04/30 15:22:57 Sent ACK for chunk 9047
2025/04/30 15:22:57 Received ACK for chunk 9048/10240
Received chunk 9049/10240: fixtures/large_file.bin
2025/04/30 15:22:57 Sent ACK for chunk 9048
2025/04/30 15:22:57 Received ACK for chunk 9049/10240
Received chunk 9050/10240: fixtures/large_file.bin
2025/04/30 15:22:57 Sent ACK for chunk 9049
2025/04/30 15:22:57 Received ACK for chunk 9050/10240
Received chunk 9051/10240: fixtures/large_file.bin
2025/04/30 15:22:57 Sent ACK for chunk 9050
2025/04/30 15:22:57 Received ACK for chunk 9051/10240
Received chunk 9052/10240: fixtures/large_file.bin
2025/04/30 15:22:57 Sent ACK for chunk 9051
2025/04/30 15:22:57 Received ACK for chunk 9052/10240
Received chunk 9053/10240: fixtures/large_file.bin
2025/04/30 15:22:57 Sent ACK for chunk 9052
2025/04/30 15:22:57 Received ACK for chunk 9053/10240
Received chunk 9054/10240: fixtures/large_file.bin
2025/04/30 15:22:57 Sent ACK for chunk 9053
2025/04/30 15:22:57 Received ACK for chunk 9054/10240
Received chunk 9055/10240: fixtures/large_file.bin
2025/04/30 15:22:57 Sent ACK for chunk 9054
2025/04/30 15:22:57 Received ACK for chunk 9055/10240
Received chunk 9056/10240: fixtures/large_file.bin
2025/04/30 15:22:57 Sent ACK for chunk 9055
2025/04/30 15:22:57 Received ACK for chunk 9056/10240
Received chunk 9057/10240: fixtures/large_file.bin
2025/04/30 15:22:57 Sent ACK for chunk 9056
2025/04/30 15:22:57 Received ACK for chunk 9057/10240
Received chunk 9058/10240: fixtures/large_file.bin
2025/04/30 15:22:57 Sent ACK for chunk 9057
2025/04/30 15:22:57 Received ACK for chunk 9058/10240
Received chunk 9059/10240: fixtures/large_file.bin
2025/04/30 15:22:57 Sent ACK for chunk 9058
2025/04/30 15:22:57 Received ACK for chunk 9059/10240
Received chunk 9060/10240: fixtures/large_file.bin
2025/04/30 15:22:57 Sent ACK for chunk 9059
2025/04/30 15:22:57 Received ACK for chunk 9060/10240
Received chunk 9061/10240: fixtures/large_file.bin
2025/04/30 15:22:57 Sent ACK for chunk 9060
2025/04/30 15:22:57 Received ACK for chunk 9061/10240
Received chunk 9062/10240: fixtures/large_file.bin
2025/04/30 15:22:57 Sent ACK for chunk 9061
2025/04/30 15:22:57 Received ACK for chunk 9062/10240
Received chunk 9063/10240: fixtures/large_file.bin
2025/04/30 15:22:57 Sent ACK for chunk 9062
2025/04/30 15:22:57 Received ACK for chunk 9063/10240
Received chunk 9064/10240: fixtures/large_file.bin
2025/04/30 15:22:57 Sent ACK for chunk 9063
2025/04/30 15:22:57 Received ACK for chunk 9064/10240
Received chunk 9065/10240: fixtures/large_file.bin
2025/04/30 15:22:57 Sent ACK for chunk 9064
2025/04/30 15:22:57 Received ACK for chunk 9065/10240
Received chunk 9066/10240: fixtures/large_file.bin
2025/04/30 15:22:57 Sent ACK for chunk 9065
2025/04/30 15:22:57 Received ACK for chunk 9066/10240
Received chunk 9067/10240: fixtures/large_file.bin
2025/04/30 15:22:57 Sent ACK for chunk 9066
2025/04/30 15:22:57 Received ACK for chunk 9067/10240
Received chunk 9068/10240: fixtures/large_file.bin
2025/04/30 15:22:57 Sent ACK for chunk 9067
2025/04/30 15:22:57 Received ACK for chunk 9068/10240
Received chunk 9069/10240: fixtures/large_file.bin
2025/04/30 15:22:57 Sent ACK for chunk 9068
2025/04/30 15:22:57 Received ACK for chunk 9069/10240
Received chunk 9070/10240: fixtures/large_file.bin
2025/04/30 15:22:57 Sent ACK for chunk 9069
2025/04/30 15:22:57 Received ACK for chunk 9070/10240
Received chunk 9071/10240: fixtures/large_file.bin
2025/04/30 15:22:57 Sent ACK for chunk 9070
2025/04/30 15:22:57 Received ACK for chunk 9071/10240
Received chunk 9072/10240: fixtures/large_file.bin
2025/04/30 15:22:57 Sent ACK for chunk 9071
2025/04/30 15:22:57 Received ACK for chunk 9072/10240
Received chunk 9073/10240: fixtures/large_file.bin
2025/04/30 15:22:57 Sent ACK for chunk 9072
2025/04/30 15:22:57 Received ACK for chunk 9073/10240
Received chunk 9074/10240: fixtures/large_file.bin
2025/04/30 15:22:57 Sent ACK for chunk 9073
2025/04/30 15:22:57 Received ACK for chunk 9074/10240
Received chunk 9075/10240: fixtures/large_file.bin
2025/04/30 15:22:57 Sent ACK for chunk 9074
2025/04/30 15:22:57 Received ACK for chunk 9075/10240
Received chunk 9076/10240: fixtures/large_file.bin
2025/04/30 15:22:57 Sent ACK for chunk 9075
2025/04/30 15:22:57 Received ACK for chunk 9076/10240
Received chunk 9077/10240: fixtures/large_file.bin
2025/04/30 15:22:57 Sent ACK for chunk 9076
2025/04/30 15:22:57 Received ACK for chunk 9077/10240
Received chunk 9078/10240: fixtures/large_file.bin
2025/04/30 15:22:57 Sent ACK for chunk 9077
2025/04/30 15:22:57 Received ACK for chunk 9078/10240
Received chunk 9079/10240: fixtures/large_file.bin
2025/04/30 15:22:57 Sent ACK for chunk 9078
2025/04/30 15:22:57 Received ACK for chunk 9079/10240
Received chunk 9080/10240: fixtures/large_file.bin
2025/04/30 15:22:57 Sent ACK for chunk 9079
2025/04/30 15:22:57 Received ACK for chunk 9080/10240
Received chunk 9081/10240: fixtures/large_file.bin
2025/04/30 15:22:57 Sent ACK for chunk 9080
2025/04/30 15:22:57 Received ACK for chunk 9081/10240
Received chunk 9082/10240: fixtures/large_file.bin
2025/04/30 15:22:57 Sent ACK for chunk 9081
2025/04/30 15:22:57 Received ACK for chunk 9082/10240
Received chunk 9083/10240: fixtures/large_file.bin
2025/04/30 15:22:57 Sent ACK for chunk 9082
2025/04/30 15:22:57 Received ACK for chunk 9083/10240
Received chunk 9084/10240: fixtures/large_file.bin
2025/04/30 15:22:57 Sent ACK for chunk 9083
2025/04/30 15:22:57 Received ACK for chunk 9084/10240
Received chunk 9085/10240: fixtures/large_file.bin
2025/04/30 15:22:57 Sent ACK for chunk 9084
2025/04/30 15:22:57 Received ACK for chunk 9085/10240
Received chunk 9086/10240: fixtures/large_file.bin
2025/04/30 15:22:57 Sent ACK for chunk 9085
2025/04/30 15:22:57 Received ACK for chunk 9086/10240
Received chunk 9087/10240: fixtures/large_file.bin
2025/04/30 15:22:57 Sent ACK for chunk 9086
2025/04/30 15:22:57 Received ACK for chunk 9087/10240
Received chunk 9088/10240: fixtures/large_file.bin
2025/04/30 15:22:57 Sent ACK for chunk 9087
2025/04/30 15:22:57 Received ACK for chunk 9088/10240
Received chunk 9089/10240: fixtures/large_file.bin
2025/04/30 15:22:57 Sent ACK for chunk 9088
2025/04/30 15:22:57 Received ACK for chunk 9089/10240
Received chunk 9090/10240: fixtures/large_file.bin
2025/04/30 15:22:57 Sent ACK for chunk 9089
2025/04/30 15:22:57 Received ACK for chunk 9090/10240
Received chunk 9091/10240: fixtures/large_file.bin
2025/04/30 15:22:57 Sent ACK for chunk 9090
2025/04/30 15:22:57 Received ACK for chunk 9091/10240
Received chunk 9092/10240: fixtures/large_file.bin
2025/04/30 15:22:57 Sent ACK for chunk 9091
2025/04/30 15:22:57 Received ACK for chunk 9092/10240
Received chunk 9093/10240: fixtures/large_file.bin
2025/04/30 15:22:57 Sent ACK for chunk 9092
2025/04/30 15:22:57 Received ACK for chunk 9093/10240
Received chunk 9094/10240: fixtures/large_file.bin
2025/04/30 15:22:57 Sent ACK for chunk 9093
2025/04/30 15:22:57 Received ACK for chunk 9094/10240
Received chunk 9095/10240: fixtures/large_file.bin
2025/04/30 15:22:57 Sent ACK for chunk 9094
2025/04/30 15:22:57 Received ACK for chunk 9095/10240
Received chunk 9096/10240: fixtures/large_file.bin
2025/04/30 15:22:57 Sent ACK for chunk 9095
2025/04/30 15:22:57 Received ACK for chunk 9096/10240
Received chunk 9097/10240: fixtures/large_file.bin
2025/04/30 15:22:57 Sent ACK for chunk 9096
2025/04/30 15:22:57 Received ACK for chunk 9097/10240
Received chunk 9098/10240: fixtures/large_file.bin
2025/04/30 15:22:57 Sent ACK for chunk 9097
2025/04/30 15:22:57 Received ACK for chunk 9098/10240
Received chunk 9099/10240: fixtures/large_file.bin
2025/04/30 15:22:57 Sent ACK for chunk 9098
2025/04/30 15:22:57 Received ACK for chunk 9099/10240
Received chunk 9100/10240: fixtures/large_file.bin
2025/04/30 15:22:57 Sent ACK for chunk 9099
2025/04/30 15:22:57 Received ACK for chunk 9100/10240
Received chunk 9101/10240: fixtures/large_file.bin
2025/04/30 15:22:57 Sent ACK for chunk 9100
2025/04/30 15:22:57 Received ACK for chunk 9101/10240
Received chunk 9102/10240: fixtures/large_file.bin
2025/04/30 15:22:57 Sent ACK for chunk 9101
2025/04/30 15:22:57 Received ACK for chunk 9102/10240
Received chunk 9103/10240: fixtures/large_file.bin
2025/04/30 15:22:57 Sent ACK for chunk 9102
2025/04/30 15:22:57 Received ACK for chunk 9103/10240
Received chunk 9104/10240: fixtures/large_file.bin
2025/04/30 15:22:57 Sent ACK for chunk 9103
2025/04/30 15:22:57 Received ACK for chunk 9104/10240
Received chunk 9105/10240: fixtures/large_file.bin
2025/04/30 15:22:57 Sent ACK for chunk 9104
2025/04/30 15:22:57 Received ACK for chunk 9105/10240
Received chunk 9106/10240: fixtures/large_file.bin
2025/04/30 15:22:57 Sent ACK for chunk 9105
2025/04/30 15:22:57 Received ACK for chunk 9106/10240
Received chunk 9107/10240: fixtures/large_file.bin
2025/04/30 15:22:57 Sent ACK for chunk 9106
2025/04/30 15:22:57 Received ACK for chunk 9107/10240
Received chunk 9108/10240: fixtures/large_file.bin
2025/04/30 15:22:57 Sent ACK for chunk 9107
2025/04/30 15:22:57 Received ACK for chunk 9108/10240
Received chunk 9109/10240: fixtures/large_file.bin
2025/04/30 15:22:57 Sent ACK for chunk 9108
2025/04/30 15:22:57 Received ACK for chunk 9109/10240
Received chunk 9110/10240: fixtures/large_file.bin
2025/04/30 15:22:57 Sent ACK for chunk 9109
2025/04/30 15:22:57 Received ACK for chunk 9110/10240
Received chunk 9111/10240: fixtures/large_file.bin
2025/04/30 15:22:57 Sent ACK for chunk 9110
2025/04/30 15:22:57 Received ACK for chunk 9111/10240
Received chunk 9112/10240: fixtures/large_file.bin
2025/04/30 15:22:57 Sent ACK for chunk 9111
2025/04/30 15:22:57 Received ACK for chunk 9112/10240
Received chunk 9113/10240: fixtures/large_file.bin
2025/04/30 15:22:57 Sent ACK for chunk 9112
2025/04/30 15:22:57 Received ACK for chunk 9113/10240
Received chunk 9114/10240: fixtures/large_file.bin
2025/04/30 15:22:57 Sent ACK for chunk 9113
2025/04/30 15:22:57 Received ACK for chunk 9114/10240
Received chunk 9115/10240: fixtures/large_file.bin
2025/04/30 15:22:57 Sent ACK for chunk 9114
2025/04/30 15:22:57 Received ACK for chunk 9115/10240
Received chunk 9116/10240: fixtures/large_file.bin
2025/04/30 15:22:57 Sent ACK for chunk 9115
2025/04/30 15:22:57 Received ACK for chunk 9116/10240
Received chunk 9117/10240: fixtures/large_file.bin
2025/04/30 15:22:57 Sent ACK for chunk 9116
2025/04/30 15:22:57 Received ACK for chunk 9117/10240
Received chunk 9118/10240: fixtures/large_file.bin
2025/04/30 15:22:57 Sent ACK for chunk 9117
2025/04/30 15:22:57 Received ACK for chunk 9118/10240
Received chunk 9119/10240: fixtures/large_file.bin
2025/04/30 15:22:57 Sent ACK for chunk 9118
2025/04/30 15:22:57 Received ACK for chunk 9119/10240
Received chunk 9120/10240: fixtures/large_file.bin
2025/04/30 15:22:57 Sent ACK for chunk 9119
2025/04/30 15:22:57 Received ACK for chunk 9120/10240
Received chunk 9121/10240: fixtures/large_file.bin
2025/04/30 15:22:57 Sent ACK for chunk 9120
2025/04/30 15:22:57 Received ACK for chunk 9121/10240
Received chunk 9122/10240: fixtures/large_file.bin
2025/04/30 15:22:57 Sent ACK for chunk 9121
2025/04/30 15:22:57 Received ACK for chunk 9122/10240
Received chunk 9123/10240: fixtures/large_file.bin
2025/04/30 15:22:57 Sent ACK for chunk 9122
2025/04/30 15:22:57 Received ACK for chunk 9123/10240
Received chunk 9124/10240: fixtures/large_file.bin
2025/04/30 15:22:57 Sent ACK for chunk 9123
2025/04/30 15:22:57 Received ACK for chunk 9124/10240
Received chunk 9125/10240: fixtures/large_file.bin
2025/04/30 15:22:57 Sent ACK for chunk 9124
2025/04/30 15:22:57 Received ACK for chunk 9125/10240
Received chunk 9126/10240: fixtures/large_file.bin
2025/04/30 15:22:57 Sent ACK for chunk 9125
2025/04/30 15:22:57 Received ACK for chunk 9126/10240
Received chunk 9127/10240: fixtures/large_file.bin
2025/04/30 15:22:57 Sent ACK for chunk 9126
2025/04/30 15:22:57 Received ACK for chunk 9127/10240
Received chunk 9128/10240: fixtures/large_file.bin
2025/04/30 15:22:57 Sent ACK for chunk 9127
2025/04/30 15:22:57 Received ACK for chunk 9128/10240
Received chunk 9129/10240: fixtures/large_file.bin
2025/04/30 15:22:57 Sent ACK for chunk 9128
2025/04/30 15:22:57 Received ACK for chunk 9129/10240
Received chunk 9130/10240: fixtures/large_file.bin
2025/04/30 15:22:57 Sent ACK for chunk 9129
2025/04/30 15:22:57 Received ACK for chunk 9130/10240
Received chunk 9131/10240: fixtures/large_file.bin
2025/04/30 15:22:57 Sent ACK for chunk 9130
2025/04/30 15:22:57 Received ACK for chunk 9131/10240
Received chunk 9132/10240: fixtures/large_file.bin
2025/04/30 15:22:57 Sent ACK for chunk 9131
2025/04/30 15:22:57 Received ACK for chunk 9132/10240
Received chunk 9133/10240: fixtures/large_file.bin
2025/04/30 15:22:57 Sent ACK for chunk 9132
2025/04/30 15:22:57 Received ACK for chunk 9133/10240
Received chunk 9134/10240: fixtures/large_file.bin
2025/04/30 15:22:57 Sent ACK for chunk 9133
2025/04/30 15:22:57 Received ACK for chunk 9134/10240
Received chunk 9135/10240: fixtures/large_file.bin
2025/04/30 15:22:57 Sent ACK for chunk 9134
2025/04/30 15:22:57 Received ACK for chunk 9135/10240
Received chunk 9136/10240: fixtures/large_file.bin
2025/04/30 15:22:57 Sent ACK for chunk 9135
2025/04/30 15:22:57 Received ACK for chunk 9136/10240
Received chunk 9137/10240: fixtures/large_file.bin
2025/04/30 15:22:57 Sent ACK for chunk 9136
2025/04/30 15:22:57 Received ACK for chunk 9137/10240
Received chunk 9138/10240: fixtures/large_file.bin
2025/04/30 15:22:57 Sent ACK for chunk 9137
2025/04/30 15:22:57 Received ACK for chunk 9138/10240
Received chunk 9139/10240: fixtures/large_file.bin
2025/04/30 15:22:57 Sent ACK for chunk 9138
2025/04/30 15:22:57 Received ACK for chunk 9139/10240
Received chunk 9140/10240: fixtures/large_file.bin
2025/04/30 15:22:57 Sent ACK for chunk 9139
2025/04/30 15:22:57 Received ACK for chunk 9140/10240
Received chunk 9141/10240: fixtures/large_file.bin
2025/04/30 15:22:57 Sent ACK for chunk 9140
2025/04/30 15:22:57 Received ACK for chunk 9141/10240
Received chunk 9142/10240: fixtures/large_file.bin
2025/04/30 15:22:57 Sent ACK for chunk 9141
2025/04/30 15:22:57 Received ACK for chunk 9142/10240
Received chunk 9143/10240: fixtures/large_file.bin
2025/04/30 15:22:57 Sent ACK for chunk 9142
2025/04/30 15:22:57 Received ACK for chunk 9143/10240
Received chunk 9144/10240: fixtures/large_file.bin
2025/04/30 15:22:57 Sent ACK for chunk 9143
2025/04/30 15:22:57 Received ACK for chunk 9144/10240
Received chunk 9145/10240: fixtures/large_file.bin
2025/04/30 15:22:57 Sent ACK for chunk 9144
2025/04/30 15:22:57 Received ACK for chunk 9145/10240
Received chunk 9146/10240: fixtures/large_file.bin
2025/04/30 15:22:57 Sent ACK for chunk 9145
2025/04/30 15:22:57 Received ACK for chunk 9146/10240
Received chunk 9147/10240: fixtures/large_file.bin
2025/04/30 15:22:57 Sent ACK for chunk 9146
2025/04/30 15:22:57 Received ACK for chunk 9147/10240
Received chunk 9148/10240: fixtures/large_file.bin
2025/04/30 15:22:57 Sent ACK for chunk 9147
2025/04/30 15:22:57 Received ACK for chunk 9148/10240
Received chunk 9149/10240: fixtures/large_file.bin
2025/04/30 15:22:57 Sent ACK for chunk 9148
2025/04/30 15:22:57 Received ACK for chunk 9149/10240
Received chunk 9150/10240: fixtures/large_file.bin
2025/04/30 15:22:57 Sent ACK for chunk 9149
2025/04/30 15:22:57 Received ACK for chunk 9150/10240
Received chunk 9151/10240: fixtures/large_file.bin
2025/04/30 15:22:57 Sent ACK for chunk 9150
2025/04/30 15:22:57 Received ACK for chunk 9151/10240
Received chunk 9152/10240: fixtures/large_file.bin
2025/04/30 15:22:57 Sent ACK for chunk 9151
2025/04/30 15:22:57 Received ACK for chunk 9152/10240
Received chunk 9153/10240: fixtures/large_file.bin
2025/04/30 15:22:57 Sent ACK for chunk 9152
2025/04/30 15:22:57 Received ACK for chunk 9153/10240
Received chunk 9154/10240: fixtures/large_file.bin
2025/04/30 15:22:57 Sent ACK for chunk 9153
2025/04/30 15:22:57 Received ACK for chunk 9154/10240
Received chunk 9155/10240: fixtures/large_file.bin
2025/04/30 15:22:57 Sent ACK for chunk 9154
2025/04/30 15:22:57 Received ACK for chunk 9155/10240
Received chunk 9156/10240: fixtures/large_file.bin
2025/04/30 15:22:57 Sent ACK for chunk 9155
2025/04/30 15:22:57 Received ACK for chunk 9156/10240
Received chunk 9157/10240: fixtures/large_file.bin
2025/04/30 15:22:57 Sent ACK for chunk 9156
2025/04/30 15:22:57 Received ACK for chunk 9157/10240
Received chunk 9158/10240: fixtures/large_file.bin
2025/04/30 15:22:57 Sent ACK for chunk 9157
2025/04/30 15:22:57 Received ACK for chunk 9158/10240
Received chunk 9159/10240: fixtures/large_file.bin
2025/04/30 15:22:57 Sent ACK for chunk 9158
2025/04/30 15:22:57 Received ACK for chunk 9159/10240
Received chunk 9160/10240: fixtures/large_file.bin
2025/04/30 15:22:57 Sent ACK for chunk 9159
2025/04/30 15:22:57 Received ACK for chunk 9160/10240
Received chunk 9161/10240: fixtures/large_file.bin
2025/04/30 15:22:57 Sent ACK for chunk 9160
2025/04/30 15:22:57 Received ACK for chunk 9161/10240
Received chunk 9162/10240: fixtures/large_file.bin
2025/04/30 15:22:57 Sent ACK for chunk 9161
2025/04/30 15:22:57 Received ACK for chunk 9162/10240
Received chunk 9163/10240: fixtures/large_file.bin
2025/04/30 15:22:57 Sent ACK for chunk 9162
2025/04/30 15:22:57 Received ACK for chunk 9163/10240
Received chunk 9164/10240: fixtures/large_file.bin
2025/04/30 15:22:57 Sent ACK for chunk 9163
2025/04/30 15:22:57 Received ACK for chunk 9164/10240
Received chunk 9165/10240: fixtures/large_file.bin
2025/04/30 15:22:57 Sent ACK for chunk 9164
2025/04/30 15:22:57 Received ACK for chunk 9165/10240
Received chunk 9166/10240: fixtures/large_file.bin
2025/04/30 15:22:57 Sent ACK for chunk 9165
2025/04/30 15:22:57 Received ACK for chunk 9166/10240
Received chunk 9167/10240: fixtures/large_file.bin
2025/04/30 15:22:57 Sent ACK for chunk 9166
2025/04/30 15:22:57 Received ACK for chunk 9167/10240
Received chunk 9168/10240: fixtures/large_file.bin
2025/04/30 15:22:57 Sent ACK for chunk 9167
2025/04/30 15:22:57 Received ACK for chunk 9168/10240
Received chunk 9169/10240: fixtures/large_file.bin
2025/04/30 15:22:57 Sent ACK for chunk 9168
2025/04/30 15:22:57 Received ACK for chunk 9169/10240
Received chunk 9170/10240: fixtures/large_file.bin
2025/04/30 15:22:57 Sent ACK for chunk 9169
2025/04/30 15:22:57 Received ACK for chunk 9170/10240
Received chunk 9171/10240: fixtures/large_file.bin
2025/04/30 15:22:57 Sent ACK for chunk 9170
2025/04/30 15:22:57 Received ACK for chunk 9171/10240
Received chunk 9172/10240: fixtures/large_file.bin
2025/04/30 15:22:57 Sent ACK for chunk 9171
2025/04/30 15:22:57 Received ACK for chunk 9172/10240
Received chunk 9173/10240: fixtures/large_file.bin
2025/04/30 15:22:57 Sent ACK for chunk 9172
2025/04/30 15:22:57 Received ACK for chunk 9173/10240
Received chunk 9174/10240: fixtures/large_file.bin
2025/04/30 15:22:57 Sent ACK for chunk 9173
2025/04/30 15:22:57 Received ACK for chunk 9174/10240
Received chunk 9175/10240: fixtures/large_file.bin
2025/04/30 15:22:57 Sent ACK for chunk 9174
2025/04/30 15:22:57 Received ACK for chunk 9175/10240
Received chunk 9176/10240: fixtures/large_file.bin
2025/04/30 15:22:57 Sent ACK for chunk 9175
2025/04/30 15:22:57 Received ACK for chunk 9176/10240
Received chunk 9177/10240: fixtures/large_file.bin
2025/04/30 15:22:57 Sent ACK for chunk 9176
2025/04/30 15:22:57 Received ACK for chunk 9177/10240
Received chunk 9178/10240: fixtures/large_file.bin
2025/04/30 15:22:57 Sent ACK for chunk 9177
2025/04/30 15:22:57 Received ACK for chunk 9178/10240
Received chunk 9179/10240: fixtures/large_file.bin
2025/04/30 15:22:57 Sent ACK for chunk 9178
2025/04/30 15:22:57 Received ACK for chunk 9179/10240
Received chunk 9180/10240: fixtures/large_file.bin
2025/04/30 15:22:57 Sent ACK for chunk 9179
2025/04/30 15:22:57 Received ACK for chunk 9180/10240
Received chunk 9181/10240: fixtures/large_file.bin
2025/04/30 15:22:57 Sent ACK for chunk 9180
2025/04/30 15:22:57 Received ACK for chunk 9181/10240
Received chunk 9182/10240: fixtures/large_file.bin
2025/04/30 15:22:57 Sent ACK for chunk 9181
2025/04/30 15:22:57 Received ACK for chunk 9182/10240
Received chunk 9183/10240: fixtures/large_file.bin
2025/04/30 15:22:57 Sent ACK for chunk 9182
2025/04/30 15:22:57 Received ACK for chunk 9183/10240
Received chunk 9184/10240: fixtures/large_file.bin
2025/04/30 15:22:57 Sent ACK for chunk 9183
2025/04/30 15:22:57 Received ACK for chunk 9184/10240
Received chunk 9185/10240: fixtures/large_file.bin
2025/04/30 15:22:57 Sent ACK for chunk 9184
2025/04/30 15:22:57 Received ACK for chunk 9185/10240
Received chunk 9186/10240: fixtures/large_file.bin
2025/04/30 15:22:57 Sent ACK for chunk 9185
2025/04/30 15:22:57 Received ACK for chunk 9186/10240
Received chunk 9187/10240: fixtures/large_file.bin
2025/04/30 15:22:57 Sent ACK for chunk 9186
2025/04/30 15:22:57 Received ACK for chunk 9187/10240
Received chunk 9188/10240: fixtures/large_file.bin
2025/04/30 15:22:57 Sent ACK for chunk 9187
2025/04/30 15:22:57 Received ACK for chunk 9188/10240
Received chunk 9189/10240: fixtures/large_file.bin
2025/04/30 15:22:57 Sent ACK for chunk 9188
2025/04/30 15:22:57 Received ACK for chunk 9189/10240
Received chunk 9190/10240: fixtures/large_file.bin
2025/04/30 15:22:57 Sent ACK for chunk 9189
2025/04/30 15:22:57 Received ACK for chunk 9190/10240
Received chunk 9191/10240: fixtures/large_file.bin
2025/04/30 15:22:57 Sent ACK for chunk 9190
2025/04/30 15:22:57 Received ACK for chunk 9191/10240
Received chunk 9192/10240: fixtures/large_file.bin
2025/04/30 15:22:57 Sent ACK for chunk 9191
2025/04/30 15:22:57 Received ACK for chunk 9192/10240
Received chunk 9193/10240: fixtures/large_file.bin
2025/04/30 15:22:57 Sent ACK for chunk 9192
2025/04/30 15:22:57 Received ACK for chunk 9193/10240
Received chunk 9194/10240: fixtures/large_file.bin
2025/04/30 15:22:57 Sent ACK for chunk 9193
2025/04/30 15:22:57 Received ACK for chunk 9194/10240
Received chunk 9195/10240: fixtures/large_file.bin
2025/04/30 15:22:57 Sent ACK for chunk 9194
2025/04/30 15:22:57 Received ACK for chunk 9195/10240
Received chunk 9196/10240: fixtures/large_file.bin
2025/04/30 15:22:57 Sent ACK for chunk 9195
2025/04/30 15:22:57 Received ACK for chunk 9196/10240
Received chunk 9197/10240: fixtures/large_file.bin
2025/04/30 15:22:57 Sent ACK for chunk 9196
2025/04/30 15:22:57 Received ACK for chunk 9197/10240
Received chunk 9198/10240: fixtures/large_file.bin
2025/04/30 15:22:57 Sent ACK for chunk 9197
2025/04/30 15:22:57 Received ACK for chunk 9198/10240
Received chunk 9199/10240: fixtures/large_file.bin
2025/04/30 15:22:57 Sent ACK for chunk 9198
2025/04/30 15:22:57 Received ACK for chunk 9199/10240
Received chunk 9200/10240: fixtures/large_file.bin
2025/04/30 15:22:57 Sent ACK for chunk 9199
2025/04/30 15:22:57 Received ACK for chunk 9200/10240
Received chunk 9201/10240: fixtures/large_file.bin
2025/04/30 15:22:57 Sent ACK for chunk 9200
2025/04/30 15:22:57 Received ACK for chunk 9201/10240
Received chunk 9202/10240: fixtures/large_file.bin
2025/04/30 15:22:57 Sent ACK for chunk 9201
2025/04/30 15:22:57 Received ACK for chunk 9202/10240
Received chunk 9203/10240: fixtures/large_file.bin
2025/04/30 15:22:57 Sent ACK for chunk 9202
2025/04/30 15:22:57 Received ACK for chunk 9203/10240
Received chunk 9204/10240: fixtures/large_file.bin
2025/04/30 15:22:57 Sent ACK for chunk 9203
2025/04/30 15:22:57 Received ACK for chunk 9204/10240
Received chunk 9205/10240: fixtures/large_file.bin
2025/04/30 15:22:57 Sent ACK for chunk 9204
2025/04/30 15:22:57 Received ACK for chunk 9205/10240
Received chunk 9206/10240: fixtures/large_file.bin
2025/04/30 15:22:57 Sent ACK for chunk 9205
2025/04/30 15:22:57 Received ACK for chunk 9206/10240
Received chunk 9207/10240: fixtures/large_file.bin
2025/04/30 15:22:57 Sent ACK for chunk 9206
2025/04/30 15:22:57 Received ACK for chunk 9207/10240
Received chunk 9208/10240: fixtures/large_file.bin
2025/04/30 15:22:57 Sent ACK for chunk 9207
2025/04/30 15:22:57 Received ACK for chunk 9208/10240
Received chunk 9209/10240: fixtures/large_file.bin
2025/04/30 15:22:57 Sent ACK for chunk 9208
2025/04/30 15:22:57 Received ACK for chunk 9209/10240
Received chunk 9210/10240: fixtures/large_file.bin
2025/04/30 15:22:57 Sent ACK for chunk 9209
2025/04/30 15:22:57 Received ACK for chunk 9210/10240
Received chunk 9211/10240: fixtures/large_file.bin
2025/04/30 15:22:57 Sent ACK for chunk 9210
2025/04/30 15:22:57 Received ACK for chunk 9211/10240
Received chunk 9212/10240: fixtures/large_file.bin
2025/04/30 15:22:57 Sent ACK for chunk 9211
2025/04/30 15:22:57 Received ACK for chunk 9212/10240
Received chunk 9213/10240: fixtures/large_file.bin
2025/04/30 15:22:57 Sent ACK for chunk 9212
2025/04/30 15:22:57 Received ACK for chunk 9213/10240
Received chunk 9214/10240: fixtures/large_file.bin
2025/04/30 15:22:57 Sent ACK for chunk 9213
2025/04/30 15:22:57 Received ACK for chunk 9214/10240
Received chunk 9215/10240: fixtures/large_file.bin
2025/04/30 15:22:57 Sent ACK for chunk 9214
2025/04/30 15:22:57 Received ACK for chunk 9215/10240
Received chunk 9216/10240: fixtures/large_file.bin
2025/04/30 15:22:57 Sent ACK for chunk 9215
2025/04/30 15:22:57 Received ACK for chunk 9216/10240
Received chunk 9217/10240: fixtures/large_file.bin
2025/04/30 15:22:57 Sent ACK for chunk 9216
2025/04/30 15:22:57 Received ACK for chunk 9217/10240
Received chunk 9218/10240: fixtures/large_file.bin
2025/04/30 15:22:57 Sent ACK for chunk 9217
2025/04/30 15:22:57 Received ACK for chunk 9218/10240
Received chunk 9219/10240: fixtures/large_file.bin
2025/04/30 15:22:57 Sent ACK for chunk 9218
2025/04/30 15:22:57 Received ACK for chunk 9219/10240
Received chunk 9220/10240: fixtures/large_file.bin
2025/04/30 15:22:57 Sent ACK for chunk 9219
2025/04/30 15:22:57 Received ACK for chunk 9220/10240
Received chunk 9221/10240: fixtures/large_file.bin
2025/04/30 15:22:57 Sent ACK for chunk 9220
2025/04/30 15:22:57 Received ACK for chunk 9221/10240
Received chunk 9222/10240: fixtures/large_file.bin
2025/04/30 15:22:57 Sent ACK for chunk 9221
2025/04/30 15:22:57 Received ACK for chunk 9222/10240
Received chunk 9223/10240: fixtures/large_file.bin
2025/04/30 15:22:57 Sent ACK for chunk 9222
2025/04/30 15:22:57 Received ACK for chunk 9223/10240
Received chunk 9224/10240: fixtures/large_file.bin
2025/04/30 15:22:57 Sent ACK for chunk 9223
2025/04/30 15:22:57 Received ACK for chunk 9224/10240
Received chunk 9225/10240: fixtures/large_file.bin
2025/04/30 15:22:57 Sent ACK for chunk 9224
2025/04/30 15:22:57 Received ACK for chunk 9225/10240
Received chunk 9226/10240: fixtures/large_file.bin
2025/04/30 15:22:57 Sent ACK for chunk 9225
2025/04/30 15:22:57 Received ACK for chunk 9226/10240
Received chunk 9227/10240: fixtures/large_file.bin
2025/04/30 15:22:57 Sent ACK for chunk 9226
2025/04/30 15:22:57 Received ACK for chunk 9227/10240
Received chunk 9228/10240: fixtures/large_file.bin
2025/04/30 15:22:57 Sent ACK for chunk 9227
2025/04/30 15:22:57 Received ACK for chunk 9228/10240
Received chunk 9229/10240: fixtures/large_file.bin
2025/04/30 15:22:57 Sent ACK for chunk 9228
2025/04/30 15:22:57 Received ACK for chunk 9229/10240
Received chunk 9230/10240: fixtures/large_file.bin
2025/04/30 15:22:57 Sent ACK for chunk 9229
2025/04/30 15:22:57 Received ACK for chunk 9230/10240
Received chunk 9231/10240: fixtures/large_file.bin
2025/04/30 15:22:57 Sent ACK for chunk 9230
2025/04/30 15:22:57 Received ACK for chunk 9231/10240
Received chunk 9232/10240: fixtures/large_file.bin
2025/04/30 15:22:57 Sent ACK for chunk 9231
2025/04/30 15:22:57 Received ACK for chunk 9232/10240
Received chunk 9233/10240: fixtures/large_file.bin
2025/04/30 15:22:57 Sent ACK for chunk 9232
2025/04/30 15:22:57 Received ACK for chunk 9233/10240
Received chunk 9234/10240: fixtures/large_file.bin
2025/04/30 15:22:57 Sent ACK for chunk 9233
2025/04/30 15:22:57 Received ACK for chunk 9234/10240
Received chunk 9235/10240: fixtures/large_file.bin
2025/04/30 15:22:57 Sent ACK for chunk 9234
2025/04/30 15:22:57 Received ACK for chunk 9235/10240
Received chunk 9236/10240: fixtures/large_file.bin
2025/04/30 15:22:57 Sent ACK for chunk 9235
2025/04/30 15:22:57 Received ACK for chunk 9236/10240
Received chunk 9237/10240: fixtures/large_file.bin
2025/04/30 15:22:57 Sent ACK for chunk 9236
2025/04/30 15:22:57 Received ACK for chunk 9237/10240
Received chunk 9238/10240: fixtures/large_file.bin
2025/04/30 15:22:57 Sent ACK for chunk 9237
2025/04/30 15:22:57 Received ACK for chunk 9238/10240
Received chunk 9239/10240: fixtures/large_file.bin
2025/04/30 15:22:57 Sent ACK for chunk 9238
2025/04/30 15:22:57 Received ACK for chunk 9239/10240
Received chunk 9240/10240: fixtures/large_file.bin
2025/04/30 15:22:57 Sent ACK for chunk 9239
2025/04/30 15:22:57 Received ACK for chunk 9240/10240
Received chunk 9241/10240: fixtures/large_file.bin
2025/04/30 15:22:57 Sent ACK for chunk 9240
2025/04/30 15:22:57 Received ACK for chunk 9241/10240
Received chunk 9242/10240: fixtures/large_file.bin
2025/04/30 15:22:57 Sent ACK for chunk 9241
2025/04/30 15:22:57 Received ACK for chunk 9242/10240
Received chunk 9243/10240: fixtures/large_file.bin
2025/04/30 15:22:57 Sent ACK for chunk 9242
2025/04/30 15:22:57 Received ACK for chunk 9243/10240
Received chunk 9244/10240: fixtures/large_file.bin
2025/04/30 15:22:57 Sent ACK for chunk 9243
2025/04/30 15:22:57 Received ACK for chunk 9244/10240
Received chunk 9245/10240: fixtures/large_file.bin
2025/04/30 15:22:57 Sent ACK for chunk 9244
2025/04/30 15:22:57 Received ACK for chunk 9245/10240
Received chunk 9246/10240: fixtures/large_file.bin
2025/04/30 15:22:57 Sent ACK for chunk 9245
2025/04/30 15:22:57 Received ACK for chunk 9246/10240
Received chunk 9247/10240: fixtures/large_file.bin
2025/04/30 15:22:57 Sent ACK for chunk 9246
2025/04/30 15:22:57 Received ACK for chunk 9247/10240
Received chunk 9248/10240: fixtures/large_file.bin
2025/04/30 15:22:57 Sent ACK for chunk 9247
2025/04/30 15:22:57 Received ACK for chunk 9248/10240
Received chunk 9249/10240: fixtures/large_file.bin
2025/04/30 15:22:57 Sent ACK for chunk 9248
2025/04/30 15:22:57 Received ACK for chunk 9249/10240
Received chunk 9250/10240: fixtures/large_file.bin
2025/04/30 15:22:57 Sent ACK for chunk 9249
2025/04/30 15:22:57 Received ACK for chunk 9250/10240
Received chunk 9251/10240: fixtures/large_file.bin
2025/04/30 15:22:57 Sent ACK for chunk 9250
2025/04/30 15:22:57 Received ACK for chunk 9251/10240
Received chunk 9252/10240: fixtures/large_file.bin
2025/04/30 15:22:57 Sent ACK for chunk 9251
2025/04/30 15:22:57 Received ACK for chunk 9252/10240
Received chunk 9253/10240: fixtures/large_file.bin
2025/04/30 15:22:57 Sent ACK for chunk 9252
2025/04/30 15:22:57 Received ACK for chunk 9253/10240
Received chunk 9254/10240: fixtures/large_file.bin
2025/04/30 15:22:57 Sent ACK for chunk 9253
2025/04/30 15:22:57 Received ACK for chunk 9254/10240
Received chunk 9255/10240: fixtures/large_file.bin
2025/04/30 15:22:57 Sent ACK for chunk 9254
2025/04/30 15:22:57 Received ACK for chunk 9255/10240
Received chunk 9256/10240: fixtures/large_file.bin
2025/04/30 15:22:57 Sent ACK for chunk 9255
2025/04/30 15:22:57 Received ACK for chunk 9256/10240
Received chunk 9257/10240: fixtures/large_file.bin
2025/04/30 15:22:57 Sent ACK for chunk 9256
2025/04/30 15:22:57 Received ACK for chunk 9257/10240
Received chunk 9258/10240: fixtures/large_file.bin
2025/04/30 15:22:57 Sent ACK for chunk 9257
2025/04/30 15:22:57 Received ACK for chunk 9258/10240
Received chunk 9259/10240: fixtures/large_file.bin
2025/04/30 15:22:57 Sent ACK for chunk 9258
2025/04/30 15:22:57 Received ACK for chunk 9259/10240
Received chunk 9260/10240: fixtures/large_file.bin
2025/04/30 15:22:57 Sent ACK for chunk 9259
2025/04/30 15:22:57 Received ACK for chunk 9260/10240
Received chunk 9261/10240: fixtures/large_file.bin
2025/04/30 15:22:57 Sent ACK for chunk 9260
2025/04/30 15:22:57 Received ACK for chunk 9261/10240
Received chunk 9262/10240: fixtures/large_file.bin
2025/04/30 15:22:57 Sent ACK for chunk 9261
2025/04/30 15:22:57 Received ACK for chunk 9262/10240
Received chunk 9263/10240: fixtures/large_file.bin
2025/04/30 15:22:57 Sent ACK for chunk 9262
2025/04/30 15:22:57 Received ACK for chunk 9263/10240
Received chunk 9264/10240: fixtures/large_file.bin
2025/04/30 15:22:57 Sent ACK for chunk 9263
2025/04/30 15:22:57 Received ACK for chunk 9264/10240
Received chunk 9265/10240: fixtures/large_file.bin
2025/04/30 15:22:57 Sent ACK for chunk 9264
2025/04/30 15:22:57 Received ACK for chunk 9265/10240
Received chunk 9266/10240: fixtures/large_file.bin
2025/04/30 15:22:57 Sent ACK for chunk 9265
2025/04/30 15:22:57 Received ACK for chunk 9266/10240
Received chunk 9267/10240: fixtures/large_file.bin
2025/04/30 15:22:57 Sent ACK for chunk 9266
2025/04/30 15:22:57 Received ACK for chunk 9267/10240
Received chunk 9268/10240: fixtures/large_file.bin
2025/04/30 15:22:57 Sent ACK for chunk 9267
2025/04/30 15:22:57 Received ACK for chunk 9268/10240
Received chunk 9269/10240: fixtures/large_file.bin
2025/04/30 15:22:57 Sent ACK for chunk 9268
2025/04/30 15:22:57 Received ACK for chunk 9269/10240
Received chunk 9270/10240: fixtures/large_file.bin
2025/04/30 15:22:57 Sent ACK for chunk 9269
2025/04/30 15:22:57 Received ACK for chunk 9270/10240
Received chunk 9271/10240: fixtures/large_file.bin
2025/04/30 15:22:57 Sent ACK for chunk 9270
2025/04/30 15:22:57 Received ACK for chunk 9271/10240
Received chunk 9272/10240: fixtures/large_file.bin
2025/04/30 15:22:57 Sent ACK for chunk 9271
2025/04/30 15:22:57 Received ACK for chunk 9272/10240
Received chunk 9273/10240: fixtures/large_file.bin
2025/04/30 15:22:57 Sent ACK for chunk 9272
2025/04/30 15:22:57 Received ACK for chunk 9273/10240
Received chunk 9274/10240: fixtures/large_file.bin
2025/04/30 15:22:57 Sent ACK for chunk 9273
2025/04/30 15:22:57 Received ACK for chunk 9274/10240
Received chunk 9275/10240: fixtures/large_file.bin
2025/04/30 15:22:57 Sent ACK for chunk 9274
2025/04/30 15:22:57 Received ACK for chunk 9275/10240
Received chunk 9276/10240: fixtures/large_file.bin
2025/04/30 15:22:57 Sent ACK for chunk 9275
2025/04/30 15:22:57 Received ACK for chunk 9276/10240
Received chunk 9277/10240: fixtures/large_file.bin
2025/04/30 15:22:57 Sent ACK for chunk 9276
2025/04/30 15:22:57 Received ACK for chunk 9277/10240
Received chunk 9278/10240: fixtures/large_file.bin
2025/04/30 15:22:57 Sent ACK for chunk 9277
2025/04/30 15:22:57 Received ACK for chunk 9278/10240
Received chunk 9279/10240: fixtures/large_file.bin
2025/04/30 15:22:57 Sent ACK for chunk 9278
2025/04/30 15:22:57 Received ACK for chunk 9279/10240
Received chunk 9280/10240: fixtures/large_file.bin
2025/04/30 15:22:57 Sent ACK for chunk 9279
2025/04/30 15:22:57 Received ACK for chunk 9280/10240
Received chunk 9281/10240: fixtures/large_file.bin
2025/04/30 15:22:57 Sent ACK for chunk 9280
2025/04/30 15:22:57 Received ACK for chunk 9281/10240
Received chunk 9282/10240: fixtures/large_file.bin
2025/04/30 15:22:57 Sent ACK for chunk 9281
2025/04/30 15:22:57 Received ACK for chunk 9282/10240
Received chunk 9283/10240: fixtures/large_file.bin
2025/04/30 15:22:57 Sent ACK for chunk 9282
2025/04/30 15:22:57 Received ACK for chunk 9283/10240
Received chunk 9284/10240: fixtures/large_file.bin
2025/04/30 15:22:57 Sent ACK for chunk 9283
2025/04/30 15:22:57 Received ACK for chunk 9284/10240
Received chunk 9285/10240: fixtures/large_file.bin
2025/04/30 15:22:57 Sent ACK for chunk 9284
2025/04/30 15:22:57 Received ACK for chunk 9285/10240
Received chunk 9286/10240: fixtures/large_file.bin
2025/04/30 15:22:57 Sent ACK for chunk 9285
2025/04/30 15:22:57 Received ACK for chunk 9286/10240
Received chunk 9287/10240: fixtures/large_file.bin
2025/04/30 15:22:57 Sent ACK for chunk 9286
2025/04/30 15:22:57 Received ACK for chunk 9287/10240
Received chunk 9288/10240: fixtures/large_file.bin
2025/04/30 15:22:57 Sent ACK for chunk 9287
2025/04/30 15:22:57 Received ACK for chunk 9288/10240
Received chunk 9289/10240: fixtures/large_file.bin
2025/04/30 15:22:57 Sent ACK for chunk 9288
2025/04/30 15:22:57 Received ACK for chunk 9289/10240
Received chunk 9290/10240: fixtures/large_file.bin
2025/04/30 15:22:57 Sent ACK for chunk 9289
2025/04/30 15:22:57 Received ACK for chunk 9290/10240
Received chunk 9291/10240: fixtures/large_file.bin
2025/04/30 15:22:57 Sent ACK for chunk 9290
2025/04/30 15:22:57 Received ACK for chunk 9291/10240
Received chunk 9292/10240: fixtures/large_file.bin
2025/04/30 15:22:57 Sent ACK for chunk 9291
2025/04/30 15:22:57 Received ACK for chunk 9292/10240
Received chunk 9293/10240: fixtures/large_file.bin
2025/04/30 15:22:57 Sent ACK for chunk 9292
2025/04/30 15:22:57 Received ACK for chunk 9293/10240
Received chunk 9294/10240: fixtures/large_file.bin
2025/04/30 15:22:57 Sent ACK for chunk 9293
2025/04/30 15:22:57 Received ACK for chunk 9294/10240
Received chunk 9295/10240: fixtures/large_file.bin
2025/04/30 15:22:57 Sent ACK for chunk 9294
2025/04/30 15:22:57 Received ACK for chunk 9295/10240
Received chunk 9296/10240: fixtures/large_file.bin
2025/04/30 15:22:57 Sent ACK for chunk 9295
2025/04/30 15:22:57 Received ACK for chunk 9296/10240
Received chunk 9297/10240: fixtures/large_file.bin
2025/04/30 15:22:57 Sent ACK for chunk 9296
2025/04/30 15:22:57 Received ACK for chunk 9297/10240
Received chunk 9298/10240: fixtures/large_file.bin
2025/04/30 15:22:57 Sent ACK for chunk 9297
2025/04/30 15:22:57 Received ACK for chunk 9298/10240
Received chunk 9299/10240: fixtures/large_file.bin
2025/04/30 15:22:57 Sent ACK for chunk 9298
2025/04/30 15:22:57 Received ACK for chunk 9299/10240
Received chunk 9300/10240: fixtures/large_file.bin
2025/04/30 15:22:57 Sent ACK for chunk 9299
2025/04/30 15:22:57 Received ACK for chunk 9300/10240
Received chunk 9301/10240: fixtures/large_file.bin
2025/04/30 15:22:57 Sent ACK for chunk 9300
2025/04/30 15:22:57 Received ACK for chunk 9301/10240
Received chunk 9302/10240: fixtures/large_file.bin
2025/04/30 15:22:57 Sent ACK for chunk 9301
2025/04/30 15:22:57 Received ACK for chunk 9302/10240
Received chunk 9303/10240: fixtures/large_file.bin
2025/04/30 15:22:57 Sent ACK for chunk 9302
2025/04/30 15:22:57 Received ACK for chunk 9303/10240
Received chunk 9304/10240: fixtures/large_file.bin
2025/04/30 15:22:57 Sent ACK for chunk 9303
2025/04/30 15:22:57 Received ACK for chunk 9304/10240
Received chunk 9305/10240: fixtures/large_file.bin
2025/04/30 15:22:57 Sent ACK for chunk 9304
2025/04/30 15:22:57 Received ACK for chunk 9305/10240
Received chunk 9306/10240: fixtures/large_file.bin
2025/04/30 15:22:57 Sent ACK for chunk 9305
2025/04/30 15:22:57 Received ACK for chunk 9306/10240
Received chunk 9307/10240: fixtures/large_file.bin
2025/04/30 15:22:57 Sent ACK for chunk 9306
2025/04/30 15:22:57 Received ACK for chunk 9307/10240
Received chunk 9308/10240: fixtures/large_file.bin
2025/04/30 15:22:57 Sent ACK for chunk 9307
2025/04/30 15:22:57 Received ACK for chunk 9308/10240
Received chunk 9309/10240: fixtures/large_file.bin
2025/04/30 15:22:57 Sent ACK for chunk 9308
2025/04/30 15:22:57 Received ACK for chunk 9309/10240
Received chunk 9310/10240: fixtures/large_file.bin
2025/04/30 15:22:57 Sent ACK for chunk 9309
2025/04/30 15:22:57 Received ACK for chunk 9310/10240
Received chunk 9311/10240: fixtures/large_file.bin
2025/04/30 15:22:57 Sent ACK for chunk 9310
2025/04/30 15:22:57 Received ACK for chunk 9311/10240
Received chunk 9312/10240: fixtures/large_file.bin
2025/04/30 15:22:57 Sent ACK for chunk 9311
2025/04/30 15:22:57 Received ACK for chunk 9312/10240
Received chunk 9313/10240: fixtures/large_file.bin
2025/04/30 15:22:57 Sent ACK for chunk 9312
2025/04/30 15:22:57 Received ACK for chunk 9313/10240
Received chunk 9314/10240: fixtures/large_file.bin
2025/04/30 15:22:57 Sent ACK for chunk 9313
2025/04/30 15:22:57 Received ACK for chunk 9314/10240
Received chunk 9315/10240: fixtures/large_file.bin
2025/04/30 15:22:57 Sent ACK for chunk 9314
2025/04/30 15:22:57 Received ACK for chunk 9315/10240
Received chunk 9316/10240: fixtures/large_file.bin
2025/04/30 15:22:57 Sent ACK for chunk 9315
2025/04/30 15:22:57 Received ACK for chunk 9316/10240
Received chunk 9317/10240: fixtures/large_file.bin
2025/04/30 15:22:57 Sent ACK for chunk 9316
2025/04/30 15:22:57 Received ACK for chunk 9317/10240
Received chunk 9318/10240: fixtures/large_file.bin
2025/04/30 15:22:57 Sent ACK for chunk 9317
2025/04/30 15:22:57 Received ACK for chunk 9318/10240
Received chunk 9319/10240: fixtures/large_file.bin
2025/04/30 15:22:57 Sent ACK for chunk 9318
2025/04/30 15:22:57 Received ACK for chunk 9319/10240
Received chunk 9320/10240: fixtures/large_file.bin
2025/04/30 15:22:57 Sent ACK for chunk 9319
2025/04/30 15:22:57 Received ACK for chunk 9320/10240
Received chunk 9321/10240: fixtures/large_file.bin
2025/04/30 15:22:57 Sent ACK for chunk 9320
2025/04/30 15:22:57 Received ACK for chunk 9321/10240
Received chunk 9322/10240: fixtures/large_file.bin
2025/04/30 15:22:57 Sent ACK for chunk 9321
2025/04/30 15:22:57 Received ACK for chunk 9322/10240
Received chunk 9323/10240: fixtures/large_file.bin
2025/04/30 15:22:57 Sent ACK for chunk 9322
2025/04/30 15:22:57 Received ACK for chunk 9323/10240
Received chunk 9324/10240: fixtures/large_file.bin
2025/04/30 15:22:57 Sent ACK for chunk 9323
2025/04/30 15:22:57 Received ACK for chunk 9324/10240
Received chunk 9325/10240: fixtures/large_file.bin
2025/04/30 15:22:57 Sent ACK for chunk 9324
2025/04/30 15:22:57 Received ACK for chunk 9325/10240
Received chunk 9326/10240: fixtures/large_file.bin
2025/04/30 15:22:57 Sent ACK for chunk 9325
2025/04/30 15:22:57 Received ACK for chunk 9326/10240
Received chunk 9327/10240: fixtures/large_file.bin
2025/04/30 15:22:57 Sent ACK for chunk 9326
2025/04/30 15:22:57 Received ACK for chunk 9327/10240
Received chunk 9328/10240: fixtures/large_file.bin
2025/04/30 15:22:57 Sent ACK for chunk 9327
2025/04/30 15:22:57 Received ACK for chunk 9328/10240
Received chunk 9329/10240: fixtures/large_file.bin
2025/04/30 15:22:57 Sent ACK for chunk 9328
2025/04/30 15:22:57 Received ACK for chunk 9329/10240
Received chunk 9330/10240: fixtures/large_file.bin
2025/04/30 15:22:57 Sent ACK for chunk 9329
2025/04/30 15:22:57 Received ACK for chunk 9330/10240
Received chunk 9331/10240: fixtures/large_file.bin
2025/04/30 15:22:57 Sent ACK for chunk 9330
2025/04/30 15:22:57 Received ACK for chunk 9331/10240
Received chunk 9332/10240: fixtures/large_file.bin
2025/04/30 15:22:57 Sent ACK for chunk 9331
2025/04/30 15:22:57 Received ACK for chunk 9332/10240
Received chunk 9333/10240: fixtures/large_file.bin
2025/04/30 15:22:57 Sent ACK for chunk 9332
2025/04/30 15:22:57 Received ACK for chunk 9333/10240
Received chunk 9334/10240: fixtures/large_file.bin
2025/04/30 15:22:57 Sent ACK for chunk 9333
2025/04/30 15:22:57 Received ACK for chunk 9334/10240
Received chunk 9335/10240: fixtures/large_file.bin
2025/04/30 15:22:57 Sent ACK for chunk 9334
2025/04/30 15:22:57 Received ACK for chunk 9335/10240
Received chunk 9336/10240: fixtures/large_file.bin
2025/04/30 15:22:57 Sent ACK for chunk 9335
2025/04/30 15:22:57 Received ACK for chunk 9336/10240
Received chunk 9337/10240: fixtures/large_file.bin
2025/04/30 15:22:57 Sent ACK for chunk 9336
2025/04/30 15:22:57 Received ACK for chunk 9337/10240
Received chunk 9338/10240: fixtures/large_file.bin
2025/04/30 15:22:57 Sent ACK for chunk 9337
2025/04/30 15:22:57 Received ACK for chunk 9338/10240
Received chunk 9339/10240: fixtures/large_file.bin
2025/04/30 15:22:57 Sent ACK for chunk 9338
2025/04/30 15:22:57 Received ACK for chunk 9339/10240
Received chunk 9340/10240: fixtures/large_file.bin
2025/04/30 15:22:57 Sent ACK for chunk 9339
2025/04/30 15:22:57 Received ACK for chunk 9340/10240
Received chunk 9341/10240: fixtures/large_file.bin
2025/04/30 15:22:57 Sent ACK for chunk 9340
2025/04/30 15:22:57 Received ACK for chunk 9341/10240
Received chunk 9342/10240: fixtures/large_file.bin
2025/04/30 15:22:57 Sent ACK for chunk 9341
2025/04/30 15:22:57 Received ACK for chunk 9342/10240
Received chunk 9343/10240: fixtures/large_file.bin
2025/04/30 15:22:57 Sent ACK for chunk 9342
2025/04/30 15:22:57 Received ACK for chunk 9343/10240
Received chunk 9344/10240: fixtures/large_file.bin
2025/04/30 15:22:57 Sent ACK for chunk 9343
2025/04/30 15:22:57 Received ACK for chunk 9344/10240
Received chunk 9345/10240: fixtures/large_file.bin
2025/04/30 15:22:57 Sent ACK for chunk 9344
2025/04/30 15:22:57 Received ACK for chunk 9345/10240
Received chunk 9346/10240: fixtures/large_file.bin
2025/04/30 15:22:57 Sent ACK for chunk 9345
2025/04/30 15:22:57 Received ACK for chunk 9346/10240
Received chunk 9347/10240: fixtures/large_file.bin
2025/04/30 15:22:57 Sent ACK for chunk 9346
2025/04/30 15:22:57 Received ACK for chunk 9347/10240
Received chunk 9348/10240: fixtures/large_file.bin
2025/04/30 15:22:57 Sent ACK for chunk 9347
2025/04/30 15:22:57 Received ACK for chunk 9348/10240
Received chunk 9349/10240: fixtures/large_file.bin
2025/04/30 15:22:57 Sent ACK for chunk 9348
2025/04/30 15:22:57 Received ACK for chunk 9349/10240
Received chunk 9350/10240: fixtures/large_file.bin
2025/04/30 15:22:57 Sent ACK for chunk 9349
2025/04/30 15:22:57 Received ACK for chunk 9350/10240
Received chunk 9351/10240: fixtures/large_file.bin
2025/04/30 15:22:57 Sent ACK for chunk 9350
2025/04/30 15:22:57 Received ACK for chunk 9351/10240
Received chunk 9352/10240: fixtures/large_file.bin
2025/04/30 15:22:57 Sent ACK for chunk 9351
2025/04/30 15:22:57 Received ACK for chunk 9352/10240
Received chunk 9353/10240: fixtures/large_file.bin
2025/04/30 15:22:57 Sent ACK for chunk 9352
2025/04/30 15:22:57 Received ACK for chunk 9353/10240
Received chunk 9354/10240: fixtures/large_file.bin
2025/04/30 15:22:57 Sent ACK for chunk 9353
2025/04/30 15:22:57 Received ACK for chunk 9354/10240
Received chunk 9355/10240: fixtures/large_file.bin
2025/04/30 15:22:57 Sent ACK for chunk 9354
2025/04/30 15:22:57 Received ACK for chunk 9355/10240
Received chunk 9356/10240: fixtures/large_file.bin
2025/04/30 15:22:57 Sent ACK for chunk 9355
2025/04/30 15:22:57 Received ACK for chunk 9356/10240
Received chunk 9357/10240: fixtures/large_file.bin
2025/04/30 15:22:57 Sent ACK for chunk 9356
2025/04/30 15:22:57 Received ACK for chunk 9357/10240
Received chunk 9358/10240: fixtures/large_file.bin
2025/04/30 15:22:57 Sent ACK for chunk 9357
2025/04/30 15:22:57 Received ACK for chunk 9358/10240
Received chunk 9359/10240: fixtures/large_file.bin
2025/04/30 15:22:57 Sent ACK for chunk 9358
2025/04/30 15:22:57 Received ACK for chunk 9359/10240
Received chunk 9360/10240: fixtures/large_file.bin
2025/04/30 15:22:57 Sent ACK for chunk 9359
2025/04/30 15:22:57 Received ACK for chunk 9360/10240
Received chunk 9361/10240: fixtures/large_file.bin
2025/04/30 15:22:57 Sent ACK for chunk 9360
2025/04/30 15:22:57 Received ACK for chunk 9361/10240
Received chunk 9362/10240: fixtures/large_file.bin
2025/04/30 15:22:57 Sent ACK for chunk 9361
2025/04/30 15:22:57 Received ACK for chunk 9362/10240
Received chunk 9363/10240: fixtures/large_file.bin
2025/04/30 15:22:57 Sent ACK for chunk 9362
2025/04/30 15:22:57 Received ACK for chunk 9363/10240
Received chunk 9364/10240: fixtures/large_file.bin
2025/04/30 15:22:57 Sent ACK for chunk 9363
2025/04/30 15:22:57 Received ACK for chunk 9364/10240
Received chunk 9365/10240: fixtures/large_file.bin
2025/04/30 15:22:57 Sent ACK for chunk 9364
2025/04/30 15:22:57 Received ACK for chunk 9365/10240
Received chunk 9366/10240: fixtures/large_file.bin
2025/04/30 15:22:57 Sent ACK for chunk 9365
2025/04/30 15:22:57 Received ACK for chunk 9366/10240
Received chunk 9367/10240: fixtures/large_file.bin
2025/04/30 15:22:57 Sent ACK for chunk 9366
2025/04/30 15:22:57 Received ACK for chunk 9367/10240
Received chunk 9368/10240: fixtures/large_file.bin
2025/04/30 15:22:57 Sent ACK for chunk 9367
2025/04/30 15:22:57 Received ACK for chunk 9368/10240
Received chunk 9369/10240: fixtures/large_file.bin
2025/04/30 15:22:57 Sent ACK for chunk 9368
2025/04/30 15:22:57 Received ACK for chunk 9369/10240
Received chunk 9370/10240: fixtures/large_file.bin
2025/04/30 15:22:57 Sent ACK for chunk 9369
2025/04/30 15:22:57 Received ACK for chunk 9370/10240
Received chunk 9371/10240: fixtures/large_file.bin
2025/04/30 15:22:57 Sent ACK for chunk 9370
2025/04/30 15:22:57 Received ACK for chunk 9371/10240
Received chunk 9372/10240: fixtures/large_file.bin
2025/04/30 15:22:57 Sent ACK for chunk 9371
2025/04/30 15:22:57 Received ACK for chunk 9372/10240
Received chunk 9373/10240: fixtures/large_file.bin
2025/04/30 15:22:57 Sent ACK for chunk 9372
2025/04/30 15:22:57 Received ACK for chunk 9373/10240
Received chunk 9374/10240: fixtures/large_file.bin
2025/04/30 15:22:57 Sent ACK for chunk 9373
2025/04/30 15:22:57 Received ACK for chunk 9374/10240
Received chunk 9375/10240: fixtures/large_file.bin
2025/04/30 15:22:57 Sent ACK for chunk 9374
2025/04/30 15:22:57 Received ACK for chunk 9375/10240
Received chunk 9376/10240: fixtures/large_file.bin
2025/04/30 15:22:57 Sent ACK for chunk 9375
2025/04/30 15:22:57 Received ACK for chunk 9376/10240
Received chunk 9377/10240: fixtures/large_file.bin
2025/04/30 15:22:57 Sent ACK for chunk 9376
2025/04/30 15:22:57 Received ACK for chunk 9377/10240
Received chunk 9378/10240: fixtures/large_file.bin
2025/04/30 15:22:57 Sent ACK for chunk 9377
2025/04/30 15:22:57 Received ACK for chunk 9378/10240
Received chunk 9379/10240: fixtures/large_file.bin
2025/04/30 15:22:57 Sent ACK for chunk 9378
2025/04/30 15:22:57 Received ACK for chunk 9379/10240
Received chunk 9380/10240: fixtures/large_file.bin
2025/04/30 15:22:57 Sent ACK for chunk 9379
2025/04/30 15:22:57 Received ACK for chunk 9380/10240
Received chunk 9381/10240: fixtures/large_file.bin
2025/04/30 15:22:57 Sent ACK for chunk 9380
2025/04/30 15:22:57 Received ACK for chunk 9381/10240
Received chunk 9382/10240: fixtures/large_file.bin
2025/04/30 15:22:57 Sent ACK for chunk 9381
2025/04/30 15:22:57 Received ACK for chunk 9382/10240
Received chunk 9383/10240: fixtures/large_file.bin
2025/04/30 15:22:57 Sent ACK for chunk 9382
2025/04/30 15:22:57 Received ACK for chunk 9383/10240
Received chunk 9384/10240: fixtures/large_file.bin
2025/04/30 15:22:57 Sent ACK for chunk 9383
2025/04/30 15:22:57 Received ACK for chunk 9384/10240
Received chunk 9385/10240: fixtures/large_file.bin
2025/04/30 15:22:57 Sent ACK for chunk 9384
2025/04/30 15:22:57 Received ACK for chunk 9385/10240
Received chunk 9386/10240: fixtures/large_file.bin
2025/04/30 15:22:57 Sent ACK for chunk 9385
2025/04/30 15:22:57 Received ACK for chunk 9386/10240
Received chunk 9387/10240: fixtures/large_file.bin
2025/04/30 15:22:57 Sent ACK for chunk 9386
2025/04/30 15:22:57 Received ACK for chunk 9387/10240
Received chunk 9388/10240: fixtures/large_file.bin
2025/04/30 15:22:57 Sent ACK for chunk 9387
2025/04/30 15:22:57 Received ACK for chunk 9388/10240
Received chunk 9389/10240: fixtures/large_file.bin
2025/04/30 15:22:57 Sent ACK for chunk 9388
2025/04/30 15:22:57 Received ACK for chunk 9389/10240
Received chunk 9390/10240: fixtures/large_file.bin
2025/04/30 15:22:57 Sent ACK for chunk 9389
2025/04/30 15:22:57 Received ACK for chunk 9390/10240
Received chunk 9391/10240: fixtures/large_file.bin
2025/04/30 15:22:57 Sent ACK for chunk 9390
2025/04/30 15:22:57 Received ACK for chunk 9391/10240
Received chunk 9392/10240: fixtures/large_file.bin
2025/04/30 15:22:57 Sent ACK for chunk 9391
2025/04/30 15:22:57 Received ACK for chunk 9392/10240
Received chunk 9393/10240: fixtures/large_file.bin
2025/04/30 15:22:57 Sent ACK for chunk 9392
2025/04/30 15:22:57 Received ACK for chunk 9393/10240
Received chunk 9394/10240: fixtures/large_file.bin
2025/04/30 15:22:57 Sent ACK for chunk 9393
2025/04/30 15:22:57 Received ACK for chunk 9394/10240
Received chunk 9395/10240: fixtures/large_file.bin
2025/04/30 15:22:57 Sent ACK for chunk 9394
2025/04/30 15:22:57 Received ACK for chunk 9395/10240
Received chunk 9396/10240: fixtures/large_file.bin
2025/04/30 15:22:57 Sent ACK for chunk 9395
2025/04/30 15:22:57 Received ACK for chunk 9396/10240
Received chunk 9397/10240: fixtures/large_file.bin
2025/04/30 15:22:57 Sent ACK for chunk 9396
2025/04/30 15:22:57 Received ACK for chunk 9397/10240
Received chunk 9398/10240: fixtures/large_file.bin
2025/04/30 15:22:57 Sent ACK for chunk 9397
2025/04/30 15:22:57 Received ACK for chunk 9398/10240
Received chunk 9399/10240: fixtures/large_file.bin
2025/04/30 15:22:57 Sent ACK for chunk 9398
2025/04/30 15:22:57 Received ACK for chunk 9399/10240
Received chunk 9400/10240: fixtures/large_file.bin
2025/04/30 15:22:57 Sent ACK for chunk 9399
2025/04/30 15:22:57 Received ACK for chunk 9400/10240
Received chunk 9401/10240: fixtures/large_file.bin
2025/04/30 15:22:57 Sent ACK for chunk 9400
2025/04/30 15:22:57 Received ACK for chunk 9401/10240
Received chunk 9402/10240: fixtures/large_file.bin
2025/04/30 15:22:57 Sent ACK for chunk 9401
2025/04/30 15:22:57 Received ACK for chunk 9402/10240
Received chunk 9403/10240: fixtures/large_file.bin
2025/04/30 15:22:57 Sent ACK for chunk 9402
2025/04/30 15:22:57 Received ACK for chunk 9403/10240
Received chunk 9404/10240: fixtures/large_file.bin
2025/04/30 15:22:57 Sent ACK for chunk 9403
2025/04/30 15:22:57 Received ACK for chunk 9404/10240
Received chunk 9405/10240: fixtures/large_file.bin
2025/04/30 15:22:57 Sent ACK for chunk 9404
2025/04/30 15:22:57 Received ACK for chunk 9405/10240
Received chunk 9406/10240: fixtures/large_file.bin
2025/04/30 15:22:57 Sent ACK for chunk 9405
2025/04/30 15:22:57 Received ACK for chunk 9406/10240
Received chunk 9407/10240: fixtures/large_file.bin
2025/04/30 15:22:57 Sent ACK for chunk 9406
2025/04/30 15:22:57 Received ACK for chunk 9407/10240
Received chunk 9408/10240: fixtures/large_file.bin
2025/04/30 15:22:57 Sent ACK for chunk 9407
2025/04/30 15:22:57 Received ACK for chunk 9408/10240
Received chunk 9409/10240: fixtures/large_file.bin
2025/04/30 15:22:57 Sent ACK for chunk 9408
2025/04/30 15:22:57 Received ACK for chunk 9409/10240
Received chunk 9410/10240: fixtures/large_file.bin
2025/04/30 15:22:57 Sent ACK for chunk 9409
2025/04/30 15:22:57 Received ACK for chunk 9410/10240
Received chunk 9411/10240: fixtures/large_file.bin
2025/04/30 15:22:57 Sent ACK for chunk 9410
2025/04/30 15:22:57 Received ACK for chunk 9411/10240
Received chunk 9412/10240: fixtures/large_file.bin
2025/04/30 15:22:57 Sent ACK for chunk 9411
2025/04/30 15:22:57 Received ACK for chunk 9412/10240
Received chunk 9413/10240: fixtures/large_file.bin
2025/04/30 15:22:57 Sent ACK for chunk 9412
2025/04/30 15:22:57 Received ACK for chunk 9413/10240
Received chunk 9414/10240: fixtures/large_file.bin
2025/04/30 15:22:57 Sent ACK for chunk 9413
2025/04/30 15:22:57 Received ACK for chunk 9414/10240
Received chunk 9415/10240: fixtures/large_file.bin
2025/04/30 15:22:57 Sent ACK for chunk 9414
2025/04/30 15:22:57 Received ACK for chunk 9415/10240
Received chunk 9416/10240: fixtures/large_file.bin
2025/04/30 15:22:57 Sent ACK for chunk 9415
2025/04/30 15:22:57 Received ACK for chunk 9416/10240
Received chunk 9417/10240: fixtures/large_file.bin
2025/04/30 15:22:57 Sent ACK for chunk 9416
2025/04/30 15:22:57 Received ACK for chunk 9417/10240
Received chunk 9418/10240: fixtures/large_file.bin
2025/04/30 15:22:57 Sent ACK for chunk 9417
2025/04/30 15:22:57 Received ACK for chunk 9418/10240
Received chunk 9419/10240: fixtures/large_file.bin
2025/04/30 15:22:57 Sent ACK for chunk 9418
2025/04/30 15:22:57 Received ACK for chunk 9419/10240
Received chunk 9420/10240: fixtures/large_file.bin
2025/04/30 15:22:57 Sent ACK for chunk 9419
2025/04/30 15:22:57 Received ACK for chunk 9420/10240
Received chunk 9421/10240: fixtures/large_file.bin
2025/04/30 15:22:57 Sent ACK for chunk 9420
2025/04/30 15:22:57 Received ACK for chunk 9421/10240
Received chunk 9422/10240: fixtures/large_file.bin
2025/04/30 15:22:57 Sent ACK for chunk 9421
2025/04/30 15:22:57 Received ACK for chunk 9422/10240
Received chunk 9423/10240: fixtures/large_file.bin
2025/04/30 15:22:57 Sent ACK for chunk 9422
2025/04/30 15:22:57 Received ACK for chunk 9423/10240
Received chunk 9424/10240: fixtures/large_file.bin
2025/04/30 15:22:57 Sent ACK for chunk 9423
2025/04/30 15:22:57 Received ACK for chunk 9424/10240
Received chunk 9425/10240: fixtures/large_file.bin
2025/04/30 15:22:57 Sent ACK for chunk 9424
2025/04/30 15:22:57 Received ACK for chunk 9425/10240
Received chunk 9426/10240: fixtures/large_file.bin
2025/04/30 15:22:57 Sent ACK for chunk 9425
2025/04/30 15:22:57 Received ACK for chunk 9426/10240
Received chunk 9427/10240: fixtures/large_file.bin
2025/04/30 15:22:57 Sent ACK for chunk 9426
2025/04/30 15:22:57 Received ACK for chunk 9427/10240
Received chunk 9428/10240: fixtures/large_file.bin
2025/04/30 15:22:57 Sent ACK for chunk 9427
2025/04/30 15:22:57 Received ACK for chunk 9428/10240
Received chunk 9429/10240: fixtures/large_file.bin
2025/04/30 15:22:57 Sent ACK for chunk 9428
2025/04/30 15:22:57 Received ACK for chunk 9429/10240
Received chunk 9430/10240: fixtures/large_file.bin
2025/04/30 15:22:57 Sent ACK for chunk 9429
2025/04/30 15:22:57 Received ACK for chunk 9430/10240
Received chunk 9431/10240: fixtures/large_file.bin
2025/04/30 15:22:57 Sent ACK for chunk 9430
2025/04/30 15:22:57 Received ACK for chunk 9431/10240
Received chunk 9432/10240: fixtures/large_file.bin
2025/04/30 15:22:57 Sent ACK for chunk 9431
2025/04/30 15:22:57 Received ACK for chunk 9432/10240
Received chunk 9433/10240: fixtures/large_file.bin
2025/04/30 15:22:57 Sent ACK for chunk 9432
2025/04/30 15:22:57 Received ACK for chunk 9433/10240
Received chunk 9434/10240: fixtures/large_file.bin
2025/04/30 15:22:57 Sent ACK for chunk 9433
2025/04/30 15:22:57 Received ACK for chunk 9434/10240
Received chunk 9435/10240: fixtures/large_file.bin
2025/04/30 15:22:57 Sent ACK for chunk 9434
2025/04/30 15:22:57 Received ACK for chunk 9435/10240
Received chunk 9436/10240: fixtures/large_file.bin
2025/04/30 15:22:57 Sent ACK for chunk 9435
2025/04/30 15:22:57 Received ACK for chunk 9436/10240
Received chunk 9437/10240: fixtures/large_file.bin
2025/04/30 15:22:57 Sent ACK for chunk 9436
2025/04/30 15:22:57 Received ACK for chunk 9437/10240
Received chunk 9438/10240: fixtures/large_file.bin
2025/04/30 15:22:57 Sent ACK for chunk 9437
2025/04/30 15:22:57 Received ACK for chunk 9438/10240
Received chunk 9439/10240: fixtures/large_file.bin
2025/04/30 15:22:57 Sent ACK for chunk 9438
2025/04/30 15:22:57 Received ACK for chunk 9439/10240
Received chunk 9440/10240: fixtures/large_file.bin
2025/04/30 15:22:57 Sent ACK for chunk 9439
2025/04/30 15:22:57 Received ACK for chunk 9440/10240
Received chunk 9441/10240: fixtures/large_file.bin
2025/04/30 15:22:57 Sent ACK for chunk 9440
2025/04/30 15:22:57 Received ACK for chunk 9441/10240
Received chunk 9442/10240: fixtures/large_file.bin
2025/04/30 15:22:57 Sent ACK for chunk 9441
2025/04/30 15:22:57 Received ACK for chunk 9442/10240
Received chunk 9443/10240: fixtures/large_file.bin
2025/04/30 15:22:57 Sent ACK for chunk 9442
2025/04/30 15:22:57 Received ACK for chunk 9443/10240
Received chunk 9444/10240: fixtures/large_file.bin
2025/04/30 15:22:57 Sent ACK for chunk 9443
2025/04/30 15:22:57 Received ACK for chunk 9444/10240
Received chunk 9445/10240: fixtures/large_file.bin
2025/04/30 15:22:57 Sent ACK for chunk 9444
2025/04/30 15:22:57 Received ACK for chunk 9445/10240
Received chunk 9446/10240: fixtures/large_file.bin
2025/04/30 15:22:57 Sent ACK for chunk 9445
2025/04/30 15:22:57 Received ACK for chunk 9446/10240
Received chunk 9447/10240: fixtures/large_file.bin
2025/04/30 15:22:57 Sent ACK for chunk 9446
2025/04/30 15:22:57 Received ACK for chunk 9447/10240
Received chunk 9448/10240: fixtures/large_file.bin
2025/04/30 15:22:57 Sent ACK for chunk 9447
2025/04/30 15:22:57 Received ACK for chunk 9448/10240
Received chunk 9449/10240: fixtures/large_file.bin
2025/04/30 15:22:57 Sent ACK for chunk 9448
2025/04/30 15:22:57 Received ACK for chunk 9449/10240
Received chunk 9450/10240: fixtures/large_file.bin
2025/04/30 15:22:57 Sent ACK for chunk 9449
2025/04/30 15:22:57 Received ACK for chunk 9450/10240
Received chunk 9451/10240: fixtures/large_file.bin
2025/04/30 15:22:57 Sent ACK for chunk 9450
2025/04/30 15:22:57 Received ACK for chunk 9451/10240
Received chunk 9452/10240: fixtures/large_file.bin
2025/04/30 15:22:57 Sent ACK for chunk 9451
2025/04/30 15:22:57 Received ACK for chunk 9452/10240
Received chunk 9453/10240: fixtures/large_file.bin
2025/04/30 15:22:57 Sent ACK for chunk 9452
2025/04/30 15:22:57 Received ACK for chunk 9453/10240
Received chunk 9454/10240: fixtures/large_file.bin
2025/04/30 15:22:57 Sent ACK for chunk 9453
2025/04/30 15:22:57 Received ACK for chunk 9454/10240
Received chunk 9455/10240: fixtures/large_file.bin
2025/04/30 15:22:57 Sent ACK for chunk 9454
2025/04/30 15:22:57 Received ACK for chunk 9455/10240
Received chunk 9456/10240: fixtures/large_file.bin
2025/04/30 15:22:57 Sent ACK for chunk 9455
2025/04/30 15:22:57 Received ACK for chunk 9456/10240
Received chunk 9457/10240: fixtures/large_file.bin
2025/04/30 15:22:57 Sent ACK for chunk 9456
2025/04/30 15:22:57 Received ACK for chunk 9457/10240
Received chunk 9458/10240: fixtures/large_file.bin
2025/04/30 15:22:57 Sent ACK for chunk 9457
2025/04/30 15:22:57 Received ACK for chunk 9458/10240
Received chunk 9459/10240: fixtures/large_file.bin
2025/04/30 15:22:57 Sent ACK for chunk 9458
2025/04/30 15:22:57 Received ACK for chunk 9459/10240
Received chunk 9460/10240: fixtures/large_file.bin
2025/04/30 15:22:57 Sent ACK for chunk 9459
2025/04/30 15:22:57 Received ACK for chunk 9460/10240
Received chunk 9461/10240: fixtures/large_file.bin
2025/04/30 15:22:57 Sent ACK for chunk 9460
2025/04/30 15:22:57 Received ACK for chunk 9461/10240
Received chunk 9462/10240: fixtures/large_file.bin
2025/04/30 15:22:57 Sent ACK for chunk 9461
2025/04/30 15:22:57 Received ACK for chunk 9462/10240
Received chunk 9463/10240: fixtures/large_file.bin
2025/04/30 15:22:57 Sent ACK for chunk 9462
2025/04/30 15:22:57 Received ACK for chunk 9463/10240
Received chunk 9464/10240: fixtures/large_file.bin
2025/04/30 15:22:57 Sent ACK for chunk 9463
2025/04/30 15:22:57 Received ACK for chunk 9464/10240
Received chunk 9465/10240: fixtures/large_file.bin
2025/04/30 15:22:57 Sent ACK for chunk 9464
2025/04/30 15:22:57 Received ACK for chunk 9465/10240
Received chunk 9466/10240: fixtures/large_file.bin
2025/04/30 15:22:57 Sent ACK for chunk 9465
2025/04/30 15:22:57 Received ACK for chunk 9466/10240
Received chunk 9467/10240: fixtures/large_file.bin
2025/04/30 15:22:57 Sent ACK for chunk 9466
2025/04/30 15:22:57 Received ACK for chunk 9467/10240
Received chunk 9468/10240: fixtures/large_file.bin
2025/04/30 15:22:57 Sent ACK for chunk 9467
2025/04/30 15:22:57 Received ACK for chunk 9468/10240
Received chunk 9469/10240: fixtures/large_file.bin
2025/04/30 15:22:57 Sent ACK for chunk 9468
2025/04/30 15:22:57 Received ACK for chunk 9469/10240
Received chunk 9470/10240: fixtures/large_file.bin
2025/04/30 15:22:57 Sent ACK for chunk 9469
2025/04/30 15:22:57 Received ACK for chunk 9470/10240
Received chunk 9471/10240: fixtures/large_file.bin
2025/04/30 15:22:57 Sent ACK for chunk 9470
2025/04/30 15:22:57 Received ACK for chunk 9471/10240
Received chunk 9472/10240: fixtures/large_file.bin
2025/04/30 15:22:57 Sent ACK for chunk 9471
2025/04/30 15:22:57 Received ACK for chunk 9472/10240
Received chunk 9473/10240: fixtures/large_file.bin
2025/04/30 15:22:57 Sent ACK for chunk 9472
2025/04/30 15:22:57 Received ACK for chunk 9473/10240
Received chunk 9474/10240: fixtures/large_file.bin
2025/04/30 15:22:57 Sent ACK for chunk 9473
2025/04/30 15:22:57 Received ACK for chunk 9474/10240
Received chunk 9475/10240: fixtures/large_file.bin
2025/04/30 15:22:57 Sent ACK for chunk 9474
2025/04/30 15:22:57 Received ACK for chunk 9475/10240
Received chunk 9476/10240: fixtures/large_file.bin
2025/04/30 15:22:57 Sent ACK for chunk 9475
2025/04/30 15:22:57 Received ACK for chunk 9476/10240
Received chunk 9477/10240: fixtures/large_file.bin
2025/04/30 15:22:57 Sent ACK for chunk 9476
2025/04/30 15:22:57 Received ACK for chunk 9477/10240
Received chunk 9478/10240: fixtures/large_file.bin
2025/04/30 15:22:57 Sent ACK for chunk 9477
2025/04/30 15:22:57 Received ACK for chunk 9478/10240
Received chunk 9479/10240: fixtures/large_file.bin
2025/04/30 15:22:57 Sent ACK for chunk 9478
2025/04/30 15:22:57 Received ACK for chunk 9479/10240
Received chunk 9480/10240: fixtures/large_file.bin
2025/04/30 15:22:57 Sent ACK for chunk 9479
2025/04/30 15:22:57 Received ACK for chunk 9480/10240
Received chunk 9481/10240: fixtures/large_file.bin
2025/04/30 15:22:57 Sent ACK for chunk 9480
2025/04/30 15:22:57 Received ACK for chunk 9481/10240
Received chunk 9482/10240: fixtures/large_file.bin
2025/04/30 15:22:57 Sent ACK for chunk 9481
2025/04/30 15:22:57 Received ACK for chunk 9482/10240
Received chunk 9483/10240: fixtures/large_file.bin
2025/04/30 15:22:57 Sent ACK for chunk 9482
2025/04/30 15:22:57 Received ACK for chunk 9483/10240
Received chunk 9484/10240: fixtures/large_file.bin
2025/04/30 15:22:57 Sent ACK for chunk 9483
2025/04/30 15:22:57 Received ACK for chunk 9484/10240
Received chunk 9485/10240: fixtures/large_file.bin
2025/04/30 15:22:57 Sent ACK for chunk 9484
2025/04/30 15:22:57 Received ACK for chunk 9485/10240
Received chunk 9486/10240: fixtures/large_file.bin
2025/04/30 15:22:57 Sent ACK for chunk 9485
2025/04/30 15:22:57 Received ACK for chunk 9486/10240
Received chunk 9487/10240: fixtures/large_file.bin
2025/04/30 15:22:57 Sent ACK for chunk 9486
2025/04/30 15:22:57 Received ACK for chunk 9487/10240
Received chunk 9488/10240: fixtures/large_file.bin
2025/04/30 15:22:57 Sent ACK for chunk 9487
2025/04/30 15:22:57 Received ACK for chunk 9488/10240
Received chunk 9489/10240: fixtures/large_file.bin
2025/04/30 15:22:57 Sent ACK for chunk 9488
2025/04/30 15:22:57 Received ACK for chunk 9489/10240
Received chunk 9490/10240: fixtures/large_file.bin
2025/04/30 15:22:57 Sent ACK for chunk 9489
2025/04/30 15:22:57 Received ACK for chunk 9490/10240
Received chunk 9491/10240: fixtures/large_file.bin
2025/04/30 15:22:57 Sent ACK for chunk 9490
2025/04/30 15:22:57 Received ACK for chunk 9491/10240
Received chunk 9492/10240: fixtures/large_file.bin
2025/04/30 15:22:57 Sent ACK for chunk 9491
2025/04/30 15:22:57 Received ACK for chunk 9492/10240
Received chunk 9493/10240: fixtures/large_file.bin
2025/04/30 15:22:57 Sent ACK for chunk 9492
2025/04/30 15:22:57 Received ACK for chunk 9493/10240
Received chunk 9494/10240: fixtures/large_file.bin
2025/04/30 15:22:57 Sent ACK for chunk 9493
2025/04/30 15:22:57 Received ACK for chunk 9494/10240
Received chunk 9495/10240: fixtures/large_file.bin
2025/04/30 15:22:57 Sent ACK for chunk 9494
2025/04/30 15:22:57 Received ACK for chunk 9495/10240
Received chunk 9496/10240: fixtures/large_file.bin
2025/04/30 15:22:57 Sent ACK for chunk 9495
2025/04/30 15:22:57 Received ACK for chunk 9496/10240
Received chunk 9497/10240: fixtures/large_file.bin
2025/04/30 15:22:57 Sent ACK for chunk 9496
2025/04/30 15:22:57 Received ACK for chunk 9497/10240
Received chunk 9498/10240: fixtures/large_file.bin
2025/04/30 15:22:57 Sent ACK for chunk 9497
2025/04/30 15:22:57 Received ACK for chunk 9498/10240
Received chunk 9499/10240: fixtures/large_file.bin
2025/04/30 15:22:57 Sent ACK for chunk 9498
2025/04/30 15:22:57 Received ACK for chunk 9499/10240
Received chunk 9500/10240: fixtures/large_file.bin
2025/04/30 15:22:57 Sent ACK for chunk 9499
2025/04/30 15:22:57 Received ACK for chunk 9500/10240
Received chunk 9501/10240: fixtures/large_file.bin
2025/04/30 15:22:57 Sent ACK for chunk 9500
2025/04/30 15:22:57 Received ACK for chunk 9501/10240
Received chunk 9502/10240: fixtures/large_file.bin
2025/04/30 15:22:57 Sent ACK for chunk 9501
2025/04/30 15:22:57 Received ACK for chunk 9502/10240
Received chunk 9503/10240: fixtures/large_file.bin
2025/04/30 15:22:57 Sent ACK for chunk 9502
2025/04/30 15:22:57 Received ACK for chunk 9503/10240
Received chunk 9504/10240: fixtures/large_file.bin
2025/04/30 15:22:57 Sent ACK for chunk 9503
2025/04/30 15:22:57 Received ACK for chunk 9504/10240
Received chunk 9505/10240: fixtures/large_file.bin
2025/04/30 15:22:57 Sent ACK for chunk 9504
2025/04/30 15:22:57 Received ACK for chunk 9505/10240
Received chunk 9506/10240: fixtures/large_file.bin
2025/04/30 15:22:57 Sent ACK for chunk 9505
2025/04/30 15:22:57 Received ACK for chunk 9506/10240
Received chunk 9507/10240: fixtures/large_file.bin
2025/04/30 15:22:57 Sent ACK for chunk 9506
2025/04/30 15:22:57 Received ACK for chunk 9507/10240
Received chunk 9508/10240: fixtures/large_file.bin
2025/04/30 15:22:57 Sent ACK for chunk 9507
2025/04/30 15:22:57 Received ACK for chunk 9508/10240
Received chunk 9509/10240: fixtures/large_file.bin
2025/04/30 15:22:57 Sent ACK for chunk 9508
2025/04/30 15:22:57 Received ACK for chunk 9509/10240
Received chunk 9510/10240: fixtures/large_file.bin
2025/04/30 15:22:57 Sent ACK for chunk 9509
2025/04/30 15:22:57 Received ACK for chunk 9510/10240
Received chunk 9511/10240: fixtures/large_file.bin
2025/04/30 15:22:57 Sent ACK for chunk 9510
2025/04/30 15:22:57 Received ACK for chunk 9511/10240
Received chunk 9512/10240: fixtures/large_file.bin
2025/04/30 15:22:57 Sent ACK for chunk 9511
2025/04/30 15:22:57 Received ACK for chunk 9512/10240
Received chunk 9513/10240: fixtures/large_file.bin
2025/04/30 15:22:57 Sent ACK for chunk 9512
2025/04/30 15:22:57 Received ACK for chunk 9513/10240
Received chunk 9514/10240: fixtures/large_file.bin
2025/04/30 15:22:57 Sent ACK for chunk 9513
2025/04/30 15:22:57 Received ACK for chunk 9514/10240
Received chunk 9515/10240: fixtures/large_file.bin
2025/04/30 15:22:57 Sent ACK for chunk 9514
2025/04/30 15:22:57 Received ACK for chunk 9515/10240
Received chunk 9516/10240: fixtures/large_file.bin
2025/04/30 15:22:57 Sent ACK for chunk 9515
2025/04/30 15:22:57 Received ACK for chunk 9516/10240
Received chunk 9517/10240: fixtures/large_file.bin
2025/04/30 15:22:57 Sent ACK for chunk 9516
2025/04/30 15:22:57 Received ACK for chunk 9517/10240
Received chunk 9518/10240: fixtures/large_file.bin
2025/04/30 15:22:57 Sent ACK for chunk 9517
2025/04/30 15:22:57 Received ACK for chunk 9518/10240
Received chunk 9519/10240: fixtures/large_file.bin
2025/04/30 15:22:57 Sent ACK for chunk 9518
2025/04/30 15:22:57 Received ACK for chunk 9519/10240
Received chunk 9520/10240: fixtures/large_file.bin
2025/04/30 15:22:57 Sent ACK for chunk 9519
2025/04/30 15:22:57 Received ACK for chunk 9520/10240
Received chunk 9521/10240: fixtures/large_file.bin
2025/04/30 15:22:57 Sent ACK for chunk 9520
2025/04/30 15:22:57 Received ACK for chunk 9521/10240
Received chunk 9522/10240: fixtures/large_file.bin
2025/04/30 15:22:57 Sent ACK for chunk 9521
2025/04/30 15:22:57 Received ACK for chunk 9522/10240
Received chunk 9523/10240: fixtures/large_file.bin
2025/04/30 15:22:57 Sent ACK for chunk 9522
2025/04/30 15:22:57 Received ACK for chunk 9523/10240
Received chunk 9524/10240: fixtures/large_file.bin
2025/04/30 15:22:57 Sent ACK for chunk 9523
2025/04/30 15:22:57 Received ACK for chunk 9524/10240
Received chunk 9525/10240: fixtures/large_file.bin
2025/04/30 15:22:57 Sent ACK for chunk 9524
2025/04/30 15:22:57 Received ACK for chunk 9525/10240
Received chunk 9526/10240: fixtures/large_file.bin
2025/04/30 15:22:57 Sent ACK for chunk 9525
2025/04/30 15:22:57 Received ACK for chunk 9526/10240
Received chunk 9527/10240: fixtures/large_file.bin
2025/04/30 15:22:57 Sent ACK for chunk 9526
2025/04/30 15:22:57 Received ACK for chunk 9527/10240
Received chunk 9528/10240: fixtures/large_file.bin
2025/04/30 15:22:57 Sent ACK for chunk 9527
2025/04/30 15:22:57 Received ACK for chunk 9528/10240
Received chunk 9529/10240: fixtures/large_file.bin
2025/04/30 15:22:57 Sent ACK for chunk 9528
2025/04/30 15:22:57 Received ACK for chunk 9529/10240
Received chunk 9530/10240: fixtures/large_file.bin
2025/04/30 15:22:57 Sent ACK for chunk 9529
2025/04/30 15:22:57 Received ACK for chunk 9530/10240
Received chunk 9531/10240: fixtures/large_file.bin
2025/04/30 15:22:57 Sent ACK for chunk 9530
2025/04/30 15:22:57 Received ACK for chunk 9531/10240
Received chunk 9532/10240: fixtures/large_file.bin
2025/04/30 15:22:57 Sent ACK for chunk 9531
2025/04/30 15:22:57 Received ACK for chunk 9532/10240
Received chunk 9533/10240: fixtures/large_file.bin
2025/04/30 15:22:57 Sent ACK for chunk 9532
2025/04/30 15:22:57 Received ACK for chunk 9533/10240
Received chunk 9534/10240: fixtures/large_file.bin
2025/04/30 15:22:57 Sent ACK for chunk 9533
2025/04/30 15:22:57 Received ACK for chunk 9534/10240
Received chunk 9535/10240: fixtures/large_file.bin
2025/04/30 15:22:57 Sent ACK for chunk 9534
2025/04/30 15:22:57 Received ACK for chunk 9535/10240
Received chunk 9536/10240: fixtures/large_file.bin
2025/04/30 15:22:57 Sent ACK for chunk 9535
2025/04/30 15:22:57 Received ACK for chunk 9536/10240
Received chunk 9537/10240: fixtures/large_file.bin
2025/04/30 15:22:57 Sent ACK for chunk 9536
2025/04/30 15:22:57 Received ACK for chunk 9537/10240
Received chunk 9538/10240: fixtures/large_file.bin
2025/04/30 15:22:57 Sent ACK for chunk 9537
2025/04/30 15:22:57 Received ACK for chunk 9538/10240
Received chunk 9539/10240: fixtures/large_file.bin
2025/04/30 15:22:57 Sent ACK for chunk 9538
2025/04/30 15:22:57 Received ACK for chunk 9539/10240
Received chunk 9540/10240: fixtures/large_file.bin
2025/04/30 15:22:57 Sent ACK for chunk 9539
2025/04/30 15:22:57 Received ACK for chunk 9540/10240
Received chunk 9541/10240: fixtures/large_file.bin
2025/04/30 15:22:57 Sent ACK for chunk 9540
2025/04/30 15:22:57 Received ACK for chunk 9541/10240
Received chunk 9542/10240: fixtures/large_file.bin
2025/04/30 15:22:57 Sent ACK for chunk 9541
2025/04/30 15:22:57 Received ACK for chunk 9542/10240
Received chunk 9543/10240: fixtures/large_file.bin
2025/04/30 15:22:57 Sent ACK for chunk 9542
2025/04/30 15:22:57 Received ACK for chunk 9543/10240
Received chunk 9544/10240: fixtures/large_file.bin
2025/04/30 15:22:57 Sent ACK for chunk 9543
2025/04/30 15:22:57 Received ACK for chunk 9544/10240
Received chunk 9545/10240: fixtures/large_file.bin
2025/04/30 15:22:57 Sent ACK for chunk 9544
2025/04/30 15:22:57 Received ACK for chunk 9545/10240
Received chunk 9546/10240: fixtures/large_file.bin
2025/04/30 15:22:57 Sent ACK for chunk 9545
2025/04/30 15:22:57 Received ACK for chunk 9546/10240
Received chunk 9547/10240: fixtures/large_file.bin
2025/04/30 15:22:57 Sent ACK for chunk 9546
2025/04/30 15:22:57 Received ACK for chunk 9547/10240
Received chunk 9548/10240: fixtures/large_file.bin
2025/04/30 15:22:57 Sent ACK for chunk 9547
2025/04/30 15:22:57 Received ACK for chunk 9548/10240
Received chunk 9549/10240: fixtures/large_file.bin
2025/04/30 15:22:57 Sent ACK for chunk 9548
2025/04/30 15:22:57 Received ACK for chunk 9549/10240
Received chunk 9550/10240: fixtures/large_file.bin
2025/04/30 15:22:57 Sent ACK for chunk 9549
2025/04/30 15:22:57 Received ACK for chunk 9550/10240
Received chunk 9551/10240: fixtures/large_file.bin
2025/04/30 15:22:57 Sent ACK for chunk 9550
2025/04/30 15:22:57 Received ACK for chunk 9551/10240
Received chunk 9552/10240: fixtures/large_file.bin
2025/04/30 15:22:57 Sent ACK for chunk 9551
2025/04/30 15:22:57 Received ACK for chunk 9552/10240
Received chunk 9553/10240: fixtures/large_file.bin
2025/04/30 15:22:57 Sent ACK for chunk 9552
2025/04/30 15:22:57 Received ACK for chunk 9553/10240
Received chunk 9554/10240: fixtures/large_file.bin
2025/04/30 15:22:57 Sent ACK for chunk 9553
2025/04/30 15:22:57 Received ACK for chunk 9554/10240
Received chunk 9555/10240: fixtures/large_file.bin
2025/04/30 15:22:57 Sent ACK for chunk 9554
2025/04/30 15:22:57 Received ACK for chunk 9555/10240
Received chunk 9556/10240: fixtures/large_file.bin
2025/04/30 15:22:57 Sent ACK for chunk 9555
2025/04/30 15:22:57 Received ACK for chunk 9556/10240
Received chunk 9557/10240: fixtures/large_file.bin
2025/04/30 15:22:57 Sent ACK for chunk 9556
2025/04/30 15:22:57 Received ACK for chunk 9557/10240
Received chunk 9558/10240: fixtures/large_file.bin
2025/04/30 15:22:57 Sent ACK for chunk 9557
2025/04/30 15:22:57 Received ACK for chunk 9558/10240
Received chunk 9559/10240: fixtures/large_file.bin
2025/04/30 15:22:57 Sent ACK for chunk 9558
2025/04/30 15:22:57 Received ACK for chunk 9559/10240
Received chunk 9560/10240: fixtures/large_file.bin
2025/04/30 15:22:57 Sent ACK for chunk 9559
2025/04/30 15:22:57 Received ACK for chunk 9560/10240
Received chunk 9561/10240: fixtures/large_file.bin
2025/04/30 15:22:57 Sent ACK for chunk 9560
2025/04/30 15:22:57 Received ACK for chunk 9561/10240
Received chunk 9562/10240: fixtures/large_file.bin
2025/04/30 15:22:57 Sent ACK for chunk 9561
2025/04/30 15:22:57 Received ACK for chunk 9562/10240
Received chunk 9563/10240: fixtures/large_file.bin
2025/04/30 15:22:57 Sent ACK for chunk 9562
2025/04/30 15:22:57 Received ACK for chunk 9563/10240
Received chunk 9564/10240: fixtures/large_file.bin
2025/04/30 15:22:57 Sent ACK for chunk 9563
2025/04/30 15:22:57 Received ACK for chunk 9564/10240
Received chunk 9565/10240: fixtures/large_file.bin
2025/04/30 15:22:57 Sent ACK for chunk 9564
2025/04/30 15:22:57 Received ACK for chunk 9565/10240
Received chunk 9566/10240: fixtures/large_file.bin
2025/04/30 15:22:57 Sent ACK for chunk 9565
2025/04/30 15:22:57 Received ACK for chunk 9566/10240
Received chunk 9567/10240: fixtures/large_file.bin
2025/04/30 15:22:57 Sent ACK for chunk 9566
2025/04/30 15:22:57 Received ACK for chunk 9567/10240
Received chunk 9568/10240: fixtures/large_file.bin
2025/04/30 15:22:57 Sent ACK for chunk 9567
2025/04/30 15:22:57 Received ACK for chunk 9568/10240
Received chunk 9569/10240: fixtures/large_file.bin
2025/04/30 15:22:57 Sent ACK for chunk 9568
2025/04/30 15:22:57 Received ACK for chunk 9569/10240
Received chunk 9570/10240: fixtures/large_file.bin
2025/04/30 15:22:57 Sent ACK for chunk 9569
2025/04/30 15:22:57 Received ACK for chunk 9570/10240
Received chunk 9571/10240: fixtures/large_file.bin
2025/04/30 15:22:57 Sent ACK for chunk 9570
2025/04/30 15:22:57 Received ACK for chunk 9571/10240
Received chunk 9572/10240: fixtures/large_file.bin
2025/04/30 15:22:57 Sent ACK for chunk 9571
2025/04/30 15:22:57 Received ACK for chunk 9572/10240
Received chunk 9573/10240: fixtures/large_file.bin
2025/04/30 15:22:57 Sent ACK for chunk 9572
2025/04/30 15:22:57 Received ACK for chunk 9573/10240
Received chunk 9574/10240: fixtures/large_file.bin
2025/04/30 15:22:57 Sent ACK for chunk 9573
2025/04/30 15:22:57 Received ACK for chunk 9574/10240
Received chunk 9575/10240: fixtures/large_file.bin
2025/04/30 15:22:57 Sent ACK for chunk 9574
2025/04/30 15:22:57 Received ACK for chunk 9575/10240
Received chunk 9576/10240: fixtures/large_file.bin
2025/04/30 15:22:57 Sent ACK for chunk 9575
2025/04/30 15:22:57 Received ACK for chunk 9576/10240
Received chunk 9577/10240: fixtures/large_file.bin
2025/04/30 15:22:57 Sent ACK for chunk 9576
2025/04/30 15:22:57 Received ACK for chunk 9577/10240
Received chunk 9578/10240: fixtures/large_file.bin
2025/04/30 15:22:57 Sent ACK for chunk 9577
2025/04/30 15:22:57 Received ACK for chunk 9578/10240
Received chunk 9579/10240: fixtures/large_file.bin
2025/04/30 15:22:57 Sent ACK for chunk 9578
2025/04/30 15:22:57 Received ACK for chunk 9579/10240
Received chunk 9580/10240: fixtures/large_file.bin
2025/04/30 15:22:57 Sent ACK for chunk 9579
2025/04/30 15:22:57 Received ACK for chunk 9580/10240
Received chunk 9581/10240: fixtures/large_file.bin
2025/04/30 15:22:57 Sent ACK for chunk 9580
2025/04/30 15:22:57 Received ACK for chunk 9581/10240
Received chunk 9582/10240: fixtures/large_file.bin
2025/04/30 15:22:57 Sent ACK for chunk 9581
2025/04/30 15:22:57 Received ACK for chunk 9582/10240
Received chunk 9583/10240: fixtures/large_file.bin
2025/04/30 15:22:57 Sent ACK for chunk 9582
2025/04/30 15:22:57 Received ACK for chunk 9583/10240
Received chunk 9584/10240: fixtures/large_file.bin
2025/04/30 15:22:57 Sent ACK for chunk 9583
2025/04/30 15:22:57 Received ACK for chunk 9584/10240
Received chunk 9585/10240: fixtures/large_file.bin
2025/04/30 15:22:57 Sent ACK for chunk 9584
2025/04/30 15:22:57 Received ACK for chunk 9585/10240
Received chunk 9586/10240: fixtures/large_file.bin
2025/04/30 15:22:57 Sent ACK for chunk 9585
2025/04/30 15:22:57 Received ACK for chunk 9586/10240
Received chunk 9587/10240: fixtures/large_file.bin
2025/04/30 15:22:57 Sent ACK for chunk 9586
2025/04/30 15:22:57 Received ACK for chunk 9587/10240
Received chunk 9588/10240: fixtures/large_file.bin
2025/04/30 15:22:57 Sent ACK for chunk 9587
2025/04/30 15:22:57 Received ACK for chunk 9588/10240
Received chunk 9589/10240: fixtures/large_file.bin
2025/04/30 15:22:57 Sent ACK for chunk 9588
2025/04/30 15:22:57 Received ACK for chunk 9589/10240
Received chunk 9590/10240: fixtures/large_file.bin
2025/04/30 15:22:57 Sent ACK for chunk 9589
2025/04/30 15:22:57 Received ACK for chunk 9590/10240
Received chunk 9591/10240: fixtures/large_file.bin
2025/04/30 15:22:57 Sent ACK for chunk 9590
2025/04/30 15:22:57 Received ACK for chunk 9591/10240
Received chunk 9592/10240: fixtures/large_file.bin
2025/04/30 15:22:57 Sent ACK for chunk 9591
2025/04/30 15:22:57 Received ACK for chunk 9592/10240
Received chunk 9593/10240: fixtures/large_file.bin
2025/04/30 15:22:57 Sent ACK for chunk 9592
2025/04/30 15:22:57 Received ACK for chunk 9593/10240
Received chunk 9594/10240: fixtures/large_file.bin
2025/04/30 15:22:57 Sent ACK for chunk 9593
2025/04/30 15:22:57 Received ACK for chunk 9594/10240
Received chunk 9595/10240: fixtures/large_file.bin
2025/04/30 15:22:57 Sent ACK for chunk 9594
2025/04/30 15:22:57 Received ACK for chunk 9595/10240
Received chunk 9596/10240: fixtures/large_file.bin
2025/04/30 15:22:57 Sent ACK for chunk 9595
2025/04/30 15:22:57 Received ACK for chunk 9596/10240
Received chunk 9597/10240: fixtures/large_file.bin
2025/04/30 15:22:57 Sent ACK for chunk 9596
2025/04/30 15:22:57 Received ACK for chunk 9597/10240
Received chunk 9598/10240: fixtures/large_file.bin
2025/04/30 15:22:57 Sent ACK for chunk 9597
2025/04/30 15:22:57 Received ACK for chunk 9598/10240
Received chunk 9599/10240: fixtures/large_file.bin
2025/04/30 15:22:57 Sent ACK for chunk 9598
2025/04/30 15:22:57 Received ACK for chunk 9599/10240
Received chunk 9600/10240: fixtures/large_file.bin
2025/04/30 15:22:57 Sent ACK for chunk 9599
2025/04/30 15:22:57 Received ACK for chunk 9600/10240
Received chunk 9601/10240: fixtures/large_file.bin
2025/04/30 15:22:57 Sent ACK for chunk 9600
2025/04/30 15:22:57 Received ACK for chunk 9601/10240
Received chunk 9602/10240: fixtures/large_file.bin
2025/04/30 15:22:57 Sent ACK for chunk 9601
2025/04/30 15:22:57 Received ACK for chunk 9602/10240
Received chunk 9603/10240: fixtures/large_file.bin
2025/04/30 15:22:57 Sent ACK for chunk 9602
2025/04/30 15:22:57 Received ACK for chunk 9603/10240
Received chunk 9604/10240: fixtures/large_file.bin
2025/04/30 15:22:57 Sent ACK for chunk 9603
2025/04/30 15:22:57 Received ACK for chunk 9604/10240
Received chunk 9605/10240: fixtures/large_file.bin
2025/04/30 15:22:57 Sent ACK for chunk 9604
2025/04/30 15:22:57 Received ACK for chunk 9605/10240
Received chunk 9606/10240: fixtures/large_file.bin
2025/04/30 15:22:57 Sent ACK for chunk 9605
2025/04/30 15:22:57 Received ACK for chunk 9606/10240
Received chunk 9607/10240: fixtures/large_file.bin
2025/04/30 15:22:57 Sent ACK for chunk 9606
2025/04/30 15:22:57 Received ACK for chunk 9607/10240
Received chunk 9608/10240: fixtures/large_file.bin
2025/04/30 15:22:57 Sent ACK for chunk 9607
2025/04/30 15:22:57 Received ACK for chunk 9608/10240
Received chunk 9609/10240: fixtures/large_file.bin
2025/04/30 15:22:57 Sent ACK for chunk 9608
2025/04/30 15:22:57 Received ACK for chunk 9609/10240
Received chunk 9610/10240: fixtures/large_file.bin
2025/04/30 15:22:57 Sent ACK for chunk 9609
2025/04/30 15:22:57 Received ACK for chunk 9610/10240
Received chunk 9611/10240: fixtures/large_file.bin
2025/04/30 15:22:57 Sent ACK for chunk 9610
2025/04/30 15:22:57 Received ACK for chunk 9611/10240
Received chunk 9612/10240: fixtures/large_file.bin
2025/04/30 15:22:57 Sent ACK for chunk 9611
2025/04/30 15:22:57 Received ACK for chunk 9612/10240
Received chunk 9613/10240: fixtures/large_file.bin
2025/04/30 15:22:57 Sent ACK for chunk 9612
2025/04/30 15:22:57 Received ACK for chunk 9613/10240
Received chunk 9614/10240: fixtures/large_file.bin
2025/04/30 15:22:57 Sent ACK for chunk 9613
2025/04/30 15:22:57 Received ACK for chunk 9614/10240
Received chunk 9615/10240: fixtures/large_file.bin
2025/04/30 15:22:57 Sent ACK for chunk 9614
2025/04/30 15:22:57 Received ACK for chunk 9615/10240
Received chunk 9616/10240: fixtures/large_file.bin
2025/04/30 15:22:57 Sent ACK for chunk 9615
2025/04/30 15:22:57 Received ACK for chunk 9616/10240
Received chunk 9617/10240: fixtures/large_file.bin
2025/04/30 15:22:57 Sent ACK for chunk 9616
2025/04/30 15:22:57 Received ACK for chunk 9617/10240
Received chunk 9618/10240: fixtures/large_file.bin
2025/04/30 15:22:57 Sent ACK for chunk 9617
2025/04/30 15:22:57 Received ACK for chunk 9618/10240
Received chunk 9619/10240: fixtures/large_file.bin
2025/04/30 15:22:57 Sent ACK for chunk 9618
2025/04/30 15:22:57 Received ACK for chunk 9619/10240
Received chunk 9620/10240: fixtures/large_file.bin
2025/04/30 15:22:57 Sent ACK for chunk 9619
2025/04/30 15:22:57 Received ACK for chunk 9620/10240
Received chunk 9621/10240: fixtures/large_file.bin
2025/04/30 15:22:57 Sent ACK for chunk 9620
2025/04/30 15:22:57 Received ACK for chunk 9621/10240
Received chunk 9622/10240: fixtures/large_file.bin
2025/04/30 15:22:57 Sent ACK for chunk 9621
2025/04/30 15:22:57 Received ACK for chunk 9622/10240
Received chunk 9623/10240: fixtures/large_file.bin
2025/04/30 15:22:57 Sent ACK for chunk 9622
2025/04/30 15:22:57 Received ACK for chunk 9623/10240
Received chunk 9624/10240: fixtures/large_file.bin
2025/04/30 15:22:57 Sent ACK for chunk 9623
2025/04/30 15:22:57 Received ACK for chunk 9624/10240
Received chunk 9625/10240: fixtures/large_file.bin
2025/04/30 15:22:57 Sent ACK for chunk 9624
2025/04/30 15:22:57 Received ACK for chunk 9625/10240
Received chunk 9626/10240: fixtures/large_file.bin
2025/04/30 15:22:57 Sent ACK for chunk 9625
2025/04/30 15:22:57 Received ACK for chunk 9626/10240
Received chunk 9627/10240: fixtures/large_file.bin
2025/04/30 15:22:57 Sent ACK for chunk 9626
2025/04/30 15:22:57 Received ACK for chunk 9627/10240
Received chunk 9628/10240: fixtures/large_file.bin
2025/04/30 15:22:57 Sent ACK for chunk 9627
2025/04/30 15:22:57 Received ACK for chunk 9628/10240
Received chunk 9629/10240: fixtures/large_file.bin
2025/04/30 15:22:57 Sent ACK for chunk 9628
2025/04/30 15:22:57 Received ACK for chunk 9629/10240
Received chunk 9630/10240: fixtures/large_file.bin
2025/04/30 15:22:57 Sent ACK for chunk 9629
2025/04/30 15:22:57 Received ACK for chunk 9630/10240
Received chunk 9631/10240: fixtures/large_file.bin
2025/04/30 15:22:57 Sent ACK for chunk 9630
2025/04/30 15:22:57 Received ACK for chunk 9631/10240
Received chunk 9632/10240: fixtures/large_file.bin
2025/04/30 15:22:57 Sent ACK for chunk 9631
2025/04/30 15:22:57 Received ACK for chunk 9632/10240
Received chunk 9633/10240: fixtures/large_file.bin
2025/04/30 15:22:57 Sent ACK for chunk 9632
2025/04/30 15:22:57 Received ACK for chunk 9633/10240
Received chunk 9634/10240: fixtures/large_file.bin
2025/04/30 15:22:57 Sent ACK for chunk 9633
2025/04/30 15:22:57 Received ACK for chunk 9634/10240
Received chunk 9635/10240: fixtures/large_file.bin
2025/04/30 15:22:57 Sent ACK for chunk 9634
2025/04/30 15:22:57 Received ACK for chunk 9635/10240
Received chunk 9636/10240: fixtures/large_file.bin
2025/04/30 15:22:57 Sent ACK for chunk 9635
2025/04/30 15:22:57 Received ACK for chunk 9636/10240
Received chunk 9637/10240: fixtures/large_file.bin
2025/04/30 15:22:57 Sent ACK for chunk 9636
2025/04/30 15:22:57 Received ACK for chunk 9637/10240
Received chunk 9638/10240: fixtures/large_file.bin
2025/04/30 15:22:57 Sent ACK for chunk 9637
2025/04/30 15:22:57 Received ACK for chunk 9638/10240
Received chunk 9639/10240: fixtures/large_file.bin
2025/04/30 15:22:57 Sent ACK for chunk 9638
2025/04/30 15:22:57 Received ACK for chunk 9639/10240
Received chunk 9640/10240: fixtures/large_file.bin
2025/04/30 15:22:57 Sent ACK for chunk 9639
2025/04/30 15:22:57 Received ACK for chunk 9640/10240
Received chunk 9641/10240: fixtures/large_file.bin
2025/04/30 15:22:57 Sent ACK for chunk 9640
2025/04/30 15:22:57 Received ACK for chunk 9641/10240
Received chunk 9642/10240: fixtures/large_file.bin
2025/04/30 15:22:57 Sent ACK for chunk 9641
2025/04/30 15:22:57 Received ACK for chunk 9642/10240
Received chunk 9643/10240: fixtures/large_file.bin
2025/04/30 15:22:57 Sent ACK for chunk 9642
2025/04/30 15:22:57 Received ACK for chunk 9643/10240
Received chunk 9644/10240: fixtures/large_file.bin
2025/04/30 15:22:57 Sent ACK for chunk 9643
2025/04/30 15:22:57 Received ACK for chunk 9644/10240
Received chunk 9645/10240: fixtures/large_file.bin
2025/04/30 15:22:57 Sent ACK for chunk 9644
2025/04/30 15:22:57 Received ACK for chunk 9645/10240
Received chunk 9646/10240: fixtures/large_file.bin
2025/04/30 15:22:57 Sent ACK for chunk 9645
2025/04/30 15:22:57 Received ACK for chunk 9646/10240
Received chunk 9647/10240: fixtures/large_file.bin
2025/04/30 15:22:57 Sent ACK for chunk 9646
2025/04/30 15:22:57 Received ACK for chunk 9647/10240
Received chunk 9648/10240: fixtures/large_file.bin
2025/04/30 15:22:57 Sent ACK for chunk 9647
2025/04/30 15:22:57 Received ACK for chunk 9648/10240
Received chunk 9649/10240: fixtures/large_file.bin
2025/04/30 15:22:57 Sent ACK for chunk 9648
2025/04/30 15:22:57 Received ACK for chunk 9649/10240
Received chunk 9650/10240: fixtures/large_file.bin
2025/04/30 15:22:57 Sent ACK for chunk 9649
2025/04/30 15:22:57 Received ACK for chunk 9650/10240
Received chunk 9651/10240: fixtures/large_file.bin
2025/04/30 15:22:57 Sent ACK for chunk 9650
2025/04/30 15:22:57 Received ACK for chunk 9651/10240
Received chunk 9652/10240: fixtures/large_file.bin
2025/04/30 15:22:57 Sent ACK for chunk 9651
2025/04/30 15:22:57 Received ACK for chunk 9652/10240
Received chunk 9653/10240: fixtures/large_file.bin
2025/04/30 15:22:57 Sent ACK for chunk 9652
2025/04/30 15:22:57 Received ACK for chunk 9653/10240
Received chunk 9654/10240: fixtures/large_file.bin
2025/04/30 15:22:57 Sent ACK for chunk 9653
2025/04/30 15:22:57 Received ACK for chunk 9654/10240
Received chunk 9655/10240: fixtures/large_file.bin
2025/04/30 15:22:57 Sent ACK for chunk 9654
2025/04/30 15:22:57 Received ACK for chunk 9655/10240
Received chunk 9656/10240: fixtures/large_file.bin
2025/04/30 15:22:57 Sent ACK for chunk 9655
2025/04/30 15:22:57 Received ACK for chunk 9656/10240
Received chunk 9657/10240: fixtures/large_file.bin
2025/04/30 15:22:57 Sent ACK for chunk 9656
2025/04/30 15:22:57 Received ACK for chunk 9657/10240
Received chunk 9658/10240: fixtures/large_file.bin
2025/04/30 15:22:57 Sent ACK for chunk 9657
2025/04/30 15:22:57 Received ACK for chunk 9658/10240
Received chunk 9659/10240: fixtures/large_file.bin
2025/04/30 15:22:57 Sent ACK for chunk 9658
2025/04/30 15:22:57 Received ACK for chunk 9659/10240
Received chunk 9660/10240: fixtures/large_file.bin
2025/04/30 15:22:57 Sent ACK for chunk 9659
2025/04/30 15:22:57 Received ACK for chunk 9660/10240
Received chunk 9661/10240: fixtures/large_file.bin
2025/04/30 15:22:57 Sent ACK for chunk 9660
2025/04/30 15:22:57 Received ACK for chunk 9661/10240
Received chunk 9662/10240: fixtures/large_file.bin
2025/04/30 15:22:57 Sent ACK for chunk 9661
2025/04/30 15:22:57 Received ACK for chunk 9662/10240
Received chunk 9663/10240: fixtures/large_file.bin
2025/04/30 15:22:57 Sent ACK for chunk 9662
2025/04/30 15:22:57 Received ACK for chunk 9663/10240
Received chunk 9664/10240: fixtures/large_file.bin
2025/04/30 15:22:57 Sent ACK for chunk 9663
2025/04/30 15:22:57 Received ACK for chunk 9664/10240
Received chunk 9665/10240: fixtures/large_file.bin
2025/04/30 15:22:57 Sent ACK for chunk 9664
2025/04/30 15:22:57 Received ACK for chunk 9665/10240
Received chunk 9666/10240: fixtures/large_file.bin
2025/04/30 15:22:57 Sent ACK for chunk 9665
2025/04/30 15:22:57 Received ACK for chunk 9666/10240
Received chunk 9667/10240: fixtures/large_file.bin
2025/04/30 15:22:57 Sent ACK for chunk 9666
2025/04/30 15:22:57 Received ACK for chunk 9667/10240
Received chunk 9668/10240: fixtures/large_file.bin
2025/04/30 15:22:57 Sent ACK for chunk 9667
2025/04/30 15:22:57 Received ACK for chunk 9668/10240
Received chunk 9669/10240: fixtures/large_file.bin
2025/04/30 15:22:57 Sent ACK for chunk 9668
2025/04/30 15:22:57 Received ACK for chunk 9669/10240
Received chunk 9670/10240: fixtures/large_file.bin
2025/04/30 15:22:57 Sent ACK for chunk 9669
2025/04/30 15:22:57 Received ACK for chunk 9670/10240
Received chunk 9671/10240: fixtures/large_file.bin
2025/04/30 15:22:57 Sent ACK for chunk 9670
2025/04/30 15:22:57 Received ACK for chunk 9671/10240
Received chunk 9672/10240: fixtures/large_file.bin
2025/04/30 15:22:57 Sent ACK for chunk 9671
2025/04/30 15:22:57 Received ACK for chunk 9672/10240
Received chunk 9673/10240: fixtures/large_file.bin
2025/04/30 15:22:57 Sent ACK for chunk 9672
2025/04/30 15:22:57 Received ACK for chunk 9673/10240
Received chunk 9674/10240: fixtures/large_file.bin
2025/04/30 15:22:57 Sent ACK for chunk 9673
2025/04/30 15:22:57 Received ACK for chunk 9674/10240
Received chunk 9675/10240: fixtures/large_file.bin
2025/04/30 15:22:57 Sent ACK for chunk 9674
2025/04/30 15:22:57 Received ACK for chunk 9675/10240
Received chunk 9676/10240: fixtures/large_file.bin
2025/04/30 15:22:57 Sent ACK for chunk 9675
2025/04/30 15:22:57 Received ACK for chunk 9676/10240
Received chunk 9677/10240: fixtures/large_file.bin
2025/04/30 15:22:57 Sent ACK for chunk 9676
2025/04/30 15:22:57 Received ACK for chunk 9677/10240
Received chunk 9678/10240: fixtures/large_file.bin
2025/04/30 15:22:57 Sent ACK for chunk 9677
2025/04/30 15:22:57 Received ACK for chunk 9678/10240
Received chunk 9679/10240: fixtures/large_file.bin
2025/04/30 15:22:57 Sent ACK for chunk 9678
2025/04/30 15:22:57 Received ACK for chunk 9679/10240
Received chunk 9680/10240: fixtures/large_file.bin
2025/04/30 15:22:57 Sent ACK for chunk 9679
2025/04/30 15:22:57 Received ACK for chunk 9680/10240
Received chunk 9681/10240: fixtures/large_file.bin
2025/04/30 15:22:57 Sent ACK for chunk 9680
2025/04/30 15:22:57 Received ACK for chunk 9681/10240
Received chunk 9682/10240: fixtures/large_file.bin
2025/04/30 15:22:57 Sent ACK for chunk 9681
2025/04/30 15:22:57 Received ACK for chunk 9682/10240
Received chunk 9683/10240: fixtures/large_file.bin
2025/04/30 15:22:57 Sent ACK for chunk 9682
2025/04/30 15:22:57 Received ACK for chunk 9683/10240
Received chunk 9684/10240: fixtures/large_file.bin
2025/04/30 15:22:57 Sent ACK for chunk 9683
2025/04/30 15:22:57 Received ACK for chunk 9684/10240
Received chunk 9685/10240: fixtures/large_file.bin
2025/04/30 15:22:57 Sent ACK for chunk 9684
2025/04/30 15:22:57 Received ACK for chunk 9685/10240
Received chunk 9686/10240: fixtures/large_file.bin
2025/04/30 15:22:57 Sent ACK for chunk 9685
2025/04/30 15:22:57 Received ACK for chunk 9686/10240
Received chunk 9687/10240: fixtures/large_file.bin
2025/04/30 15:22:57 Sent ACK for chunk 9686
2025/04/30 15:22:57 Received ACK for chunk 9687/10240
Received chunk 9688/10240: fixtures/large_file.bin
2025/04/30 15:22:57 Sent ACK for chunk 9687
2025/04/30 15:22:57 Received ACK for chunk 9688/10240
Received chunk 9689/10240: fixtures/large_file.bin
2025/04/30 15:22:57 Sent ACK for chunk 9688
2025/04/30 15:22:57 Received ACK for chunk 9689/10240
Received chunk 9690/10240: fixtures/large_file.bin
2025/04/30 15:22:57 Sent ACK for chunk 9689
2025/04/30 15:22:57 Received ACK for chunk 9690/10240
Received chunk 9691/10240: fixtures/large_file.bin
2025/04/30 15:22:57 Sent ACK for chunk 9690
2025/04/30 15:22:57 Received ACK for chunk 9691/10240
Received chunk 9692/10240: fixtures/large_file.bin
2025/04/30 15:22:57 Sent ACK for chunk 9691
2025/04/30 15:22:57 Received ACK for chunk 9692/10240
Received chunk 9693/10240: fixtures/large_file.bin
2025/04/30 15:22:57 Sent ACK for chunk 9692
2025/04/30 15:22:57 Received ACK for chunk 9693/10240
Received chunk 9694/10240: fixtures/large_file.bin
2025/04/30 15:22:57 Sent ACK for chunk 9693
2025/04/30 15:22:57 Received ACK for chunk 9694/10240
Received chunk 9695/10240: fixtures/large_file.bin
2025/04/30 15:22:57 Sent ACK for chunk 9694
2025/04/30 15:22:57 Received ACK for chunk 9695/10240
Received chunk 9696/10240: fixtures/large_file.bin
2025/04/30 15:22:57 Sent ACK for chunk 9695
2025/04/30 15:22:57 Received ACK for chunk 9696/10240
Received chunk 9697/10240: fixtures/large_file.bin
2025/04/30 15:22:57 Sent ACK for chunk 9696
2025/04/30 15:22:57 Received ACK for chunk 9697/10240
Received chunk 9698/10240: fixtures/large_file.bin
2025/04/30 15:22:57 Sent ACK for chunk 9697
2025/04/30 15:22:57 Received ACK for chunk 9698/10240
Received chunk 9699/10240: fixtures/large_file.bin
2025/04/30 15:22:57 Sent ACK for chunk 9698
2025/04/30 15:22:57 Received ACK for chunk 9699/10240
Received chunk 9700/10240: fixtures/large_file.bin
2025/04/30 15:22:57 Sent ACK for chunk 9699
2025/04/30 15:22:57 Received ACK for chunk 9700/10240
Received chunk 9701/10240: fixtures/large_file.bin
2025/04/30 15:22:57 Sent ACK for chunk 9700
2025/04/30 15:22:57 Received ACK for chunk 9701/10240
Received chunk 9702/10240: fixtures/large_file.bin
2025/04/30 15:22:57 Sent ACK for chunk 9701
2025/04/30 15:22:57 Received ACK for chunk 9702/10240
Received chunk 9703/10240: fixtures/large_file.bin
2025/04/30 15:22:57 Sent ACK for chunk 9702
2025/04/30 15:22:57 Received ACK for chunk 9703/10240
Received chunk 9704/10240: fixtures/large_file.bin
2025/04/30 15:22:57 Sent ACK for chunk 9703
2025/04/30 15:22:57 Received ACK for chunk 9704/10240
Received chunk 9705/10240: fixtures/large_file.bin
2025/04/30 15:22:57 Sent ACK for chunk 9704
2025/04/30 15:22:57 Received ACK for chunk 9705/10240
Received chunk 9706/10240: fixtures/large_file.bin
2025/04/30 15:22:57 Sent ACK for chunk 9705
2025/04/30 15:22:57 Received ACK for chunk 9706/10240
Received chunk 9707/10240: fixtures/large_file.bin
2025/04/30 15:22:57 Sent ACK for chunk 9706
2025/04/30 15:22:57 Received ACK for chunk 9707/10240
Received chunk 9708/10240: fixtures/large_file.bin
2025/04/30 15:22:57 Sent ACK for chunk 9707
2025/04/30 15:22:57 Received ACK for chunk 9708/10240
Received chunk 9709/10240: fixtures/large_file.bin
2025/04/30 15:22:57 Sent ACK for chunk 9708
2025/04/30 15:22:57 Received ACK for chunk 9709/10240
Received chunk 9710/10240: fixtures/large_file.bin
2025/04/30 15:22:57 Sent ACK for chunk 9709
2025/04/30 15:22:57 Received ACK for chunk 9710/10240
Received chunk 9711/10240: fixtures/large_file.bin
2025/04/30 15:22:57 Sent ACK for chunk 9710
2025/04/30 15:22:57 Received ACK for chunk 9711/10240
Received chunk 9712/10240: fixtures/large_file.bin
2025/04/30 15:22:57 Sent ACK for chunk 9711
2025/04/30 15:22:57 Received ACK for chunk 9712/10240
Received chunk 9713/10240: fixtures/large_file.bin
2025/04/30 15:22:57 Sent ACK for chunk 9712
2025/04/30 15:22:57 Received ACK for chunk 9713/10240
Received chunk 9714/10240: fixtures/large_file.bin
2025/04/30 15:22:57 Sent ACK for chunk 9713
2025/04/30 15:22:57 Received ACK for chunk 9714/10240
Received chunk 9715/10240: fixtures/large_file.bin
2025/04/30 15:22:57 Sent ACK for chunk 9714
2025/04/30 15:22:57 Received ACK for chunk 9715/10240
Received chunk 9716/10240: fixtures/large_file.bin
2025/04/30 15:22:57 Sent ACK for chunk 9715
2025/04/30 15:22:57 Received ACK for chunk 9716/10240
Received chunk 9717/10240: fixtures/large_file.bin
2025/04/30 15:22:57 Sent ACK for chunk 9716
2025/04/30 15:22:57 Received ACK for chunk 9717/10240
Received chunk 9718/10240: fixtures/large_file.bin
2025/04/30 15:22:57 Sent ACK for chunk 9717
2025/04/30 15:22:57 Received ACK for chunk 9718/10240
Received chunk 9719/10240: fixtures/large_file.bin
2025/04/30 15:22:57 Sent ACK for chunk 9718
2025/04/30 15:22:57 Received ACK for chunk 9719/10240
Received chunk 9720/10240: fixtures/large_file.bin
2025/04/30 15:22:57 Sent ACK for chunk 9719
2025/04/30 15:22:57 Received ACK for chunk 9720/10240
Received chunk 9721/10240: fixtures/large_file.bin
2025/04/30 15:22:57 Sent ACK for chunk 9720
2025/04/30 15:22:57 Received ACK for chunk 9721/10240
Received chunk 9722/10240: fixtures/large_file.bin
2025/04/30 15:22:57 Sent ACK for chunk 9721
2025/04/30 15:22:57 Received ACK for chunk 9722/10240
Received chunk 9723/10240: fixtures/large_file.bin
2025/04/30 15:22:57 Sent ACK for chunk 9722
2025/04/30 15:22:57 Received ACK for chunk 9723/10240
Received chunk 9724/10240: fixtures/large_file.bin
2025/04/30 15:22:57 Sent ACK for chunk 9723
2025/04/30 15:22:57 Received ACK for chunk 9724/10240
Received chunk 9725/10240: fixtures/large_file.bin
2025/04/30 15:22:57 Sent ACK for chunk 9724
2025/04/30 15:22:57 Received ACK for chunk 9725/10240
Received chunk 9726/10240: fixtures/large_file.bin
2025/04/30 15:22:57 Sent ACK for chunk 9725
2025/04/30 15:22:57 Received ACK for chunk 9726/10240
Received chunk 9727/10240: fixtures/large_file.bin
2025/04/30 15:22:57 Sent ACK for chunk 9726
2025/04/30 15:22:57 Received ACK for chunk 9727/10240
Received chunk 9728/10240: fixtures/large_file.bin
2025/04/30 15:22:57 Sent ACK for chunk 9727
2025/04/30 15:22:57 Received ACK for chunk 9728/10240
Received chunk 9729/10240: fixtures/large_file.bin
2025/04/30 15:22:57 Sent ACK for chunk 9728
2025/04/30 15:22:57 Received ACK for chunk 9729/10240
Received chunk 9730/10240: fixtures/large_file.bin
2025/04/30 15:22:57 Sent ACK for chunk 9729
2025/04/30 15:22:57 Received ACK for chunk 9730/10240
Received chunk 9731/10240: fixtures/large_file.bin
2025/04/30 15:22:57 Sent ACK for chunk 9730
2025/04/30 15:22:57 Received ACK for chunk 9731/10240
Received chunk 9732/10240: fixtures/large_file.bin
2025/04/30 15:22:57 Sent ACK for chunk 9731
2025/04/30 15:22:57 Received ACK for chunk 9732/10240
Received chunk 9733/10240: fixtures/large_file.bin
2025/04/30 15:22:57 Sent ACK for chunk 9732
2025/04/30 15:22:57 Received ACK for chunk 9733/10240
Received chunk 9734/10240: fixtures/large_file.bin
2025/04/30 15:22:57 Sent ACK for chunk 9733
2025/04/30 15:22:57 Received ACK for chunk 9734/10240
Received chunk 9735/10240: fixtures/large_file.bin
2025/04/30 15:22:57 Sent ACK for chunk 9734
2025/04/30 15:22:57 Received ACK for chunk 9735/10240
Received chunk 9736/10240: fixtures/large_file.bin
2025/04/30 15:22:57 Sent ACK for chunk 9735
2025/04/30 15:22:57 Received ACK for chunk 9736/10240
Received chunk 9737/10240: fixtures/large_file.bin
2025/04/30 15:22:57 Sent ACK for chunk 9736
2025/04/30 15:22:57 Received ACK for chunk 9737/10240
Received chunk 9738/10240: fixtures/large_file.bin
2025/04/30 15:22:57 Sent ACK for chunk 9737
2025/04/30 15:22:57 Received ACK for chunk 9738/10240
Received chunk 9739/10240: fixtures/large_file.bin
2025/04/30 15:22:57 Sent ACK for chunk 9738
2025/04/30 15:22:57 Received ACK for chunk 9739/10240
Received chunk 9740/10240: fixtures/large_file.bin
2025/04/30 15:22:57 Sent ACK for chunk 9739
2025/04/30 15:22:57 Received ACK for chunk 9740/10240
Received chunk 9741/10240: fixtures/large_file.bin
2025/04/30 15:22:57 Sent ACK for chunk 9740
2025/04/30 15:22:57 Received ACK for chunk 9741/10240
Received chunk 9742/10240: fixtures/large_file.bin
2025/04/30 15:22:57 Sent ACK for chunk 9741
2025/04/30 15:22:57 Received ACK for chunk 9742/10240
Received chunk 9743/10240: fixtures/large_file.bin
2025/04/30 15:22:57 Sent ACK for chunk 9742
2025/04/30 15:22:57 Received ACK for chunk 9743/10240
Received chunk 9744/10240: fixtures/large_file.bin
2025/04/30 15:22:57 Sent ACK for chunk 9743
2025/04/30 15:22:57 Received ACK for chunk 9744/10240
Received chunk 9745/10240: fixtures/large_file.bin
2025/04/30 15:22:57 Sent ACK for chunk 9744
2025/04/30 15:22:57 Received ACK for chunk 9745/10240
Received chunk 9746/10240: fixtures/large_file.bin
2025/04/30 15:22:57 Sent ACK for chunk 9745
2025/04/30 15:22:57 Received ACK for chunk 9746/10240
Received chunk 9747/10240: fixtures/large_file.bin
2025/04/30 15:22:57 Sent ACK for chunk 9746
2025/04/30 15:22:57 Received ACK for chunk 9747/10240
Received chunk 9748/10240: fixtures/large_file.bin
2025/04/30 15:22:57 Sent ACK for chunk 9747
2025/04/30 15:22:57 Received ACK for chunk 9748/10240
Received chunk 9749/10240: fixtures/large_file.bin
2025/04/30 15:22:57 Sent ACK for chunk 9748
2025/04/30 15:22:57 Received ACK for chunk 9749/10240
Received chunk 9750/10240: fixtures/large_file.bin
2025/04/30 15:22:57 Sent ACK for chunk 9749
2025/04/30 15:22:57 Received ACK for chunk 9750/10240
Received chunk 9751/10240: fixtures/large_file.bin
2025/04/30 15:22:57 Sent ACK for chunk 9750
2025/04/30 15:22:57 Received ACK for chunk 9751/10240
Received chunk 9752/10240: fixtures/large_file.bin
2025/04/30 15:22:57 Sent ACK for chunk 9751
2025/04/30 15:22:57 Received ACK for chunk 9752/10240
Received chunk 9753/10240: fixtures/large_file.bin
2025/04/30 15:22:57 Sent ACK for chunk 9752
2025/04/30 15:22:57 Received ACK for chunk 9753/10240
Received chunk 9754/10240: fixtures/large_file.bin
2025/04/30 15:22:57 Sent ACK for chunk 9753
2025/04/30 15:22:57 Received ACK for chunk 9754/10240
Received chunk 9755/10240: fixtures/large_file.bin
2025/04/30 15:22:57 Sent ACK for chunk 9754
2025/04/30 15:22:57 Received ACK for chunk 9755/10240
Received chunk 9756/10240: fixtures/large_file.bin
2025/04/30 15:22:57 Sent ACK for chunk 9755
2025/04/30 15:22:57 Received ACK for chunk 9756/10240
Received chunk 9757/10240: fixtures/large_file.bin
2025/04/30 15:22:57 Sent ACK for chunk 9756
2025/04/30 15:22:57 Received ACK for chunk 9757/10240
Received chunk 9758/10240: fixtures/large_file.bin
2025/04/30 15:22:57 Sent ACK for chunk 9757
2025/04/30 15:22:57 Received ACK for chunk 9758/10240
Received chunk 9759/10240: fixtures/large_file.bin
2025/04/30 15:22:57 Sent ACK for chunk 9758
2025/04/30 15:22:57 Received ACK for chunk 9759/10240
Received chunk 9760/10240: fixtures/large_file.bin
2025/04/30 15:22:57 Sent ACK for chunk 9759
2025/04/30 15:22:57 Received ACK for chunk 9760/10240
Received chunk 9761/10240: fixtures/large_file.bin
2025/04/30 15:22:57 Sent ACK for chunk 9760
2025/04/30 15:22:57 Received ACK for chunk 9761/10240
Received chunk 9762/10240: fixtures/large_file.bin
2025/04/30 15:22:57 Sent ACK for chunk 9761
2025/04/30 15:22:57 Received ACK for chunk 9762/10240
Received chunk 9763/10240: fixtures/large_file.bin
2025/04/30 15:22:57 Sent ACK for chunk 9762
2025/04/30 15:22:57 Received ACK for chunk 9763/10240
Received chunk 9764/10240: fixtures/large_file.bin
2025/04/30 15:22:57 Sent ACK for chunk 9763
2025/04/30 15:22:57 Received ACK for chunk 9764/10240
Received chunk 9765/10240: fixtures/large_file.bin
2025/04/30 15:22:57 Sent ACK for chunk 9764
2025/04/30 15:22:57 Received ACK for chunk 9765/10240
Received chunk 9766/10240: fixtures/large_file.bin
2025/04/30 15:22:57 Sent ACK for chunk 9765
2025/04/30 15:22:57 Received ACK for chunk 9766/10240
Received chunk 9767/10240: fixtures/large_file.bin
2025/04/30 15:22:57 Sent ACK for chunk 9766
2025/04/30 15:22:57 Received ACK for chunk 9767/10240
Received chunk 9768/10240: fixtures/large_file.bin
2025/04/30 15:22:57 Sent ACK for chunk 9767
2025/04/30 15:22:57 Received ACK for chunk 9768/10240
Received chunk 9769/10240: fixtures/large_file.bin
2025/04/30 15:22:57 Sent ACK for chunk 9768
2025/04/30 15:22:57 Received ACK for chunk 9769/10240
Received chunk 9770/10240: fixtures/large_file.bin
2025/04/30 15:22:57 Sent ACK for chunk 9769
2025/04/30 15:22:57 Received ACK for chunk 9770/10240
Received chunk 9771/10240: fixtures/large_file.bin
2025/04/30 15:22:57 Sent ACK for chunk 9770
2025/04/30 15:22:57 Received ACK for chunk 9771/10240
Received chunk 9772/10240: fixtures/large_file.bin
2025/04/30 15:22:57 Sent ACK for chunk 9771
2025/04/30 15:22:57 Received ACK for chunk 9772/10240
Received chunk 9773/10240: fixtures/large_file.bin
2025/04/30 15:22:57 Sent ACK for chunk 9772
2025/04/30 15:22:57 Received ACK for chunk 9773/10240
Received chunk 9774/10240: fixtures/large_file.bin
2025/04/30 15:22:57 Sent ACK for chunk 9773
2025/04/30 15:22:57 Received ACK for chunk 9774/10240
Received chunk 9775/10240: fixtures/large_file.bin
2025/04/30 15:22:57 Sent ACK for chunk 9774
2025/04/30 15:22:57 Received ACK for chunk 9775/10240
Received chunk 9776/10240: fixtures/large_file.bin
2025/04/30 15:22:57 Sent ACK for chunk 9775
2025/04/30 15:22:57 Received ACK for chunk 9776/10240
Received chunk 9777/10240: fixtures/large_file.bin
2025/04/30 15:22:57 Sent ACK for chunk 9776
2025/04/30 15:22:57 Received ACK for chunk 9777/10240
Received chunk 9778/10240: fixtures/large_file.bin
2025/04/30 15:22:57 Sent ACK for chunk 9777
2025/04/30 15:22:57 Received ACK for chunk 9778/10240
Received chunk 9779/10240: fixtures/large_file.bin
2025/04/30 15:22:57 Sent ACK for chunk 9778
2025/04/30 15:22:57 Received ACK for chunk 9779/10240
Received chunk 9780/10240: fixtures/large_file.bin
2025/04/30 15:22:57 Sent ACK for chunk 9779
2025/04/30 15:22:57 Received ACK for chunk 9780/10240
Received chunk 9781/10240: fixtures/large_file.bin
2025/04/30 15:22:57 Sent ACK for chunk 9780
2025/04/30 15:22:57 Received ACK for chunk 9781/10240
Received chunk 9782/10240: fixtures/large_file.bin
2025/04/30 15:22:57 Sent ACK for chunk 9781
2025/04/30 15:22:57 Received ACK for chunk 9782/10240
Received chunk 9783/10240: fixtures/large_file.bin
2025/04/30 15:22:57 Sent ACK for chunk 9782
2025/04/30 15:22:57 Received ACK for chunk 9783/10240
Received chunk 9784/10240: fixtures/large_file.bin
2025/04/30 15:22:57 Sent ACK for chunk 9783
2025/04/30 15:22:57 Received ACK for chunk 9784/10240
Received chunk 9785/10240: fixtures/large_file.bin
2025/04/30 15:22:57 Sent ACK for chunk 9784
2025/04/30 15:22:57 Received ACK for chunk 9785/10240
Received chunk 9786/10240: fixtures/large_file.bin
2025/04/30 15:22:57 Sent ACK for chunk 9785
2025/04/30 15:22:57 Received ACK for chunk 9786/10240
Received chunk 9787/10240: fixtures/large_file.bin
2025/04/30 15:22:57 Sent ACK for chunk 9786
2025/04/30 15:22:57 Received ACK for chunk 9787/10240
Received chunk 9788/10240: fixtures/large_file.bin
2025/04/30 15:22:57 Sent ACK for chunk 9787
2025/04/30 15:22:57 Received ACK for chunk 9788/10240
Received chunk 9789/10240: fixtures/large_file.bin
2025/04/30 15:22:57 Sent ACK for chunk 9788
2025/04/30 15:22:57 Received ACK for chunk 9789/10240
Received chunk 9790/10240: fixtures/large_file.bin
2025/04/30 15:22:57 Sent ACK for chunk 9789
2025/04/30 15:22:57 Received ACK for chunk 9790/10240
Received chunk 9791/10240: fixtures/large_file.bin
2025/04/30 15:22:57 Sent ACK for chunk 9790
2025/04/30 15:22:57 Received ACK for chunk 9791/10240
Received chunk 9792/10240: fixtures/large_file.bin
2025/04/30 15:22:57 Sent ACK for chunk 9791
2025/04/30 15:22:57 Received ACK for chunk 9792/10240
Received chunk 9793/10240: fixtures/large_file.bin
2025/04/30 15:22:57 Sent ACK for chunk 9792
2025/04/30 15:22:57 Received ACK for chunk 9793/10240
Received chunk 9794/10240: fixtures/large_file.bin
2025/04/30 15:22:57 Sent ACK for chunk 9793
2025/04/30 15:22:57 Received ACK for chunk 9794/10240
Received chunk 9795/10240: fixtures/large_file.bin
2025/04/30 15:22:57 Sent ACK for chunk 9794
2025/04/30 15:22:57 Received ACK for chunk 9795/10240
Received chunk 9796/10240: fixtures/large_file.bin
2025/04/30 15:22:57 Sent ACK for chunk 9795
2025/04/30 15:22:57 Received ACK for chunk 9796/10240
Received chunk 9797/10240: fixtures/large_file.bin
2025/04/30 15:22:57 Sent ACK for chunk 9796
2025/04/30 15:22:57 Received ACK for chunk 9797/10240
Received chunk 9798/10240: fixtures/large_file.bin
2025/04/30 15:22:57 Sent ACK for chunk 9797
2025/04/30 15:22:57 Received ACK for chunk 9798/10240
Received chunk 9799/10240: fixtures/large_file.bin
2025/04/30 15:22:57 Sent ACK for chunk 9798
2025/04/30 15:22:57 Received ACK for chunk 9799/10240
Received chunk 9800/10240: fixtures/large_file.bin
2025/04/30 15:22:57 Sent ACK for chunk 9799
2025/04/30 15:22:57 Received ACK for chunk 9800/10240
Received chunk 9801/10240: fixtures/large_file.bin
2025/04/30 15:22:57 Sent ACK for chunk 9800
2025/04/30 15:22:57 Received ACK for chunk 9801/10240
Received chunk 9802/10240: fixtures/large_file.bin
2025/04/30 15:22:57 Sent ACK for chunk 9801
2025/04/30 15:22:57 Received ACK for chunk 9802/10240
Received chunk 9803/10240: fixtures/large_file.bin
2025/04/30 15:22:57 Sent ACK for chunk 9802
2025/04/30 15:22:57 Received ACK for chunk 9803/10240
Received chunk 9804/10240: fixtures/large_file.bin
2025/04/30 15:22:57 Sent ACK for chunk 9803
2025/04/30 15:22:57 Received ACK for chunk 9804/10240
Received chunk 9805/10240: fixtures/large_file.bin
2025/04/30 15:22:57 Sent ACK for chunk 9804
2025/04/30 15:22:57 Received ACK for chunk 9805/10240
Received chunk 9806/10240: fixtures/large_file.bin
2025/04/30 15:22:57 Sent ACK for chunk 9805
2025/04/30 15:22:57 Received ACK for chunk 9806/10240
Received chunk 9807/10240: fixtures/large_file.bin
2025/04/30 15:22:57 Sent ACK for chunk 9806
2025/04/30 15:22:57 Received ACK for chunk 9807/10240
Received chunk 9808/10240: fixtures/large_file.bin
2025/04/30 15:22:57 Sent ACK for chunk 9807
2025/04/30 15:22:57 Received ACK for chunk 9808/10240
Received chunk 9809/10240: fixtures/large_file.bin
2025/04/30 15:22:57 Sent ACK for chunk 9808
2025/04/30 15:22:57 Received ACK for chunk 9809/10240
Received chunk 9810/10240: fixtures/large_file.bin
2025/04/30 15:22:57 Sent ACK for chunk 9809
2025/04/30 15:22:57 Received ACK for chunk 9810/10240
Received chunk 9811/10240: fixtures/large_file.bin
2025/04/30 15:22:57 Sent ACK for chunk 9810
2025/04/30 15:22:57 Received ACK for chunk 9811/10240
Received chunk 9812/10240: fixtures/large_file.bin
2025/04/30 15:22:57 Sent ACK for chunk 9811
2025/04/30 15:22:57 Received ACK for chunk 9812/10240
Received chunk 9813/10240: fixtures/large_file.bin
2025/04/30 15:22:57 Sent ACK for chunk 9812
2025/04/30 15:22:57 Received ACK for chunk 9813/10240
Received chunk 9814/10240: fixtures/large_file.bin
2025/04/30 15:22:57 Sent ACK for chunk 9813
2025/04/30 15:22:57 Received ACK for chunk 9814/10240
Received chunk 9815/10240: fixtures/large_file.bin
2025/04/30 15:22:57 Sent ACK for chunk 9814
2025/04/30 15:22:57 Received ACK for chunk 9815/10240
Received chunk 9816/10240: fixtures/large_file.bin
2025/04/30 15:22:57 Sent ACK for chunk 9815
2025/04/30 15:22:57 Received ACK for chunk 9816/10240
Received chunk 9817/10240: fixtures/large_file.bin
2025/04/30 15:22:57 Sent ACK for chunk 9816
2025/04/30 15:22:57 Received ACK for chunk 9817/10240
Received chunk 9818/10240: fixtures/large_file.bin
2025/04/30 15:22:57 Sent ACK for chunk 9817
2025/04/30 15:22:57 Received ACK for chunk 9818/10240
Received chunk 9819/10240: fixtures/large_file.bin
2025/04/30 15:22:57 Sent ACK for chunk 9818
2025/04/30 15:22:57 Received ACK for chunk 9819/10240
Received chunk 9820/10240: fixtures/large_file.bin
2025/04/30 15:22:57 Sent ACK for chunk 9819
2025/04/30 15:22:57 Received ACK for chunk 9820/10240
Received chunk 9821/10240: fixtures/large_file.bin
2025/04/30 15:22:57 Sent ACK for chunk 9820
2025/04/30 15:22:57 Received ACK for chunk 9821/10240
Received chunk 9822/10240: fixtures/large_file.bin
2025/04/30 15:22:57 Sent ACK for chunk 9821
2025/04/30 15:22:57 Received ACK for chunk 9822/10240
Received chunk 9823/10240: fixtures/large_file.bin
2025/04/30 15:22:57 Sent ACK for chunk 9822
2025/04/30 15:22:57 Received ACK for chunk 9823/10240
Received chunk 9824/10240: fixtures/large_file.bin
2025/04/30 15:22:57 Sent ACK for chunk 9823
2025/04/30 15:22:57 Received ACK for chunk 9824/10240
Received chunk 9825/10240: fixtures/large_file.bin
2025/04/30 15:22:57 Sent ACK for chunk 9824
2025/04/30 15:22:57 Received ACK for chunk 9825/10240
Received chunk 9826/10240: fixtures/large_file.bin
2025/04/30 15:22:57 Sent ACK for chunk 9825
2025/04/30 15:22:57 Received ACK for chunk 9826/10240
Received chunk 9827/10240: fixtures/large_file.bin
2025/04/30 15:22:57 Sent ACK for chunk 9826
2025/04/30 15:22:57 Received ACK for chunk 9827/10240
Received chunk 9828/10240: fixtures/large_file.bin
2025/04/30 15:22:57 Sent ACK for chunk 9827
2025/04/30 15:22:57 Received ACK for chunk 9828/10240
Received chunk 9829/10240: fixtures/large_file.bin
2025/04/30 15:22:57 Sent ACK for chunk 9828
2025/04/30 15:22:57 Received ACK for chunk 9829/10240
Received chunk 9830/10240: fixtures/large_file.bin
2025/04/30 15:22:57 Sent ACK for chunk 9829
2025/04/30 15:22:57 Received ACK for chunk 9830/10240
Received chunk 9831/10240: fixtures/large_file.bin
2025/04/30 15:22:57 Sent ACK for chunk 9830
2025/04/30 15:22:57 Received ACK for chunk 9831/10240
Received chunk 9832/10240: fixtures/large_file.bin
2025/04/30 15:22:57 Sent ACK for chunk 9831
2025/04/30 15:22:57 Received ACK for chunk 9832/10240
Received chunk 9833/10240: fixtures/large_file.bin
2025/04/30 15:22:57 Sent ACK for chunk 9832
2025/04/30 15:22:57 Received ACK for chunk 9833/10240
Received chunk 9834/10240: fixtures/large_file.bin
2025/04/30 15:22:57 Sent ACK for chunk 9833
2025/04/30 15:22:57 Received ACK for chunk 9834/10240
Received chunk 9835/10240: fixtures/large_file.bin
2025/04/30 15:22:57 Sent ACK for chunk 9834
2025/04/30 15:22:57 Received ACK for chunk 9835/10240
Received chunk 9836/10240: fixtures/large_file.bin
2025/04/30 15:22:57 Sent ACK for chunk 9835
2025/04/30 15:22:57 Received ACK for chunk 9836/10240
Received chunk 9837/10240: fixtures/large_file.bin
2025/04/30 15:22:57 Sent ACK for chunk 9836
2025/04/30 15:22:57 Received ACK for chunk 9837/10240
Received chunk 9838/10240: fixtures/large_file.bin
2025/04/30 15:22:57 Sent ACK for chunk 9837
2025/04/30 15:22:57 Received ACK for chunk 9838/10240
Received chunk 9839/10240: fixtures/large_file.bin
2025/04/30 15:22:57 Sent ACK for chunk 9838
2025/04/30 15:22:57 Received ACK for chunk 9839/10240
Received chunk 9840/10240: fixtures/large_file.bin
2025/04/30 15:22:57 Sent ACK for chunk 9839
2025/04/30 15:22:57 Received ACK for chunk 9840/10240
Received chunk 9841/10240: fixtures/large_file.bin
2025/04/30 15:22:57 Sent ACK for chunk 9840
2025/04/30 15:22:57 Received ACK for chunk 9841/10240
Received chunk 9842/10240: fixtures/large_file.bin
2025/04/30 15:22:57 Sent ACK for chunk 9841
2025/04/30 15:22:57 Received ACK for chunk 9842/10240
Received chunk 9843/10240: fixtures/large_file.bin
2025/04/30 15:22:57 Sent ACK for chunk 9842
2025/04/30 15:22:57 Received ACK for chunk 9843/10240
Received chunk 9844/10240: fixtures/large_file.bin
2025/04/30 15:22:57 Sent ACK for chunk 9843
2025/04/30 15:22:57 Received ACK for chunk 9844/10240
Received chunk 9845/10240: fixtures/large_file.bin
2025/04/30 15:22:57 Sent ACK for chunk 9844
2025/04/30 15:22:57 Received ACK for chunk 9845/10240
Received chunk 9846/10240: fixtures/large_file.bin
2025/04/30 15:22:57 Sent ACK for chunk 9845
2025/04/30 15:22:57 Received ACK for chunk 9846/10240
Received chunk 9847/10240: fixtures/large_file.bin
2025/04/30 15:22:57 Sent ACK for chunk 9846
2025/04/30 15:22:57 Received ACK for chunk 9847/10240
Received chunk 9848/10240: fixtures/large_file.bin
2025/04/30 15:22:57 Sent ACK for chunk 9847
2025/04/30 15:22:57 Received ACK for chunk 9848/10240
Received chunk 9849/10240: fixtures/large_file.bin
2025/04/30 15:22:57 Sent ACK for chunk 9848
2025/04/30 15:22:57 Received ACK for chunk 9849/10240
Received chunk 9850/10240: fixtures/large_file.bin
2025/04/30 15:22:57 Sent ACK for chunk 9849
2025/04/30 15:22:57 Received ACK for chunk 9850/10240
Received chunk 9851/10240: fixtures/large_file.bin
2025/04/30 15:22:57 Sent ACK for chunk 9850
2025/04/30 15:22:57 Received ACK for chunk 9851/10240
Received chunk 9852/10240: fixtures/large_file.bin
2025/04/30 15:22:57 Sent ACK for chunk 9851
2025/04/30 15:22:57 Received ACK for chunk 9852/10240
Received chunk 9853/10240: fixtures/large_file.bin
2025/04/30 15:22:57 Sent ACK for chunk 9852
2025/04/30 15:22:57 Received ACK for chunk 9853/10240
Received chunk 9854/10240: fixtures/large_file.bin
2025/04/30 15:22:57 Sent ACK for chunk 9853
2025/04/30 15:22:57 Received ACK for chunk 9854/10240
Received chunk 9855/10240: fixtures/large_file.bin
2025/04/30 15:22:57 Sent ACK for chunk 9854
2025/04/30 15:22:57 Received ACK for chunk 9855/10240
Received chunk 9856/10240: fixtures/large_file.bin
2025/04/30 15:22:57 Sent ACK for chunk 9855
2025/04/30 15:22:57 Received ACK for chunk 9856/10240
Received chunk 9857/10240: fixtures/large_file.bin
2025/04/30 15:22:57 Sent ACK for chunk 9856
2025/04/30 15:22:57 Received ACK for chunk 9857/10240
Received chunk 9858/10240: fixtures/large_file.bin
2025/04/30 15:22:57 Sent ACK for chunk 9857
2025/04/30 15:22:57 Received ACK for chunk 9858/10240
Received chunk 9859/10240: fixtures/large_file.bin
2025/04/30 15:22:57 Sent ACK for chunk 9858
2025/04/30 15:22:57 Received ACK for chunk 9859/10240
Received chunk 9860/10240: fixtures/large_file.bin
2025/04/30 15:22:57 Sent ACK for chunk 9859
2025/04/30 15:22:57 Received ACK for chunk 9860/10240
Received chunk 9861/10240: fixtures/large_file.bin
2025/04/30 15:22:57 Sent ACK for chunk 9860
2025/04/30 15:22:57 Received ACK for chunk 9861/10240
Received chunk 9862/10240: fixtures/large_file.bin
2025/04/30 15:22:57 Sent ACK for chunk 9861
2025/04/30 15:22:57 Received ACK for chunk 9862/10240
Received chunk 9863/10240: fixtures/large_file.bin
2025/04/30 15:22:57 Sent ACK for chunk 9862
2025/04/30 15:22:57 Received ACK for chunk 9863/10240
Received chunk 9864/10240: fixtures/large_file.bin
2025/04/30 15:22:57 Sent ACK for chunk 9863
2025/04/30 15:22:57 Received ACK for chunk 9864/10240
Received chunk 9865/10240: fixtures/large_file.bin
2025/04/30 15:22:57 Sent ACK for chunk 9864
2025/04/30 15:22:57 Received ACK for chunk 9865/10240
Received chunk 9866/10240: fixtures/large_file.bin
2025/04/30 15:22:57 Sent ACK for chunk 9865
2025/04/30 15:22:57 Received ACK for chunk 9866/10240
Received chunk 9867/10240: fixtures/large_file.bin
2025/04/30 15:22:57 Sent ACK for chunk 9866
2025/04/30 15:22:57 Received ACK for chunk 9867/10240
Received chunk 9868/10240: fixtures/large_file.bin
2025/04/30 15:22:57 Sent ACK for chunk 9867
2025/04/30 15:22:57 Received ACK for chunk 9868/10240
Received chunk 9869/10240: fixtures/large_file.bin
2025/04/30 15:22:57 Sent ACK for chunk 9868
2025/04/30 15:22:57 Received ACK for chunk 9869/10240
Received chunk 9870/10240: fixtures/large_file.bin
2025/04/30 15:22:57 Sent ACK for chunk 9869
2025/04/30 15:22:57 Received ACK for chunk 9870/10240
Received chunk 9871/10240: fixtures/large_file.bin
2025/04/30 15:22:57 Sent ACK for chunk 9870
2025/04/30 15:22:57 Received ACK for chunk 9871/10240
Received chunk 9872/10240: fixtures/large_file.bin
2025/04/30 15:22:57 Sent ACK for chunk 9871
2025/04/30 15:22:57 Received ACK for chunk 9872/10240
Received chunk 9873/10240: fixtures/large_file.bin
2025/04/30 15:22:57 Sent ACK for chunk 9872
2025/04/30 15:22:57 Received ACK for chunk 9873/10240
Received chunk 9874/10240: fixtures/large_file.bin
2025/04/30 15:22:57 Sent ACK for chunk 9873
2025/04/30 15:22:57 Received ACK for chunk 9874/10240
Received chunk 9875/10240: fixtures/large_file.bin
2025/04/30 15:22:57 Sent ACK for chunk 9874
2025/04/30 15:22:57 Received ACK for chunk 9875/10240
Received chunk 9876/10240: fixtures/large_file.bin
2025/04/30 15:22:57 Sent ACK for chunk 9875
2025/04/30 15:22:57 Received ACK for chunk 9876/10240
Received chunk 9877/10240: fixtures/large_file.bin
2025/04/30 15:22:57 Sent ACK for chunk 9876
2025/04/30 15:22:57 Received ACK for chunk 9877/10240
Received chunk 9878/10240: fixtures/large_file.bin
2025/04/30 15:22:57 Sent ACK for chunk 9877
2025/04/30 15:22:57 Received ACK for chunk 9878/10240
Received chunk 9879/10240: fixtures/large_file.bin
2025/04/30 15:22:57 Sent ACK for chunk 9878
2025/04/30 15:22:57 Received ACK for chunk 9879/10240
Received chunk 9880/10240: fixtures/large_file.bin
2025/04/30 15:22:57 Sent ACK for chunk 9879
2025/04/30 15:22:57 Received ACK for chunk 9880/10240
Received chunk 9881/10240: fixtures/large_file.bin
2025/04/30 15:22:57 Sent ACK for chunk 9880
2025/04/30 15:22:57 Received ACK for chunk 9881/10240
Received chunk 9882/10240: fixtures/large_file.bin
2025/04/30 15:22:57 Sent ACK for chunk 9881
2025/04/30 15:22:57 Received ACK for chunk 9882/10240
Received chunk 9883/10240: fixtures/large_file.bin
2025/04/30 15:22:57 Sent ACK for chunk 9882
2025/04/30 15:22:57 Received ACK for chunk 9883/10240
Received chunk 9884/10240: fixtures/large_file.bin
2025/04/30 15:22:57 Sent ACK for chunk 9883
2025/04/30 15:22:57 Received ACK for chunk 9884/10240
Received chunk 9885/10240: fixtures/large_file.bin
2025/04/30 15:22:57 Sent ACK for chunk 9884
2025/04/30 15:22:57 Received ACK for chunk 9885/10240
Received chunk 9886/10240: fixtures/large_file.bin
2025/04/30 15:22:57 Sent ACK for chunk 9885
2025/04/30 15:22:57 Received ACK for chunk 9886/10240
Received chunk 9887/10240: fixtures/large_file.bin
2025/04/30 15:22:57 Sent ACK for chunk 9886
2025/04/30 15:22:57 Received ACK for chunk 9887/10240
Received chunk 9888/10240: fixtures/large_file.bin
2025/04/30 15:22:57 Sent ACK for chunk 9887
2025/04/30 15:22:57 Received ACK for chunk 9888/10240
Received chunk 9889/10240: fixtures/large_file.bin
2025/04/30 15:22:57 Sent ACK for chunk 9888
2025/04/30 15:22:57 Received ACK for chunk 9889/10240
Received chunk 9890/10240: fixtures/large_file.bin
2025/04/30 15:22:57 Sent ACK for chunk 9889
2025/04/30 15:22:57 Received ACK for chunk 9890/10240
Received chunk 9891/10240: fixtures/large_file.bin
2025/04/30 15:22:57 Sent ACK for chunk 9890
2025/04/30 15:22:57 Received ACK for chunk 9891/10240
Received chunk 9892/10240: fixtures/large_file.bin
2025/04/30 15:22:57 Sent ACK for chunk 9891
2025/04/30 15:22:57 Received ACK for chunk 9892/10240
Received chunk 9893/10240: fixtures/large_file.bin
2025/04/30 15:22:57 Sent ACK for chunk 9892
2025/04/30 15:22:57 Received ACK for chunk 9893/10240
Received chunk 9894/10240: fixtures/large_file.bin
2025/04/30 15:22:57 Sent ACK for chunk 9893
2025/04/30 15:22:57 Received ACK for chunk 9894/10240
Received chunk 9895/10240: fixtures/large_file.bin
2025/04/30 15:22:57 Sent ACK for chunk 9894
2025/04/30 15:22:57 Received ACK for chunk 9895/10240
Received chunk 9896/10240: fixtures/large_file.bin
2025/04/30 15:22:57 Sent ACK for chunk 9895
2025/04/30 15:22:57 Received ACK for chunk 9896/10240
Received chunk 9897/10240: fixtures/large_file.bin
2025/04/30 15:22:57 Sent ACK for chunk 9896
2025/04/30 15:22:57 Received ACK for chunk 9897/10240
Received chunk 9898/10240: fixtures/large_file.bin
2025/04/30 15:22:57 Sent ACK for chunk 9897
2025/04/30 15:22:57 Received ACK for chunk 9898/10240
Received chunk 9899/10240: fixtures/large_file.bin
2025/04/30 15:22:57 Sent ACK for chunk 9898
2025/04/30 15:22:57 Received ACK for chunk 9899/10240
Received chunk 9900/10240: fixtures/large_file.bin
2025/04/30 15:22:57 Sent ACK for chunk 9899
2025/04/30 15:22:57 Received ACK for chunk 9900/10240
Received chunk 9901/10240: fixtures/large_file.bin
2025/04/30 15:22:57 Sent ACK for chunk 9900
2025/04/30 15:22:57 Received ACK for chunk 9901/10240
Received chunk 9902/10240: fixtures/large_file.bin
2025/04/30 15:22:57 Sent ACK for chunk 9901
2025/04/30 15:22:57 Received ACK for chunk 9902/10240
Received chunk 9903/10240: fixtures/large_file.bin
2025/04/30 15:22:57 Sent ACK for chunk 9902
2025/04/30 15:22:57 Received ACK for chunk 9903/10240
Received chunk 9904/10240: fixtures/large_file.bin
2025/04/30 15:22:57 Sent ACK for chunk 9903
2025/04/30 15:22:57 Received ACK for chunk 9904/10240
Received chunk 9905/10240: fixtures/large_file.bin
2025/04/30 15:22:57 Sent ACK for chunk 9904
2025/04/30 15:22:57 Received ACK for chunk 9905/10240
Received chunk 9906/10240: fixtures/large_file.bin
2025/04/30 15:22:57 Sent ACK for chunk 9905
2025/04/30 15:22:57 Received ACK for chunk 9906/10240
Received chunk 9907/10240: fixtures/large_file.bin
2025/04/30 15:22:57 Sent ACK for chunk 9906
2025/04/30 15:22:57 Received ACK for chunk 9907/10240
Received chunk 9908/10240: fixtures/large_file.bin
2025/04/30 15:22:57 Sent ACK for chunk 9907
2025/04/30 15:22:57 Received ACK for chunk 9908/10240
Received chunk 9909/10240: fixtures/large_file.bin
2025/04/30 15:22:57 Sent ACK for chunk 9908
2025/04/30 15:22:57 Received ACK for chunk 9909/10240
Received chunk 9910/10240: fixtures/large_file.bin
2025/04/30 15:22:57 Sent ACK for chunk 9909
2025/04/30 15:22:57 Received ACK for chunk 9910/10240
Received chunk 9911/10240: fixtures/large_file.bin
2025/04/30 15:22:57 Sent ACK for chunk 9910
2025/04/30 15:22:57 Received ACK for chunk 9911/10240
Received chunk 9912/10240: fixtures/large_file.bin
2025/04/30 15:22:57 Sent ACK for chunk 9911
2025/04/30 15:22:57 Received ACK for chunk 9912/10240
Received chunk 9913/10240: fixtures/large_file.bin
2025/04/30 15:22:57 Sent ACK for chunk 9912
2025/04/30 15:22:57 Received ACK for chunk 9913/10240
Received chunk 9914/10240: fixtures/large_file.bin
2025/04/30 15:22:57 Sent ACK for chunk 9913
2025/04/30 15:22:57 Received ACK for chunk 9914/10240
Received chunk 9915/10240: fixtures/large_file.bin
2025/04/30 15:22:57 Sent ACK for chunk 9914
2025/04/30 15:22:57 Received ACK for chunk 9915/10240
Received chunk 9916/10240: fixtures/large_file.bin
2025/04/30 15:22:57 Sent ACK for chunk 9915
2025/04/30 15:22:57 Received ACK for chunk 9916/10240
Received chunk 9917/10240: fixtures/large_file.bin
2025/04/30 15:22:57 Sent ACK for chunk 9916
2025/04/30 15:22:57 Received ACK for chunk 9917/10240
Received chunk 9918/10240: fixtures/large_file.bin
2025/04/30 15:22:57 Sent ACK for chunk 9917
2025/04/30 15:22:57 Received ACK for chunk 9918/10240
Received chunk 9919/10240: fixtures/large_file.bin
2025/04/30 15:22:57 Sent ACK for chunk 9918
2025/04/30 15:22:57 Received ACK for chunk 9919/10240
Received chunk 9920/10240: fixtures/large_file.bin
2025/04/30 15:22:57 Sent ACK for chunk 9919
2025/04/30 15:22:57 Received ACK for chunk 9920/10240
Received chunk 9921/10240: fixtures/large_file.bin
2025/04/30 15:22:57 Sent ACK for chunk 9920
2025/04/30 15:22:57 Received ACK for chunk 9921/10240
Received chunk 9922/10240: fixtures/large_file.bin
2025/04/30 15:22:57 Sent ACK for chunk 9921
2025/04/30 15:22:57 Received ACK for chunk 9922/10240
Received chunk 9923/10240: fixtures/large_file.bin
2025/04/30 15:22:57 Sent ACK for chunk 9922
2025/04/30 15:22:57 Received ACK for chunk 9923/10240
Received chunk 9924/10240: fixtures/large_file.bin
2025/04/30 15:22:57 Sent ACK for chunk 9923
2025/04/30 15:22:57 Received ACK for chunk 9924/10240
Received chunk 9925/10240: fixtures/large_file.bin
2025/04/30 15:22:57 Sent ACK for chunk 9924
2025/04/30 15:22:57 Received ACK for chunk 9925/10240
Received chunk 9926/10240: fixtures/large_file.bin
2025/04/30 15:22:57 Sent ACK for chunk 9925
2025/04/30 15:22:57 Received ACK for chunk 9926/10240
Received chunk 9927/10240: fixtures/large_file.bin
2025/04/30 15:22:57 Sent ACK for chunk 9926
2025/04/30 15:22:57 Received ACK for chunk 9927/10240
Received chunk 9928/10240: fixtures/large_file.bin
2025/04/30 15:22:57 Sent ACK for chunk 9927
2025/04/30 15:22:57 Received ACK for chunk 9928/10240
Received chunk 9929/10240: fixtures/large_file.bin
2025/04/30 15:22:57 Sent ACK for chunk 9928
2025/04/30 15:22:57 Received ACK for chunk 9929/10240
Received chunk 9930/10240: fixtures/large_file.bin
2025/04/30 15:22:57 Sent ACK for chunk 9929
2025/04/30 15:22:57 Received ACK for chunk 9930/10240
Received chunk 9931/10240: fixtures/large_file.bin
2025/04/30 15:22:57 Sent ACK for chunk 9930
2025/04/30 15:22:57 Received ACK for chunk 9931/10240
Received chunk 9932/10240: fixtures/large_file.bin
2025/04/30 15:22:57 Sent ACK for chunk 9931
2025/04/30 15:22:57 Received ACK for chunk 9932/10240
Received chunk 9933/10240: fixtures/large_file.bin
2025/04/30 15:22:57 Sent ACK for chunk 9932
2025/04/30 15:22:57 Received ACK for chunk 9933/10240
Received chunk 9934/10240: fixtures/large_file.bin
2025/04/30 15:22:57 Sent ACK for chunk 9933
2025/04/30 15:22:57 Received ACK for chunk 9934/10240
Received chunk 9935/10240: fixtures/large_file.bin
2025/04/30 15:22:57 Sent ACK for chunk 9934
2025/04/30 15:22:57 Received ACK for chunk 9935/10240
Received chunk 9936/10240: fixtures/large_file.bin
2025/04/30 15:22:57 Sent ACK for chunk 9935
2025/04/30 15:22:57 Received ACK for chunk 9936/10240
Received chunk 9937/10240: fixtures/large_file.bin
2025/04/30 15:22:57 Sent ACK for chunk 9936
2025/04/30 15:22:57 Received ACK for chunk 9937/10240
Received chunk 9938/10240: fixtures/large_file.bin
2025/04/30 15:22:57 Sent ACK for chunk 9937
2025/04/30 15:22:57 Received ACK for chunk 9938/10240
Received chunk 9939/10240: fixtures/large_file.bin
2025/04/30 15:22:57 Sent ACK for chunk 9938
2025/04/30 15:22:57 Received ACK for chunk 9939/10240
Received chunk 9940/10240: fixtures/large_file.bin
2025/04/30 15:22:57 Sent ACK for chunk 9939
2025/04/30 15:22:57 Received ACK for chunk 9940/10240
Received chunk 9941/10240: fixtures/large_file.bin
2025/04/30 15:22:57 Sent ACK for chunk 9940
2025/04/30 15:22:57 Received ACK for chunk 9941/10240
Received chunk 9942/10240: fixtures/large_file.bin
2025/04/30 15:22:57 Sent ACK for chunk 9941
2025/04/30 15:22:57 Received ACK for chunk 9942/10240
Received chunk 9943/10240: fixtures/large_file.bin
2025/04/30 15:22:57 Sent ACK for chunk 9942
2025/04/30 15:22:57 Received ACK for chunk 9943/10240
Received chunk 9944/10240: fixtures/large_file.bin
2025/04/30 15:22:57 Sent ACK for chunk 9943
2025/04/30 15:22:57 Received ACK for chunk 9944/10240
Received chunk 9945/10240: fixtures/large_file.bin
2025/04/30 15:22:57 Sent ACK for chunk 9944
2025/04/30 15:22:57 Received ACK for chunk 9945/10240
Received chunk 9946/10240: fixtures/large_file.bin
2025/04/30 15:22:57 Sent ACK for chunk 9945
2025/04/30 15:22:57 Received ACK for chunk 9946/10240
Received chunk 9947/10240: fixtures/large_file.bin
2025/04/30 15:22:57 Sent ACK for chunk 9946
2025/04/30 15:22:57 Received ACK for chunk 9947/10240
Received chunk 9948/10240: fixtures/large_file.bin
2025/04/30 15:22:57 Sent ACK for chunk 9947
2025/04/30 15:22:57 Received ACK for chunk 9948/10240
Received chunk 9949/10240: fixtures/large_file.bin
2025/04/30 15:22:57 Sent ACK for chunk 9948
2025/04/30 15:22:57 Received ACK for chunk 9949/10240
Received chunk 9950/10240: fixtures/large_file.bin
2025/04/30 15:22:57 Sent ACK for chunk 9949
2025/04/30 15:22:57 Received ACK for chunk 9950/10240
Received chunk 9951/10240: fixtures/large_file.bin
2025/04/30 15:22:57 Sent ACK for chunk 9950
2025/04/30 15:22:57 Received ACK for chunk 9951/10240
Received chunk 9952/10240: fixtures/large_file.bin
2025/04/30 15:22:57 Sent ACK for chunk 9951
2025/04/30 15:22:57 Received ACK for chunk 9952/10240
Received chunk 9953/10240: fixtures/large_file.bin
2025/04/30 15:22:57 Sent ACK for chunk 9952
2025/04/30 15:22:57 Received ACK for chunk 9953/10240
Received chunk 9954/10240: fixtures/large_file.bin
2025/04/30 15:22:57 Sent ACK for chunk 9953
2025/04/30 15:22:57 Received ACK for chunk 9954/10240
Received chunk 9955/10240: fixtures/large_file.bin
2025/04/30 15:22:57 Sent ACK for chunk 9954
2025/04/30 15:22:57 Received ACK for chunk 9955/10240
Received chunk 9956/10240: fixtures/large_file.bin
2025/04/30 15:22:57 Sent ACK for chunk 9955
2025/04/30 15:22:57 Received ACK for chunk 9956/10240
Received chunk 9957/10240: fixtures/large_file.bin
2025/04/30 15:22:57 Sent ACK for chunk 9956
2025/04/30 15:22:57 Received ACK for chunk 9957/10240
Received chunk 9958/10240: fixtures/large_file.bin
2025/04/30 15:22:57 Sent ACK for chunk 9957
2025/04/30 15:22:57 Received ACK for chunk 9958/10240
Received chunk 9959/10240: fixtures/large_file.bin
2025/04/30 15:22:57 Sent ACK for chunk 9958
2025/04/30 15:22:57 Received ACK for chunk 9959/10240
Received chunk 9960/10240: fixtures/large_file.bin
2025/04/30 15:22:57 Sent ACK for chunk 9959
2025/04/30 15:22:57 Received ACK for chunk 9960/10240
Received chunk 9961/10240: fixtures/large_file.bin
2025/04/30 15:22:57 Sent ACK for chunk 9960
2025/04/30 15:22:57 Received ACK for chunk 9961/10240
Received chunk 9962/10240: fixtures/large_file.bin
2025/04/30 15:22:57 Sent ACK for chunk 9961
2025/04/30 15:22:57 Received ACK for chunk 9962/10240
Received chunk 9963/10240: fixtures/large_file.bin
2025/04/30 15:22:57 Sent ACK for chunk 9962
2025/04/30 15:22:57 Received ACK for chunk 9963/10240
Received chunk 9964/10240: fixtures/large_file.bin
2025/04/30 15:22:57 Sent ACK for chunk 9963
2025/04/30 15:22:57 Received ACK for chunk 9964/10240
Received chunk 9965/10240: fixtures/large_file.bin
2025/04/30 15:22:57 Sent ACK for chunk 9964
2025/04/30 15:22:57 Received ACK for chunk 9965/10240
Received chunk 9966/10240: fixtures/large_file.bin
2025/04/30 15:22:57 Sent ACK for chunk 9965
2025/04/30 15:22:57 Received ACK for chunk 9966/10240
Received chunk 9967/10240: fixtures/large_file.bin
2025/04/30 15:22:57 Sent ACK for chunk 9966
2025/04/30 15:22:57 Received ACK for chunk 9967/10240
Received chunk 9968/10240: fixtures/large_file.bin
2025/04/30 15:22:57 Sent ACK for chunk 9967
2025/04/30 15:22:57 Received ACK for chunk 9968/10240
Received chunk 9969/10240: fixtures/large_file.bin
2025/04/30 15:22:57 Sent ACK for chunk 9968
2025/04/30 15:22:57 Received ACK for chunk 9969/10240
Received chunk 9970/10240: fixtures/large_file.bin
2025/04/30 15:22:57 Sent ACK for chunk 9969
2025/04/30 15:22:57 Received ACK for chunk 9970/10240
Received chunk 9971/10240: fixtures/large_file.bin
2025/04/30 15:22:57 Sent ACK for chunk 9970
2025/04/30 15:22:57 Received ACK for chunk 9971/10240
Received chunk 9972/10240: fixtures/large_file.bin
2025/04/30 15:22:57 Sent ACK for chunk 9971
2025/04/30 15:22:57 Received ACK for chunk 9972/10240
Received chunk 9973/10240: fixtures/large_file.bin
2025/04/30 15:22:57 Sent ACK for chunk 9972
2025/04/30 15:22:57 Received ACK for chunk 9973/10240
Received chunk 9974/10240: fixtures/large_file.bin
2025/04/30 15:22:57 Sent ACK for chunk 9973
2025/04/30 15:22:57 Received ACK for chunk 9974/10240
Received chunk 9975/10240: fixtures/large_file.bin
2025/04/30 15:22:57 Sent ACK for chunk 9974
2025/04/30 15:22:57 Received ACK for chunk 9975/10240
Received chunk 9976/10240: fixtures/large_file.bin
2025/04/30 15:22:57 Sent ACK for chunk 9975
2025/04/30 15:22:57 Received ACK for chunk 9976/10240
Received chunk 9977/10240: fixtures/large_file.bin
2025/04/30 15:22:57 Sent ACK for chunk 9976
2025/04/30 15:22:57 Received ACK for chunk 9977/10240
Received chunk 9978/10240: fixtures/large_file.bin
2025/04/30 15:22:57 Sent ACK for chunk 9977
2025/04/30 15:22:57 Received ACK for chunk 9978/10240
Received chunk 9979/10240: fixtures/large_file.bin
2025/04/30 15:22:57 Sent ACK for chunk 9978
2025/04/30 15:22:57 Received ACK for chunk 9979/10240
Received chunk 9980/10240: fixtures/large_file.bin
2025/04/30 15:22:57 Sent ACK for chunk 9979
2025/04/30 15:22:57 Received ACK for chunk 9980/10240
Received chunk 9981/10240: fixtures/large_file.bin
2025/04/30 15:22:57 Sent ACK for chunk 9980
2025/04/30 15:22:57 Received ACK for chunk 9981/10240
Received chunk 9982/10240: fixtures/large_file.bin
2025/04/30 15:22:57 Sent ACK for chunk 9981
2025/04/30 15:22:57 Received ACK for chunk 9982/10240
Received chunk 9983/10240: fixtures/large_file.bin
2025/04/30 15:22:57 Sent ACK for chunk 9982
2025/04/30 15:22:57 Received ACK for chunk 9983/10240
Received chunk 9984/10240: fixtures/large_file.bin
2025/04/30 15:22:57 Sent ACK for chunk 9983
2025/04/30 15:22:57 Received ACK for chunk 9984/10240
Received chunk 9985/10240: fixtures/large_file.bin
2025/04/30 15:22:57 Sent ACK for chunk 9984
2025/04/30 15:22:57 Received ACK for chunk 9985/10240
Received chunk 9986/10240: fixtures/large_file.bin
2025/04/30 15:22:57 Sent ACK for chunk 9985
2025/04/30 15:22:57 Received ACK for chunk 9986/10240
Received chunk 9987/10240: fixtures/large_file.bin
2025/04/30 15:22:57 Sent ACK for chunk 9986
2025/04/30 15:22:57 Received ACK for chunk 9987/10240
Received chunk 9988/10240: fixtures/large_file.bin
2025/04/30 15:22:57 Sent ACK for chunk 9987
2025/04/30 15:22:57 Received ACK for chunk 9988/10240
Received chunk 9989/10240: fixtures/large_file.bin
2025/04/30 15:22:57 Sent ACK for chunk 9988
2025/04/30 15:22:57 Received ACK for chunk 9989/10240
Received chunk 9990/10240: fixtures/large_file.bin
2025/04/30 15:22:57 Sent ACK for chunk 9989
2025/04/30 15:22:57 Received ACK for chunk 9990/10240
Received chunk 9991/10240: fixtures/large_file.bin
2025/04/30 15:22:57 Sent ACK for chunk 9990
2025/04/30 15:22:57 Received ACK for chunk 9991/10240
Received chunk 9992/10240: fixtures/large_file.bin
2025/04/30 15:22:57 Sent ACK for chunk 9991
2025/04/30 15:22:57 Received ACK for chunk 9992/10240
Received chunk 9993/10240: fixtures/large_file.bin
2025/04/30 15:22:57 Sent ACK for chunk 9992
2025/04/30 15:22:57 Received ACK for chunk 9993/10240
Received chunk 9994/10240: fixtures/large_file.bin
2025/04/30 15:22:57 Sent ACK for chunk 9993
2025/04/30 15:22:57 Received ACK for chunk 9994/10240
Received chunk 9995/10240: fixtures/large_file.bin
2025/04/30 15:22:57 Sent ACK for chunk 9994
2025/04/30 15:22:57 Received ACK for chunk 9995/10240
Received chunk 9996/10240: fixtures/large_file.bin
2025/04/30 15:22:57 Sent ACK for chunk 9995
2025/04/30 15:22:57 Received ACK for chunk 9996/10240
Received chunk 9997/10240: fixtures/large_file.bin
2025/04/30 15:22:57 Sent ACK for chunk 9996
2025/04/30 15:22:57 Received ACK for chunk 9997/10240
Received chunk 9998/10240: fixtures/large_file.bin
2025/04/30 15:22:57 Sent ACK for chunk 9997
2025/04/30 15:22:57 Received ACK for chunk 9998/10240
Received chunk 9999/10240: fixtures/large_file.bin
2025/04/30 15:22:57 Sent ACK for chunk 9998
2025/04/30 15:22:57 Received ACK for chunk 9999/10240
Received chunk 10000/10240: fixtures/large_file.bin
2025/04/30 15:22:57 Sent ACK for chunk 9999
2025/04/30 15:22:57 Received ACK for chunk 10000/10240
Received chunk 10001/10240: fixtures/large_file.bin
2025/04/30 15:22:57 Sent ACK for chunk 10000
2025/04/30 15:22:57 Received ACK for chunk 10001/10240
Received chunk 10002/10240: fixtures/large_file.bin
2025/04/30 15:22:57 Sent ACK for chunk 10001
2025/04/30 15:22:57 Received ACK for chunk 10002/10240
Received chunk 10003/10240: fixtures/large_file.bin
2025/04/30 15:22:57 Sent ACK for chunk 10002
2025/04/30 15:22:57 Received ACK for chunk 10003/10240
Received chunk 10004/10240: fixtures/large_file.bin
2025/04/30 15:22:57 Sent ACK for chunk 10003
2025/04/30 15:22:57 Received ACK for chunk 10004/10240
Received chunk 10005/10240: fixtures/large_file.bin
2025/04/30 15:22:57 Sent ACK for chunk 10004
2025/04/30 15:22:57 Received ACK for chunk 10005/10240
Received chunk 10006/10240: fixtures/large_file.bin
2025/04/30 15:22:57 Sent ACK for chunk 10005
2025/04/30 15:22:57 Received ACK for chunk 10006/10240
Received chunk 10007/10240: fixtures/large_file.bin
2025/04/30 15:22:57 Sent ACK for chunk 10006
2025/04/30 15:22:57 Received ACK for chunk 10007/10240
Received chunk 10008/10240: fixtures/large_file.bin
2025/04/30 15:22:57 Sent ACK for chunk 10007
2025/04/30 15:22:57 Received ACK for chunk 10008/10240
Received chunk 10009/10240: fixtures/large_file.bin
2025/04/30 15:22:57 Sent ACK for chunk 10008
2025/04/30 15:22:57 Received ACK for chunk 10009/10240
Received chunk 10010/10240: fixtures/large_file.bin
2025/04/30 15:22:57 Sent ACK for chunk 10009
2025/04/30 15:22:57 Received ACK for chunk 10010/10240
Received chunk 10011/10240: fixtures/large_file.bin
2025/04/30 15:22:57 Sent ACK for chunk 10010
2025/04/30 15:22:57 Received ACK for chunk 10011/10240
Received chunk 10012/10240: fixtures/large_file.bin
2025/04/30 15:22:57 Sent ACK for chunk 10011
2025/04/30 15:22:57 Received ACK for chunk 10012/10240
Received chunk 10013/10240: fixtures/large_file.bin
2025/04/30 15:22:57 Sent ACK for chunk 10012
2025/04/30 15:22:57 Received ACK for chunk 10013/10240
Received chunk 10014/10240: fixtures/large_file.bin
2025/04/30 15:22:57 Sent ACK for chunk 10013
2025/04/30 15:22:57 Received ACK for chunk 10014/10240
Received chunk 10015/10240: fixtures/large_file.bin
2025/04/30 15:22:57 Sent ACK for chunk 10014
2025/04/30 15:22:57 Received ACK for chunk 10015/10240
Received chunk 10016/10240: fixtures/large_file.bin
2025/04/30 15:22:57 Sent ACK for chunk 10015
2025/04/30 15:22:57 Received ACK for chunk 10016/10240
Received chunk 10017/10240: fixtures/large_file.bin
2025/04/30 15:22:57 Sent ACK for chunk 10016
2025/04/30 15:22:57 Received ACK for chunk 10017/10240
Received chunk 10018/10240: fixtures/large_file.bin
2025/04/30 15:22:57 Sent ACK for chunk 10017
2025/04/30 15:22:57 Received ACK for chunk 10018/10240
Received chunk 10019/10240: fixtures/large_file.bin
2025/04/30 15:22:57 Sent ACK for chunk 10018
2025/04/30 15:22:57 Received ACK for chunk 10019/10240
Received chunk 10020/10240: fixtures/large_file.bin
2025/04/30 15:22:57 Sent ACK for chunk 10019
2025/04/30 15:22:57 Received ACK for chunk 10020/10240
Received chunk 10021/10240: fixtures/large_file.bin
2025/04/30 15:22:57 Sent ACK for chunk 10020
2025/04/30 15:22:57 Received ACK for chunk 10021/10240
Received chunk 10022/10240: fixtures/large_file.bin
2025/04/30 15:22:57 Sent ACK for chunk 10021
2025/04/30 15:22:57 Received ACK for chunk 10022/10240
Received chunk 10023/10240: fixtures/large_file.bin
2025/04/30 15:22:57 Sent ACK for chunk 10022
2025/04/30 15:22:57 Received ACK for chunk 10023/10240
Received chunk 10024/10240: fixtures/large_file.bin
2025/04/30 15:22:57 Sent ACK for chunk 10023
2025/04/30 15:22:57 Received ACK for chunk 10024/10240
Received chunk 10025/10240: fixtures/large_file.bin
2025/04/30 15:22:57 Sent ACK for chunk 10024
2025/04/30 15:22:57 Received ACK for chunk 10025/10240
Received chunk 10026/10240: fixtures/large_file.bin
2025/04/30 15:22:57 Sent ACK for chunk 10025
2025/04/30 15:22:57 Received ACK for chunk 10026/10240
Received chunk 10027/10240: fixtures/large_file.bin
2025/04/30 15:22:57 Sent ACK for chunk 10026
2025/04/30 15:22:57 Received ACK for chunk 10027/10240
Received chunk 10028/10240: fixtures/large_file.bin
2025/04/30 15:22:57 Sent ACK for chunk 10027
2025/04/30 15:22:57 Received ACK for chunk 10028/10240
Received chunk 10029/10240: fixtures/large_file.bin
2025/04/30 15:22:57 Sent ACK for chunk 10028
2025/04/30 15:22:57 Received ACK for chunk 10029/10240
Received chunk 10030/10240: fixtures/large_file.bin
2025/04/30 15:22:57 Sent ACK for chunk 10029
2025/04/30 15:22:57 Received ACK for chunk 10030/10240
Received chunk 10031/10240: fixtures/large_file.bin
2025/04/30 15:22:57 Sent ACK for chunk 10030
2025/04/30 15:22:57 Received ACK for chunk 10031/10240
Received chunk 10032/10240: fixtures/large_file.bin
2025/04/30 15:22:57 Sent ACK for chunk 10031
2025/04/30 15:22:57 Received ACK for chunk 10032/10240
Received chunk 10033/10240: fixtures/large_file.bin
2025/04/30 15:22:57 Sent ACK for chunk 10032
2025/04/30 15:22:57 Received ACK for chunk 10033/10240
Received chunk 10034/10240: fixtures/large_file.bin
2025/04/30 15:22:57 Sent ACK for chunk 10033
2025/04/30 15:22:57 Received ACK for chunk 10034/10240
Received chunk 10035/10240: fixtures/large_file.bin
2025/04/30 15:22:57 Sent ACK for chunk 10034
2025/04/30 15:22:57 Received ACK for chunk 10035/10240
Received chunk 10036/10240: fixtures/large_file.bin
2025/04/30 15:22:57 Sent ACK for chunk 10035
2025/04/30 15:22:57 Received ACK for chunk 10036/10240
Received chunk 10037/10240: fixtures/large_file.bin
2025/04/30 15:22:57 Sent ACK for chunk 10036
2025/04/30 15:22:57 Received ACK for chunk 10037/10240
Received chunk 10038/10240: fixtures/large_file.bin
2025/04/30 15:22:57 Sent ACK for chunk 10037
2025/04/30 15:22:57 Received ACK for chunk 10038/10240
Received chunk 10039/10240: fixtures/large_file.bin
2025/04/30 15:22:57 Sent ACK for chunk 10038
2025/04/30 15:22:57 Received ACK for chunk 10039/10240
Received chunk 10040/10240: fixtures/large_file.bin
2025/04/30 15:22:57 Sent ACK for chunk 10039
2025/04/30 15:22:57 Received ACK for chunk 10040/10240
Received chunk 10041/10240: fixtures/large_file.bin
2025/04/30 15:22:57 Sent ACK for chunk 10040
2025/04/30 15:22:57 Received ACK for chunk 10041/10240
Received chunk 10042/10240: fixtures/large_file.bin
2025/04/30 15:22:57 Sent ACK for chunk 10041
2025/04/30 15:22:57 Received ACK for chunk 10042/10240
Received chunk 10043/10240: fixtures/large_file.bin
2025/04/30 15:22:57 Sent ACK for chunk 10042
2025/04/30 15:22:57 Received ACK for chunk 10043/10240
Received chunk 10044/10240: fixtures/large_file.bin
2025/04/30 15:22:57 Sent ACK for chunk 10043
2025/04/30 15:22:57 Received ACK for chunk 10044/10240
Received chunk 10045/10240: fixtures/large_file.bin
2025/04/30 15:22:57 Sent ACK for chunk 10044
2025/04/30 15:22:57 Received ACK for chunk 10045/10240
Received chunk 10046/10240: fixtures/large_file.bin
2025/04/30 15:22:57 Sent ACK for chunk 10045
2025/04/30 15:22:57 Received ACK for chunk 10046/10240
Received chunk 10047/10240: fixtures/large_file.bin
2025/04/30 15:22:57 Sent ACK for chunk 10046
2025/04/30 15:22:57 Received ACK for chunk 10047/10240
Received chunk 10048/10240: fixtures/large_file.bin
2025/04/30 15:22:57 Sent ACK for chunk 10047
2025/04/30 15:22:57 Received ACK for chunk 10048/10240
Received chunk 10049/10240: fixtures/large_file.bin
2025/04/30 15:22:57 Sent ACK for chunk 10048
2025/04/30 15:22:57 Received ACK for chunk 10049/10240
Received chunk 10050/10240: fixtures/large_file.bin
2025/04/30 15:22:57 Sent ACK for chunk 10049
2025/04/30 15:22:57 Received ACK for chunk 10050/10240
Received chunk 10051/10240: fixtures/large_file.bin
2025/04/30 15:22:57 Sent ACK for chunk 10050
2025/04/30 15:22:57 Received ACK for chunk 10051/10240
Received chunk 10052/10240: fixtures/large_file.bin
2025/04/30 15:22:57 Sent ACK for chunk 10051
2025/04/30 15:22:57 Received ACK for chunk 10052/10240
Received chunk 10053/10240: fixtures/large_file.bin
2025/04/30 15:22:57 Sent ACK for chunk 10052
2025/04/30 15:22:57 Received ACK for chunk 10053/10240
Received chunk 10054/10240: fixtures/large_file.bin
2025/04/30 15:22:57 Sent ACK for chunk 10053
2025/04/30 15:22:57 Received ACK for chunk 10054/10240
Received chunk 10055/10240: fixtures/large_file.bin
2025/04/30 15:22:57 Sent ACK for chunk 10054
2025/04/30 15:22:57 Received ACK for chunk 10055/10240
Received chunk 10056/10240: fixtures/large_file.bin
2025/04/30 15:22:57 Sent ACK for chunk 10055
2025/04/30 15:22:57 Received ACK for chunk 10056/10240
Received chunk 10057/10240: fixtures/large_file.bin
2025/04/30 15:22:57 Sent ACK for chunk 10056
2025/04/30 15:22:57 Received ACK for chunk 10057/10240
Received chunk 10058/10240: fixtures/large_file.bin
2025/04/30 15:22:57 Sent ACK for chunk 10057
2025/04/30 15:22:57 Received ACK for chunk 10058/10240
Received chunk 10059/10240: fixtures/large_file.bin
2025/04/30 15:22:57 Sent ACK for chunk 10058
2025/04/30 15:22:57 Received ACK for chunk 10059/10240
Received chunk 10060/10240: fixtures/large_file.bin
2025/04/30 15:22:57 Sent ACK for chunk 10059
2025/04/30 15:22:57 Received ACK for chunk 10060/10240
Received chunk 10061/10240: fixtures/large_file.bin
2025/04/30 15:22:57 Sent ACK for chunk 10060
2025/04/30 15:22:57 Received ACK for chunk 10061/10240
Received chunk 10062/10240: fixtures/large_file.bin
2025/04/30 15:22:57 Sent ACK for chunk 10061
2025/04/30 15:22:57 Received ACK for chunk 10062/10240
Received chunk 10063/10240: fixtures/large_file.bin
2025/04/30 15:22:57 Sent ACK for chunk 10062
2025/04/30 15:22:57 Received ACK for chunk 10063/10240
Received chunk 10064/10240: fixtures/large_file.bin
2025/04/30 15:22:57 Sent ACK for chunk 10063
2025/04/30 15:22:57 Received ACK for chunk 10064/10240
Received chunk 10065/10240: fixtures/large_file.bin
2025/04/30 15:22:57 Sent ACK for chunk 10064
2025/04/30 15:22:57 Received ACK for chunk 10065/10240
Received chunk 10066/10240: fixtures/large_file.bin
2025/04/30 15:22:57 Sent ACK for chunk 10065
2025/04/30 15:22:57 Received ACK for chunk 10066/10240
Received chunk 10067/10240: fixtures/large_file.bin
2025/04/30 15:22:57 Sent ACK for chunk 10066
2025/04/30 15:22:57 Received ACK for chunk 10067/10240
Received chunk 10068/10240: fixtures/large_file.bin
2025/04/30 15:22:57 Sent ACK for chunk 10067
2025/04/30 15:22:57 Received ACK for chunk 10068/10240
Received chunk 10069/10240: fixtures/large_file.bin
2025/04/30 15:22:57 Sent ACK for chunk 10068
2025/04/30 15:22:57 Received ACK for chunk 10069/10240
Received chunk 10070/10240: fixtures/large_file.bin
2025/04/30 15:22:57 Sent ACK for chunk 10069
2025/04/30 15:22:57 Received ACK for chunk 10070/10240
Received chunk 10071/10240: fixtures/large_file.bin
2025/04/30 15:22:57 Sent ACK for chunk 10070
2025/04/30 15:22:57 Received ACK for chunk 10071/10240
Received chunk 10072/10240: fixtures/large_file.bin
2025/04/30 15:22:57 Sent ACK for chunk 10071
2025/04/30 15:22:57 Received ACK for chunk 10072/10240
Received chunk 10073/10240: fixtures/large_file.bin
2025/04/30 15:22:57 Sent ACK for chunk 10072
2025/04/30 15:22:57 Received ACK for chunk 10073/10240
Received chunk 10074/10240: fixtures/large_file.bin
2025/04/30 15:22:57 Sent ACK for chunk 10073
2025/04/30 15:22:57 Received ACK for chunk 10074/10240
Received chunk 10075/10240: fixtures/large_file.bin
2025/04/30 15:22:57 Sent ACK for chunk 10074
2025/04/30 15:22:57 Received ACK for chunk 10075/10240
Received chunk 10076/10240: fixtures/large_file.bin
2025/04/30 15:22:57 Sent ACK for chunk 10075
2025/04/30 15:22:57 Received ACK for chunk 10076/10240
Received chunk 10077/10240: fixtures/large_file.bin
2025/04/30 15:22:57 Sent ACK for chunk 10076
2025/04/30 15:22:57 Received ACK for chunk 10077/10240
Received chunk 10078/10240: fixtures/large_file.bin
2025/04/30 15:22:57 Sent ACK for chunk 10077
2025/04/30 15:22:57 Received ACK for chunk 10078/10240
Received chunk 10079/10240: fixtures/large_file.bin
2025/04/30 15:22:57 Sent ACK for chunk 10078
2025/04/30 15:22:57 Received ACK for chunk 10079/10240
Received chunk 10080/10240: fixtures/large_file.bin
2025/04/30 15:22:57 Sent ACK for chunk 10079
2025/04/30 15:22:57 Received ACK for chunk 10080/10240
Received chunk 10081/10240: fixtures/large_file.bin
2025/04/30 15:22:57 Sent ACK for chunk 10080
2025/04/30 15:22:57 Received ACK for chunk 10081/10240
Received chunk 10082/10240: fixtures/large_file.bin
2025/04/30 15:22:57 Sent ACK for chunk 10081
2025/04/30 15:22:57 Received ACK for chunk 10082/10240
Received chunk 10083/10240: fixtures/large_file.bin
2025/04/30 15:22:57 Sent ACK for chunk 10082
2025/04/30 15:22:57 Received ACK for chunk 10083/10240
Received chunk 10084/10240: fixtures/large_file.bin
2025/04/30 15:22:57 Sent ACK for chunk 10083
2025/04/30 15:22:57 Received ACK for chunk 10084/10240
Received chunk 10085/10240: fixtures/large_file.bin
2025/04/30 15:22:57 Sent ACK for chunk 10084
2025/04/30 15:22:57 Received ACK for chunk 10085/10240
Received chunk 10086/10240: fixtures/large_file.bin
2025/04/30 15:22:57 Sent ACK for chunk 10085
2025/04/30 15:22:57 Received ACK for chunk 10086/10240
Received chunk 10087/10240: fixtures/large_file.bin
2025/04/30 15:22:57 Sent ACK for chunk 10086
2025/04/30 15:22:57 Received ACK for chunk 10087/10240
Received chunk 10088/10240: fixtures/large_file.bin
2025/04/30 15:22:57 Sent ACK for chunk 10087
2025/04/30 15:22:57 Received ACK for chunk 10088/10240
Received chunk 10089/10240: fixtures/large_file.bin
2025/04/30 15:22:57 Sent ACK for chunk 10088
2025/04/30 15:22:57 Received ACK for chunk 10089/10240
Received chunk 10090/10240: fixtures/large_file.bin
2025/04/30 15:22:57 Sent ACK for chunk 10089
2025/04/30 15:22:57 Received ACK for chunk 10090/10240
Received chunk 10091/10240: fixtures/large_file.bin
2025/04/30 15:22:57 Sent ACK for chunk 10090
2025/04/30 15:22:57 Received ACK for chunk 10091/10240
Received chunk 10092/10240: fixtures/large_file.bin
2025/04/30 15:22:57 Sent ACK for chunk 10091
2025/04/30 15:22:57 Received ACK for chunk 10092/10240
Received chunk 10093/10240: fixtures/large_file.bin
2025/04/30 15:22:57 Sent ACK for chunk 10092
2025/04/30 15:22:57 Received ACK for chunk 10093/10240
Received chunk 10094/10240: fixtures/large_file.bin
2025/04/30 15:22:57 Sent ACK for chunk 10093
2025/04/30 15:22:57 Received ACK for chunk 10094/10240
Received chunk 10095/10240: fixtures/large_file.bin
2025/04/30 15:22:57 Sent ACK for chunk 10094
2025/04/30 15:22:57 Received ACK for chunk 10095/10240
Received chunk 10096/10240: fixtures/large_file.bin
2025/04/30 15:22:57 Sent ACK for chunk 10095
2025/04/30 15:22:57 Received ACK for chunk 10096/10240
Received chunk 10097/10240: fixtures/large_file.bin
2025/04/30 15:22:57 Sent ACK for chunk 10096
2025/04/30 15:22:57 Received ACK for chunk 10097/10240
Received chunk 10098/10240: fixtures/large_file.bin
2025/04/30 15:22:57 Sent ACK for chunk 10097
2025/04/30 15:22:57 Received ACK for chunk 10098/10240
Received chunk 10099/10240: fixtures/large_file.bin
2025/04/30 15:22:57 Sent ACK for chunk 10098
2025/04/30 15:22:57 Received ACK for chunk 10099/10240
Received chunk 10100/10240: fixtures/large_file.bin
2025/04/30 15:22:57 Sent ACK for chunk 10099
2025/04/30 15:22:57 Received ACK for chunk 10100/10240
Received chunk 10101/10240: fixtures/large_file.bin
2025/04/30 15:22:57 Sent ACK for chunk 10100
2025/04/30 15:22:57 Received ACK for chunk 10101/10240
Received chunk 10102/10240: fixtures/large_file.bin
2025/04/30 15:22:57 Sent ACK for chunk 10101
2025/04/30 15:22:57 Received ACK for chunk 10102/10240
Received chunk 10103/10240: fixtures/large_file.bin
2025/04/30 15:22:57 Sent ACK for chunk 10102
2025/04/30 15:22:57 Received ACK for chunk 10103/10240
Received chunk 10104/10240: fixtures/large_file.bin
2025/04/30 15:22:57 Sent ACK for chunk 10103
2025/04/30 15:22:57 Received ACK for chunk 10104/10240
Received chunk 10105/10240: fixtures/large_file.bin
2025/04/30 15:22:57 Sent ACK for chunk 10104
2025/04/30 15:22:57 Received ACK for chunk 10105/10240
Received chunk 10106/10240: fixtures/large_file.bin
2025/04/30 15:22:57 Sent ACK for chunk 10105
2025/04/30 15:22:57 Received ACK for chunk 10106/10240
Received chunk 10107/10240: fixtures/large_file.bin
2025/04/30 15:22:57 Sent ACK for chunk 10106
2025/04/30 15:22:57 Received ACK for chunk 10107/10240
Received chunk 10108/10240: fixtures/large_file.bin
2025/04/30 15:22:57 Sent ACK for chunk 10107
2025/04/30 15:22:57 Received ACK for chunk 10108/10240
Received chunk 10109/10240: fixtures/large_file.bin
2025/04/30 15:22:57 Sent ACK for chunk 10108
2025/04/30 15:22:57 Received ACK for chunk 10109/10240
Received chunk 10110/10240: fixtures/large_file.bin
2025/04/30 15:22:57 Sent ACK for chunk 10109
2025/04/30 15:22:57 Received ACK for chunk 10110/10240
Received chunk 10111/10240: fixtures/large_file.bin
2025/04/30 15:22:57 Sent ACK for chunk 10110
2025/04/30 15:22:57 Received ACK for chunk 10111/10240
Received chunk 10112/10240: fixtures/large_file.bin
2025/04/30 15:22:57 Sent ACK for chunk 10111
2025/04/30 15:22:57 Received ACK for chunk 10112/10240
Received chunk 10113/10240: fixtures/large_file.bin
2025/04/30 15:22:57 Sent ACK for chunk 10112
2025/04/30 15:22:57 Received ACK for chunk 10113/10240
Received chunk 10114/10240: fixtures/large_file.bin
2025/04/30 15:22:57 Sent ACK for chunk 10113
2025/04/30 15:22:57 Received ACK for chunk 10114/10240
Received chunk 10115/10240: fixtures/large_file.bin
2025/04/30 15:22:57 Sent ACK for chunk 10114
2025/04/30 15:22:57 Received ACK for chunk 10115/10240
Received chunk 10116/10240: fixtures/large_file.bin
2025/04/30 15:22:57 Sent ACK for chunk 10115
2025/04/30 15:22:57 Received ACK for chunk 10116/10240
Received chunk 10117/10240: fixtures/large_file.bin
2025/04/30 15:22:57 Sent ACK for chunk 10116
2025/04/30 15:22:57 Received ACK for chunk 10117/10240
Received chunk 10118/10240: fixtures/large_file.bin
2025/04/30 15:22:57 Sent ACK for chunk 10117
2025/04/30 15:22:57 Received ACK for chunk 10118/10240
Received chunk 10119/10240: fixtures/large_file.bin
2025/04/30 15:22:57 Sent ACK for chunk 10118
2025/04/30 15:22:57 Received ACK for chunk 10119/10240
Received chunk 10120/10240: fixtures/large_file.bin
2025/04/30 15:22:57 Sent ACK for chunk 10119
2025/04/30 15:22:57 Received ACK for chunk 10120/10240
Received chunk 10121/10240: fixtures/large_file.bin
2025/04/30 15:22:57 Sent ACK for chunk 10120
2025/04/30 15:22:57 Received ACK for chunk 10121/10240
Received chunk 10122/10240: fixtures/large_file.bin
2025/04/30 15:22:57 Sent ACK for chunk 10121
2025/04/30 15:22:57 Received ACK for chunk 10122/10240
Received chunk 10123/10240: fixtures/large_file.bin
2025/04/30 15:22:57 Sent ACK for chunk 10122
2025/04/30 15:22:57 Received ACK for chunk 10123/10240
Received chunk 10124/10240: fixtures/large_file.bin
2025/04/30 15:22:57 Sent ACK for chunk 10123
2025/04/30 15:22:57 Received ACK for chunk 10124/10240
Received chunk 10125/10240: fixtures/large_file.bin
2025/04/30 15:22:57 Sent ACK for chunk 10124
2025/04/30 15:22:57 Received ACK for chunk 10125/10240
Received chunk 10126/10240: fixtures/large_file.bin
2025/04/30 15:22:57 Sent ACK for chunk 10125
2025/04/30 15:22:57 Received ACK for chunk 10126/10240
Received chunk 10127/10240: fixtures/large_file.bin
2025/04/30 15:22:57 Sent ACK for chunk 10126
2025/04/30 15:22:57 Received ACK for chunk 10127/10240
Received chunk 10128/10240: fixtures/large_file.bin
2025/04/30 15:22:57 Sent ACK for chunk 10127
2025/04/30 15:22:57 Received ACK for chunk 10128/10240
Received chunk 10129/10240: fixtures/large_file.bin
2025/04/30 15:22:57 Sent ACK for chunk 10128
2025/04/30 15:22:57 Received ACK for chunk 10129/10240
Received chunk 10130/10240: fixtures/large_file.bin
2025/04/30 15:22:57 Sent ACK for chunk 10129
2025/04/30 15:22:57 Received ACK for chunk 10130/10240
Received chunk 10131/10240: fixtures/large_file.bin
2025/04/30 15:22:57 Sent ACK for chunk 10130
2025/04/30 15:22:57 Received ACK for chunk 10131/10240
Received chunk 10132/10240: fixtures/large_file.bin
2025/04/30 15:22:57 Sent ACK for chunk 10131
2025/04/30 15:22:57 Received ACK for chunk 10132/10240
Received chunk 10133/10240: fixtures/large_file.bin
2025/04/30 15:22:57 Sent ACK for chunk 10132
2025/04/30 15:22:57 Received ACK for chunk 10133/10240
Received chunk 10134/10240: fixtures/large_file.bin
2025/04/30 15:22:57 Sent ACK for chunk 10133
2025/04/30 15:22:57 Received ACK for chunk 10134/10240
Received chunk 10135/10240: fixtures/large_file.bin
2025/04/30 15:22:57 Sent ACK for chunk 10134
2025/04/30 15:22:57 Received ACK for chunk 10135/10240
Received chunk 10136/10240: fixtures/large_file.bin
2025/04/30 15:22:57 Sent ACK for chunk 10135
2025/04/30 15:22:57 Received ACK for chunk 10136/10240
Received chunk 10137/10240: fixtures/large_file.bin
2025/04/30 15:22:57 Sent ACK for chunk 10136
2025/04/30 15:22:57 Received ACK for chunk 10137/10240
Received chunk 10138/10240: fixtures/large_file.bin
2025/04/30 15:22:57 Sent ACK for chunk 10137
2025/04/30 15:22:57 Received ACK for chunk 10138/10240
Received chunk 10139/10240: fixtures/large_file.bin
2025/04/30 15:22:57 Sent ACK for chunk 10138
2025/04/30 15:22:57 Received ACK for chunk 10139/10240
Received chunk 10140/10240: fixtures/large_file.bin
2025/04/30 15:22:57 Sent ACK for chunk 10139
2025/04/30 15:22:57 Received ACK for chunk 10140/10240
Received chunk 10141/10240: fixtures/large_file.bin
2025/04/30 15:22:57 Sent ACK for chunk 10140
2025/04/30 15:22:57 Received ACK for chunk 10141/10240
Received chunk 10142/10240: fixtures/large_file.bin
2025/04/30 15:22:57 Sent ACK for chunk 10141
2025/04/30 15:22:57 Received ACK for chunk 10142/10240
Received chunk 10143/10240: fixtures/large_file.bin
2025/04/30 15:22:57 Sent ACK for chunk 10142
2025/04/30 15:22:57 Received ACK for chunk 10143/10240
Received chunk 10144/10240: fixtures/large_file.bin
2025/04/30 15:22:57 Sent ACK for chunk 10143
2025/04/30 15:22:57 Received ACK for chunk 10144/10240
Received chunk 10145/10240: fixtures/large_file.bin
2025/04/30 15:22:57 Sent ACK for chunk 10144
2025/04/30 15:22:57 Received ACK for chunk 10145/10240
Received chunk 10146/10240: fixtures/large_file.bin
2025/04/30 15:22:57 Sent ACK for chunk 10145
2025/04/30 15:22:57 Received ACK for chunk 10146/10240
Received chunk 10147/10240: fixtures/large_file.bin
2025/04/30 15:22:57 Sent ACK for chunk 10146
2025/04/30 15:22:57 Received ACK for chunk 10147/10240
Received chunk 10148/10240: fixtures/large_file.bin
2025/04/30 15:22:57 Sent ACK for chunk 10147
2025/04/30 15:22:57 Received ACK for chunk 10148/10240
Received chunk 10149/10240: fixtures/large_file.bin
2025/04/30 15:22:57 Sent ACK for chunk 10148
2025/04/30 15:22:57 Received ACK for chunk 10149/10240
Received chunk 10150/10240: fixtures/large_file.bin
2025/04/30 15:22:57 Sent ACK for chunk 10149
2025/04/30 15:22:57 Received ACK for chunk 10150/10240
Received chunk 10151/10240: fixtures/large_file.bin
2025/04/30 15:22:57 Sent ACK for chunk 10150
2025/04/30 15:22:57 Received ACK for chunk 10151/10240
Received chunk 10152/10240: fixtures/large_file.bin
2025/04/30 15:22:57 Sent ACK for chunk 10151
2025/04/30 15:22:57 Received ACK for chunk 10152/10240
Received chunk 10153/10240: fixtures/large_file.bin
2025/04/30 15:22:57 Sent ACK for chunk 10152
2025/04/30 15:22:57 Received ACK for chunk 10153/10240
Received chunk 10154/10240: fixtures/large_file.bin
2025/04/30 15:22:57 Sent ACK for chunk 10153
2025/04/30 15:22:57 Received ACK for chunk 10154/10240
Received chunk 10155/10240: fixtures/large_file.bin
2025/04/30 15:22:57 Sent ACK for chunk 10154
2025/04/30 15:22:57 Received ACK for chunk 10155/10240
Received chunk 10156/10240: fixtures/large_file.bin
2025/04/30 15:22:57 Sent ACK for chunk 10155
2025/04/30 15:22:57 Received ACK for chunk 10156/10240
Received chunk 10157/10240: fixtures/large_file.bin
2025/04/30 15:22:57 Sent ACK for chunk 10156
2025/04/30 15:22:57 Received ACK for chunk 10157/10240
Received chunk 10158/10240: fixtures/large_file.bin
2025/04/30 15:22:57 Sent ACK for chunk 10157
2025/04/30 15:22:57 Received ACK for chunk 10158/10240
Received chunk 10159/10240: fixtures/large_file.bin
2025/04/30 15:22:57 Sent ACK for chunk 10158
2025/04/30 15:22:57 Received ACK for chunk 10159/10240
Received chunk 10160/10240: fixtures/large_file.bin
2025/04/30 15:22:57 Sent ACK for chunk 10159
2025/04/30 15:22:57 Received ACK for chunk 10160/10240
Received chunk 10161/10240: fixtures/large_file.bin
2025/04/30 15:22:57 Sent ACK for chunk 10160
2025/04/30 15:22:57 Received ACK for chunk 10161/10240
Received chunk 10162/10240: fixtures/large_file.bin
2025/04/30 15:22:57 Sent ACK for chunk 10161
2025/04/30 15:22:57 Received ACK for chunk 10162/10240
Received chunk 10163/10240: fixtures/large_file.bin
2025/04/30 15:22:57 Sent ACK for chunk 10162
2025/04/30 15:22:57 Received ACK for chunk 10163/10240
Received chunk 10164/10240: fixtures/large_file.bin
2025/04/30 15:22:57 Sent ACK for chunk 10163
2025/04/30 15:22:57 Received ACK for chunk 10164/10240
Received chunk 10165/10240: fixtures/large_file.bin
2025/04/30 15:22:57 Sent ACK for chunk 10164
2025/04/30 15:22:57 Received ACK for chunk 10165/10240
Received chunk 10166/10240: fixtures/large_file.bin
2025/04/30 15:22:57 Sent ACK for chunk 10165
2025/04/30 15:22:57 Received ACK for chunk 10166/10240
Received chunk 10167/10240: fixtures/large_file.bin
2025/04/30 15:22:57 Sent ACK for chunk 10166
2025/04/30 15:22:57 Received ACK for chunk 10167/10240
Received chunk 10168/10240: fixtures/large_file.bin
2025/04/30 15:22:57 Sent ACK for chunk 10167
2025/04/30 15:22:57 Received ACK for chunk 10168/10240
Received chunk 10169/10240: fixtures/large_file.bin
2025/04/30 15:22:57 Sent ACK for chunk 10168
2025/04/30 15:22:57 Received ACK for chunk 10169/10240
Received chunk 10170/10240: fixtures/large_file.bin
2025/04/30 15:22:57 Sent ACK for chunk 10169
2025/04/30 15:22:57 Received ACK for chunk 10170/10240
Received chunk 10171/10240: fixtures/large_file.bin
2025/04/30 15:22:57 Sent ACK for chunk 10170
2025/04/30 15:22:57 Received ACK for chunk 10171/10240
Received chunk 10172/10240: fixtures/large_file.bin
2025/04/30 15:22:57 Sent ACK for chunk 10171
2025/04/30 15:22:57 Received ACK for chunk 10172/10240
Received chunk 10173/10240: fixtures/large_file.bin
2025/04/30 15:22:57 Sent ACK for chunk 10172
2025/04/30 15:22:57 Received ACK for chunk 10173/10240
Received chunk 10174/10240: fixtures/large_file.bin
2025/04/30 15:22:57 Sent ACK for chunk 10173
2025/04/30 15:22:57 Received ACK for chunk 10174/10240
Received chunk 10175/10240: fixtures/large_file.bin
2025/04/30 15:22:57 Sent ACK for chunk 10174
2025/04/30 15:22:57 Received ACK for chunk 10175/10240
Received chunk 10176/10240: fixtures/large_file.bin
2025/04/30 15:22:57 Sent ACK for chunk 10175
2025/04/30 15:22:57 Received ACK for chunk 10176/10240
Received chunk 10177/10240: fixtures/large_file.bin
2025/04/30 15:22:57 Sent ACK for chunk 10176
2025/04/30 15:22:57 Received ACK for chunk 10177/10240
Received chunk 10178/10240: fixtures/large_file.bin
2025/04/30 15:22:57 Sent ACK for chunk 10177
2025/04/30 15:22:57 Received ACK for chunk 10178/10240
Received chunk 10179/10240: fixtures/large_file.bin
2025/04/30 15:22:57 Sent ACK for chunk 10178
2025/04/30 15:22:57 Received ACK for chunk 10179/10240
Received chunk 10180/10240: fixtures/large_file.bin
2025/04/30 15:22:57 Sent ACK for chunk 10179
2025/04/30 15:22:57 Received ACK for chunk 10180/10240
Received chunk 10181/10240: fixtures/large_file.bin
2025/04/30 15:22:57 Sent ACK for chunk 10180
2025/04/30 15:22:57 Received ACK for chunk 10181/10240
Received chunk 10182/10240: fixtures/large_file.bin
2025/04/30 15:22:57 Sent ACK for chunk 10181
2025/04/30 15:22:57 Received ACK for chunk 10182/10240
Received chunk 10183/10240: fixtures/large_file.bin
2025/04/30 15:22:57 Sent ACK for chunk 10182
2025/04/30 15:22:57 Received ACK for chunk 10183/10240
Received chunk 10184/10240: fixtures/large_file.bin
2025/04/30 15:22:57 Sent ACK for chunk 10183
2025/04/30 15:22:57 Received ACK for chunk 10184/10240
Received chunk 10185/10240: fixtures/large_file.bin
2025/04/30 15:22:57 Sent ACK for chunk 10184
2025/04/30 15:22:57 Received ACK for chunk 10185/10240
Received chunk 10186/10240: fixtures/large_file.bin
2025/04/30 15:22:57 Sent ACK for chunk 10185
2025/04/30 15:22:57 Received ACK for chunk 10186/10240
Received chunk 10187/10240: fixtures/large_file.bin
2025/04/30 15:22:57 Sent ACK for chunk 10186
2025/04/30 15:22:57 Received ACK for chunk 10187/10240
Received chunk 10188/10240: fixtures/large_file.bin
2025/04/30 15:22:57 Sent ACK for chunk 10187
2025/04/30 15:22:57 Received ACK for chunk 10188/10240
Received chunk 10189/10240: fixtures/large_file.bin
2025/04/30 15:22:57 Sent ACK for chunk 10188
2025/04/30 15:22:57 Received ACK for chunk 10189/10240
Received chunk 10190/10240: fixtures/large_file.bin
2025/04/30 15:22:57 Sent ACK for chunk 10189
2025/04/30 15:22:57 Received ACK for chunk 10190/10240
Received chunk 10191/10240: fixtures/large_file.bin
2025/04/30 15:22:57 Sent ACK for chunk 10190
2025/04/30 15:22:57 Received ACK for chunk 10191/10240
Received chunk 10192/10240: fixtures/large_file.bin
2025/04/30 15:22:57 Sent ACK for chunk 10191
2025/04/30 15:22:57 Received ACK for chunk 10192/10240
Received chunk 10193/10240: fixtures/large_file.bin
2025/04/30 15:22:57 Sent ACK for chunk 10192
2025/04/30 15:22:57 Received ACK for chunk 10193/10240
Received chunk 10194/10240: fixtures/large_file.bin
2025/04/30 15:22:57 Sent ACK for chunk 10193
2025/04/30 15:22:57 Received ACK for chunk 10194/10240
Received chunk 10195/10240: fixtures/large_file.bin
2025/04/30 15:22:57 Sent ACK for chunk 10194
2025/04/30 15:22:57 Received ACK for chunk 10195/10240
Received chunk 10196/10240: fixtures/large_file.bin
2025/04/30 15:22:57 Sent ACK for chunk 10195
2025/04/30 15:22:57 Received ACK for chunk 10196/10240
Received chunk 10197/10240: fixtures/large_file.bin
2025/04/30 15:22:57 Sent ACK for chunk 10196
2025/04/30 15:22:57 Received ACK for chunk 10197/10240
Received chunk 10198/10240: fixtures/large_file.bin
2025/04/30 15:22:57 Sent ACK for chunk 10197
2025/04/30 15:22:57 Received ACK for chunk 10198/10240
Received chunk 10199/10240: fixtures/large_file.bin
2025/04/30 15:22:57 Sent ACK for chunk 10198
2025/04/30 15:22:57 Received ACK for chunk 10199/10240
Received chunk 10200/10240: fixtures/large_file.bin
2025/04/30 15:22:57 Sent ACK for chunk 10199
2025/04/30 15:22:57 Received ACK for chunk 10200/10240
Received chunk 10201/10240: fixtures/large_file.bin
2025/04/30 15:22:57 Sent ACK for chunk 10200
2025/04/30 15:22:57 Received ACK for chunk 10201/10240
Received chunk 10202/10240: fixtures/large_file.bin
2025/04/30 15:22:57 Sent ACK for chunk 10201
2025/04/30 15:22:57 Received ACK for chunk 10202/10240
Received chunk 10203/10240: fixtures/large_file.bin
2025/04/30 15:22:57 Sent ACK for chunk 10202
2025/04/30 15:22:57 Received ACK for chunk 10203/10240
Received chunk 10204/10240: fixtures/large_file.bin
2025/04/30 15:22:57 Sent ACK for chunk 10203
2025/04/30 15:22:57 Received ACK for chunk 10204/10240
Received chunk 10205/10240: fixtures/large_file.bin
2025/04/30 15:22:57 Sent ACK for chunk 10204
2025/04/30 15:22:57 Received ACK for chunk 10205/10240
Received chunk 10206/10240: fixtures/large_file.bin
2025/04/30 15:22:57 Sent ACK for chunk 10205
2025/04/30 15:22:57 Received ACK for chunk 10206/10240
Received chunk 10207/10240: fixtures/large_file.bin
2025/04/30 15:22:57 Sent ACK for chunk 10206
2025/04/30 15:22:57 Received ACK for chunk 10207/10240
Received chunk 10208/10240: fixtures/large_file.bin
2025/04/30 15:22:57 Sent ACK for chunk 10207
2025/04/30 15:22:57 Received ACK for chunk 10208/10240
Received chunk 10209/10240: fixtures/large_file.bin
2025/04/30 15:22:57 Sent ACK for chunk 10208
2025/04/30 15:22:57 Received ACK for chunk 10209/10240
Received chunk 10210/10240: fixtures/large_file.bin
2025/04/30 15:22:57 Sent ACK for chunk 10209
2025/04/30 15:22:57 Received ACK for chunk 10210/10240
Received chunk 10211/10240: fixtures/large_file.bin
2025/04/30 15:22:57 Sent ACK for chunk 10210
2025/04/30 15:22:57 Received ACK for chunk 10211/10240
Received chunk 10212/10240: fixtures/large_file.bin
2025/04/30 15:22:57 Sent ACK for chunk 10211
2025/04/30 15:22:57 Received ACK for chunk 10212/10240
Received chunk 10213/10240: fixtures/large_file.bin
2025/04/30 15:22:57 Sent ACK for chunk 10212
2025/04/30 15:22:57 Received ACK for chunk 10213/10240
Received chunk 10214/10240: fixtures/large_file.bin
2025/04/30 15:22:57 Sent ACK for chunk 10213
2025/04/30 15:22:57 Received ACK for chunk 10214/10240
Received chunk 10215/10240: fixtures/large_file.bin
2025/04/30 15:22:57 Sent ACK for chunk 10214
2025/04/30 15:22:57 Received ACK for chunk 10215/10240
Received chunk 10216/10240: fixtures/large_file.bin
2025/04/30 15:22:57 Sent ACK for chunk 10215
2025/04/30 15:22:57 Received ACK for chunk 10216/10240
Received chunk 10217/10240: fixtures/large_file.bin
2025/04/30 15:22:57 Sent ACK for chunk 10216
2025/04/30 15:22:57 Received ACK for chunk 10217/10240
Received chunk 10218/10240: fixtures/large_file.bin
2025/04/30 15:22:57 Sent ACK for chunk 10217
2025/04/30 15:22:57 Received ACK for chunk 10218/10240
Received chunk 10219/10240: fixtures/large_file.bin
2025/04/30 15:22:57 Sent ACK for chunk 10218
2025/04/30 15:22:57 Received ACK for chunk 10219/10240
Received chunk 10220/10240: fixtures/large_file.bin
2025/04/30 15:22:57 Sent ACK for chunk 10219
2025/04/30 15:22:57 Received ACK for chunk 10220/10240
Received chunk 10221/10240: fixtures/large_file.bin
2025/04/30 15:22:57 Sent ACK for chunk 10220
2025/04/30 15:22:57 Received ACK for chunk 10221/10240
Received chunk 10222/10240: fixtures/large_file.bin
2025/04/30 15:22:57 Sent ACK for chunk 10221
2025/04/30 15:22:57 Received ACK for chunk 10222/10240
Received chunk 10223/10240: fixtures/large_file.bin
2025/04/30 15:22:57 Sent ACK for chunk 10222
2025/04/30 15:22:57 Received ACK for chunk 10223/10240
Received chunk 10224/10240: fixtures/large_file.bin
2025/04/30 15:22:57 Sent ACK for chunk 10223
2025/04/30 15:22:57 Received ACK for chunk 10224/10240
Received chunk 10225/10240: fixtures/large_file.bin
2025/04/30 15:22:57 Sent ACK for chunk 10224
2025/04/30 15:22:57 Received ACK for chunk 10225/10240
Received chunk 10226/10240: fixtures/large_file.bin
2025/04/30 15:22:57 Sent ACK for chunk 10225
2025/04/30 15:22:57 Received ACK for chunk 10226/10240
Received chunk 10227/10240: fixtures/large_file.bin
2025/04/30 15:22:57 Sent ACK for chunk 10226
2025/04/30 15:22:57 Received ACK for chunk 10227/10240
Received chunk 10228/10240: fixtures/large_file.bin
2025/04/30 15:22:57 Sent ACK for chunk 10227
2025/04/30 15:22:57 Received ACK for chunk 10228/10240
Received chunk 10229/10240: fixtures/large_file.bin
2025/04/30 15:22:57 Sent ACK for chunk 10228
2025/04/30 15:22:57 Received ACK for chunk 10229/10240
Received chunk 10230/10240: fixtures/large_file.bin
2025/04/30 15:22:57 Sent ACK for chunk 10229
2025/04/30 15:22:57 Received ACK for chunk 10230/10240
Received chunk 10231/10240: fixtures/large_file.bin
2025/04/30 15:22:57 Sent ACK for chunk 10230
2025/04/30 15:22:57 Received ACK for chunk 10231/10240
Received chunk 10232/10240: fixtures/large_file.bin
2025/04/30 15:22:57 Sent ACK for chunk 10231
2025/04/30 15:22:57 Received ACK for chunk 10232/10240
Received chunk 10233/10240: fixtures/large_file.bin
2025/04/30 15:22:57 Sent ACK for chunk 10232
2025/04/30 15:22:57 Received ACK for chunk 10233/10240
Received chunk 10234/10240: fixtures/large_file.bin
2025/04/30 15:22:57 Sent ACK for chunk 10233
2025/04/30 15:22:57 Received ACK for chunk 10234/10240
Received chunk 10235/10240: fixtures/large_file.bin
2025/04/30 15:22:57 Sent ACK for chunk 10234
2025/04/30 15:22:57 Received ACK for chunk 10235/10240
Received chunk 10236/10240: fixtures/large_file.bin
2025/04/30 15:22:57 Sent ACK for chunk 10235
2025/04/30 15:22:57 Received ACK for chunk 10236/10240
Received chunk 10237/10240: fixtures/large_file.bin
2025/04/30 15:22:57 Sent ACK for chunk 10236
2025/04/30 15:22:57 Received ACK for chunk 10237/10240
Received chunk 10238/10240: fixtures/large_file.bin
2025/04/30 15:22:57 Sent ACK for chunk 10237
2025/04/30 15:22:57 Received ACK for chunk 10238/10240
Received chunk 10239/10240: fixtures/large_file.bin
2025/04/30 15:22:57 Sent ACK for chunk 10238
2025/04/30 15:22:57 Received ACK for chunk 10239/10240
Received chunk 10240/10240: fixtures/large_file.bin
Received last chunk. File transfer complete!
2025/04/30 15:22:57 Received ACK for chunk 10240/10240
2025/04/30 15:22:57 File transfer complete!
--- PASS: TestFileTransfer (2.27s)
    --- PASS: TestFileTransfer/Testing_transfer_of_test.txt (1.00s)
    --- PASS: TestFileTransfer/Testing_transfer_of_large_file.bin (1.26s)
PASS
coverage: 73.2% of statements
ok  	echo	2.269s	coverage: 73.2% of statements
=== RUN   TestParseFlags
=== RUN   TestParseFlags/Valid_send_flags
=== RUN   TestParseFlags/Valid_receive_flags
=== RUN   TestParseFlags/Invalid_flag_format
flag provided but not defined: -unknown
Usage of echo:
  -file string
    	Path to file to send (required if mode is send)
  -mode string
    	Mode: send or receive
  -port string
    	Local port to listen on (default "9000")
  -remote string
    	Peer's address (e.g. 127.0.0.1:9001)
--- PASS: TestParseFlags (0.00s)
    --- PASS: TestParseFlags/Valid_send_flags (0.00s)
    --- PASS: TestParseFlags/Valid_receive_flags (0.00s)
    --- PASS: TestParseFlags/Invalid_flag_format (0.00s)
=== RUN   TestValidateFlags
=== RUN   TestValidateFlags/Valid_send_configuration
=== RUN   TestValidateFlags/Valid_receive_configuration
=== RUN   TestValidateFlags/Invalid_mode
=== RUN   TestValidateFlags/Empty_mode
=== RUN   TestValidateFlags/Missing_remote
=== RUN   TestValidateFlags/Invalid_remote_format
=== RUN   TestValidateFlags/Invalid_port_(non-numeric)
=== RUN   TestValidateFlags/Missing_file_in_send_mode
=== RUN   TestValidateFlags/Non-existent_file_in_send_mode
=== RUN   TestValidateFlags/Directory_instead_of_file_in_send_mode
--- PASS: TestValidateFlags (0.00s)
    --- PASS: TestValidateFlags/Valid_send_configuration (0.00s)
    --- PASS: TestValidateFlags/Valid_receive_configuration (0.00s)
    --- PASS: TestValidateFlags/Invalid_mode (0.00s)
    --- PASS: TestValidateFlags/Empty_mode (0.00s)
    --- PASS: TestValidateFlags/Missing_remote (0.00s)
    --- PASS: TestValidateFlags/Invalid_remote_format (0.00s)
    --- PASS: TestValidateFlags/Invalid_port_(non-numeric) (0.00s)
    --- PASS: TestValidateFlags/Missing_file_in_send_mode (0.00s)
    --- PASS: TestValidateFlags/Non-existent_file_in_send_mode (0.00s)
    --- PASS: TestValidateFlags/Directory_instead_of_file_in_send_mode (0.00s)
=== RUN   TestGetFileChecksum
--- PASS: TestGetFileChecksum (0.00s)
PASS
coverage: 100.0% of statements
ok  	echo/utils	0.002s	coverage: 100.0% of statements
